******************************************************************************
             TMS320C2000 Linker PC v15.12.3                    
******************************************************************************
>> Linked Sun Nov 19 00:24:09 2017

OUTPUT FILE NAME:   <Ocarina_Home_Automation.out>
ENTRY POINT SYMBOL: "_c_int00"  address: 00301b65


MEMORY CONFIGURATION

         name            origin    length      used     unused   attr    fill
----------------------  --------  ---------  --------  --------  ----  --------
PAGE 0:
  FLASH                 00300000   0003ff80  00003a62  0003c51e  RWIX
  CSM_RSVD              0033ff80   00000076  00000000  00000076  RWIX
  BEGIN                 0033fff6   00000002  00000002  00000000  RWIX
  CSM_PWL               0033fff8   00000008  00000000  00000008  RWIX
  ADC_CAL               00380080   00000009  00000007  00000002  RWIX
  OTP                   00380400   00000400  00000000  00000400  RWIX
  IQTABLES              003fe000   00000b50  00000000  00000b50  RWIX
  IQTABLES2             003feb50   0000008c  00000000  0000008c  RWIX
  FPUTABLES             003febdc   000006a0  00000000  000006a0  RWIX
  ROM                   003ff27c   00000d44  00000000  00000d44  RWIX
  RESET                 003fffc0   00000002  00000000  00000002  RWIX
  VECTORS               003fffc2   0000003e  00000000  0000003e  RWIX

PAGE 1:
  M01SARAM              00000000   00000800  00000400  00000400  RWIX
  DEV_EMU               00000880   00000180  000000d0  000000b0  RWIX
  FLASH_REGS            00000a80   00000060  00000008  00000058  RWIX
  CSM                   00000ae0   00000010  00000010  00000000  RWIX
  ADC_MIRROR            00000b00   00000010  00000010  00000000  RWIX
  XINTF                 00000b20   00000020  0000001e  00000002  RWIX
  CPU_TIMER0            00000c00   00000008  00000008  00000000  RWIX
  CPU_TIMER1            00000c08   00000008  00000008  00000000  RWIX
  CPU_TIMER2            00000c10   00000008  00000008  00000000  RWIX
  PIE_CTRL              00000ce0   00000020  0000001a  00000006  RWIX
  PIEVECT               00000d00   00000100  00000000  00000100  RWIX
  DMA                   00001000   00000200  000000e0  00000120  RWIX
  MCBSPA                00005000   00000040  00000025  0000001b  RWIX
  MCBSPB                00005040   00000040  00000025  0000001b  RWIX
  ECANA                 00006000   00000040  00000034  0000000c  RWIX
  ECANA_LAM             00006040   00000040  00000040  00000000  RWIX
  ECANA_MOTS            00006080   00000040  00000040  00000000  RWIX
  ECANA_MOTO            000060c0   00000040  00000040  00000000  RWIX
  ECANA_MBOX            00006100   00000100  00000100  00000000  RWIX
  ECANB                 00006200   00000040  00000034  0000000c  RWIX
  ECANB_LAM             00006240   00000040  00000040  00000000  RWIX
  ECANB_MOTS            00006280   00000040  00000040  00000000  RWIX
  ECANB_MOTO            000062c0   00000040  00000040  00000000  RWIX
  ECANB_MBOX            00006300   00000100  00000100  00000000  RWIX
  EPWM1                 00006800   00000022  00000022  00000000  RWIX
  EPWM2                 00006840   00000022  00000022  00000000  RWIX
  EPWM3                 00006880   00000022  00000022  00000000  RWIX
  EPWM4                 000068c0   00000022  00000022  00000000  RWIX
  EPWM5                 00006900   00000022  00000022  00000000  RWIX
  EPWM6                 00006940   00000022  00000022  00000000  RWIX
  ECAP1                 00006a00   00000020  00000020  00000000  RWIX
  ECAP2                 00006a20   00000020  00000020  00000000  RWIX
  ECAP3                 00006a40   00000020  00000020  00000000  RWIX
  ECAP4                 00006a60   00000020  00000020  00000000  RWIX
  ECAP5                 00006a80   00000020  00000020  00000000  RWIX
  ECAP6                 00006aa0   00000020  00000020  00000000  RWIX
  EQEP1                 00006b00   00000040  00000040  00000000  RWIX
  EQEP2                 00006b40   00000040  00000040  00000000  RWIX
  GPIOCTRL              00006f80   00000040  0000002e  00000012  RWIX
  GPIODAT               00006fc0   00000020  00000020  00000000  RWIX
  GPIOINT               00006fe0   00000020  0000000a  00000016  RWIX
  SYSTEM                00007010   00000020  00000020  00000000  RWIX
  SPIA                  00007040   00000010  00000010  00000000  RWIX
  SCIA                  00007050   00000010  00000010  00000000  RWIX
  XINTRUPT              00007070   00000010  00000010  00000000  RWIX
  ADC                   00007100   00000020  0000001e  00000002  RWIX
  SCIB                  00007750   00000010  00000010  00000000  RWIX
  SCIC                  00007770   00000010  00000010  00000000  RWIX
  I2CA                  00007900   00000040  00000022  0000001e  RWIX
  L06SARAM              00008000   00006000  000047bf  00001841  RWIX
  BUFFERRAM             0000e000   00002000  00001000  00001000  RWIX
  CSM_PWL               0033fff8   00000008  00000008  00000000  RWIX
  PARTID                00380090   00000001  00000001  00000000  RWIX


SECTION ALLOCATION MAP

 output                                  attributes/
section   page    origin      length       input sections
--------  ----  ----------  ----------   ----------------
PieVectTableFile 
*          1    00000d00    00000100     DSECT
                  00000d00    00000100     DSP2833x_GlobalVariableDefs.obj (PieVectTableFile)

.text      0    00300000    0000312c     
                  00300000    0000027c     rts2800_fpu32.lib : trgdrv.obj (.text)
                  0030027c    0000025f     ti.targets.rts2800.a28FP : System.o28FP (.text:_xdc_runtime_System_doPrint__I)
                  003004db    00000171     sysbios.a28FP : BIOS.obj (.text:_ti_sysbios_knl_Semaphore_pend__E)
                  0030064c    00000138     RFFT_adc_f32.obj (.text)
                  00300784    0000011d     RFFT_f32.obj (.text)
                  003008a1    00000107     rts2800_fpu32.lib : ll_div.obj (.text)
                  003009a8    000000fe     main.obj (.text:_BufferProcessingTask)
                  00300aa6    000000f7     ti.targets.rts2800.a28FP : HeapStd.o28FP (.text:_xdc_runtime_HeapStd_alloc__E)
                  00300b9d    000000e2     sysbios.a28FP : BIOS.obj (.text:_ti_sysbios_family_c28_Hwi_clearInterrupt__E)
                  00300c7f    000000df     ti.targets.rts2800.a28FP : LoggerBuf.o28FP (.text:_xdc_runtime_LoggerBuf_write8__E)
                  00300d5e    000000d4     rts2800_fpu32.lib : e_atan2f.obj (.text)
                  00300e32    000000c9                       : s_atanf.obj (.text)
                  00300efb    000000c3     main.obj (.text:_SongCompareTask)
                  00300fbe    000000c0     app_p28FP.o28FP (.text:_xdc_runtime_System_printfExtend__I)
                  0030107e    000000af     sysbios.a28FP : c28_Hwi_disp_asm.obj (.text:_ti_sysbios_family_c28_Hwi_dispatchZero)
                  0030112d    000000a5     ti.targets.rts2800.a28FP : Error.o28FP (.text:_xdc_runtime_Error_policyDefault__E)
                  003011d2    0000009e     RFFT_adc_f32u.obj (.text)
                  00301270    00000095     ti.targets.rts2800.a28FP : LoggerBuf.o28FP (.text:_xdc_runtime_LoggerBuf_write4__E)
                  00301305    00000001     app_p28FP.o28FP (.text:_free)
                  00301306    00000094     rts2800_fpu32.lib : trgmsg.obj (.text)
                  0030139a    00000090     sysbios.a28FP : BIOS.obj (.text:_ti_sysbios_family_c28_Hwi_enableInterrupt__E)
                  0030142a    00000088     rts2800_fpu32.lib : fs_div.obj (.text)
                  003014b2    00000086     sysbios.a28FP : BIOS.obj (.text:_ti_sysbios_knl_Semaphore_post__E)
                  00301538    00000085     RFFT_f32u.obj (.text)
                  003015bd    00000083     sysbios.a28FP : BIOS.obj (.text:_ti_sysbios_family_c28_Hwi_disableInterrupt__E)
                  00301640    00000083     rts2800_fpu32.lib : fd_mpy.obj (.text)
                  003016c3    00000080     sysbios.a28FP : BIOS.obj (.text:_ti_sysbios_family_c28_Hwi_disablePIEIER__E)
                  00301743    0000007f                   : BIOS.obj (.text:_ti_sysbios_family_c28_Hwi_enablePIEIER__E)
                  003017c2    0000007d     ti.targets.rts2800.a28FP : Startup.o28FP (.text:_xdc_runtime_Startup_startMods__I)
                  0030183f    0000007c     main.obj (.text:_main)
                  003018bb    0000007b     ti.targets.rts2800.a28FP : Text.o28FP (.text:_xdc_runtime_Text_putSite__E)
                  00301936    00000076                              : HeapStd.o28FP (.text:_xdc_runtime_HeapStd_free__E)
                  003019ac    00000073     sysbios.a28FP : BIOS.obj (.text:_ti_sysbios_knl_Task_checkStacks__E)
                  00301a1f    00000072                   : BIOS.obj (.text:_ti_sysbios_gates_GateMutex_enter__E)
                  00301a91    0000006d     RFFT_f32_sincostable.obj (.text:_RFFT_f32_sincostable)
                  00301afe    00000067     sysbios.a28FP : BIOS.obj (.text:_ti_sysbios_family_c28_Timer_stopAndClear__I)
                  00301b65    00000063     boot.a28FP : boot_cg.o28FP (.text)
                  00301bc8    00000062     main.obj (.text:_Init_DMA)
                  00301c2a    00000061     EEL4511_ADC.obj (.text:_Init_McBSPb_ADC)
                  00301c8b    00000061     rts2800_fpu32.lib : s_cosf.obj (.text)
                  00301cec    0000005e     actuatorControl.obj (.text:_HRPWM1_Config)
                  00301d4a    00000058     rts2800_fpu32.lib : s_sinf.obj (.text)
                  00301da2    00000056     DSP2833x_DMA.obj (.text:_DMACH1ModeConfig)
                  00301df8    00000056     DSP2833x_DMA.obj (.text:_DMACH2ModeConfig)
                  00301e4e    00000055     RFFT_f32s_mag.obj (.text)
                  00301ea3    0000004f     sysbios.a28FP : BIOS.obj (.text:_ti_sysbios_family_c28_Hwi_dispatchCore__I)
                  00301ef2    0000004c                   : BIOS.obj (.text:_ti_sysbios_knl_Task_postInit__I)
                  00301f3e    0000004c     ti.targets.rts2800.a28FP : Text.o28FP (.text:_xdc_runtime_Text_putLab__E)
                  00301f8a    00000049     RFFT_f32_phase.obj (.text)
                  00301fd3    00000047     sysbios.a28FP : BIOS.obj (.text:_ti_sysbios_family_c28_Hwi_Module_startup__E)
                  0030201a    00000046     rts2800_fpu32.lib : cpy_tbl.obj (.text)
                  00302060    00000045     main.obj (.text:_BufferSwapTask)
                  003020a5    00000045     sysbios.a28FP : BIOS.obj (.text:_ti_sysbios_family_c28_Timer_postInit__I)
                  003020ea    00000044     RFFT_f32_mag.obj (.text)
                  0030212e    00000043     ti.targets.rts2800.a28FP : Error.o28FP (.text:_xdc_runtime_Error_setX__E)
                  00302171    00000042     sysbios.a28FP : BIOS.obj (.text:_ti_sysbios_family_c28_Hwi_unPluggedInterrupt__I)
                  003021b3    00000040     ti.targets.rts2800.a28FP : System.o28FP (.text:_xdc_runtime_System_formatNum__I)
                  003021f3    0000003f                              : LoggerBuf.o28FP (.text:_xdc_runtime_LoggerBuf_setFilterLevel__E)
                  00302232    0000003c                              : LoggerBuf.o28FP (.text:_xdc_runtime_LoggerBuf_getFilterLevel__E)
                  0030226e    0000003a     DSP2833x_CpuTimers.obj (.text:_ConfigCpuTimer)
                  003022a8    0000003a     sysbios.a28FP : BIOS.obj (.text:_ti_sysbios_family_c28_TaskSupport_start__E)
                  003022e2    0000003a     ti.targets.rts2800.a28FP : Text.o28FP (.text:_xdc_runtime_Text_putMod__E)
                  0030231c    00000036                              : Error.o28FP (.text:_xdc_runtime_Error_print__E)
                  00302352    00000035                              : Startup.o28FP (.text:_xdc_runtime_Startup_exec__E)
                  00302387    00000032     sysbios.a28FP : BIOS.obj (.text:_ti_sysbios_knl_Task_Module_startup__E)
                  003023b9    00000032                   : BIOS.obj (.text:_ti_sysbios_knl_Task_startCore__E)
                  003023eb    00000032     ti.targets.rts2800.a28FP : Assert.o28FP (.text:_xdc_runtime_Assert_raise__I)
                  0030241d    0000002e     Boot.a28FP : Boot.o28FP (.text:.bootCodeSection:_ti_catalog_c2800_init_Boot_configurePll2802x)
                  0030244b    0000002e     main.obj (.text:_internalADC_init)
                  00302479    0000002e     sysbios.a28FP : BIOS.obj (.text:_ti_sysbios_knl_Task_schedule__I)
                  003024a7    0000002d                   : BIOS.obj (.text:_ti_sysbios_family_c28_Hwi_getInterruptFlag__E)
                  003024d4    0000002d                   : BIOS.obj (.text:_ti_sysbios_family_c28_Timer_start__E)
                  00302501    0000002c                   : BIOS.obj (.text:_ti_sysbios_family_c28_Hwi_getStackInfo__E)
                  0030252d    0000002a     ti.targets.rts2800.a28FP : Text.o28FP (.text:_xdc_runtime_Text_xprintf__I)
                  00302557    00000029     sysbios.a28FP : BIOS.obj (.text:_ti_sysbios_family_c28_Timer_getExpiredCounts64__E)
                  00302580    00000029     rts2800_fpu32.lib : exit.obj (.text)
                  003025a9    00000028     ti.targets.rts2800.a28FP : SysMin.o28FP (.text:_xdc_runtime_SysMin_flush__E)
                  003025d1    00000025     sysbios.a28FP : c28_TaskSupport_asm.obj (.text:_ti_sysbios_family_c28_TaskSupport_buildTaskStack)
                  003025f6    00000025     rts2800_fpu32.lib : e_sqrtf.obj (.text)
                  0030261b    00000023     ti.targets.rts2800.a28FP : System.o28FP (.text:_xdc_runtime_System_processAtExit__E)
                  0030263e    00000023     rts2800_fpu32.lib : fd_tofs.obj (.text)
                  00302661    00000021     ti.targets.rts2800.a28FP : System.o28FP (.text:_xdc_runtime_System_atexit__E)
                  00302682    00000020     app_p28FP.o28FP (.text:_ti_sysbios_family_c28_Hwi_disableIER__E)
                  003026a2    00000020     sysbios.a28FP : BIOS.obj (.text:_ti_sysbios_family_c28_Timer_setPrescale__E)
                  003026c2    00000020                   : BIOS.obj (.text:_ti_sysbios_knl_Task_exit__E)
                  003026e2    0000001e                   : BIOS.obj (.text:_ti_sysbios_knl_Task_allBlockedFunction__I)
                  00302700    0000001e                   : BIOS.obj (.text:_ti_sysbios_knl_Task_blockI__E)
                  0030271e    0000001e     ti.targets.rts2800.a28FP : SysMin.o28FP (.text:_xdc_runtime_SysMin_putch__E)
                  0030273c    0000001e     rts2800_fpu32.lib : memcpy.obj (.text)
                  0030275a    0000001d     sysbios.a28FP : c28_TaskSupport_asm.obj (.text:_ti_sysbios_family_c28_TaskSupport_swap__E)
                  00302777    0000001d     ti.targets.rts2800.a28FP : LoggerBuf.o28FP (.text:_xdc_runtime_LoggerBuf_filterOutEvent__I)
                  00302794    0000001c     app_p28FP.o28FP (.text:_ti_sysbios_family_c28_Hwi_enableIER__E)
                  003027b0    0000001c     sysbios.a28FP : BIOS.obj (.text:_ti_sysbios_hal_Hwi_checkStack)
                  003027cc    0000001c                   : BIOS.obj (.text:_ti_sysbios_knl_Task_processVitalTaskFlag__I)
                  003027e8    0000001c     app_p28FP.o28FP (.text:_xdc_runtime_SysMin_output__I)
                  00302804    0000001c     rts2800_fpu32.lib : fs_tofd.obj (.text)
                  00302820    0000001b     app_p28FP.o28FP (.text:_ti_sysbios_family_c28_Hwi_restore__E)
                  0030283b    0000001b     sysbios.a28FP : c28_Hwi_asm.obj (.text:_ti_sysbios_family_c28_Hwi_switchAndDispatch__I)
                  00302856    0000001b                   : BIOS.obj (.text:_ti_sysbios_hal_Hwi_initStack)
                  00302871    0000001a     ti.targets.rts2800.a28FP : LoggerBuf.o28FP (.text:_xdc_runtime_LoggerBuf_Module_startup__E)
                  0030288b    0000001a     rts2800_fpu32.lib : cpy_utils.obj (.text)
                  003028a5    00000019     DSP2833x_Adc.obj (.text:_InitAdc)
                  003028be    00000019     ti.targets.rts2800.a28FP : System.o28FP (.text:_xdc_runtime_System_avprintf__E)
                  003028d7    00000019                              : System.o28FP (.text:_xdc_runtime_System_putchar__I)
                  003028f0    00000019     rts2800_fpu32.lib : args_main.obj (.text)
                  00302909    00000018     app_p28FP.o28FP (.text:_ti_sysbios_family_c28_Hwi_restoreIER__E)
                  00302921    00000018     ti.targets.rts2800.a28FP : LoggerBuf.o28FP (.text:_xdc_runtime_LoggerBuf_reset__E)
                  00302939    00000018                              : System.o28FP (.text:_xdc_runtime_System_vprintf__E)
                  00302951    00000018                              : Text.o28FP (.text:_xdc_runtime_Text_printVisFxn__I)
                  00302969    00000017     sysbios.a28FP : BIOS.obj (.text:_ti_sysbios_family_c28_Timer_startup__E)
                  00302980    00000017     ti.targets.rts2800.a28FP : SysMin.o28FP (.text:_xdc_runtime_SysMin_abort__E)
                  00302997    00000016     sysbios.a28FP : BIOS.obj (.text:_ti_sysbios_family_c28_Timer_Module_startup__E)
                  003029ad    00000016                   : BIOS.obj (.text:_ti_sysbios_knl_Task_unblockI__E)
                  003029c3    00000015     DSP2833x_CpuTimers.obj (.text:_InitCpuTimers)
                  003029d8    00000015     sysbios.a28FP : BIOS.obj (.text:_ti_sysbios_family_c28_Hwi_dispatchC__I)
                  003029ed    00000015     rts2800_fpu32.lib : memcmp.obj (.text)
                  00302a02    00000014     app_p28FP.o28FP (.text:_ti_sysbios_BIOS_atExitFunc__I)
                  00302a16    00000014     sysbios.a28FP : BIOS.obj (.text:_ti_sysbios_family_c28_TimestampProvider_get64__E)
                  00302a2a    00000014                   : BIOS.obj (.text:_ti_sysbios_knl_Idle_run__E)
                  00302a3e    00000013     DSP2833x_DMA.obj (.text:_DMACH1WrapConfig)
                  00302a51    00000013     DSP2833x_DMA.obj (.text:_DMACH2WrapConfig)
                  00302a64    00000013     sysbios.a28FP : BIOS.obj (.text:_ti_sysbios_knl_Queue_put__E)
                  00302a77    00000012     DSP2833x_EPwm.obj (.text:_InitEPwm1Gpio)
                  00302a89    00000012     app_p28FP.o28FP (.text:_ti_sysbios_family_c28_Hwi_enable__E)
                  00302a9b    00000011     main.obj (.text:_Init_Timer0)
                  00302aac    00000011     app_p28FP.o28FP (.text:_ti_sysbios_BIOS_errorRaiseHook__I)
                  00302abd    00000011     ti.targets.rts2800.a28FP : Error.o28FP (.text:_xdc_runtime_Error_raiseX__E)
                  00302ace    00000010     DSP2833x_DMA.obj (.text:_DMACH1AddrConfig)
                  00302ade    00000010     DSP2833x_DMA.obj (.text:_DMACH1BurstConfig)
                  00302aee    00000010     DSP2833x_DMA.obj (.text:_DMACH1TransferConfig)
                  00302afe    00000010     DSP2833x_DMA.obj (.text:_DMACH2AddrConfig)
                  00302b0e    00000010     DSP2833x_DMA.obj (.text:_DMACH2BurstConfig)
                  00302b1e    00000010     DSP2833x_DMA.obj (.text:_DMACH2TransferConfig)
                  00302b2e    00000010     app_p28FP.o28FP (.text:_ti_sysbios_family_c28_Hwi_disable__E)
                  00302b3e    00000010     sysbios.a28FP : BIOS.obj (.text:_ti_sysbios_family_c28_Timer_stop__E)
                  00302b4e    00000010                   : BIOS.obj (.text:_ti_sysbios_knl_Task_restore__E)
                  00302b5e    0000000f     Boot.a28FP : Boot.o28FP (.text:.bootCodeSection:_ti_catalog_c2800_init_Boot_disableWatchdog)
                  00302b6d    0000000f     main.obj (.text:_BufferSwapPostFxn_HWI)
                  00302b7c    0000000f     app_p28FP.o28FP (.text:_ti_sysbios_BIOS_removeRTSLock__I)
                  00302b8b    0000000f     sysbios.a28FP : BIOS.obj (.text:_ti_sysbios_knl_Task_unblock__E)
                  00302b9a    0000000f     ti.targets.rts2800.a28FP : LoggerBuf.o28FP (.text:_xdc_runtime_LoggerBuf_write2__E)
                  00302ba9    0000000e     app_p28FP.o28FP (.text:_ti_sysbios_knl_Task_Object__get__S)
                  00302bb7    0000000e     app_p28FP.o28FP (.text:_xdc_runtime_LoggerBuf_Object__get__S)
                  00302bc5    0000000e     ti.targets.rts2800.a28FP : Registry.o28FP (.text:_xdc_runtime_Registry_findById__E)
                  00302bd3    0000000e                              : SysMin.o28FP (.text:_xdc_runtime_SysMin_Module_startup__E)
                  00302be1    0000000d     app_p28FP.o28FP (.text:_ti_sysbios_BIOS_registerRTSLock__I)
                  00302bee    0000000d     app_p28FP.o28FP (.text:_ti_sysbios_BIOS_rtsLock__I)
                  00302bfb    0000000d     app_p28FP.o28FP (.text:_ti_sysbios_BIOS_startFunc__I)
                  00302c08    0000000d     ti.targets.rts2800.a28FP : Error.o28FP (.text:_xdc_runtime_Error_check__E)
                  00302c15    0000000d                              : LoggerBuf.o28FP (.text:_xdc_runtime_LoggerBuf_write1__E)
                  00302c22    0000000d                              : System.o28FP (.text:_xdc_runtime_System_abort__E)
                  00302c2f    0000000c     app_p28FP.o28FP (.text:_ti_sysbios_BIOS_exitFunc__I)
                  00302c3b    0000000c     sysbios.a28FP : BIOS.obj (.text:_ti_sysbios_gates_GateMutex_leave__E)
                  00302c47    0000000c                   : BIOS.obj (.text:_ti_sysbios_knl_Task_enter__I)
                  00302c53    0000000c     ti.targets.rts2800.a28FP : Text.o28FP (.text:_xdc_runtime_Text_ropeText__E)
                  00302c5f    0000000c     rts2800_fpu32.lib : memset.obj (.text)
                  00302c6b    0000000b     app_p28FP.o28FP (.text:_ti_sysbios_family_c28_Hwi_Module__startupDone__F)
                  00302c76    0000000b     app_p28FP.o28FP (.text:_ti_sysbios_family_c28_Hwi_Object__get__S)
                  00302c81    0000000b     app_p28FP.o28FP (.text:_ti_sysbios_knl_Queue_Object__get__S)
                  00302c8c    0000000b     app_p28FP.o28FP (.text:_ti_sysbios_knl_Task_SupportProxy_start__E)
                  00302c97    0000000b     ti.targets.rts2800.a28FP : LoggerBuf.o28FP (.text:_xdc_runtime_LoggerBuf_write0__E)
                  00302ca2    0000000b                              : SysMin.o28FP (.text:_xdc_runtime_SysMin_exit__E)
                  00302cad    0000000b                              : System.o28FP (.text:_xdc_runtime_System_exit__E)
                  00302cb8    0000000a     DSP2833x_DefaultIsr.obj (.text:_ADCINT_ISR)
                  00302cc2    0000000a     DSP2833x_DefaultIsr.obj (.text:_DATALOG_ISR)
                  00302ccc    0000000a     DSP2833x_DefaultIsr.obj (.text:_DINTCH1_ISR)
                  00302cd6    0000000a     DSP2833x_DefaultIsr.obj (.text:_DINTCH2_ISR)
                  00302ce0    0000000a     DSP2833x_DefaultIsr.obj (.text:_DINTCH3_ISR)
                  00302cea    0000000a     DSP2833x_DefaultIsr.obj (.text:_DINTCH4_ISR)
                  00302cf4    0000000a     DSP2833x_DefaultIsr.obj (.text:_DINTCH5_ISR)
                  00302cfe    0000000a     DSP2833x_DefaultIsr.obj (.text:_DINTCH6_ISR)
                  00302d08    0000000a     DSP2833x_DefaultIsr.obj (.text:_ECAN0INTA_ISR)
                  00302d12    0000000a     DSP2833x_DefaultIsr.obj (.text:_ECAN0INTB_ISR)
                  00302d1c    0000000a     DSP2833x_DefaultIsr.obj (.text:_ECAN1INTA_ISR)
                  00302d26    0000000a     DSP2833x_DefaultIsr.obj (.text:_ECAN1INTB_ISR)
                  00302d30    0000000a     DSP2833x_DefaultIsr.obj (.text:_ECAP1_INT_ISR)
                  00302d3a    0000000a     DSP2833x_DefaultIsr.obj (.text:_ECAP2_INT_ISR)
                  00302d44    0000000a     DSP2833x_DefaultIsr.obj (.text:_ECAP3_INT_ISR)
                  00302d4e    0000000a     DSP2833x_DefaultIsr.obj (.text:_ECAP4_INT_ISR)
                  00302d58    0000000a     DSP2833x_DefaultIsr.obj (.text:_ECAP5_INT_ISR)
                  00302d62    0000000a     DSP2833x_DefaultIsr.obj (.text:_ECAP6_INT_ISR)
                  00302d6c    0000000a     DSP2833x_DefaultIsr.obj (.text:_EMUINT_ISR)
                  00302d76    0000000a     DSP2833x_DefaultIsr.obj (.text:_EPWM1_INT_ISR)
                  00302d80    0000000a     DSP2833x_DefaultIsr.obj (.text:_EPWM1_TZINT_ISR)
                  00302d8a    0000000a     DSP2833x_DefaultIsr.obj (.text:_EPWM2_INT_ISR)
                  00302d94    0000000a     DSP2833x_DefaultIsr.obj (.text:_EPWM2_TZINT_ISR)
                  00302d9e    0000000a     DSP2833x_DefaultIsr.obj (.text:_EPWM3_INT_ISR)
                  00302da8    0000000a     DSP2833x_DefaultIsr.obj (.text:_EPWM3_TZINT_ISR)
                  00302db2    0000000a     DSP2833x_DefaultIsr.obj (.text:_EPWM4_INT_ISR)
                  00302dbc    0000000a     DSP2833x_DefaultIsr.obj (.text:_EPWM4_TZINT_ISR)
                  00302dc6    0000000a     DSP2833x_DefaultIsr.obj (.text:_EPWM5_INT_ISR)
                  00302dd0    0000000a     DSP2833x_DefaultIsr.obj (.text:_EPWM5_TZINT_ISR)
                  00302dda    0000000a     DSP2833x_DefaultIsr.obj (.text:_EPWM6_INT_ISR)
                  00302de4    0000000a     DSP2833x_DefaultIsr.obj (.text:_EPWM6_TZINT_ISR)
                  00302dee    0000000a     DSP2833x_DefaultIsr.obj (.text:_EQEP1_INT_ISR)
                  00302df8    0000000a     DSP2833x_DefaultIsr.obj (.text:_EQEP2_INT_ISR)
                  00302e02    0000000a     DSP2833x_DefaultIsr.obj (.text:_I2CINT1A_ISR)
                  00302e0c    0000000a     DSP2833x_DefaultIsr.obj (.text:_I2CINT2A_ISR)
                  00302e16    0000000a     DSP2833x_DefaultIsr.obj (.text:_ILLEGAL_ISR)
                  00302e20    0000000a     DSP2833x_DefaultIsr.obj (.text:_INT13_ISR)
                  00302e2a    0000000a     DSP2833x_DefaultIsr.obj (.text:_INT14_ISR)
                  00302e34    0000000a     DSP2833x_DefaultIsr.obj (.text:_LUF_ISR)
                  00302e3e    0000000a     DSP2833x_DefaultIsr.obj (.text:_LVF_ISR)
                  00302e48    0000000a     DSP2833x_DefaultIsr.obj (.text:_MRINTA_ISR)
                  00302e52    0000000a     DSP2833x_DefaultIsr.obj (.text:_MRINTB_ISR)
                  00302e5c    0000000a     DSP2833x_DefaultIsr.obj (.text:_MXINTA_ISR)
                  00302e66    0000000a     DSP2833x_DefaultIsr.obj (.text:_MXINTB_ISR)
                  00302e70    0000000a     DSP2833x_DefaultIsr.obj (.text:_NMI_ISR)
                  00302e7a    0000000a     DSP2833x_DefaultIsr.obj (.text:_PIE_RESERVED)
                  00302e84    0000000a     DSP2833x_DefaultIsr.obj (.text:_RTOSINT_ISR)
                  00302e8e    0000000a     DSP2833x_DefaultIsr.obj (.text:_SCIRXINTA_ISR)
                  00302e98    0000000a     DSP2833x_DefaultIsr.obj (.text:_SCIRXINTB_ISR)
                  00302ea2    0000000a     DSP2833x_DefaultIsr.obj (.text:_SCIRXINTC_ISR)
                  00302eac    0000000a     DSP2833x_DefaultIsr.obj (.text:_SCITXINTA_ISR)
                  00302eb6    0000000a     DSP2833x_DefaultIsr.obj (.text:_SCITXINTB_ISR)
                  00302ec0    0000000a     DSP2833x_DefaultIsr.obj (.text:_SCITXINTC_ISR)
                  00302eca    0000000a     DSP2833x_DefaultIsr.obj (.text:_SEQ1INT_ISR)
                  00302ed4    0000000a     DSP2833x_DefaultIsr.obj (.text:_SEQ2INT_ISR)
                  00302ede    0000000a     DSP2833x_DefaultIsr.obj (.text:_SPIRXINTA_ISR)
                  00302ee8    0000000a     DSP2833x_DefaultIsr.obj (.text:_SPITXINTA_ISR)
                  00302ef2    0000000a     DSP2833x_DefaultIsr.obj (.text:_TINT0_ISR)
                  00302efc    0000000a     DSP2833x_DefaultIsr.obj (.text:_USER10_ISR)
                  00302f06    0000000a     DSP2833x_DefaultIsr.obj (.text:_USER11_ISR)
                  00302f10    0000000a     DSP2833x_DefaultIsr.obj (.text:_USER12_ISR)
                  00302f1a    0000000a     DSP2833x_DefaultIsr.obj (.text:_USER1_ISR)
                  00302f24    0000000a     DSP2833x_DefaultIsr.obj (.text:_USER2_ISR)
                  00302f2e    0000000a     DSP2833x_DefaultIsr.obj (.text:_USER3_ISR)
                  00302f38    0000000a     DSP2833x_DefaultIsr.obj (.text:_USER4_ISR)
                  00302f42    0000000a     DSP2833x_DefaultIsr.obj (.text:_USER5_ISR)
                  00302f4c    0000000a     DSP2833x_DefaultIsr.obj (.text:_USER6_ISR)
                  00302f56    0000000a     DSP2833x_DefaultIsr.obj (.text:_USER7_ISR)
                  00302f60    0000000a     DSP2833x_DefaultIsr.obj (.text:_USER8_ISR)
                  00302f6a    0000000a     DSP2833x_DefaultIsr.obj (.text:_USER9_ISR)
                  00302f74    0000000a     DSP2833x_DefaultIsr.obj (.text:_WAKEINT_ISR)
                  00302f7e    0000000a     DSP2833x_DefaultIsr.obj (.text:_XINT1_ISR)
                  00302f88    0000000a     DSP2833x_DefaultIsr.obj (.text:_XINT2_ISR)
                  00302f92    0000000a     DSP2833x_DefaultIsr.obj (.text:_XINT3_ISR)
                  00302f9c    0000000a     DSP2833x_DefaultIsr.obj (.text:_XINT4_ISR)
                  00302fa6    0000000a     DSP2833x_DefaultIsr.obj (.text:_XINT5_ISR)
                  00302fb0    0000000a     DSP2833x_DefaultIsr.obj (.text:_XINT6_ISR)
                  00302fba    0000000a     DSP2833x_DefaultIsr.obj (.text:_XINT7_ISR)
                  00302fc4    0000000a     DSP2833x_DefaultIsr.obj (.text:_rsvd_ISR)
                  00302fce    00000009     DSP2833x_DMA.obj (.text:_DMAInitialize)
                  00302fd7    00000009     app_p28FP.o28FP (.text:_ti_sysbios_BIOS_rtsUnlock__I)
                  00302fe0    00000009     sysbios.a28FP : BIOS.obj (.text:_ti_sysbios_family_c28_TaskSupport_checkStack__E)
                  00302fe9    00000009                   : c28_TaskSupport_asm.obj (.text:_ti_sysbios_family_c28_TaskSupport_glue)
                  00302ff2    00000009                   : BIOS.obj (.text:_ti_sysbios_hal_Hwi_Module_startup__E)
                  00302ffb    00000009     app_p28FP.o28FP (.text:_xdc_runtime_Startup_exec__I)
                  00303004    00000009     ti.targets.rts2800.a28FP : System.o28FP (.text:_xdc_runtime_System_vsnprintf__E)
                  0030300d    00000009     rts2800_fpu32.lib : _lock.obj (.text)
                  00303016    00000008     DSP2833x_CodeStartBranch.obj (.text)
                  0030301e    00000008     DSP2833x_SysCtrl.obj (.text:_DisableDog)
                  00303026    00000008     DSP2833x_DMA.obj (.text:_StartDMACH1)
                  0030302e    00000008     DSP2833x_DMA.obj (.text:_StartDMACH2)
                  00303036    00000008     sysbios.a28FP : BIOS.obj (.text:_ti_sysbios_BIOS_setThreadType__E)
                  0030303e    00000008     ti.targets.rts2800.a28FP : SysMin.o28FP (.text:_xdc_runtime_SysMin_ready__E)
                  00303046    00000008     rts2800_fpu32.lib : strlen.obj (.text)
                  0030304e    00000007     app_p28FP.o28FP (.text:.bootCodeSection:_ti_catalog_c2800_init_Boot_init)
                  00303055    00000007     ti.targets.rts2800.a28FP : Error.o28FP (.text:_xdc_runtime_Error_init__E)
                  0030305c    00000007                              : HeapStd.o28FP (.text:_xdc_runtime_HeapStd_getStats__E)
                  00303063    00000007     app_p28FP.o28FP (.text:_xdc_runtime_System_aprintf__E)
                  0030306a    00000007     app_p28FP.o28FP (.text:_xdc_runtime_System_printf__E)
                  00303071    00000006     sysbios.a28FP : BIOS.obj (.text:_ti_sysbios_BIOS_start__E)
                  00303077    00000006     app_p28FP.o28FP (.text:_ti_sysbios_family_c28_Hwi_startup__E)
                  0030307d    00000006     sysbios.a28FP : c28_IntrinsicsSupport_asm.obj (.text:_ti_sysbios_family_c28_IntrinsicsSupport_maxbit__E)
                  00303083    00000006                   : BIOS.obj (.text:_ti_sysbios_family_c28_TimestampProvider_rolloverFunc__E)
                  00303089    00000006                   : BIOS.obj (.text:_ti_sysbios_family_c28_TimestampProvider_startTimer__E)
                  0030308f    00000006                   : BIOS.obj (.text:_ti_sysbios_knl_Task_disable__E)
                  00303095    00000006     ti.targets.rts2800.a28FP : Gate.o28FP (.text:_xdc_runtime_Gate_enterSystem__E)
                  0030309b    00000006                              : Gate.o28FP (.text:_xdc_runtime_Gate_leaveSystem__E)
                  003030a1    00000005     sysbios.a28FP : BIOS.obj (.text:_ti_sysbios_family_c28_Hwi_switchFromBootStack__E)
                  003030a6    00000005     ti.targets.rts2800.a28FP : LoggerBuf.o28FP (.text:_xdc_runtime_LoggerBuf_enable__E)
                  003030ab    00000005     rts2800_fpu32.lib : strcpy.obj (.text)
                  003030b0    00000004     sysbios.a28FP : BIOS.obj (.text:_ti_sysbios_gates_GateHwi_enter__E)
                  003030b4    00000004     ti.targets.rts2800.a28FP : LoggerBuf.o28FP (.text:_xdc_runtime_LoggerBuf_disable__E)
                  003030b8    00000004                              : Memory.o28FP (.text:_xdc_runtime_Memory_getMaxDefaultTypeAlign__E)
                  003030bc    00000003     DSP2833x_SysCtrl.obj (.text:_InitSysCtrl)
                  003030bf    00000003     ti.targets.rts2800.a28FP : xdc_noinit.o28FP (.text:___xdc__init)
                  003030c2    00000003     app_p28FP.o28FP (.text:_ti_catalog_c2800_init_Boot_limpAbort)
                  003030c5    00000003     app_p28FP.o28FP (.text:_ti_sysbios_BIOS_RtsGateProxy_enter__E)
                  003030c8    00000003     app_p28FP.o28FP (.text:_ti_sysbios_BIOS_RtsGateProxy_leave__E)
                  003030cb    00000003     main.obj (.text:_ti_sysbios_family_c28_Hwi_disable)
                  003030ce    00000003     main.obj (.text:_ti_sysbios_family_c28_Hwi_enable)
                  003030d1    00000003     sysbios.a28FP : c28_Hwi_asm.obj (.text:_ti_sysbios_family_c28_Hwi_getIFR__I)
                  003030d4    00000003                   : BIOS.obj (.text:_ti_sysbios_family_c28_TimestampProvider_Module_startup__E)
                  003030d7    00000003                   : BIOS.obj (.text:_ti_sysbios_gates_GateHwi_leave__E)
                  003030da    00000003     app_p28FP.o28FP (.text:_ti_sysbios_hal_Hwi_HwiProxy_getStackInfo__E)
                  003030dd    00000003     app_p28FP.o28FP (.text:_ti_sysbios_hal_Hwi_HwiProxy_switchFromBootStack__E)
                  003030e0    00000003     sysbios.a28FP : BIOS.obj (.text:_ti_sysbios_hal_Hwi_startup__E)
                  003030e3    00000003                   : BIOS.obj (.text:_ti_sysbios_knl_Idle_loop__E)
                  003030e6    00000003     app_p28FP.o28FP (.text:_ti_sysbios_knl_Task_SupportProxy_checkStack__E)
                  003030e9    00000003     app_p28FP.o28FP (.text:_ti_sysbios_knl_Task_SupportProxy_swap__E)
                  003030ec    00000003     sysbios.a28FP : BIOS.obj (.text:_ti_sysbios_knl_Task_startup__E)
                  003030ef    00000003     app_p28FP.o28FP (.text:_xdc_runtime_LoggerBuf_Module_GateProxy_enter__E)
                  003030f2    00000003     app_p28FP.o28FP (.text:_xdc_runtime_LoggerBuf_Module_GateProxy_leave__E)
                  003030f5    00000003     app_p28FP.o28FP (.text:_xdc_runtime_LoggerBuf_TimestampProxy_get64__E)
                  003030f8    00000003     app_p28FP.o28FP (.text:_xdc_runtime_System_Module_GateProxy_enter__E)
                  003030fb    00000003     app_p28FP.o28FP (.text:_xdc_runtime_System_Module_GateProxy_leave__E)
                  003030fe    00000003     ti.targets.rts2800.a28FP : System.o28FP (.text:_xdc_runtime_System_Module_startup__E)
                  00303101    00000003     app_p28FP.o28FP (.text:_xdc_runtime_System_SupportProxy_abort__E)
                  00303104    00000003     app_p28FP.o28FP (.text:_xdc_runtime_System_SupportProxy_exit__E)
                  00303107    00000003     app_p28FP.o28FP (.text:_xdc_runtime_System_SupportProxy_flush__E)
                  0030310a    00000003     app_p28FP.o28FP (.text:_xdc_runtime_System_SupportProxy_putch__E)
                  0030310d    00000003     app_p28FP.o28FP (.text:_xdc_runtime_System_SupportProxy_ready__E)
                  00303110    00000003     ti.targets.rts2800.a28FP : System.o28FP (.text:_xdc_runtime_System_abortStd__E)
                  00303113    00000003                              : System.o28FP (.text:_xdc_runtime_System_exitStd__E)
                  00303116    00000003                              : System.o28FP (.text:_xdc_runtime_System_flush__E)
                  00303119    00000003     app_p28FP.o28FP (.text:_xdc_runtime_Text_visitRope__I)
                  0030311c    00000002     app_p28FP.o28FP (.text:_malloc)
                  0030311e    00000002     Boot.a28FP : Boot.o28FP (.text:_ti_catalog_c2800_init_Boot_defaultLimpAbortFunction)
                  00303120    00000002     app_p28FP.o28FP (.text:_ti_sysbios_family_c28_TaskSupport_Module__startupDone__S)
                  00303122    00000002     sysbios.a28FP : BIOS.obj (.text:_ti_sysbios_gates_GateHwi_query__E)
                  00303124    00000002                   : BIOS.obj (.text:_ti_sysbios_gates_GateMutex_query__E)
                  00303126    00000002     ti.targets.rts2800.a28FP : Error.o28FP (.text:_xdc_runtime_Error_getSite__E)
                  00303128    00000002                              : HeapStd.o28FP (.text:_xdc_runtime_HeapStd_isBlocking__E)
                  0030312a    00000001     app_p28FP.o28FP (.text:_ti_sysbios_BIOS_nullFunc__I)
                  0030312b    00000001     sysbios.a28FP : c28_Hwi_asm.obj (.text:_ti_sysbios_family_c28_Hwi_interruptReturn__I)

.econst    0    0030312c    000005d1     
                  0030312c    000001c9     main.obj (.econst:.string)
                  003032f5    00000001     OneToOneI2CDriver.obj (.econst)
                  003032f6    00000100     app_p28FP.o28FP (.econst:_ti_sysbios_family_c28_Hwi_vectors)
                  003033f6    00000086     app_p28FP.o28FP (.econst:.string)
                  0030347c    00000058     ti.targets.rts2800.a28FP : Error.o28FP (.econst:.string)
                  003034d4    00000047                              : Log.o28FP (.econst:.string)
                  0030351b    00000001     app_p28FP.o28FP (.econst:ti_sysbios_family_c28_Hwi_Module__id__C)
                  0030351c    00000043     ti.targets.rts2800.a28FP : Text.o28FP (.econst:.string)
                  0030355f    00000001     app_p28FP.o28FP (.econst:ti_sysbios_family_c28_Hwi_NUM_INTERRUPTS_ALL__C)
                  00303560    0000002a     ti.targets.rts2800.a28FP : Startup.o28FP (.econst:.string)
                  0030358a    0000001e     app_p28FP.o28FP (.econst:xdc_runtime_LoggerBuf_Module__FXNS__C)
                  003035a8    00000016     main.obj (.econst)
                  003035be    00000014     app_p28FP.o28FP (.econst:xdc_runtime_HeapStd_Module__FXNS__C)
                  003035d2    00000012     app_p28FP.o28FP (.econst:ti_sysbios_gates_GateHwi_Module__FXNS__C)
                  003035e4    00000012     app_p28FP.o28FP (.econst:ti_sysbios_gates_GateMutex_Module__FXNS__C)
                  003035f6    00000011     ti.targets.rts2800.a28FP : System.o28FP (.econst:_digtohex)
                  00303607    00000001     app_p28FP.o28FP (.econst:ti_sysbios_family_c28_Hwi_Object__count__C)
                  00303608    00000010     app_p28FP.o28FP (.econst:xdc_runtime_Startup_sfxnTab__A)
                  00303618    0000000c     rts2800_fpu32.lib : e_atan2f.obj (.econst)
                  00303624    0000000a                       : s_atanf.obj (.econst:_aT)
                  0030362e    00000008                       : s_atanf.obj (.econst:_atanhi)
                  00303636    00000008                       : s_atanf.obj (.econst:_atanlo)
                  0030363e    00000008     app_p28FP.o28FP (.econst)
                  00303646    00000008     app_p28FP.o28FP (.econst:xdc_runtime_Startup_sfxnRts__A)
                  0030364e    00000007     ti.targets.rts2800.a28FP : System.o28FP (.econst:.string)
                  00303655    00000001     app_p28FP.o28FP (.econst:ti_sysbios_family_c28_Hwi_zeroLatencyIERMask__C)
                  00303656    00000005     ti.targets.rts2800.a28FP : Assert.o28FP (.econst:.string)
                  0030365b    00000001     app_p28FP.o28FP (.econst:ti_sysbios_family_c28_TaskSupport_Module__id__C)
                  0030365c    00000004     rts2800_fpu32.lib : s_atanf.obj (.econst)
                  00303660    00000004     app_p28FP.o28FP (.econst:ti_sysbios_knl_Idle_funcList__C)
                  00303664    00000004     app_p28FP.o28FP (.econst:xdc_runtime_Startup_firstFxns__C)
                  00303668    00000004     app_p28FP.o28FP (.econst:xdc_runtime_Startup_lastFxns__C)
                  0030366c    00000002     app_p28FP.o28FP (.econst:ti_sysbios_family_c28_Hwi_A_badIntNum__C)
                  0030366e    00000002     app_p28FP.o28FP (.econst:ti_sysbios_family_c28_Hwi_A_invalidArg__C)
                  00303670    00000002     app_p28FP.o28FP (.econst:ti_sysbios_family_c28_Hwi_E_unpluggedInterrupt__C)
                  00303672    00000002     app_p28FP.o28FP (.econst:ti_sysbios_family_c28_Hwi_Module__diagsEnabled__C)
                  00303674    00000002     app_p28FP.o28FP (.econst:ti_sysbios_family_c28_Hwi_Module__diagsIncluded__C)
                  00303676    00000002     app_p28FP.o28FP (.econst:ti_sysbios_family_c28_Hwi_Module__diagsMask__C)
                  00303678    00000002     app_p28FP.o28FP (.econst:ti_sysbios_family_c28_TaskSupport_E_invalidStack__C)
                  0030367a    00000002     app_p28FP.o28FP (.econst:ti_sysbios_gates_GateMutex_A_badContext__C)
                  0030367c    00000002     app_p28FP.o28FP (.econst:ti_sysbios_gates_GateMutex_Instance_State_sem__O)
                  0030367e    00000002     app_p28FP.o28FP (.econst:ti_sysbios_gates_GateMutex_Module__diagsEnabled__C)
                  00303680    00000002     app_p28FP.o28FP (.econst:ti_sysbios_gates_GateMutex_Module__diagsIncluded__C)
                  00303682    00000002     app_p28FP.o28FP (.econst:ti_sysbios_gates_GateMutex_Module__diagsMask__C)
                  00303684    00000002     app_p28FP.o28FP (.econst:ti_sysbios_hal_Hwi_E_stackOverflow__C)
                  00303686    00000002     app_p28FP.o28FP (.econst:ti_sysbios_knl_Idle_funcList__A)
                  00303688    00000002     app_p28FP.o28FP (.econst:ti_sysbios_knl_Semaphore_A_badContext__C)
                  0030368a    00000002     app_p28FP.o28FP (.econst:ti_sysbios_knl_Semaphore_A_overflow__C)
                  0030368c    00000002     app_p28FP.o28FP (.econst:ti_sysbios_knl_Semaphore_A_pendTaskDisabled__C)
                  0030368e    00000002     app_p28FP.o28FP (.econst:ti_sysbios_knl_Semaphore_Instance_State_pendQ__O)
                  00303690    00000002     app_p28FP.o28FP (.econst:ti_sysbios_knl_Semaphore_Module__diagsEnabled__C)
                  00303692    00000002     app_p28FP.o28FP (.econst:ti_sysbios_knl_Semaphore_Module__diagsIncluded__C)
                  00303694    00000002     app_p28FP.o28FP (.econst:ti_sysbios_knl_Semaphore_Module__diagsMask__C)
                  00303696    00000002     app_p28FP.o28FP (.econst:ti_sysbios_knl_Task_E_spOutOfBounds__C)
                  00303698    00000002     app_p28FP.o28FP (.econst:ti_sysbios_knl_Task_E_stackOverflow__C)
                  0030369a    00000002     app_p28FP.o28FP (.econst:ti_sysbios_knl_Task_Module_State_inactiveQ__O)
                  0030369c    00000002     app_p28FP.o28FP (.econst:ti_sysbios_knl_Task_allBlockedFunc__C)
                  0030369e    00000002     app_p28FP.o28FP (.econst:xdc_runtime_Assert_E_assertFailed__C)
                  003036a0    00000002     app_p28FP.o28FP (.econst:xdc_runtime_Error_Module__diagsEnabled__C)
                  003036a2    00000002     app_p28FP.o28FP (.econst:xdc_runtime_Error_Module__diagsIncluded__C)
                  003036a4    00000002     app_p28FP.o28FP (.econst:xdc_runtime_Error_Module__diagsMask__C)
                  003036a6    00000002     app_p28FP.o28FP (.econst:xdc_runtime_Error_Module__loggerFxn8__C)
                  003036a8    00000002     app_p28FP.o28FP (.econst:xdc_runtime_Error_Module__loggerObj__C)
                  003036aa    00000002     app_p28FP.o28FP (.econst:xdc_runtime_Error_policyFxn__C)
                  003036ac    00000002     app_p28FP.o28FP (.econst:xdc_runtime_Error_raiseHook__C)
                  003036ae    00000002     app_p28FP.o28FP (.econst:xdc_runtime_HeapStd_A_align__C)
                  003036b0    00000002     app_p28FP.o28FP (.econst:xdc_runtime_HeapStd_A_invalidTotalFreeSize__C)
                  003036b2    00000002     app_p28FP.o28FP (.econst:xdc_runtime_HeapStd_A_zeroSize__C)
                  003036b4    00000002     app_p28FP.o28FP (.econst:xdc_runtime_HeapStd_Module__diagsEnabled__C)
                  003036b6    00000002     app_p28FP.o28FP (.econst:xdc_runtime_HeapStd_Module__diagsIncluded__C)
                  003036b8    00000002     app_p28FP.o28FP (.econst:xdc_runtime_HeapStd_Module__diagsMask__C)
                  003036ba    00000002     app_p28FP.o28FP (.econst:xdc_runtime_IFilterLogger_Interface__BASE__C)
                  003036bc    00000002     app_p28FP.o28FP (.econst:xdc_runtime_IGateProvider_Interface__BASE__C)
                  003036be    00000002     app_p28FP.o28FP (.econst:xdc_runtime_IHeap_Interface__BASE__C)
                  003036c0    00000002     app_p28FP.o28FP (.econst:xdc_runtime_ILogger_Interface__BASE__C)
                  003036c2    00000002     app_p28FP.o28FP (.econst:xdc_runtime_IModule_Interface__BASE__C)
                  003036c4    00000002     app_p28FP.o28FP (.econst:xdc_runtime_Log_L_error__C)
                  003036c6    00000002     app_p28FP.o28FP (.econst:xdc_runtime_LoggerBuf_E_badLevel__C)
                  003036c8    00000002     app_p28FP.o28FP (.econst:xdc_runtime_LoggerBuf_Module__gateObj__C)
                  003036ca    00000002     app_p28FP.o28FP (.econst:xdc_runtime_LoggerBuf_statusLogger__C)
                  003036cc    00000002     app_p28FP.o28FP (.econst:xdc_runtime_Startup_execImpl__C)
                  003036ce    00000002     app_p28FP.o28FP (.econst:xdc_runtime_Startup_firstFxns__A)
                  003036d0    00000002     app_p28FP.o28FP (.econst:xdc_runtime_Startup_lastFxns__A)
                  003036d2    00000002     app_p28FP.o28FP (.econst:xdc_runtime_Startup_sfxnRts__C)
                  003036d4    00000002     app_p28FP.o28FP (.econst:xdc_runtime_Startup_sfxnTab__C)
                  003036d6    00000002     app_p28FP.o28FP (.econst:xdc_runtime_SysMin_bufSize__C)
                  003036d8    00000002     app_p28FP.o28FP (.econst:xdc_runtime_SysMin_outputFunc__C)
                  003036da    00000002     app_p28FP.o28FP (.econst:xdc_runtime_System_Module__gateObj__C)
                  003036dc    00000002     app_p28FP.o28FP (.econst:xdc_runtime_System_abortFxn__C)
                  003036de    00000002     app_p28FP.o28FP (.econst:xdc_runtime_System_exitFxn__C)
                  003036e0    00000002     app_p28FP.o28FP (.econst:xdc_runtime_System_extendFxn__C)
                  003036e2    00000002     app_p28FP.o28FP (.econst:xdc_runtime_Text_charTab__C)
                  003036e4    00000002     app_p28FP.o28FP (.econst:xdc_runtime_Text_nodeTab__A)
                  003036e6    00000002     app_p28FP.o28FP (.econst:xdc_runtime_Text_visitRopeFxn__C)
                  003036e8    00000001     app_p28FP.o28FP (.econst:ti_sysbios_family_c28_Timer_startupNeeded__C)
                  003036e9    00000001     app_p28FP.o28FP (.econst:ti_sysbios_gates_GateMutex_Module__id__C)
                  003036ea    00000001     app_p28FP.o28FP (.econst:ti_sysbios_hal_Hwi_Module__id__C)
                  003036eb    00000001     app_p28FP.o28FP (.econst:ti_sysbios_knl_Semaphore_Module__id__C)
                  003036ec    00000001     app_p28FP.o28FP (.econst:ti_sysbios_knl_Task_Module__id__C)
                  003036ed    00000001     app_p28FP.o28FP (.econst:ti_sysbios_knl_Task_Object__count__C)
                  003036ee    00000001     app_p28FP.o28FP (.econst:ti_sysbios_knl_Task_numConstructedTasks__C)
                  003036ef    00000001     app_p28FP.o28FP (.econst:xdc_runtime_Error_Module__loggerDefined__C)
                  003036f0    00000001     app_p28FP.o28FP (.econst:xdc_runtime_Error_maxDepth__C)
                  003036f1    00000001     app_p28FP.o28FP (.econst:xdc_runtime_Error_policy__C)
                  003036f2    00000001     app_p28FP.o28FP (.econst:xdc_runtime_HeapStd_Module__id__C)
                  003036f3    00000001     app_p28FP.o28FP (.econst:xdc_runtime_LoggerBuf_Module__id__C)
                  003036f4    00000001     app_p28FP.o28FP (.econst:xdc_runtime_LoggerBuf_Object__count__C)
                  003036f5    00000001     app_p28FP.o28FP (.econst:xdc_runtime_LoggerBuf_filterByLevel__C)
                  003036f6    00000001     app_p28FP.o28FP (.econst:xdc_runtime_Startup_maxPasses__C)
                  003036f7    00000001     app_p28FP.o28FP (.econst:xdc_runtime_SysMin_flushAtExit__C)
                  003036f8    00000001     app_p28FP.o28FP (.econst:xdc_runtime_System_maxAtexitHandlers__C)
                  003036f9    00000001     app_p28FP.o28FP (.econst:xdc_runtime_Text_charTab__A)
                  003036fa    00000001     app_p28FP.o28FP (.econst:xdc_runtime_Text_isLoaded__C)
                  003036fb    00000001     app_p28FP.o28FP (.econst:xdc_runtime_Text_registryModsLastId__C)
                  003036fc    00000001     app_p28FP.o28FP (.econst:xdc_runtime_Text_unnamedModsLastId__C)

.cinit     0    003036fd    00000345     
                  003036fd    00000309     app_p28FP.o28FP (.cinit)
                  00303a06    0000001e     main.obj (.cinit)
                  00303a24    0000000e     rts2800_fpu32.lib : exit.obj (.cinit)
                  00303a32    00000005                       : _lock.obj (.cinit:__lock)
                  00303a37    00000005                       : _lock.obj (.cinit:__unlock)
                  00303a3c    00000004                       : errno.obj (.cinit)
                  00303a40    00000002     --HOLE-- [fill = 0]

ramfuncs   0    00303a42    00000004     RUN ADDR = 0000c69b
                  00303a42    00000004     DSP2833x_usDelay.obj (ramfuncs)

.switch    0    00303a46    0000001c     
                  00303a46    0000001c     sysbios.a28FP : BIOS.obj (.switch:_ti_sysbios_family_c28_Hwi_clearInterrupt__E)

codestart 
*          0    0033fff6    00000002     
                  0033fff6    00000002     DSP2833x_CodeStartBranch.obj (codestart)

.adc_cal   0    00380080    00000007     NOLOAD SECTION
                  00380080    00000007     DSP2833x_ADC_cal.obj (.adc_cal)

.stack     1    00000000    00000400     UNINITIALIZED
                  00000000    00000400     --HOLE--

DevEmuRegsFile 
*          1    00000880    000000d0     UNINITIALIZED
                  00000880    000000d0     DSP2833x_GlobalVariableDefs.obj (DevEmuRegsFile)

FlashRegsFile 
*          1    00000a80    00000008     UNINITIALIZED
                  00000a80    00000008     DSP2833x_GlobalVariableDefs.obj (FlashRegsFile)

CsmRegsFile 
*          1    00000ae0    00000010     UNINITIALIZED
                  00000ae0    00000010     DSP2833x_GlobalVariableDefs.obj (CsmRegsFile)

AdcMirrorFile 
*          1    00000b00    00000010     UNINITIALIZED
                  00000b00    00000010     DSP2833x_GlobalVariableDefs.obj (AdcMirrorFile)

XintfRegsFile 
*          1    00000b20    0000001e     UNINITIALIZED
                  00000b20    0000001e     DSP2833x_GlobalVariableDefs.obj (XintfRegsFile)

CpuTimer0RegsFile 
*          1    00000c00    00000008     UNINITIALIZED
                  00000c00    00000008     DSP2833x_GlobalVariableDefs.obj (CpuTimer0RegsFile)

CpuTimer1RegsFile 
*          1    00000c08    00000008     UNINITIALIZED
                  00000c08    00000008     DSP2833x_GlobalVariableDefs.obj (CpuTimer1RegsFile)

CpuTimer2RegsFile 
*          1    00000c10    00000008     UNINITIALIZED
                  00000c10    00000008     DSP2833x_GlobalVariableDefs.obj (CpuTimer2RegsFile)

PieCtrlRegsFile 
*          1    00000ce0    0000001a     UNINITIALIZED
                  00000ce0    0000001a     DSP2833x_GlobalVariableDefs.obj (PieCtrlRegsFile)

DmaRegsFile 
*          1    00001000    000000e0     UNINITIALIZED
                  00001000    000000e0     DSP2833x_GlobalVariableDefs.obj (DmaRegsFile)

McbspaRegsFile 
*          1    00005000    00000025     UNINITIALIZED
                  00005000    00000025     DSP2833x_GlobalVariableDefs.obj (McbspaRegsFile)

McbspbRegsFile 
*          1    00005040    00000025     UNINITIALIZED
                  00005040    00000025     DSP2833x_GlobalVariableDefs.obj (McbspbRegsFile)

ECanaRegsFile 
*          1    00006000    00000034     UNINITIALIZED
                  00006000    00000034     DSP2833x_GlobalVariableDefs.obj (ECanaRegsFile)

ECanaLAMRegsFile 
*          1    00006040    00000040     UNINITIALIZED
                  00006040    00000040     DSP2833x_GlobalVariableDefs.obj (ECanaLAMRegsFile)

ECanaMOTSRegsFile 
*          1    00006080    00000040     UNINITIALIZED
                  00006080    00000040     DSP2833x_GlobalVariableDefs.obj (ECanaMOTSRegsFile)

ECanaMOTORegsFile 
*          1    000060c0    00000040     UNINITIALIZED
                  000060c0    00000040     DSP2833x_GlobalVariableDefs.obj (ECanaMOTORegsFile)

ECanaMboxesFile 
*          1    00006100    00000100     UNINITIALIZED
                  00006100    00000100     DSP2833x_GlobalVariableDefs.obj (ECanaMboxesFile)

ECanbRegsFile 
*          1    00006200    00000034     UNINITIALIZED
                  00006200    00000034     DSP2833x_GlobalVariableDefs.obj (ECanbRegsFile)

ECanbLAMRegsFile 
*          1    00006240    00000040     UNINITIALIZED
                  00006240    00000040     DSP2833x_GlobalVariableDefs.obj (ECanbLAMRegsFile)

ECanbMOTSRegsFile 
*          1    00006280    00000040     UNINITIALIZED
                  00006280    00000040     DSP2833x_GlobalVariableDefs.obj (ECanbMOTSRegsFile)

ECanbMOTORegsFile 
*          1    000062c0    00000040     UNINITIALIZED
                  000062c0    00000040     DSP2833x_GlobalVariableDefs.obj (ECanbMOTORegsFile)

ECanbMboxesFile 
*          1    00006300    00000100     UNINITIALIZED
                  00006300    00000100     DSP2833x_GlobalVariableDefs.obj (ECanbMboxesFile)

EPwm1RegsFile 
*          1    00006800    00000022     UNINITIALIZED
                  00006800    00000022     DSP2833x_GlobalVariableDefs.obj (EPwm1RegsFile)

EPwm2RegsFile 
*          1    00006840    00000022     UNINITIALIZED
                  00006840    00000022     DSP2833x_GlobalVariableDefs.obj (EPwm2RegsFile)

EPwm3RegsFile 
*          1    00006880    00000022     UNINITIALIZED
                  00006880    00000022     DSP2833x_GlobalVariableDefs.obj (EPwm3RegsFile)

EPwm4RegsFile 
*          1    000068c0    00000022     UNINITIALIZED
                  000068c0    00000022     DSP2833x_GlobalVariableDefs.obj (EPwm4RegsFile)

EPwm5RegsFile 
*          1    00006900    00000022     UNINITIALIZED
                  00006900    00000022     DSP2833x_GlobalVariableDefs.obj (EPwm5RegsFile)

EPwm6RegsFile 
*          1    00006940    00000022     UNINITIALIZED
                  00006940    00000022     DSP2833x_GlobalVariableDefs.obj (EPwm6RegsFile)

ECap1RegsFile 
*          1    00006a00    00000020     UNINITIALIZED
                  00006a00    00000020     DSP2833x_GlobalVariableDefs.obj (ECap1RegsFile)

ECap2RegsFile 
*          1    00006a20    00000020     UNINITIALIZED
                  00006a20    00000020     DSP2833x_GlobalVariableDefs.obj (ECap2RegsFile)

ECap3RegsFile 
*          1    00006a40    00000020     UNINITIALIZED
                  00006a40    00000020     DSP2833x_GlobalVariableDefs.obj (ECap3RegsFile)

ECap4RegsFile 
*          1    00006a60    00000020     UNINITIALIZED
                  00006a60    00000020     DSP2833x_GlobalVariableDefs.obj (ECap4RegsFile)

ECap5RegsFile 
*          1    00006a80    00000020     UNINITIALIZED
                  00006a80    00000020     DSP2833x_GlobalVariableDefs.obj (ECap5RegsFile)

ECap6RegsFile 
*          1    00006aa0    00000020     UNINITIALIZED
                  00006aa0    00000020     DSP2833x_GlobalVariableDefs.obj (ECap6RegsFile)

EQep1RegsFile 
*          1    00006b00    00000040     UNINITIALIZED
                  00006b00    00000040     DSP2833x_GlobalVariableDefs.obj (EQep1RegsFile)

EQep2RegsFile 
*          1    00006b40    00000040     UNINITIALIZED
                  00006b40    00000040     DSP2833x_GlobalVariableDefs.obj (EQep2RegsFile)

GpioCtrlRegsFile 
*          1    00006f80    0000002e     UNINITIALIZED
                  00006f80    0000002e     DSP2833x_GlobalVariableDefs.obj (GpioCtrlRegsFile)

GpioDataRegsFile 
*          1    00006fc0    00000020     UNINITIALIZED
                  00006fc0    00000020     DSP2833x_GlobalVariableDefs.obj (GpioDataRegsFile)

GpioIntRegsFile 
*          1    00006fe0    0000000a     UNINITIALIZED
                  00006fe0    0000000a     DSP2833x_GlobalVariableDefs.obj (GpioIntRegsFile)

SysCtrlRegsFile 
*          1    00007010    00000020     UNINITIALIZED
                  00007010    00000020     DSP2833x_GlobalVariableDefs.obj (SysCtrlRegsFile)

SpiaRegsFile 
*          1    00007040    00000010     UNINITIALIZED
                  00007040    00000010     DSP2833x_GlobalVariableDefs.obj (SpiaRegsFile)

SciaRegsFile 
*          1    00007050    00000010     UNINITIALIZED
                  00007050    00000010     DSP2833x_GlobalVariableDefs.obj (SciaRegsFile)

XIntruptRegsFile 
*          1    00007070    00000010     UNINITIALIZED
                  00007070    00000010     DSP2833x_GlobalVariableDefs.obj (XIntruptRegsFile)

AdcRegsFile 
*          1    00007100    0000001e     UNINITIALIZED
                  00007100    0000001e     DSP2833x_GlobalVariableDefs.obj (AdcRegsFile)

ScibRegsFile 
*          1    00007750    00000010     UNINITIALIZED
                  00007750    00000010     DSP2833x_GlobalVariableDefs.obj (ScibRegsFile)

ScicRegsFile 
*          1    00007770    00000010     UNINITIALIZED
                  00007770    00000010     DSP2833x_GlobalVariableDefs.obj (ScicRegsFile)

I2caRegsFile 
*          1    00007900    00000022     UNINITIALIZED
                  00007900    00000022     DSP2833x_GlobalVariableDefs.obj (I2caRegsFile)

.ebss      1    00008000    0000469b     UNINITIALIZED
                  00008000    00002600     app_p28FP.o28FP (.ebss:taskStackSection)
                  0000a600    00001c80     main.obj (.ebss)
                  0000c280    00000400     app_p28FP.o28FP (.ebss)
                  0000c680    00000008     DSP2833x_CpuTimers.obj (.ebss)
                  0000c688    00000008     rts2800_fpu32.lib : trgdrv.obj (.ebss)
                  0000c690    00000006                       : exit.obj (.ebss)
                  0000c696    00000002                       : _lock.obj (.ebss:__lock)
                  0000c698    00000002                       : _lock.obj (.ebss:__unlock)
                  0000c69a    00000001                       : errno.obj (.ebss)

.cio       1    0000c6c0    00000120     UNINITIALIZED
                  0000c6c0    00000120     rts2800_fpu32.lib : trgmsg.obj (.cio)

PINGPONG   1    0000e000    00001000     UNINITIALIZED
                  0000e000    00001000     main.obj (PINGPONG)

CsmPwlFile 
*          1    0033fff8    00000008     UNINITIALIZED
                  0033fff8    00000008     DSP2833x_GlobalVariableDefs.obj (CsmPwlFile)

PartIdRegsFile 
*          1    00380090    00000001     UNINITIALIZED
                  00380090    00000001     DSP2833x_GlobalVariableDefs.obj (PartIdRegsFile)

.pinit     0    00300000    00000000     UNINITIALIZED

xdc.meta   0    00000000    000000ef     COPY SECTION
                  00000000    000000ef     app_p28FP.o28FP (xdc.meta)

xdc.noload 
*          0    00000000    00000000     COPY SECTION

MODULE SUMMARY

       Module                            code    ro data   rw data
       ------                            ----    -------   -------
    .\
       main.obj                          824     0         11901  
       DSP2833x_CodeStartBranch.obj      10      0         0      
    +--+---------------------------------+-------+---------+---------+
       Total:                            834     0         11901  
                                                                  
    .\Common\
       DSP2833x_GlobalVariableDefs.obj   0       0         2423   
       DSP2833x_DefaultIsr.obj           790     0         0      
       DSP2833x_DMA.obj                  331     0         0      
       DSP2833x_CpuTimers.obj            79      0         8      
       DSP2833x_Adc.obj                  25      0         0      
       DSP2833x_EPwm.obj                 18      0         0      
       DSP2833x_SysCtrl.obj              11      0         0      
       DSP2833x_usDelay.obj              8       0         0      
       DSP2833x_ADC_cal.obj              7       0         0      
    +--+---------------------------------+-------+---------+---------+
       Total:                            1269    0         2431   
                                                                  
    .\EEL4511 Libraries\src\
       EEL4511_ADC.obj                   97      0         0      
       actuatorControl.obj               94      0         0      
       OneToOneI2CDriver.obj             0       0         1      
    +--+---------------------------------+-------+---------+---------+
       Total:                            191     0         1      
                                                                  
    .\RFFT\
       RFFT_adc_f32.obj                  312     0         0      
       RFFT_f32.obj                      285     0         0      
       RFFT_adc_f32u.obj                 158     0         0      
       RFFT_f32u.obj                     133     0         0      
       RFFT_f32_sincostable.obj          109     0         0      
       RFFT_f32s_mag.obj                 85      0         0      
       RFFT_f32_phase.obj                73      0         0      
       RFFT_f32_mag.obj                  68      0         0      
    +--+---------------------------------+-------+---------+---------+
       Total:                            1223    0         0      
                                                                  
    C:\Users\Adrian\workspace_v6_2\Ocarina_Home_Automation\Debug\configPkg\package\cfg\
       app_p28FP.o28FP                   645     0         12199  
    +--+---------------------------------+-------+---------+---------+
       Total:                            645     0         12199  
                                                                  
    C:\Users\Adrian\workspace_v6_2\Ocarina_Home_Automation\src\sysbios\sysbios.a28FP
       BIOS.obj                          2834    0         28     
       c28_Hwi_disp_asm.obj              175     0         0      
       c28_TaskSupport_asm.obj           75      0         0      
       c28_Hwi_asm.obj                   31      0         0      
       c28_IntrinsicsSupport_asm.obj     6       0         0      
    +--+---------------------------------+-------+---------+---------+
       Total:                            3121    0         28     
                                                                  
    C:\ti\bios_6_45_01_29\packages\ti\catalog\c2800\init\lib\Boot.a28FP
       Boot.o28FP                        63      0         0      
    +--+---------------------------------+-------+---------+---------+
       Total:                            63      0         0      
                                                                  
    C:\ti\bios_6_45_01_29\packages\ti\targets\rts2800\lib\boot.a28FP
       boot_cg.o28FP                     99      0         0      
    +--+---------------------------------+-------+---------+---------+
       Total:                            99      0         0      
                                                                  
    C:\ti\bios_6_45_01_29\packages\ti\targets\rts2800\lib\ti.targets.rts2800.a28FP
       System.o28FP                      858     0         24     
       LoggerBuf.o28FP                   622     0         0      
       Error.o28FP                       325     0         88     
       Text.o28FP                        335     0         67     
       HeapStd.o28FP                     374     0         0      
       Startup.o28FP                     178     0         42     
       SysMin.o28FP                      126     0         0      
       Log.o28FP                         0       0         71     
       Assert.o28FP                      50      0         5      
       Registry.o28FP                    14      0         0      
       Gate.o28FP                        12      0         0      
       Memory.o28FP                      4       0         0      
       xdc_noinit.o28FP                  3       0         0      
    +--+---------------------------------+-------+---------+---------+
       Total:                            2901    0         297    
                                                                  
    C:\ti\ccsv6\tools\compiler\c2000_15.12.3.LTS\lib\rts2800_fpu32.lib
       trgdrv.obj                        636     0         8      
       trgmsg.obj                        148     0         288    
       ll_div.obj                        263     0         0      
       s_atanf.obj                       201     0         30     
       e_atan2f.obj                      212     0         12     
       fs_div.obj                        136     0         0      
       fd_mpy.obj                        131     0         0      
       s_cosf.obj                        97      0         0      
       s_sinf.obj                        88      0         0      
       cpy_tbl.obj                       70      0         0      
       exit.obj                          41      0         20     
       e_sqrtf.obj                       37      0         0      
       fd_tofs.obj                       35      0         0      
       memcpy.obj                        30      0         0      
       fs_tofd.obj                       28      0         0      
       cpy_utils.obj                     26      0         0      
       args_main.obj                     25      0         0      
       _lock.obj                         9       0         14     
       memcmp.obj                        21      0         0      
       memset.obj                        12      0         0      
       strlen.obj                        8       0         0      
       errno.obj                         0       0         5      
       strcpy.obj                        5       0         0      
    +--+---------------------------------+-------+---------+---------+
       Total:                            2259    0         377    
                                                                  
       Stack:                            0       0         1024   
    +--+---------------------------------+-------+---------+---------+
       Grand Total:                      12605   0         28258  


GLOBAL DATA SYMBOLS: SORTED BY DATA PAGE

address     data page           name
--------    ----------------    ----
00000000       0 (00000000)     ___ISA__
00000000       0 (00000000)     __stack
00000013       0 (00000000)     ___TARG__
00000037       0 (00000000)     ___PLAT__

0000005d       1 (00000040)     ___TRDR__

00000084       2 (00000080)     ___ASM__

00000880      22 (00000880)     _DevEmuRegs

00000a80      2a (00000a80)     _FlashRegs

00000ae0      2b (00000ac0)     _CsmRegs

00000b00      2c (00000b00)     _AdcMirror
00000b20      2c (00000b00)     _XintfRegs

00000c00      30 (00000c00)     _CpuTimer0Regs
00000c08      30 (00000c00)     _CpuTimer1Regs
00000c10      30 (00000c00)     _CpuTimer2Regs

00000ce0      33 (00000cc0)     _PieCtrlRegs

00000d00      34 (00000d00)     _PieVectTable

00001000      40 (00001000)     _DmaRegs

00005000     140 (00005000)     _McbspaRegs

00005040     141 (00005040)     _McbspbRegs

00006000     180 (00006000)     _ECanaRegs

00006040     181 (00006040)     _ECanaLAMRegs

00006080     182 (00006080)     _ECanaMOTSRegs

000060c0     183 (000060c0)     _ECanaMOTORegs

00006100     184 (00006100)     _ECanaMboxes

00006200     188 (00006200)     _ECanbRegs

00006240     189 (00006240)     _ECanbLAMRegs

00006280     18a (00006280)     _ECanbMOTSRegs

000062c0     18b (000062c0)     _ECanbMOTORegs

00006300     18c (00006300)     _ECanbMboxes

00006800     1a0 (00006800)     _EPwm1Regs

00006840     1a1 (00006840)     _EPwm2Regs

00006880     1a2 (00006880)     _EPwm3Regs

000068c0     1a3 (000068c0)     _EPwm4Regs

00006900     1a4 (00006900)     _EPwm5Regs

00006940     1a5 (00006940)     _EPwm6Regs

00006a00     1a8 (00006a00)     _ECap1Regs
00006a20     1a8 (00006a00)     _ECap2Regs

00006a40     1a9 (00006a40)     _ECap3Regs
00006a60     1a9 (00006a40)     _ECap4Regs

00006a80     1aa (00006a80)     _ECap5Regs
00006aa0     1aa (00006a80)     _ECap6Regs

00006b00     1ac (00006b00)     _EQep1Regs

00006b40     1ad (00006b40)     _EQep2Regs

00006f80     1be (00006f80)     _GpioCtrlRegs

00006fc0     1bf (00006fc0)     _GpioDataRegs
00006fe0     1bf (00006fc0)     _GpioIntRegs

00007010     1c0 (00007000)     _SysCtrlRegs

00007040     1c1 (00007040)     _SpiaRegs
00007050     1c1 (00007040)     _SciaRegs
00007070     1c1 (00007040)     _XIntruptRegs

00007100     1c4 (00007100)     _AdcRegs

00007750     1dd (00007740)     _ScibRegs
00007770     1dd (00007740)     _ScicRegs

00007900     1e4 (00007900)     _I2caRegs

00008000     200 (00008000)     _ti_sysbios_knl_Task_Instance_State_2_stack__A

00008100     204 (00008100)     _ti_sysbios_knl_Task_Instance_State_3_stack__A

00008200     208 (00008200)     _ti_sysbios_knl_Task_Instance_State_0_stack__A

00008600     218 (00008600)     _ti_sysbios_knl_Task_Instance_State_1_stack__A

0000a600     298 (0000a600)     _hwicount
0000a601     298 (0000a600)     _gNoteDetected
0000a602     298 (0000a600)     _dutyCycle
0000a603     298 (0000a600)     _updateCycle
0000a604     298 (0000a600)     _gNoteBuffer
0000a607     298 (0000a600)     _gFlags
0000a60c     298 (0000a600)     _rfft

0000a640     299 (0000a640)     _RFFTmagBuff

0000aa80     2aa (0000aa80)     _hamming

0000b280     2ca (0000b280)     _RFFToutBuff

0000ba80     2ea (0000ba80)     _RFFTF32Coef

0000c280     30a (0000c280)     _xdc_runtime_Error_Module__state__V
0000c282     30a (0000c280)     _ti_sysbios_knl_Task_Module_State_0_idleTask__A
0000c284     30a (0000c280)     _xdc_runtime_Memory_Module__state__V
0000c286     30a (0000c280)     _xdc_runtime_HeapStd_Module__state__V
0000c288     30a (0000c280)     ___xdc__init__addr
0000c28a     30a (0000c280)     _ti_sysbios_gates_GateHwi_Object__table__V
0000c28c     30a (0000c280)     _xdc_runtime_LoggerBuf_Module__state__V
0000c290     30a (0000c280)     _xdc_runtime_Text_Module__state__V
0000c294     30a (0000c280)     _ti_sysbios_family_c28_TimestampProvider_Module__state__V
0000c298     30a (0000c280)     _xdc_runtime_SysMin_Module__state__V
0000c29c     30a (0000c280)     _xdc_runtime_Startup_Module__state__V
0000c2a0     30a (0000c280)     _xdc_runtime_System_Module__state__V
0000c2a4     30a (0000c280)     _xdc_runtime_Registry_Module__state__V
0000c2a8     30a (0000c280)     _xdc_runtime_HeapStd_Object__table__V
0000c2ae     30a (0000c280)     _ti_sysbios_family_c28_Timer_Module__state__V
0000c2b6     30a (0000c280)     _xdc_runtime_System_Module_State_0_atexitHandlers__A

0000c2c0     30b (0000c2c0)     _ti_sysbios_gates_GateMutex_Object__table__V
0000c2ce     30b (0000c2c0)     _ti_sysbios_family_c28_Hwi_Module__state__V
0000c2de     30b (0000c2c0)     _ti_sysbios_BIOS_Module__state__V

0000c300     30c (0000c300)     _xdc_runtime_LoggerBuf_Object__table__V
0000c312     30c (0000c300)     _ti_sysbios_family_c28_Timer_Object__table__V

0000c340     30d (0000c340)     _ti_sysbios_knl_Semaphore_Object__table__V
0000c35e     30d (0000c340)     _ti_sysbios_knl_Task_Module__state__V

0000c380     30e (0000c380)     _ti_sysbios_family_c28_Hwi_Object__table__V

0000c3c0     30f (0000c3c0)     _xdc_runtime_LoggerBuf_Instance_State_0_entryArr__A

0000c400     310 (0000c400)     _ti_sysbios_knl_Task_Module_State_0_readyQ__A

0000c440     311 (0000c440)     _xdc_runtime_SysMin_Module_State_0_outbuf__A

0000c4c0     313 (0000c4c0)     _ti_sysbios_knl_Task_Object__table__V

0000c580     316 (0000c580)     _ti_sysbios_family_c28_Hwi_Module_State_0_dispatchTable__A

0000c680     31a (0000c680)     _CpuTimer0
0000c690     31a (0000c680)     ___TI_enable_exit_profile_output
0000c692     31a (0000c680)     ___TI_cleanup_ptr
0000c694     31a (0000c680)     ___TI_dtors_ptr
0000c696     31a (0000c680)     __lock
0000c698     31a (0000c680)     __unlock
0000c69a     31a (0000c680)     _errno

0000c6c0     31b (0000c6c0)     __CIOBUF_

0000e000     380 (0000e000)     _gAudioBuffer

0000e800     3a0 (0000e800)     _gRawADCBuffer

003032f6    c0cb (003032c0)     _ti_sysbios_family_c28_Hwi_vectors

0030351b    c0d4 (00303500)     _ti_sysbios_family_c28_Hwi_Module__id__C

0030355f    c0d5 (00303540)     _ti_sysbios_family_c28_Hwi_NUM_INTERRUPTS_ALL__C

0030358a    c0d6 (00303580)     _xdc_runtime_LoggerBuf_Module__FXNS__C
003035a8    c0d6 (00303580)     _gGarbage
003035aa    c0d6 (00303580)     _SongofTime
003035ad    c0d6 (00303580)     _SongofPassing
003035b0    c0d6 (00303580)     _SongofStorms
003035b3    c0d6 (00303580)     _WindsRequiem
003035b6    c0d6 (00303580)     _SariasSong
003035be    c0d6 (00303580)     _xdc_runtime_HeapStd_Module__FXNS__C

003035d2    c0d7 (003035c0)     _ti_sysbios_gates_GateHwi_Module__FXNS__C
003035e4    c0d7 (003035c0)     _ti_sysbios_gates_GateMutex_Module__FXNS__C

00303607    c0d8 (00303600)     _ti_sysbios_family_c28_Hwi_Object__count__C
00303608    c0d8 (00303600)     _xdc_runtime_Startup_sfxnTab__A
0030363e    c0d8 (00303600)     _SongCompareSemaphore

00303640    c0d9 (00303640)     _BufferSwapPost_HWI
00303642    c0d9 (00303640)     _BufferSwapSemaphore
00303644    c0d9 (00303640)     _BufferProcessingSemaphore
00303646    c0d9 (00303640)     _xdc_runtime_Startup_sfxnRts__A
00303655    c0d9 (00303640)     _ti_sysbios_family_c28_Hwi_zeroLatencyIERMask__C
0030365b    c0d9 (00303640)     _ti_sysbios_family_c28_TaskSupport_Module__id__C
00303660    c0d9 (00303640)     _ti_sysbios_knl_Idle_funcList__C
00303664    c0d9 (00303640)     _xdc_runtime_Startup_firstFxns__C
00303668    c0d9 (00303640)     _xdc_runtime_Startup_lastFxns__C
0030366c    c0d9 (00303640)     _ti_sysbios_family_c28_Hwi_A_badIntNum__C
0030366e    c0d9 (00303640)     _ti_sysbios_family_c28_Hwi_A_invalidArg__C
00303670    c0d9 (00303640)     _ti_sysbios_family_c28_Hwi_E_unpluggedInterrupt__C
00303672    c0d9 (00303640)     _ti_sysbios_family_c28_Hwi_Module__diagsEnabled__C
00303674    c0d9 (00303640)     _ti_sysbios_family_c28_Hwi_Module__diagsIncluded__C
00303676    c0d9 (00303640)     _ti_sysbios_family_c28_Hwi_Module__diagsMask__C
00303678    c0d9 (00303640)     _ti_sysbios_family_c28_TaskSupport_E_invalidStack__C
0030367a    c0d9 (00303640)     _ti_sysbios_gates_GateMutex_A_badContext__C
0030367c    c0d9 (00303640)     _ti_sysbios_gates_GateMutex_Instance_State_sem__O
0030367e    c0d9 (00303640)     _ti_sysbios_gates_GateMutex_Module__diagsEnabled__C

00303680    c0da (00303680)     _ti_sysbios_gates_GateMutex_Module__diagsIncluded__C
00303682    c0da (00303680)     _ti_sysbios_gates_GateMutex_Module__diagsMask__C
00303684    c0da (00303680)     _ti_sysbios_hal_Hwi_E_stackOverflow__C
00303686    c0da (00303680)     _ti_sysbios_knl_Idle_funcList__A
00303688    c0da (00303680)     _ti_sysbios_knl_Semaphore_A_badContext__C
0030368a    c0da (00303680)     _ti_sysbios_knl_Semaphore_A_overflow__C
0030368c    c0da (00303680)     _ti_sysbios_knl_Semaphore_A_pendTaskDisabled__C
0030368e    c0da (00303680)     _ti_sysbios_knl_Semaphore_Instance_State_pendQ__O
00303690    c0da (00303680)     _ti_sysbios_knl_Semaphore_Module__diagsEnabled__C
00303692    c0da (00303680)     _ti_sysbios_knl_Semaphore_Module__diagsIncluded__C
00303694    c0da (00303680)     _ti_sysbios_knl_Semaphore_Module__diagsMask__C
00303696    c0da (00303680)     _ti_sysbios_knl_Task_E_spOutOfBounds__C
00303698    c0da (00303680)     _ti_sysbios_knl_Task_E_stackOverflow__C
0030369a    c0da (00303680)     _ti_sysbios_knl_Task_Module_State_inactiveQ__O
0030369c    c0da (00303680)     _ti_sysbios_knl_Task_allBlockedFunc__C
0030369e    c0da (00303680)     _xdc_runtime_Assert_E_assertFailed__C
003036a0    c0da (00303680)     _xdc_runtime_Error_Module__diagsEnabled__C
003036a2    c0da (00303680)     _xdc_runtime_Error_Module__diagsIncluded__C
003036a4    c0da (00303680)     _xdc_runtime_Error_Module__diagsMask__C
003036a6    c0da (00303680)     _xdc_runtime_Error_Module__loggerFxn8__C
003036a8    c0da (00303680)     _xdc_runtime_Error_Module__loggerObj__C
003036aa    c0da (00303680)     _xdc_runtime_Error_policyFxn__C
003036ac    c0da (00303680)     _xdc_runtime_Error_raiseHook__C
003036ae    c0da (00303680)     _xdc_runtime_HeapStd_A_align__C
003036b0    c0da (00303680)     _xdc_runtime_HeapStd_A_invalidTotalFreeSize__C
003036b2    c0da (00303680)     _xdc_runtime_HeapStd_A_zeroSize__C
003036b4    c0da (00303680)     _xdc_runtime_HeapStd_Module__diagsEnabled__C
003036b6    c0da (00303680)     _xdc_runtime_HeapStd_Module__diagsIncluded__C
003036b8    c0da (00303680)     _xdc_runtime_HeapStd_Module__diagsMask__C
003036ba    c0da (00303680)     _xdc_runtime_IFilterLogger_Interface__BASE__C
003036bc    c0da (00303680)     _xdc_runtime_IGateProvider_Interface__BASE__C
003036be    c0da (00303680)     _xdc_runtime_IHeap_Interface__BASE__C

003036c0    c0db (003036c0)     _xdc_runtime_ILogger_Interface__BASE__C
003036c2    c0db (003036c0)     _xdc_runtime_IModule_Interface__BASE__C
003036c4    c0db (003036c0)     _xdc_runtime_Log_L_error__C
003036c6    c0db (003036c0)     _xdc_runtime_LoggerBuf_E_badLevel__C
003036c8    c0db (003036c0)     _xdc_runtime_LoggerBuf_Module__gateObj__C
003036ca    c0db (003036c0)     _xdc_runtime_LoggerBuf_statusLogger__C
003036cc    c0db (003036c0)     _xdc_runtime_Startup_execImpl__C
003036ce    c0db (003036c0)     _xdc_runtime_Startup_firstFxns__A
003036d0    c0db (003036c0)     _xdc_runtime_Startup_lastFxns__A
003036d2    c0db (003036c0)     _xdc_runtime_Startup_sfxnRts__C
003036d4    c0db (003036c0)     _xdc_runtime_Startup_sfxnTab__C
003036d6    c0db (003036c0)     _xdc_runtime_SysMin_bufSize__C
003036d8    c0db (003036c0)     _xdc_runtime_SysMin_outputFunc__C
003036da    c0db (003036c0)     _xdc_runtime_System_Module__gateObj__C
003036dc    c0db (003036c0)     _xdc_runtime_System_abortFxn__C
003036de    c0db (003036c0)     _xdc_runtime_System_exitFxn__C
003036e0    c0db (003036c0)     _xdc_runtime_System_extendFxn__C
003036e2    c0db (003036c0)     _xdc_runtime_Text_charTab__C
003036e4    c0db (003036c0)     _xdc_runtime_Text_nodeTab__A
003036e6    c0db (003036c0)     _xdc_runtime_Text_visitRopeFxn__C
[...]
0     003030d7  _ti_sysbios_gates_GateHwi_leave__E                        
0     003030da  _ti_sysbios_hal_Hwi_HwiProxy_getStackInfo__E              
0     003030dd  _ti_sysbios_hal_Hwi_HwiProxy_switchFromBootStack__E       
0     003030e0  _ti_sysbios_hal_Hwi_startup__E                            
0     003030e3  _ti_sysbios_knl_Idle_loop__E                              
0     003030e6  _ti_sysbios_knl_Task_SupportProxy_checkStack__E           
0     003030e9  _ti_sysbios_knl_Task_SupportProxy_swap__E                 
0     003030ec  _ti_sysbios_knl_Task_startup__E                           
0     003030ef  _xdc_runtime_LoggerBuf_Module_GateProxy_enter__E          
0     003030f2  _xdc_runtime_LoggerBuf_Module_GateProxy_leave__E          
0     003030f5  _xdc_runtime_LoggerBuf_TimestampProxy_get64__E            
0     003030f8  _xdc_runtime_System_Module_GateProxy_enter__E             
0     003030fb  _xdc_runtime_System_Module_GateProxy_leave__E             
0     003030fe  _xdc_runtime_System_Module_startup__E                     
0     00303101  _xdc_runtime_System_SupportProxy_abort__E                 
0     00303104  _xdc_runtime_System_SupportProxy_exit__E                  
0     00303107  _xdc_runtime_System_SupportProxy_flush__E                 
0     0030310a  _xdc_runtime_System_SupportProxy_putch__E                 
0     0030310d  _xdc_runtime_System_SupportProxy_ready__E                 
0     00303110  _xdc_runtime_System_abortStd__E                           
0     00303113  _xdc_runtime_System_exitStd__E                            
0     00303116  _xdc_runtime_System_flush__E                              
0     00303119  _xdc_runtime_Text_visitRope__I                            
0     0030311c  _malloc                                                   
0     0030311e  _ti_catalog_c2800_init_Boot_defaultLimpAbortFunction      
0     00303120  _ti_sysbios_family_c28_TaskSupport_Module__startupDone__S 
0     00303120  _ti_sysbios_knl_Task_SupportProxy_Module__startupDone__S  
0     00303122  _ti_sysbios_gates_GateHwi_query__E                        
0     00303124  _ti_sysbios_gates_GateMutex_query__E                      
0     00303126  _xdc_runtime_Error_getSite__E                             
0     00303128  _xdc_runtime_HeapStd_isBlocking__E                        
0     0030312a  _ti_sysbios_BIOS_nullFunc__I                              
0     0030312b  _ti_sysbios_family_c28_Hwi_interruptReturn__I             
0     0030312c  ___etext__                                                
0     0030312c  etext                                                     
0     003032f6  _ti_sysbios_family_c28_Hwi_vectors                        
0     0030351b  _ti_sysbios_family_c28_Hwi_Module__id__C                  
0     0030355f  _ti_sysbios_family_c28_Hwi_NUM_INTERRUPTS_ALL__C          
0     0030358a  _xdc_runtime_LoggerBuf_Module__FXNS__C                    
0     003035a8  _gGarbage                                                 
0     003035aa  _SongofTime                                               
0     003035ad  _SongofPassing                                            
0     003035b0  _SongofStorms                                             
0     003035b3  _WindsRequiem                                             
0     003035b6  _SariasSong                                               
0     003035be  _xdc_runtime_HeapStd_Module__FXNS__C                      
0     003035d2  _ti_sysbios_gates_GateHwi_Module__FXNS__C                 
0     003035e4  _ti_sysbios_gates_GateMutex_Module__FXNS__C               
0     00303607  _ti_sysbios_family_c28_Hwi_Object__count__C               
0     00303608  _xdc_runtime_Startup_sfxnTab__A                           
0     0030363e  _SongCompareSemaphore                                     
0     00303640  _BufferSwapPost_HWI                                       
0     00303642  _BufferSwapSemaphore                                      
0     00303644  _BufferProcessingSemaphore                                
0     00303646  _xdc_runtime_Startup_sfxnRts__A                           
0     00303655  _ti_sysbios_family_c28_Hwi_zeroLatencyIERMask__C          
0     0030365b  _ti_sysbios_family_c28_TaskSupport_Module__id__C          
0     00303660  _ti_sysbios_knl_Idle_funcList__C                          
0     00303664  _xdc_runtime_Startup_firstFxns__C                         
0     00303668  _xdc_runtime_Startup_lastFxns__C                          
0     0030366c  _ti_sysbios_family_c28_Hwi_A_badIntNum__C                 
0     0030366e  _ti_sysbios_family_c28_Hwi_A_invalidArg__C                
0     00303670  _ti_sysbios_family_c28_Hwi_E_unpluggedInterrupt__C        
0     00303672  _ti_sysbios_family_c28_Hwi_Module__diagsEnabled__C        
0     00303674  _ti_sysbios_family_c28_Hwi_Module__diagsIncluded__C       
0     00303676  _ti_sysbios_family_c28_Hwi_Module__diagsMask__C           
0     00303678  _ti_sysbios_family_c28_TaskSupport_E_invalidStack__C      
0     0030367a  _ti_sysbios_gates_GateMutex_A_badContext__C               
0     0030367c  _ti_sysbios_gates_GateMutex_Instance_State_sem__O         
0     0030367e  _ti_sysbios_gates_GateMutex_Module__diagsEnabled__C       
0     00303680  _ti_sysbios_gates_GateMutex_Module__diagsIncluded__C      
0     00303682  _ti_sysbios_gates_GateMutex_Module__diagsMask__C          
0     00303684  _ti_sysbios_hal_Hwi_E_stackOverflow__C                    
0     00303686  _ti_sysbios_knl_Idle_funcList__A                          
0     00303688  _ti_sysbios_knl_Semaphore_A_badContext__C                 
0     0030368a  _ti_sysbios_knl_Semaphore_A_overflow__C                   
0     0030368c  _ti_sysbios_knl_Semaphore_A_pendTaskDisabled__C           
0     0030368e  _ti_sysbios_knl_Semaphore_Instance_State_pendQ__O         
0     00303690  _ti_sysbios_knl_Semaphore_Module__diagsEnabled__C         
0     00303692  _ti_sysbios_knl_Semaphore_Module__diagsIncluded__C        
0     00303694  _ti_sysbios_knl_Semaphore_Module__diagsMask__C            
0     00303696  _ti_sysbios_knl_Task_E_spOutOfBounds__C                   
0     00303698  _ti_sysbios_knl_Task_E_stackOverflow__C                   
0     0030369a  _ti_sysbios_knl_Task_Module_State_inactiveQ__O            
0     0030369c  _ti_sysbios_knl_Task_allBlockedFunc__C                    
0     0030369e  _xdc_runtime_Assert_E_assertFailed__C                     
0     003036a0  _xdc_runtime_Error_Module__diagsEnabled__C                
0     003036a2  _xdc_runtime_Error_Module__diagsIncluded__C               
0     003036a4  _xdc_runtime_Error_Module__diagsMask__C                   
0     003036a6  _xdc_runtime_Error_Module__loggerFxn8__C                  
0     003036a8  _xdc_runtime_Error_Module__loggerObj__C                   
0     003036aa  _xdc_runtime_Error_policyFxn__C                           
0     003036ac  _xdc_runtime_Error_raiseHook__C                           
0     003036ae  _xdc_runtime_HeapStd_A_align__C                           
0     003036b0  _xdc_runtime_HeapStd_A_invalidTotalFreeSize__C            
0     003036b2  _xdc_runtime_HeapStd_A_zeroSize__C                        
0     003036b4  _xdc_runtime_HeapStd_Module__diagsEnabled__C              
0     003036b6  _xdc_runtime_HeapStd_Module__diagsIncluded__C             
0     003036b8  _xdc_runtime_HeapStd_Module__diagsMask__C                 
0     003036ba  _xdc_runtime_IFilterLogger_Interface__BASE__C             
0     003036bc  _xdc_runtime_IGateProvider_Interface__BASE__C             
0     003036be  _xdc_runtime_IHeap_Interface__BASE__C                     
0     003036c0  _xdc_runtime_ILogger_Interface__BASE__C                   
0     003036c2  _xdc_runtime_IModule_Interface__BASE__C                   
0     003036c4  _xdc_runtime_Log_L_error__C                               
0     003036c6  _xdc_runtime_LoggerBuf_E_badLevel__C                      
0     003036c8  _xdc_runtime_LoggerBuf_Module__gateObj__C                 
0     003036ca  _xdc_runtime_LoggerBuf_statusLogger__C                    
0     003036cc  _xdc_runtime_Startup_execImpl__C                          
0     003036ce  _xdc_runtime_Startup_firstFxns__A                         
0     003036d0  _xdc_runtime_Startup_lastFxns__A                          
0     003036d2  _xdc_runtime_Startup_sfxnRts__C                           
0     003036d4  _xdc_runtime_Startup_sfxnTab__C                           
0     003036d6  _xdc_runtime_SysMin_bufSize__C                            
0     003036d8  _xdc_runtime_SysMin_outputFunc__C                         
0     003036da  _xdc_runtime_System_Module__gateObj__C                    
0     003036dc  _xdc_runtime_System_abortFxn__C                           
0     003036de  _xdc_runtime_System_exitFxn__C                            
0     003036e0  _xdc_runtime_System_extendFxn__C                          
0     003036e2  _xdc_runtime_Text_charTab__C                              
0     003036e4  _xdc_runtime_Text_nodeTab__A                              
0     003036e6  _xdc_runtime_Text_visitRopeFxn__C                         
0     003036e8  _ti_sysbios_family_c28_Timer_startupNeeded__C             
0     003036e9  _ti_sysbios_gates_GateMutex_Module__id__C                 
0     003036ea  _ti_sysbios_hal_Hwi_Module__id__C                         
0     003036eb  _ti_sysbios_knl_Semaphore_Module__id__C                   
0     003036ec  _ti_sysbios_knl_Task_Module__id__C                        
0     003036ed  _ti_sysbios_knl_Task_Object__count__C                     
0     003036ee  _ti_sysbios_knl_Task_numConstructedTasks__C               
0     003036ef  _xdc_runtime_Error_Module__loggerDefined__C               
0     003036f0  _xdc_runtime_Error_maxDepth__C                            
0     003036f1  _xdc_runtime_Error_policy__C                              
0     003036f2  _xdc_runtime_HeapStd_Module__id__C                        
0     003036f3  _xdc_runtime_LoggerBuf_Module__id__C                      
0     003036f4  _xdc_runtime_LoggerBuf_Object__count__C                   
0     003036f5  _xdc_runtime_LoggerBuf_filterByLevel__C                   
0     003036f6  _xdc_runtime_Startup_maxPasses__C                         
0     003036f7  _xdc_runtime_SysMin_flushAtExit__C                        
0     003036f8  _xdc_runtime_System_maxAtexitHandlers__C                  
0     003036f9  _xdc_runtime_Text_charTab__A                              
0     003036fa  _xdc_runtime_Text_isLoaded__C                             
0     003036fb  _xdc_runtime_Text_registryModsLastId__C                   
0     003036fc  _xdc_runtime_Text_unnamedModsLastId__C                    
0     003036fd  ___cinit__                                                
0     003036fd  cinit                                                     
0     00303a42  _RamfuncsLoadStart                                        
0     00303a46  _RamfuncsLoadEnd                                          
0     0033fff6  code_start                                                
0     00380080  _ADC_cal                                                  
1     00000000  __stack                                                   
1     00000400  __STACK_END                                               
1     00000880  _DevEmuRegs                                               
1     00000a80  _FlashRegs                                                
1     00000ae0  _CsmRegs                                                  
1     00000b00  _AdcMirror                                                
1     00000b20  _XintfRegs                                                
1     00000c00  _CpuTimer0Regs                                            
1     00000c08  _CpuTimer1Regs                                            
1     00000c10  _CpuTimer2Regs                                            
1     00000ce0  _PieCtrlRegs                                              
1     00001000  _DmaRegs                                                  
1     00005000  _McbspaRegs                                               
1     00005040  _McbspbRegs                                               
1     00006000  _ECanaRegs                                                
1     00006040  _ECanaLAMRegs                                             
1     00006080  _ECanaMOTSRegs                                            
1     000060c0  _ECanaMOTORegs                                            
1     00006100  _ECanaMboxes                                              
1     00006200  _ECanbRegs                                                
1     00006240  _ECanbLAMRegs                                             
1     00006280  _ECanbMOTSRegs                                            
1     000062c0  _ECanbMOTORegs                                            
1     00006300  _ECanbMboxes                                              
1     00006800  _EPwm1Regs                                                
1     00006840  _EPwm2Regs                                                
1     00006880  _EPwm3Regs                                                
1     000068c0  _EPwm4Regs                                                
1     00006900  _EPwm5Regs                                                
1     00006940  _EPwm6Regs                                                
1     00006a00  _ECap1Regs                                                
1     00006a20  _ECap2Regs                                                
1     00006a40  _ECap3Regs                                                
1     00006a60  _ECap4Regs                                                
1     00006a80  _ECap5Regs                                                
1     00006aa0  _ECap6Regs                                                
1     00006b00  _EQep1Regs                                                
1     00006b40  _EQep2Regs                                                
1     00006f80  _GpioCtrlRegs                                             
1     00006fc0  _GpioDataRegs                                             
1     00006fe0  _GpioIntRegs                                              
1     00007010  _SysCtrlRegs                                              
1     00007040  _SpiaRegs                                                 
1     00007050  _SciaRegs                                                 
1     00007070  _XIntruptRegs                                             
1     00007100  _AdcRegs                                                  
1     00007750  _ScibRegs                                                 
1     00007770  _ScicRegs                                                 
1     00007900  _I2caRegs                                                 
1     00008000  _ti_sysbios_knl_Task_Instance_State_2_stack__A            
1     00008100  _ti_sysbios_knl_Task_Instance_State_3_stack__A            
1     00008200  _ti_sysbios_knl_Task_Instance_State_0_stack__A            
1     00008600  _ti_sysbios_knl_Task_Instance_State_1_stack__A            
1     0000a600  _hwicount                                                 
1     0000a601  _gNoteDetected                                            
1     0000a602  _dutyCycle                                                
1     0000a603  _updateCycle                                              
1     0000a604  _gNoteBuffer                                              
1     0000a607  _gFlags                                                   
1     0000a60c  _rfft                                                     
1     0000a640  _RFFTmagBuff                                              
1     0000aa80  _hamming                                                  
1     0000b280  _RFFToutBuff                                              
1     0000ba80  _RFFTF32Coef                                              
1     0000c280  _xdc_runtime_Error_Module__state__V                       
1     0000c282  _ti_sysbios_knl_Task_Module_State_0_idleTask__A           
1     0000c284  _xdc_runtime_Memory_Module__state__V                      
1     0000c286  _xdc_runtime_HeapStd_Module__state__V                     
1     0000c288  ___xdc__init__addr                                        
1     0000c28a  _ti_sysbios_gates_GateHwi_Object__table__V                
1     0000c28c  _xdc_runtime_LoggerBuf_Module__state__V                   
1     0000c290  _xdc_runtime_Text_Module__state__V                        
1     0000c294  _ti_sysbios_family_c28_TimestampProvider_Module__state__V 
1     0000c298  _xdc_runtime_SysMin_Module__state__V                      
1     0000c29c  _xdc_runtime_Startup_Module__state__V                     
1     0000c2a0  _xdc_runtime_System_Module__state__V                      
1     0000c2a4  _xdc_runtime_Registry_Module__state__V                    
1     0000c2a8  _xdc_runtime_HeapStd_Object__table__V                     
1     0000c2ae  _ti_sysbios_family_c28_Timer_Module__state__V             
1     0000c2b6  _xdc_runtime_System_Module_State_0_atexitHandlers__A      
1     0000c2c0  _ti_sysbios_gates_GateMutex_Object__table__V              
1     0000c2ce  _ti_sysbios_family_c28_Hwi_Module__state__V               
1     0000c2de  _ti_sysbios_BIOS_Module__state__V                         
1     0000c300  _xdc_runtime_LoggerBuf_Object__table__V                   
1     0000c312  _ti_sysbios_family_c28_Timer_Object__table__V             
1     0000c340  _ti_sysbios_knl_Semaphore_Object__table__V                
1     0000c35e  _ti_sysbios_knl_Task_Module__state__V                     
1     0000c380  _ti_sysbios_family_c28_Hwi_Object__table__V               
1     0000c3c0  _xdc_runtime_LoggerBuf_Instance_State_0_entryArr__A       
1     0000c400  _ti_sysbios_knl_Task_Module_State_0_readyQ__A             
1     0000c440  _xdc_runtime_SysMin_Module_State_0_outbuf__A              
1     0000c4c0  _ti_sysbios_knl_Task_Object__table__V                     
1     0000c580  _ti_sysbios_family_c28_Hwi_Module_State_0_dispatchTable__A
1     0000c680  _CpuTimer0                                                
1     0000c690  ___TI_enable_exit_profile_output                          
1     0000c692  ___TI_cleanup_ptr                                         
1     0000c694  ___TI_dtors_ptr                                           
1     0000c696  __lock                                                    
1     0000c698  __unlock                                                  
1     0000c69a  _errno                                                    
1     0000c6c0  __CIOBUF_                                                 
1     0000e000  _gAudioBuffer                                             
1     0000e800  _gRawADCBuffer                                            
1     0033fff8  _CsmPwl                                                   
1     00380090  _PartIdRegs                                               
abs   00000001  _xdc_runtime_Startup__EXECFXN__C                          
abs   00000001  _xdc_runtime_Startup__RESETFXN__C                         
abs   00000004  _RamfuncsLoadSize                                         
abs   00000400  __STACK_SIZE                                              
abs   ffffffff  ___TI_pprof_out_hndl                                      
abs   ffffffff  ___TI_prof_data_size                                      
abs   ffffffff  ___TI_prof_data_start                                     
abs   ffffffff  ___binit__                                                
abs   ffffffff  ___c_args__                                               
abs   ffffffff  ___pinit__                                                
abs   ffffffff  binit                                                     
abs   ffffffff  pinit                                                     

[598 symbols]
