******************************************************************************
             TMS320C2000 Linker PC v15.12.3                    
******************************************************************************
>> Linked Wed Nov 15 16:03:00 2017

OUTPUT FILE NAME:   <Ocarina_Home_Automation.out>
ENTRY POINT SYMBOL: "_c_int00"  address: 00301aa7


MEMORY CONFIGURATION

         name            origin    length      used     unused   attr    fill
----------------------  --------  ---------  --------  --------  ----  --------
PAGE 0:
  FLASH                 00300000   0003ff80  000038bd  0003c6c3  RWIX
  CSM_RSVD              0033ff80   00000076  00000000  00000076  RWIX
  BEGIN                 0033fff6   00000002  00000002  00000000  RWIX
  CSM_PWL               0033fff8   00000008  00000000  00000008  RWIX
  ADC_CAL               00380080   00000009  00000007  00000002  RWIX
  OTP                   00380400   00000400  00000000  00000400  RWIX
  IQTABLES              003fe000   00000b50  00000000  00000b50  RWIX
  IQTABLES2             003feb50   0000008c  00000000  0000008c  RWIX
  FPUTABLES             003febdc   000006a0  00000000  000006a0  RWIX
  ROM                   003ff27c   00000d44  00000000  00000d44  RWIX
  RESET                 003fffc0   00000002  00000000  00000002  RWIX
  VECTORS               003fffc2   0000003e  00000000  0000003e  RWIX

PAGE 1:
  M01SARAM              00000000   00000800  00000400  00000400  RWIX
  DEV_EMU               00000880   00000180  000000d0  000000b0  RWIX
  FLASH_REGS            00000a80   00000060  00000008  00000058  RWIX
  CSM                   00000ae0   00000010  00000010  00000000  RWIX
  ADC_MIRROR            00000b00   00000010  00000010  00000000  RWIX
  XINTF                 00000b20   00000020  0000001e  00000002  RWIX
  CPU_TIMER0            00000c00   00000008  00000008  00000000  RWIX
  CPU_TIMER1            00000c08   00000008  00000008  00000000  RWIX
  CPU_TIMER2            00000c10   00000008  00000008  00000000  RWIX
  PIE_CTRL              00000ce0   00000020  0000001a  00000006  RWIX
  PIEVECT               00000d00   00000100  00000000  00000100  RWIX
  DMA                   00001000   00000200  000000e0  00000120  RWIX
  MCBSPA                00005000   00000040  00000025  0000001b  RWIX
  MCBSPB                00005040   00000040  00000025  0000001b  RWIX
  ECANA                 00006000   00000040  00000034  0000000c  RWIX
  ECANA_LAM             00006040   00000040  00000040  00000000  RWIX
  ECANA_MOTS            00006080   00000040  00000040  00000000  RWIX
  ECANA_MOTO            000060c0   00000040  00000040  00000000  RWIX
  ECANA_MBOX            00006100   00000100  00000100  00000000  RWIX
  ECANB                 00006200   00000040  00000034  0000000c  RWIX
  ECANB_LAM             00006240   00000040  00000040  00000000  RWIX
  ECANB_MOTS            00006280   00000040  00000040  00000000  RWIX
  ECANB_MOTO            000062c0   00000040  00000040  00000000  RWIX
  ECANB_MBOX            00006300   00000100  00000100  00000000  RWIX
  EPWM1                 00006800   00000022  00000022  00000000  RWIX
  EPWM2                 00006840   00000022  00000022  00000000  RWIX
  EPWM3                 00006880   00000022  00000022  00000000  RWIX
  EPWM4                 000068c0   00000022  00000022  00000000  RWIX
  EPWM5                 00006900   00000022  00000022  00000000  RWIX
  EPWM6                 00006940   00000022  00000022  00000000  RWIX
  ECAP1                 00006a00   00000020  00000020  00000000  RWIX
  ECAP2                 00006a20   00000020  00000020  00000000  RWIX
  ECAP3                 00006a40   00000020  00000020  00000000  RWIX
  ECAP4                 00006a60   00000020  00000020  00000000  RWIX
  ECAP5                 00006a80   00000020  00000020  00000000  RWIX
  ECAP6                 00006aa0   00000020  00000020  00000000  RWIX
  EQEP1                 00006b00   00000040  00000040  00000000  RWIX
  EQEP2                 00006b40   00000040  00000040  00000000  RWIX
  GPIOCTRL              00006f80   00000040  0000002e  00000012  RWIX
  GPIODAT               00006fc0   00000020  00000020  00000000  RWIX
  GPIOINT               00006fe0   00000020  0000000a  00000016  RWIX
  SYSTEM                00007010   00000020  00000020  00000000  RWIX
  SPIA                  00007040   00000010  00000010  00000000  RWIX
  SCIA                  00007050   00000010  00000010  00000000  RWIX
  XINTRUPT              00007070   00000010  00000010  00000000  RWIX
  ADC                   00007100   00000020  0000001e  00000002  RWIX
  SCIB                  00007750   00000010  00000010  00000000  RWIX
  SCIC                  00007770   00000010  00000010  00000000  RWIX
  I2CA                  00007900   00000040  00000022  0000001e  RWIX
  L06SARAM              00008000   00006000  000047bf  00001841  RWIX
  BUFFERRAM             0000e000   00002000  00001000  00001000  RWIX
  CSM_PWL               0033fff8   00000008  00000008  00000000  RWIX
  PARTID                00380090   00000001  00000001  00000000  RWIX


SECTION ALLOCATION MAP

 output                                  attributes/
section   page    origin      length       input sections
--------  ----  ----------  ----------   ----------------
PieVectTableFile 
*          1    00000d00    00000100     DSECT
                  00000d00    00000100     DSP2833x_GlobalVariableDefs.obj (PieVectTableFile)

.text      0    00300000    00003003     
                  00300000    0000027c     rts2800_fpu32.lib : trgdrv.obj (.text)
                  0030027c    0000025f     ti.targets.rts2800.a28FP : System.o28FP (.text:_xdc_runtime_System_doPrint__I)
                  003004db    00000171     sysbios.a28FP : BIOS.obj (.text:_ti_sysbios_knl_Semaphore_pend__E)
                  0030064c    00000138     RFFT_adc_f32.obj (.text)
                  00300784    0000011d     RFFT_f32.obj (.text)
                  003008a1    00000107     rts2800_fpu32.lib : ll_div.obj (.text)
                  003009a8    000000fe     main.obj (.text:_BufferProcessingTask)
                  00300aa6    000000f7     ti.targets.rts2800.a28FP : HeapStd.o28FP (.text:_xdc_runtime_HeapStd_alloc__E)
                  00300b9d    000000e2     sysbios.a28FP : BIOS.obj (.text:_ti_sysbios_family_c28_Hwi_clearInterrupt__E)
                  00300c7f    000000df     ti.targets.rts2800.a28FP : LoggerBuf.o28FP (.text:_xdc_runtime_LoggerBuf_write8__E)
                  00300d5e    000000d4     rts2800_fpu32.lib : e_atan2f.obj (.text)
                  00300e32    000000c9                       : s_atanf.obj (.text)
                  00300efb    000000c0     app_p28FP.o28FP (.text:_xdc_runtime_System_printfExtend__I)
                  00300fbb    000000af     sysbios.a28FP : c28_Hwi_disp_asm.obj (.text:_ti_sysbios_family_c28_Hwi_dispatchZero)
                  0030106a    000000a5     ti.targets.rts2800.a28FP : Error.o28FP (.text:_xdc_runtime_Error_policyDefault__E)
                  0030110f    00000001     app_p28FP.o28FP (.text:_free)
                  00301110    0000009e     RFFT_adc_f32u.obj (.text)
                  003011ae    00000095     ti.targets.rts2800.a28FP : LoggerBuf.o28FP (.text:_xdc_runtime_LoggerBuf_write4__E)
                  00301243    00000001     app_p28FP.o28FP (.text:_ti_sysbios_BIOS_nullFunc__I)
                  00301244    00000094     rts2800_fpu32.lib : trgmsg.obj (.text)
                  003012d8    00000090     sysbios.a28FP : BIOS.obj (.text:_ti_sysbios_family_c28_Hwi_enableInterrupt__E)
                  00301368    00000088     rts2800_fpu32.lib : fs_div.obj (.text)
                  003013f0    00000086     sysbios.a28FP : BIOS.obj (.text:_ti_sysbios_knl_Semaphore_post__E)
                  00301476    00000085     RFFT_f32u.obj (.text)
                  003014fb    00000083     sysbios.a28FP : BIOS.obj (.text:_ti_sysbios_family_c28_Hwi_disableInterrupt__E)
                  0030157e    00000083     rts2800_fpu32.lib : fd_mpy.obj (.text)
                  00301601    00000080     main.obj (.text:_SongCompareTask)
                  00301681    00000080     sysbios.a28FP : BIOS.obj (.text:_ti_sysbios_family_c28_Hwi_disablePIEIER__E)
                  00301701    0000007f                   : BIOS.obj (.text:_ti_sysbios_family_c28_Hwi_enablePIEIER__E)
                  00301780    0000007d     ti.targets.rts2800.a28FP : Startup.o28FP (.text:_xdc_runtime_Startup_startMods__I)
                  003017fd    0000007b                              : Text.o28FP (.text:_xdc_runtime_Text_putSite__E)
                  00301878    00000076                              : HeapStd.o28FP (.text:_xdc_runtime_HeapStd_free__E)
                  003018ee    00000073     sysbios.a28FP : BIOS.obj (.text:_ti_sysbios_knl_Task_checkStacks__E)
                  00301961    00000072                   : BIOS.obj (.text:_ti_sysbios_gates_GateMutex_enter__E)
                  003019d3    0000006d     RFFT_f32_sincostable.obj (.text:_RFFT_f32_sincostable)
                  00301a40    00000067     sysbios.a28FP : BIOS.obj (.text:_ti_sysbios_family_c28_Timer_stopAndClear__I)
                  00301aa7    00000063     boot.a28FP : boot_cg.o28FP (.text)
                  00301b0a    00000062     main.obj (.text:_Init_DMA)
                  00301b6c    00000061     EEL4511_ADC.obj (.text:_Init_McBSPb_ADC)
                  00301bcd    00000061     rts2800_fpu32.lib : s_cosf.obj (.text)
                  00301c2e    00000058                       : s_sinf.obj (.text)
                  00301c86    00000056     DSP2833x_DMA.obj (.text:_DMACH1ModeConfig)
                  00301cdc    00000056     DSP2833x_DMA.obj (.text:_DMACH2ModeConfig)
                  00301d32    00000055     RFFT_f32s_mag.obj (.text)
                  00301d87    0000004f     sysbios.a28FP : BIOS.obj (.text:_ti_sysbios_family_c28_Hwi_dispatchCore__I)
                  00301dd6    0000004d     main.obj (.text:_main)
                  00301e23    0000004c     sysbios.a28FP : BIOS.obj (.text:_ti_sysbios_knl_Task_postInit__I)
                  00301e6f    0000004c     ti.targets.rts2800.a28FP : Text.o28FP (.text:_xdc_runtime_Text_putLab__E)
                  00301ebb    00000049     RFFT_f32_phase.obj (.text)
                  00301f04    00000047     sysbios.a28FP : BIOS.obj (.text:_ti_sysbios_family_c28_Hwi_Module_startup__E)
                  00301f4b    00000046     rts2800_fpu32.lib : cpy_tbl.obj (.text)
                  00301f91    00000045     main.obj (.text:_BufferSwapTask)
                  00301fd6    00000045     sysbios.a28FP : BIOS.obj (.text:_ti_sysbios_family_c28_Timer_postInit__I)
                  0030201b    00000044     RFFT_f32_mag.obj (.text)
                  0030205f    00000043     ti.targets.rts2800.a28FP : Error.o28FP (.text:_xdc_runtime_Error_setX__E)
                  003020a2    00000042     sysbios.a28FP : BIOS.obj (.text:_ti_sysbios_family_c28_Hwi_unPluggedInterrupt__I)
                  003020e4    00000040     ti.targets.rts2800.a28FP : System.o28FP (.text:_xdc_runtime_System_formatNum__I)
                  00302124    0000003f                              : LoggerBuf.o28FP (.text:_xdc_runtime_LoggerBuf_setFilterLevel__E)
                  00302163    0000003c                              : LoggerBuf.o28FP (.text:_xdc_runtime_LoggerBuf_getFilterLevel__E)
                  0030219f    0000003a     DSP2833x_CpuTimers.obj (.text:_ConfigCpuTimer)
                  003021d9    0000003a     sysbios.a28FP : BIOS.obj (.text:_ti_sysbios_family_c28_TaskSupport_start__E)
                  00302213    0000003a     ti.targets.rts2800.a28FP : Text.o28FP (.text:_xdc_runtime_Text_putMod__E)
                  0030224d    00000036                              : Error.o28FP (.text:_xdc_runtime_Error_print__E)
                  00302283    00000035                              : Startup.o28FP (.text:_xdc_runtime_Startup_exec__E)
                  003022b8    00000032     sysbios.a28FP : BIOS.obj (.text:_ti_sysbios_knl_Task_Module_startup__E)
                  003022ea    00000032                   : BIOS.obj (.text:_ti_sysbios_knl_Task_startCore__E)
                  0030231c    00000032     ti.targets.rts2800.a28FP : Assert.o28FP (.text:_xdc_runtime_Assert_raise__I)
                  0030234e    0000002e     Boot.a28FP : Boot.o28FP (.text:.bootCodeSection:_ti_catalog_c2800_init_Boot_configurePll2802x)
                  0030237c    0000002e     sysbios.a28FP : BIOS.obj (.text:_ti_sysbios_knl_Task_schedule__I)
                  003023aa    0000002d                   : BIOS.obj (.text:_ti_sysbios_family_c28_Hwi_getInterruptFlag__E)
                  003023d7    0000002d                   : BIOS.obj (.text:_ti_sysbios_family_c28_Timer_start__E)
                  00302404    0000002c                   : BIOS.obj (.text:_ti_sysbios_family_c28_Hwi_getStackInfo__E)
                  00302430    0000002a     ti.targets.rts2800.a28FP : Text.o28FP (.text:_xdc_runtime_Text_xprintf__I)
                  0030245a    00000029     sysbios.a28FP : BIOS.obj (.text:_ti_sysbios_family_c28_Timer_getExpiredCounts64__E)
                  00302483    00000029     rts2800_fpu32.lib : exit.obj (.text)
                  003024ac    00000028     ti.targets.rts2800.a28FP : SysMin.o28FP (.text:_xdc_runtime_SysMin_flush__E)
                  003024d4    00000025     sysbios.a28FP : c28_TaskSupport_asm.obj (.text:_ti_sysbios_family_c28_TaskSupport_buildTaskStack)
                  003024f9    00000001                   : c28_Hwi_asm.obj (.text:_ti_sysbios_family_c28_Hwi_interruptReturn__I)
                  003024fa    00000025     rts2800_fpu32.lib : e_sqrtf.obj (.text)
                  0030251f    00000023     ti.targets.rts2800.a28FP : System.o28FP (.text:_xdc_runtime_System_processAtExit__E)
                  00302542    00000023     rts2800_fpu32.lib : fd_tofs.obj (.text)
                  00302565    00000021     ti.targets.rts2800.a28FP : System.o28FP (.text:_xdc_runtime_System_atexit__E)
                  00302586    00000020     app_p28FP.o28FP (.text:_ti_sysbios_family_c28_Hwi_disableIER__E)
                  003025a6    00000020     sysbios.a28FP : BIOS.obj (.text:_ti_sysbios_family_c28_Timer_setPrescale__E)
                  003025c6    00000020                   : BIOS.obj (.text:_ti_sysbios_knl_Task_exit__E)
                  003025e6    0000001e                   : BIOS.obj (.text:_ti_sysbios_knl_Task_allBlockedFunction__I)
                  00302604    0000001e                   : BIOS.obj (.text:_ti_sysbios_knl_Task_blockI__E)
                  00302622    0000001e     ti.targets.rts2800.a28FP : SysMin.o28FP (.text:_xdc_runtime_SysMin_putch__E)
                  00302640    0000001e     rts2800_fpu32.lib : memcpy.obj (.text)
                  0030265e    0000001d     sysbios.a28FP : c28_TaskSupport_asm.obj (.text:_ti_sysbios_family_c28_TaskSupport_swap__E)
                  0030267b    0000001d     ti.targets.rts2800.a28FP : LoggerBuf.o28FP (.text:_xdc_runtime_LoggerBuf_filterOutEvent__I)
                  00302698    0000001c     app_p28FP.o28FP (.text:_ti_sysbios_family_c28_Hwi_enableIER__E)
                  003026b4    0000001c     sysbios.a28FP : BIOS.obj (.text:_ti_sysbios_hal_Hwi_checkStack)
                  003026d0    0000001c                   : BIOS.obj (.text:_ti_sysbios_knl_Task_processVitalTaskFlag__I)
                  003026ec    0000001c     app_p28FP.o28FP (.text:_xdc_runtime_SysMin_output__I)
                  00302708    0000001c     rts2800_fpu32.lib : fs_tofd.obj (.text)
                  00302724    0000001b     app_p28FP.o28FP (.text:_ti_sysbios_family_c28_Hwi_restore__E)
                  0030273f    0000001b     sysbios.a28FP : c28_Hwi_asm.obj (.text:_ti_sysbios_family_c28_Hwi_switchAndDispatch__I)
                  0030275a    0000001b                   : BIOS.obj (.text:_ti_sysbios_hal_Hwi_initStack)
                  00302775    0000001a     ti.targets.rts2800.a28FP : LoggerBuf.o28FP (.text:_xdc_runtime_LoggerBuf_Module_startup__E)
                  0030278f    0000001a     rts2800_fpu32.lib : cpy_utils.obj (.text)
                  003027a9    00000019     ti.targets.rts2800.a28FP : System.o28FP (.text:_xdc_runtime_System_avprintf__E)
                  003027c2    00000019                              : System.o28FP (.text:_xdc_runtime_System_putchar__I)
                  003027db    00000019     rts2800_fpu32.lib : args_main.obj (.text)
                  003027f4    00000018     app_p28FP.o28FP (.text:_ti_sysbios_family_c28_Hwi_restoreIER__E)
                  0030280c    00000018     ti.targets.rts2800.a28FP : LoggerBuf.o28FP (.text:_xdc_runtime_LoggerBuf_reset__E)
                  00302824    00000018                              : System.o28FP (.text:_xdc_runtime_System_vprintf__E)
                  0030283c    00000018                              : Text.o28FP (.text:_xdc_runtime_Text_printVisFxn__I)
                  00302854    00000017     sysbios.a28FP : BIOS.obj (.text:_ti_sysbios_family_c28_Timer_startup__E)
                  0030286b    00000017     ti.targets.rts2800.a28FP : SysMin.o28FP (.text:_xdc_runtime_SysMin_abort__E)
                  00302882    00000016     sysbios.a28FP : BIOS.obj (.text:_ti_sysbios_family_c28_Timer_Module_startup__E)
                  00302898    00000016                   : BIOS.obj (.text:_ti_sysbios_knl_Task_unblockI__E)
                  003028ae    00000015     DSP2833x_CpuTimers.obj (.text:_InitCpuTimers)
                  003028c3    00000015     sysbios.a28FP : BIOS.obj (.text:_ti_sysbios_family_c28_Hwi_dispatchC__I)
                  003028d8    00000015     rts2800_fpu32.lib : memcmp.obj (.text)
                  003028ed    00000014     app_p28FP.o28FP (.text:_ti_sysbios_BIOS_atExitFunc__I)
                  00302901    00000014     sysbios.a28FP : BIOS.obj (.text:_ti_sysbios_family_c28_TimestampProvider_get64__E)
                  00302915    00000014                   : BIOS.obj (.text:_ti_sysbios_knl_Idle_run__E)
                  00302929    00000013     DSP2833x_DMA.obj (.text:_DMACH1WrapConfig)
                  0030293c    00000013     DSP2833x_DMA.obj (.text:_DMACH2WrapConfig)
                  0030294f    00000013     sysbios.a28FP : BIOS.obj (.text:_ti_sysbios_knl_Queue_put__E)
                  00302962    00000012     app_p28FP.o28FP (.text:_ti_sysbios_family_c28_Hwi_enable__E)
                  00302974    00000011     main.obj (.text:_Init_Timer0)
                  00302985    00000011     app_p28FP.o28FP (.text:_ti_sysbios_BIOS_errorRaiseHook__I)
                  00302996    00000011     ti.targets.rts2800.a28FP : Error.o28FP (.text:_xdc_runtime_Error_raiseX__E)
                  003029a7    00000010     DSP2833x_DMA.obj (.text:_DMACH1AddrConfig)
                  003029b7    00000010     DSP2833x_DMA.obj (.text:_DMACH1BurstConfig)
                  003029c7    00000010     DSP2833x_DMA.obj (.text:_DMACH1TransferConfig)
                  003029d7    00000010     DSP2833x_DMA.obj (.text:_DMACH2AddrConfig)
                  003029e7    00000010     DSP2833x_DMA.obj (.text:_DMACH2BurstConfig)
                  003029f7    00000010     DSP2833x_DMA.obj (.text:_DMACH2TransferConfig)
                  00302a07    00000010     app_p28FP.o28FP (.text:_ti_sysbios_family_c28_Hwi_disable__E)
                  00302a17    00000010     sysbios.a28FP : BIOS.obj (.text:_ti_sysbios_family_c28_Timer_stop__E)
                  00302a27    00000010                   : BIOS.obj (.text:_ti_sysbios_knl_Task_restore__E)
                  00302a37    0000000f     Boot.a28FP : Boot.o28FP (.text:.bootCodeSection:_ti_catalog_c2800_init_Boot_disableWatchdog)
                  00302a46    0000000f     main.obj (.text:_BufferSwapPostFxn_HWI)
                  00302a55    0000000f     app_p28FP.o28FP (.text:_ti_sysbios_BIOS_removeRTSLock__I)
                  00302a64    0000000f     sysbios.a28FP : BIOS.obj (.text:_ti_sysbios_knl_Task_unblock__E)
                  00302a73    0000000f     ti.targets.rts2800.a28FP : LoggerBuf.o28FP (.text:_xdc_runtime_LoggerBuf_write2__E)
                  00302a82    0000000e     app_p28FP.o28FP (.text:_ti_sysbios_knl_Task_Object__get__S)
                  00302a90    0000000e     app_p28FP.o28FP (.text:_xdc_runtime_LoggerBuf_Object__get__S)
                  00302a9e    0000000e     ti.targets.rts2800.a28FP : Registry.o28FP (.text:_xdc_runtime_Registry_findById__E)
                  00302aac    0000000e                              : SysMin.o28FP (.text:_xdc_runtime_SysMin_Module_startup__E)
                  00302aba    0000000d     app_p28FP.o28FP (.text:_ti_sysbios_BIOS_registerRTSLock__I)
                  00302ac7    0000000d     app_p28FP.o28FP (.text:_ti_sysbios_BIOS_rtsLock__I)
                  00302ad4    0000000d     app_p28FP.o28FP (.text:_ti_sysbios_BIOS_startFunc__I)
                  00302ae1    0000000d     ti.targets.rts2800.a28FP : Error.o28FP (.text:_xdc_runtime_Error_check__E)
                  00302aee    0000000d                              : LoggerBuf.o28FP (.text:_xdc_runtime_LoggerBuf_write1__E)
                  00302afb    0000000d                              : System.o28FP (.text:_xdc_runtime_System_abort__E)
                  00302b08    0000000c     app_p28FP.o28FP (.text:_ti_sysbios_BIOS_exitFunc__I)
                  00302b14    0000000c     sysbios.a28FP : BIOS.obj (.text:_ti_sysbios_gates_GateMutex_leave__E)
                  00302b20    0000000c                   : BIOS.obj (.text:_ti_sysbios_knl_Task_enter__I)
                  00302b2c    0000000c     ti.targets.rts2800.a28FP : Text.o28FP (.text:_xdc_runtime_Text_ropeText__E)
                  00302b38    0000000c     rts2800_fpu32.lib : memset.obj (.text)
                  00302b44    0000000b     app_p28FP.o28FP (.text:_ti_sysbios_family_c28_Hwi_Module__startupDone__F)
                  00302b4f    0000000b     app_p28FP.o28FP (.text:_ti_sysbios_family_c28_Hwi_Object__get__S)
                  00302b5a    0000000b     app_p28FP.o28FP (.text:_ti_sysbios_knl_Queue_Object__get__S)
                  00302b65    0000000b     app_p28FP.o28FP (.text:_ti_sysbios_knl_Task_SupportProxy_start__E)
                  00302b70    0000000b     ti.targets.rts2800.a28FP : LoggerBuf.o28FP (.text:_xdc_runtime_LoggerBuf_write0__E)
                  00302b7b    0000000b                              : SysMin.o28FP (.text:_xdc_runtime_SysMin_exit__E)
                  00302b86    0000000b                              : System.o28FP (.text:_xdc_runtime_System_exit__E)
                  00302b91    0000000a     DSP2833x_DefaultIsr.obj (.text:_ADCINT_ISR)
                  00302b9b    0000000a     DSP2833x_DefaultIsr.obj (.text:_DATALOG_ISR)
                  00302ba5    0000000a     DSP2833x_DefaultIsr.obj (.text:_DINTCH1_ISR)
                  00302baf    0000000a     DSP2833x_DefaultIsr.obj (.text:_DINTCH2_ISR)
                  00302bb9    0000000a     DSP2833x_DefaultIsr.obj (.text:_DINTCH3_ISR)
                  00302bc3    0000000a     DSP2833x_DefaultIsr.obj (.text:_DINTCH4_ISR)
                  00302bcd    0000000a     DSP2833x_DefaultIsr.obj (.text:_DINTCH5_ISR)
                  00302bd7    0000000a     DSP2833x_DefaultIsr.obj (.text:_DINTCH6_ISR)
                  00302be1    0000000a     DSP2833x_DefaultIsr.obj (.text:_ECAN0INTA_ISR)
                  00302beb    0000000a     DSP2833x_DefaultIsr.obj (.text:_ECAN0INTB_ISR)
                  00302bf5    0000000a     DSP2833x_DefaultIsr.obj (.text:_ECAN1INTA_ISR)
                  00302bff    0000000a     DSP2833x_DefaultIsr.obj (.text:_ECAN1INTB_ISR)
                  00302c09    0000000a     DSP2833x_DefaultIsr.obj (.text:_ECAP1_INT_ISR)
                  00302c13    0000000a     DSP2833x_DefaultIsr.obj (.text:_ECAP2_INT_ISR)
                  00302c1d    0000000a     DSP2833x_DefaultIsr.obj (.text:_ECAP3_INT_ISR)
                  00302c27    0000000a     DSP2833x_DefaultIsr.obj (.text:_ECAP4_INT_ISR)
                  00302c31    0000000a     DSP2833x_DefaultIsr.obj (.text:_ECAP5_INT_ISR)
                  00302c3b    0000000a     DSP2833x_DefaultIsr.obj (.text:_ECAP6_INT_ISR)
                  00302c45    0000000a     DSP2833x_DefaultIsr.obj (.text:_EMUINT_ISR)
                  00302c4f    0000000a     DSP2833x_DefaultIsr.obj (.text:_EPWM1_INT_ISR)
                  00302c59    0000000a     DSP2833x_DefaultIsr.obj (.text:_EPWM1_TZINT_ISR)
                  00302c63    0000000a     DSP2833x_DefaultIsr.obj (.text:_EPWM2_INT_ISR)
                  00302c6d    0000000a     DSP2833x_DefaultIsr.obj (.text:_EPWM2_TZINT_ISR)
                  00302c77    0000000a     DSP2833x_DefaultIsr.obj (.text:_EPWM3_INT_ISR)
                  00302c81    0000000a     DSP2833x_DefaultIsr.obj (.text:_EPWM3_TZINT_ISR)
                  00302c8b    0000000a     DSP2833x_DefaultIsr.obj (.text:_EPWM4_INT_ISR)
                  00302c95    0000000a     DSP2833x_DefaultIsr.obj (.text:_EPWM4_TZINT_ISR)
                  00302c9f    0000000a     DSP2833x_DefaultIsr.obj (.text:_EPWM5_INT_ISR)
                  00302ca9    0000000a     DSP2833x_DefaultIsr.obj (.text:_EPWM5_TZINT_ISR)
                  00302cb3    0000000a     DSP2833x_DefaultIsr.obj (.text:_EPWM6_INT_ISR)
                  00302cbd    0000000a     DSP2833x_DefaultIsr.obj (.text:_EPWM6_TZINT_ISR)
                  00302cc7    0000000a     DSP2833x_DefaultIsr.obj (.text:_EQEP1_INT_ISR)
                  00302cd1    0000000a     DSP2833x_DefaultIsr.obj (.text:_EQEP2_INT_ISR)
                  00302cdb    0000000a     DSP2833x_DefaultIsr.obj (.text:_I2CINT1A_ISR)
                  00302ce5    0000000a     DSP2833x_DefaultIsr.obj (.text:_I2CINT2A_ISR)
                  00302cef    0000000a     DSP2833x_DefaultIsr.obj (.text:_ILLEGAL_ISR)
                  00302cf9    0000000a     DSP2833x_DefaultIsr.obj (.text:_INT13_ISR)
                  00302d03    0000000a     DSP2833x_DefaultIsr.obj (.text:_INT14_ISR)
                  00302d0d    0000000a     DSP2833x_DefaultIsr.obj (.text:_LUF_ISR)
                  00302d17    0000000a     DSP2833x_DefaultIsr.obj (.text:_LVF_ISR)
                  00302d21    0000000a     DSP2833x_DefaultIsr.obj (.text:_MRINTA_ISR)
                  00302d2b    0000000a     DSP2833x_DefaultIsr.obj (.text:_MRINTB_ISR)
                  00302d35    0000000a     DSP2833x_DefaultIsr.obj (.text:_MXINTA_ISR)
                  00302d3f    0000000a     DSP2833x_DefaultIsr.obj (.text:_MXINTB_ISR)
                  00302d49    0000000a     DSP2833x_DefaultIsr.obj (.text:_NMI_ISR)
                  00302d53    0000000a     DSP2833x_DefaultIsr.obj (.text:_PIE_RESERVED)
                  00302d5d    0000000a     DSP2833x_DefaultIsr.obj (.text:_RTOSINT_ISR)
                  00302d67    0000000a     DSP2833x_DefaultIsr.obj (.text:_SCIRXINTA_ISR)
                  00302d71    0000000a     DSP2833x_DefaultIsr.obj (.text:_SCIRXINTB_ISR)
                  00302d7b    0000000a     DSP2833x_DefaultIsr.obj (.text:_SCIRXINTC_ISR)
                  00302d85    0000000a     DSP2833x_DefaultIsr.obj (.text:_SCITXINTA_ISR)
                  00302d8f    0000000a     DSP2833x_DefaultIsr.obj (.text:_SCITXINTB_ISR)
                  00302d99    0000000a     DSP2833x_DefaultIsr.obj (.text:_SCITXINTC_ISR)
                  00302da3    0000000a     DSP2833x_DefaultIsr.obj (.text:_SEQ1INT_ISR)
                  00302dad    0000000a     DSP2833x_DefaultIsr.obj (.text:_SEQ2INT_ISR)
                  00302db7    0000000a     DSP2833x_DefaultIsr.obj (.text:_SPIRXINTA_ISR)
                  00302dc1    0000000a     DSP2833x_DefaultIsr.obj (.text:_SPITXINTA_ISR)
                  00302dcb    0000000a     DSP2833x_DefaultIsr.obj (.text:_TINT0_ISR)
                  00302dd5    0000000a     DSP2833x_DefaultIsr.obj (.text:_USER10_ISR)
                  00302ddf    0000000a     DSP2833x_DefaultIsr.obj (.text:_USER11_ISR)
                  00302de9    0000000a     DSP2833x_DefaultIsr.obj (.text:_USER12_ISR)
                  00302df3    0000000a     DSP2833x_DefaultIsr.obj (.text:_USER1_ISR)
                  00302dfd    0000000a     DSP2833x_DefaultIsr.obj (.text:_USER2_ISR)
                  00302e07    0000000a     DSP2833x_DefaultIsr.obj (.text:_USER3_ISR)
                  00302e11    0000000a     DSP2833x_DefaultIsr.obj (.text:_USER4_ISR)
                  00302e1b    0000000a     DSP2833x_DefaultIsr.obj (.text:_USER5_ISR)
                  00302e25    0000000a     DSP2833x_DefaultIsr.obj (.text:_USER6_ISR)
                  00302e2f    0000000a     DSP2833x_DefaultIsr.obj (.text:_USER7_ISR)
                  00302e39    0000000a     DSP2833x_DefaultIsr.obj (.text:_USER8_ISR)
                  00302e43    0000000a     DSP2833x_DefaultIsr.obj (.text:_USER9_ISR)
                  00302e4d    0000000a     DSP2833x_DefaultIsr.obj (.text:_WAKEINT_ISR)
                  00302e57    0000000a     DSP2833x_DefaultIsr.obj (.text:_XINT1_ISR)
                  00302e61    0000000a     DSP2833x_DefaultIsr.obj (.text:_XINT2_ISR)
                  00302e6b    0000000a     DSP2833x_DefaultIsr.obj (.text:_XINT3_ISR)
                  00302e75    0000000a     DSP2833x_DefaultIsr.obj (.text:_XINT4_ISR)
                  00302e7f    0000000a     DSP2833x_DefaultIsr.obj (.text:_XINT5_ISR)
                  00302e89    0000000a     DSP2833x_DefaultIsr.obj (.text:_XINT6_ISR)
                  00302e93    0000000a     DSP2833x_DefaultIsr.obj (.text:_XINT7_ISR)
                  00302e9d    0000000a     DSP2833x_DefaultIsr.obj (.text:_rsvd_ISR)
                  00302ea7    00000009     DSP2833x_DMA.obj (.text:_DMAInitialize)
                  00302eb0    00000009     app_p28FP.o28FP (.text:_ti_sysbios_BIOS_rtsUnlock__I)
                  00302eb9    00000009     sysbios.a28FP : BIOS.obj (.text:_ti_sysbios_family_c28_TaskSupport_checkStack__E)
                  00302ec2    00000009                   : c28_TaskSupport_asm.obj (.text:_ti_sysbios_family_c28_TaskSupport_glue)
                  00302ecb    00000009                   : BIOS.obj (.text:_ti_sysbios_hal_Hwi_Module_startup__E)
                  00302ed4    00000009     app_p28FP.o28FP (.text:_xdc_runtime_Startup_exec__I)
                  00302edd    00000009     ti.targets.rts2800.a28FP : System.o28FP (.text:_xdc_runtime_System_vsnprintf__E)
                  00302ee6    00000009     rts2800_fpu32.lib : _lock.obj (.text)
                  00302eef    00000008     DSP2833x_CodeStartBranch.obj (.text)
                  00302ef7    00000008     DSP2833x_SysCtrl.obj (.text:_DisableDog)
                  00302eff    00000008     DSP2833x_DMA.obj (.text:_StartDMACH1)
                  00302f07    00000008     DSP2833x_DMA.obj (.text:_StartDMACH2)
                  00302f0f    00000008     sysbios.a28FP : BIOS.obj (.text:_ti_sysbios_BIOS_setThreadType__E)
                  00302f17    00000008     ti.targets.rts2800.a28FP : SysMin.o28FP (.text:_xdc_runtime_SysMin_ready__E)
                  00302f1f    00000008     rts2800_fpu32.lib : strlen.obj (.text)
                  00302f27    00000007     app_p28FP.o28FP (.text:.bootCodeSection:_ti_catalog_c2800_init_Boot_init)
                  00302f2e    00000007     ti.targets.rts2800.a28FP : Error.o28FP (.text:_xdc_runtime_Error_init__E)
                  00302f35    00000007                              : HeapStd.o28FP (.text:_xdc_runtime_HeapStd_getStats__E)
                  00302f3c    00000007     app_p28FP.o28FP (.text:_xdc_runtime_System_aprintf__E)
                  00302f43    00000007     app_p28FP.o28FP (.text:_xdc_runtime_System_printf__E)
                  00302f4a    00000006     sysbios.a28FP : BIOS.obj (.text:_ti_sysbios_BIOS_start__E)
                  00302f50    00000006     app_p28FP.o28FP (.text:_ti_sysbios_family_c28_Hwi_startup__E)
                  00302f56    00000006     sysbios.a28FP : c28_IntrinsicsSupport_asm.obj (.text:_ti_sysbios_family_c28_IntrinsicsSupport_maxbit__E)
                  00302f5c    00000006                   : BIOS.obj (.text:_ti_sysbios_family_c28_TimestampProvider_rolloverFunc__E)
                  00302f62    00000006                   : BIOS.obj (.text:_ti_sysbios_family_c28_TimestampProvider_startTimer__E)
                  00302f68    00000006                   : BIOS.obj (.text:_ti_sysbios_knl_Task_disable__E)
                  00302f6e    00000006     ti.targets.rts2800.a28FP : Gate.o28FP (.text:_xdc_runtime_Gate_enterSystem__E)
                  00302f74    00000006                              : Gate.o28FP (.text:_xdc_runtime_Gate_leaveSystem__E)
                  00302f7a    00000005     sysbios.a28FP : BIOS.obj (.text:_ti_sysbios_family_c28_Hwi_switchFromBootStack__E)
                  00302f7f    00000005     ti.targets.rts2800.a28FP : LoggerBuf.o28FP (.text:_xdc_runtime_LoggerBuf_enable__E)
                  00302f84    00000005     rts2800_fpu32.lib : strcpy.obj (.text)
                  00302f89    00000004     sysbios.a28FP : BIOS.obj (.text:_ti_sysbios_gates_GateHwi_enter__E)
                  00302f8d    00000004     ti.targets.rts2800.a28FP : LoggerBuf.o28FP (.text:_xdc_runtime_LoggerBuf_disable__E)
                  00302f91    00000004                              : Memory.o28FP (.text:_xdc_runtime_Memory_getMaxDefaultTypeAlign__E)
                  00302f95    00000003     DSP2833x_SysCtrl.obj (.text:_InitSysCtrl)
                  00302f98    00000003     ti.targets.rts2800.a28FP : xdc_noinit.o28FP (.text:___xdc__init)
                  00302f9b    00000003     app_p28FP.o28FP (.text:_ti_catalog_c2800_init_Boot_limpAbort)
                  00302f9e    00000003     app_p28FP.o28FP (.text:_ti_sysbios_BIOS_RtsGateProxy_enter__E)
                  00302fa1    00000003     app_p28FP.o28FP (.text:_ti_sysbios_BIOS_RtsGateProxy_leave__E)
                  00302fa4    00000003     main.obj (.text:_ti_sysbios_family_c28_Hwi_disable)
                  00302fa7    00000003     main.obj (.text:_ti_sysbios_family_c28_Hwi_enable)
                  00302faa    00000003     sysbios.a28FP : c28_Hwi_asm.obj (.text:_ti_sysbios_family_c28_Hwi_getIFR__I)
                  00302fad    00000003                   : BIOS.obj (.text:_ti_sysbios_family_c28_TimestampProvider_Module_startup__E)
                  00302fb0    00000003                   : BIOS.obj (.text:_ti_sysbios_gates_GateHwi_leave__E)
                  00302fb3    00000003     app_p28FP.o28FP (.text:_ti_sysbios_hal_Hwi_HwiProxy_getStackInfo__E)
                  00302fb6    00000003     app_p28FP.o28FP (.text:_ti_sysbios_hal_Hwi_HwiProxy_switchFromBootStack__E)
                  00302fb9    00000003     sysbios.a28FP : BIOS.obj (.text:_ti_sysbios_hal_Hwi_startup__E)
                  00302fbc    00000003                   : BIOS.obj (.text:_ti_sysbios_knl_Idle_loop__E)
                  00302fbf    00000003     app_p28FP.o28FP (.text:_ti_sysbios_knl_Task_SupportProxy_checkStack__E)
                  00302fc2    00000003     app_p28FP.o28FP (.text:_ti_sysbios_knl_Task_SupportProxy_swap__E)
                  00302fc5    00000003     sysbios.a28FP : BIOS.obj (.text:_ti_sysbios_knl_Task_startup__E)
                  00302fc8    00000003     app_p28FP.o28FP (.text:_xdc_runtime_LoggerBuf_Module_GateProxy_enter__E)
                  00302fcb    00000003     app_p28FP.o28FP (.text:_xdc_runtime_LoggerBuf_Module_GateProxy_leave__E)
                  00302fce    00000003     app_p28FP.o28FP (.text:_xdc_runtime_LoggerBuf_TimestampProxy_get64__E)
                  00302fd1    00000003     app_p28FP.o28FP (.text:_xdc_runtime_System_Module_GateProxy_enter__E)
                  00302fd4    00000003     app_p28FP.o28FP (.text:_xdc_runtime_System_Module_GateProxy_leave__E)
                  00302fd7    00000003     ti.targets.rts2800.a28FP : System.o28FP (.text:_xdc_runtime_System_Module_startup__E)
                  00302fda    00000003     app_p28FP.o28FP (.text:_xdc_runtime_System_SupportProxy_abort__E)
                  00302fdd    00000003     app_p28FP.o28FP (.text:_xdc_runtime_System_SupportProxy_exit__E)
                  00302fe0    00000003     app_p28FP.o28FP (.text:_xdc_runtime_System_SupportProxy_flush__E)
                  00302fe3    00000003     app_p28FP.o28FP (.text:_xdc_runtime_System_SupportProxy_putch__E)
                  00302fe6    00000003     app_p28FP.o28FP (.text:_xdc_runtime_System_SupportProxy_ready__E)
                  00302fe9    00000003     ti.targets.rts2800.a28FP : System.o28FP (.text:_xdc_runtime_System_abortStd__E)
                  00302fec    00000003                              : System.o28FP (.text:_xdc_runtime_System_exitStd__E)
                  00302fef    00000003                              : System.o28FP (.text:_xdc_runtime_System_flush__E)
                  00302ff2    00000003     app_p28FP.o28FP (.text:_xdc_runtime_Text_visitRope__I)
                  00302ff5    00000002     app_p28FP.o28FP (.text:_malloc)
                  00302ff7    00000002     Boot.a28FP : Boot.o28FP (.text:_ti_catalog_c2800_init_Boot_defaultLimpAbortFunction)
                  00302ff9    00000002     app_p28FP.o28FP (.text:_ti_sysbios_family_c28_TaskSupport_Module__startupDone__S)
                  00302ffb    00000002     sysbios.a28FP : BIOS.obj (.text:_ti_sysbios_gates_GateHwi_query__E)
                  00302ffd    00000002                   : BIOS.obj (.text:_ti_sysbios_gates_GateMutex_query__E)
                  00302fff    00000002     ti.targets.rts2800.a28FP : Error.o28FP (.text:_xdc_runtime_Error_getSite__E)
                  00303001    00000002                              : HeapStd.o28FP (.text:_xdc_runtime_HeapStd_isBlocking__E)

.econst    0    00303004    0000055d     
                  00303004    00000155     main.obj (.econst:.string)
                  00303159    00000001     OneToOneI2CDriver.obj (.econst)
                  0030315a    00000100     app_p28FP.o28FP (.econst:_ti_sysbios_family_c28_Hwi_vectors)
                  0030325a    00000086     app_p28FP.o28FP (.econst:.string)
                  003032e0    00000058     ti.targets.rts2800.a28FP : Error.o28FP (.econst:.string)
                  00303338    00000047                              : Log.o28FP (.econst:.string)
                  0030337f    00000001     app_p28FP.o28FP (.econst:ti_sysbios_family_c28_Hwi_Module__id__C)
                  00303380    00000043     ti.targets.rts2800.a28FP : Text.o28FP (.econst:.string)
                  003033c3    00000001     app_p28FP.o28FP (.econst:ti_sysbios_family_c28_Hwi_NUM_INTERRUPTS_ALL__C)
                  003033c4    0000002a     ti.targets.rts2800.a28FP : Startup.o28FP (.econst:.string)
                  003033ee    0000001e     app_p28FP.o28FP (.econst:xdc_runtime_LoggerBuf_Module__FXNS__C)
                  0030340c    00000016     main.obj (.econst)
                  00303422    00000014     app_p28FP.o28FP (.econst:xdc_runtime_HeapStd_Module__FXNS__C)
                  00303436    00000012     app_p28FP.o28FP (.econst:ti_sysbios_gates_GateHwi_Module__FXNS__C)
                  00303448    00000012     app_p28FP.o28FP (.econst:ti_sysbios_gates_GateMutex_Module__FXNS__C)
                  0030345a    00000011     ti.targets.rts2800.a28FP : System.o28FP (.econst:_digtohex)
                  0030346b    00000001     app_p28FP.o28FP (.econst:ti_sysbios_family_c28_Hwi_Object__count__C)
                  0030346c    00000010     app_p28FP.o28FP (.econst:xdc_runtime_Startup_sfxnTab__A)
                  0030347c    0000000c     rts2800_fpu32.lib : e_atan2f.obj (.econst)
                  00303488    0000000a                       : s_atanf.obj (.econst:_aT)
                  00303492    00000008                       : s_atanf.obj (.econst:_atanhi)
                  0030349a    00000008                       : s_atanf.obj (.econst:_atanlo)
                  003034a2    00000008     app_p28FP.o28FP (.econst)
                  003034aa    00000008     app_p28FP.o28FP (.econst:xdc_runtime_Startup_sfxnRts__A)
                  003034b2    00000007     ti.targets.rts2800.a28FP : System.o28FP (.econst:.string)
                  003034b9    00000001     app_p28FP.o28FP (.econst:ti_sysbios_family_c28_Hwi_zeroLatencyIERMask__C)
                  003034ba    00000005     ti.targets.rts2800.a28FP : Assert.o28FP (.econst:.string)
                  003034bf    00000001     app_p28FP.o28FP (.econst:ti_sysbios_family_c28_TaskSupport_Module__id__C)
                  003034c0    00000004     rts2800_fpu32.lib : s_atanf.obj (.econst)
                  003034c4    00000004     app_p28FP.o28FP (.econst:ti_sysbios_knl_Idle_funcList__C)
                  003034c8    00000004     app_p28FP.o28FP (.econst:xdc_runtime_Startup_firstFxns__C)
                  003034cc    00000004     app_p28FP.o28FP (.econst:xdc_runtime_Startup_lastFxns__C)
                  003034d0    00000002     app_p28FP.o28FP (.econst:ti_sysbios_family_c28_Hwi_A_badIntNum__C)
                  003034d2    00000002     app_p28FP.o28FP (.econst:ti_sysbios_family_c28_Hwi_A_invalidArg__C)
                  003034d4    00000002     app_p28FP.o28FP (.econst:ti_sysbios_family_c28_Hwi_E_unpluggedInterrupt__C)
                  003034d6    00000002     app_p28FP.o28FP (.econst:ti_sysbios_family_c28_Hwi_Module__diagsEnabled__C)
                  003034d8    00000002     app_p28FP.o28FP (.econst:ti_sysbios_family_c28_Hwi_Module__diagsIncluded__C)
                  003034da    00000002     app_p28FP.o28FP (.econst:ti_sysbios_family_c28_Hwi_Module__diagsMask__C)
                  003034dc    00000002     app_p28FP.o28FP (.econst:ti_sysbios_family_c28_TaskSupport_E_invalidStack__C)
                  003034de    00000002     app_p28FP.o28FP (.econst:ti_sysbios_gates_GateMutex_A_badContext__C)
                  003034e0    00000002     app_p28FP.o28FP (.econst:ti_sysbios_gates_GateMutex_Instance_State_sem__O)
                  003034e2    00000002     app_p28FP.o28FP (.econst:ti_sysbios_gates_GateMutex_Module__diagsEnabled__C)
                  003034e4    00000002     app_p28FP.o28FP (.econst:ti_sysbios_gates_GateMutex_Module__diagsIncluded__C)
                  003034e6    00000002     app_p28FP.o28FP (.econst:ti_sysbios_gates_GateMutex_Module__diagsMask__C)
                  003034e8    00000002     app_p28FP.o28FP (.econst:ti_sysbios_hal_Hwi_E_stackOverflow__C)
                  003034ea    00000002     app_p28FP.o28FP (.econst:ti_sysbios_knl_Idle_funcList__A)
                  003034ec    00000002     app_p28FP.o28FP (.econst:ti_sysbios_knl_Semaphore_A_badContext__C)
                  003034ee    00000002     app_p28FP.o28FP (.econst:ti_sysbios_knl_Semaphore_A_overflow__C)
                  003034f0    00000002     app_p28FP.o28FP (.econst:ti_sysbios_knl_Semaphore_A_pendTaskDisabled__C)
                  003034f2    00000002     app_p28FP.o28FP (.econst:ti_sysbios_knl_Semaphore_Instance_State_pendQ__O)
                  003034f4    00000002     app_p28FP.o28FP (.econst:ti_sysbios_knl_Semaphore_Module__diagsEnabled__C)
                  003034f6    00000002     app_p28FP.o28FP (.econst:ti_sysbios_knl_Semaphore_Module__diagsIncluded__C)
                  003034f8    00000002     app_p28FP.o28FP (.econst:ti_sysbios_knl_Semaphore_Module__diagsMask__C)
                  003034fa    00000002     app_p28FP.o28FP (.econst:ti_sysbios_knl_Task_E_spOutOfBounds__C)
                  003034fc    00000002     app_p28FP.o28FP (.econst:ti_sysbios_knl_Task_E_stackOverflow__C)
                  003034fe    00000002     app_p28FP.o28FP (.econst:ti_sysbios_knl_Task_Module_State_inactiveQ__O)
                  00303500    00000002     app_p28FP.o28FP (.econst:ti_sysbios_knl_Task_allBlockedFunc__C)
                  00303502    00000002     app_p28FP.o28FP (.econst:xdc_runtime_Assert_E_assertFailed__C)
                  00303504    00000002     app_p28FP.o28FP (.econst:xdc_runtime_Error_Module__diagsEnabled__C)
                  00303506    00000002     app_p28FP.o28FP (.econst:xdc_runtime_Error_Module__diagsIncluded__C)
                  00303508    00000002     app_p28FP.o28FP (.econst:xdc_runtime_Error_Module__diagsMask__C)
                  0030350a    00000002     app_p28FP.o28FP (.econst:xdc_runtime_Error_Module__loggerFxn8__C)
                  0030350c    00000002     app_p28FP.o28FP (.econst:xdc_runtime_Error_Module__loggerObj__C)
                  0030350e    00000002     app_p28FP.o28FP (.econst:xdc_runtime_Error_policyFxn__C)
                  00303510    00000002     app_p28FP.o28FP (.econst:xdc_runtime_Error_raiseHook__C)
                  00303512    00000002     app_p28FP.o28FP (.econst:xdc_runtime_HeapStd_A_align__C)
                  00303514    00000002     app_p28FP.o28FP (.econst:xdc_runtime_HeapStd_A_invalidTotalFreeSize__C)
                  00303516    00000002     app_p28FP.o28FP (.econst:xdc_runtime_HeapStd_A_zeroSize__C)
                  00303518    00000002     app_p28FP.o28FP (.econst:xdc_runtime_HeapStd_Module__diagsEnabled__C)
                  0030351a    00000002     app_p28FP.o28FP (.econst:xdc_runtime_HeapStd_Module__diagsIncluded__C)
                  0030351c    00000002     app_p28FP.o28FP (.econst:xdc_runtime_HeapStd_Module__diagsMask__C)
                  0030351e    00000002     app_p28FP.o28FP (.econst:xdc_runtime_IFilterLogger_Interface__BASE__C)
                  00303520    00000002     app_p28FP.o28FP (.econst:xdc_runtime_IGateProvider_Interface__BASE__C)
                  00303522    00000002     app_p28FP.o28FP (.econst:xdc_runtime_IHeap_Interface__BASE__C)
                  00303524    00000002     app_p28FP.o28FP (.econst:xdc_runtime_ILogger_Interface__BASE__C)
                  00303526    00000002     app_p28FP.o28FP (.econst:xdc_runtime_IModule_Interface__BASE__C)
                  00303528    00000002     app_p28FP.o28FP (.econst:xdc_runtime_Log_L_error__C)
                  0030352a    00000002     app_p28FP.o28FP (.econst:xdc_runtime_LoggerBuf_E_badLevel__C)
                  0030352c    00000002     app_p28FP.o28FP (.econst:xdc_runtime_LoggerBuf_Module__gateObj__C)
                  0030352e    00000002     app_p28FP.o28FP (.econst:xdc_runtime_LoggerBuf_statusLogger__C)
                  00303530    00000002     app_p28FP.o28FP (.econst:xdc_runtime_Startup_execImpl__C)
                  00303532    00000002     app_p28FP.o28FP (.econst:xdc_runtime_Startup_firstFxns__A)
                  00303534    00000002     app_p28FP.o28FP (.econst:xdc_runtime_Startup_lastFxns__A)
                  00303536    00000002     app_p28FP.o28FP (.econst:xdc_runtime_Startup_sfxnRts__C)
                  00303538    00000002     app_p28FP.o28FP (.econst:xdc_runtime_Startup_sfxnTab__C)
                  0030353a    00000002     app_p28FP.o28FP (.econst:xdc_runtime_SysMin_bufSize__C)
                  0030353c    00000002     app_p28FP.o28FP (.econst:xdc_runtime_SysMin_outputFunc__C)
                  0030353e    00000002     app_p28FP.o28FP (.econst:xdc_runtime_System_Module__gateObj__C)
                  00303540    00000002     app_p28FP.o28FP (.econst:xdc_runtime_System_abortFxn__C)
                  00303542    00000002     app_p28FP.o28FP (.econst:xdc_runtime_System_exitFxn__C)
                  00303544    00000002     app_p28FP.o28FP (.econst:xdc_runtime_System_extendFxn__C)
                  00303546    00000002     app_p28FP.o28FP (.econst:xdc_runtime_Text_charTab__C)
                  00303548    00000002     app_p28FP.o28FP (.econst:xdc_runtime_Text_nodeTab__A)
                  0030354a    00000002     app_p28FP.o28FP (.econst:xdc_runtime_Text_visitRopeFxn__C)
                  0030354c    00000001     app_p28FP.o28FP (.econst:ti_sysbios_family_c28_Timer_startupNeeded__C)
                  0030354d    00000001     app_p28FP.o28FP (.econst:ti_sysbios_gates_GateMutex_Module__id__C)
                  0030354e    00000001     app_p28FP.o28FP (.econst:ti_sysbios_hal_Hwi_Module__id__C)
                  0030354f    00000001     app_p28FP.o28FP (.econst:ti_sysbios_knl_Semaphore_Module__id__C)
                  00303550    00000001     app_p28FP.o28FP (.econst:ti_sysbios_knl_Task_Module__id__C)
                  00303551    00000001     app_p28FP.o28FP (.econst:ti_sysbios_knl_Task_Object__count__C)
                  00303552    00000001     app_p28FP.o28FP (.econst:ti_sysbios_knl_Task_numConstructedTasks__C)
                  00303553    00000001     app_p28FP.o28FP (.econst:xdc_runtime_Error_Module__loggerDefined__C)
                  00303554    00000001     app_p28FP.o28FP (.econst:xdc_runtime_Error_maxDepth__C)
                  00303555    00000001     app_p28FP.o28FP (.econst:xdc_runtime_Error_policy__C)
                  00303556    00000001     app_p28FP.o28FP (.econst:xdc_runtime_HeapStd_Module__id__C)
                  00303557    00000001     app_p28FP.o28FP (.econst:xdc_runtime_LoggerBuf_Module__id__C)
                  00303558    00000001     app_p28FP.o28FP (.econst:xdc_runtime_LoggerBuf_Object__count__C)
                  00303559    00000001     app_p28FP.o28FP (.econst:xdc_runtime_LoggerBuf_filterByLevel__C)
                  0030355a    00000001     app_p28FP.o28FP (.econst:xdc_runtime_Startup_maxPasses__C)
                  0030355b    00000001     app_p28FP.o28FP (.econst:xdc_runtime_SysMin_flushAtExit__C)
                  0030355c    00000001     app_p28FP.o28FP (.econst:xdc_runtime_System_maxAtexitHandlers__C)
                  0030355d    00000001     app_p28FP.o28FP (.econst:xdc_runtime_Text_charTab__A)
                  0030355e    00000001     app_p28FP.o28FP (.econst:xdc_runtime_Text_isLoaded__C)
                  0030355f    00000001     app_p28FP.o28FP (.econst:xdc_runtime_Text_registryModsLastId__C)
                  00303560    00000001     app_p28FP.o28FP (.econst:xdc_runtime_Text_unnamedModsLastId__C)

.cinit     0    00303561    0000033d     
                  00303561    00000309     app_p28FP.o28FP (.cinit)
                  0030386a    00000016     main.obj (.cinit)
                  00303880    0000000e     rts2800_fpu32.lib : exit.obj (.cinit)
                  0030388e    00000005                       : _lock.obj (.cinit:__lock)
                  00303893    00000005                       : _lock.obj (.cinit:__unlock)
                  00303898    00000004                       : errno.obj (.cinit)
                  0030389c    00000002     --HOLE-- [fill = 0]

ramfuncs   0    0030389e    00000004     RUN ADDR = 0000c69b
                  0030389e    00000004     DSP2833x_usDelay.obj (ramfuncs)

.switch    0    003038a2    0000001c     
                  003038a2    0000001c     sysbios.a28FP : BIOS.obj (.switch:_ti_sysbios_family_c28_Hwi_clearInterrupt__E)

codestart 
*          0    0033fff6    00000002     
                  0033fff6    00000002     DSP2833x_CodeStartBranch.obj (codestart)

.adc_cal   0    00380080    00000007     NOLOAD SECTION
                  00380080    00000007     DSP2833x_ADC_cal.obj (.adc_cal)

.stack     1    00000000    00000400     UNINITIALIZED
                  00000000    00000400     --HOLE--

DevEmuRegsFile 
*          1    00000880    000000d0     UNINITIALIZED
                  00000880    000000d0     DSP2833x_GlobalVariableDefs.obj (DevEmuRegsFile)

FlashRegsFile 
*          1    00000a80    00000008     UNINITIALIZED
                  00000a80    00000008     DSP2833x_GlobalVariableDefs.obj (FlashRegsFile)

CsmRegsFile 
*          1    00000ae0    00000010     UNINITIALIZED
                  00000ae0    00000010     DSP2833x_GlobalVariableDefs.obj (CsmRegsFile)

AdcMirrorFile 
*          1    00000b00    00000010     UNINITIALIZED
                  00000b00    00000010     DSP2833x_GlobalVariableDefs.obj (AdcMirrorFile)

XintfRegsFile 
*          1    00000b20    0000001e     UNINITIALIZED
                  00000b20    0000001e     DSP2833x_GlobalVariableDefs.obj (XintfRegsFile)

CpuTimer0RegsFile 
*          1    00000c00    00000008     UNINITIALIZED
                  00000c00    00000008     DSP2833x_GlobalVariableDefs.obj (CpuTimer0RegsFile)

CpuTimer1RegsFile 
*          1    00000c08    00000008     UNINITIALIZED
                  00000c08    00000008     DSP2833x_GlobalVariableDefs.obj (CpuTimer1RegsFile)

CpuTimer2RegsFile 
*          1    00000c10    00000008     UNINITIALIZED
                  00000c10    00000008     DSP2833x_GlobalVariableDefs.obj (CpuTimer2RegsFile)

PieCtrlRegsFile 
*          1    00000ce0    0000001a     UNINITIALIZED
                  00000ce0    0000001a     DSP2833x_GlobalVariableDefs.obj (PieCtrlRegsFile)

DmaRegsFile 
*          1    00001000    000000e0     UNINITIALIZED
                  00001000    000000e0     DSP2833x_GlobalVariableDefs.obj (DmaRegsFile)

McbspaRegsFile 
*          1    00005000    00000025     UNINITIALIZED
                  00005000    00000025     DSP2833x_GlobalVariableDefs.obj (McbspaRegsFile)

McbspbRegsFile 
*          1    00005040    00000025     UNINITIALIZED
                  00005040    00000025     DSP2833x_GlobalVariableDefs.obj (McbspbRegsFile)

ECanaRegsFile 
*          1    00006000    00000034     UNINITIALIZED
                  00006000    00000034     DSP2833x_GlobalVariableDefs.obj (ECanaRegsFile)

ECanaLAMRegsFile 
*          1    00006040    00000040     UNINITIALIZED
                  00006040    00000040     DSP2833x_GlobalVariableDefs.obj (ECanaLAMRegsFile)

ECanaMOTSRegsFile 
*          1    00006080    00000040     UNINITIALIZED
                  00006080    00000040     DSP2833x_GlobalVariableDefs.obj (ECanaMOTSRegsFile)

ECanaMOTORegsFile 
*          1    000060c0    00000040     UNINITIALIZED
                  000060c0    00000040     DSP2833x_GlobalVariableDefs.obj (ECanaMOTORegsFile)

ECanaMboxesFile 
*          1    00006100    00000100     UNINITIALIZED
                  00006100    00000100     DSP2833x_GlobalVariableDefs.obj (ECanaMboxesFile)

ECanbRegsFile 
*          1    00006200    00000034     UNINITIALIZED
                  00006200    00000034     DSP2833x_GlobalVariableDefs.obj (ECanbRegsFile)

ECanbLAMRegsFile 
*          1    00006240    00000040     UNINITIALIZED
                  00006240    00000040     DSP2833x_GlobalVariableDefs.obj (ECanbLAMRegsFile)

ECanbMOTSRegsFile 
*          1    00006280    00000040     UNINITIALIZED
                  00006280    00000040     DSP2833x_GlobalVariableDefs.obj (ECanbMOTSRegsFile)

ECanbMOTORegsFile 
*          1    000062c0    00000040     UNINITIALIZED
                  000062c0    00000040     DSP2833x_GlobalVariableDefs.obj (ECanbMOTORegsFile)

ECanbMboxesFile 
*          1    00006300    00000100     UNINITIALIZED
                  00006300    00000100     DSP2833x_GlobalVariableDefs.obj (ECanbMboxesFile)

EPwm1RegsFile 
*          1    00006800    00000022     UNINITIALIZED
                  00006800    00000022     DSP2833x_GlobalVariableDefs.obj (EPwm1RegsFile)

EPwm2RegsFile 
*          1    00006840    00000022     UNINITIALIZED
                  00006840    00000022     DSP2833x_GlobalVariableDefs.obj (EPwm2RegsFile)

EPwm3RegsFile 
*          1    00006880    00000022     UNINITIALIZED
                  00006880    00000022     DSP2833x_GlobalVariableDefs.obj (EPwm3RegsFile)

EPwm4RegsFile 
*          1    000068c0    00000022     UNINITIALIZED
                  000068c0    00000022     DSP2833x_GlobalVariableDefs.obj (EPwm4RegsFile)

EPwm5RegsFile 
*          1    00006900    00000022     UNINITIALIZED
                  00006900    00000022     DSP2833x_GlobalVariableDefs.obj (EPwm5RegsFile)

EPwm6RegsFile 
*          1    00006940    00000022     UNINITIALIZED
                  00006940    00000022     DSP2833x_GlobalVariableDefs.obj (EPwm6RegsFile)

ECap1RegsFile 
*          1    00006a00    00000020     UNINITIALIZED
                  00006a00    00000020     DSP2833x_GlobalVariableDefs.obj (ECap1RegsFile)

ECap2RegsFile 
*          1    00006a20    00000020     UNINITIALIZED
                  00006a20    00000020     DSP2833x_GlobalVariableDefs.obj (ECap2RegsFile)

ECap3RegsFile 
*          1    00006a40    00000020     UNINITIALIZED
                  00006a40    00000020     DSP2833x_GlobalVariableDefs.obj (ECap3RegsFile)

ECap4RegsFile 
*          1    00006a60    00000020     UNINITIALIZED
                  00006a60    00000020     DSP2833x_GlobalVariableDefs.obj (ECap4RegsFile)

ECap5RegsFile 
*          1    00006a80    00000020     UNINITIALIZED
                  00006a80    00000020     DSP2833x_GlobalVariableDefs.obj (ECap5RegsFile)

ECap6RegsFile 
*          1    00006aa0    00000020     UNINITIALIZED
                  00006aa0    00000020     DSP2833x_GlobalVariableDefs.obj (ECap6RegsFile)

EQep1RegsFile 
*          1    00006b00    00000040     UNINITIALIZED
                  00006b00    00000040     DSP2833x_GlobalVariableDefs.obj (EQep1RegsFile)

EQep2RegsFile 
*          1    00006b40    00000040     UNINITIALIZED
                  00006b40    00000040     DSP2833x_GlobalVariableDefs.obj (EQep2RegsFile)

GpioCtrlRegsFile 
*          1    00006f80    0000002e     UNINITIALIZED
                  00006f80    0000002e     DSP2833x_GlobalVariableDefs.obj (GpioCtrlRegsFile)

GpioDataRegsFile 
*          1    00006fc0    00000020     UNINITIALIZED
                  00006fc0    00000020     DSP2833x_GlobalVariableDefs.obj (GpioDataRegsFile)

GpioIntRegsFile 
*          1    00006fe0    0000000a     UNINITIALIZED
                  00006fe0    0000000a     DSP2833x_GlobalVariableDefs.obj (GpioIntRegsFile)

SysCtrlRegsFile 
*          1    00007010    00000020     UNINITIALIZED
                  00007010    00000020     DSP2833x_GlobalVariableDefs.obj (SysCtrlRegsFile)

SpiaRegsFile 
*          1    00007040    00000010     UNINITIALIZED
                  00007040    00000010     DSP2833x_GlobalVariableDefs.obj (SpiaRegsFile)

SciaRegsFile 
*          1    00007050    00000010     UNINITIALIZED
                  00007050    00000010     DSP2833x_GlobalVariableDefs.obj (SciaRegsFile)

XIntruptRegsFile 
*          1    00007070    00000010     UNINITIALIZED
                  00007070    00000010     DSP2833x_GlobalVariableDefs.obj (XIntruptRegsFile)

AdcRegsFile 
*          1    00007100    0000001e     UNINITIALIZED
                  00007100    0000001e     DSP2833x_GlobalVariableDefs.obj (AdcRegsFile)

ScibRegsFile 
*          1    00007750    00000010     UNINITIALIZED
                  00007750    00000010     DSP2833x_GlobalVariableDefs.obj (ScibRegsFile)

ScicRegsFile 
*          1    00007770    00000010     UNINITIALIZED
                  00007770    00000010     DSP2833x_GlobalVariableDefs.obj (ScicRegsFile)

I2caRegsFile 
*          1    00007900    00000022     UNINITIALIZED
                  00007900    00000022     DSP2833x_GlobalVariableDefs.obj (I2caRegsFile)

.ebss      1    00008000    0000469b     UNINITIALIZED
                  00008000    00002600     app_p28FP.o28FP (.ebss:taskStackSection)
                  0000a600    00001c80     main.obj (.ebss)
                  0000c280    00000400     app_p28FP.o28FP (.ebss)
                  0000c680    00000008     DSP2833x_CpuTimers.obj (.ebss)
                  0000c688    00000008     rts2800_fpu32.lib : trgdrv.obj (.ebss)
                  0000c690    00000006                       : exit.obj (.ebss)
                  0000c696    00000002                       : _lock.obj (.ebss:__lock)
                  0000c698    00000002                       : _lock.obj (.ebss:__unlock)
                  0000c69a    00000001                       : errno.obj (.ebss)

.cio       1    0000c6c0    00000120     UNINITIALIZED
                  0000c6c0    00000120     rts2800_fpu32.lib : trgmsg.obj (.cio)

PINGPONG   1    0000e000    00001000     UNINITIALIZED
                  0000e000    00001000     main.obj (PINGPONG)

CsmPwlFile 
*          1    0033fff8    00000008     UNINITIALIZED
                  0033fff8    00000008     DSP2833x_GlobalVariableDefs.obj (CsmPwlFile)

PartIdRegsFile 
*          1    00380090    00000001     UNINITIALIZED
                  00380090    00000001     DSP2833x_GlobalVariableDefs.obj (PartIdRegsFile)

.pinit     0    00300000    00000000     UNINITIALIZED

xdc.meta   0    00000000    000000ef     COPY SECTION
                  00000000    000000ef     app_p28FP.o28FP (xdc.meta)

xdc.noload 
*          0    00000000    00000000     COPY SECTION

MODULE SUMMARY

       Module                            code    ro data   rw data
       ------                            ----    -------   -------
    .\
       main.obj                          664     0         11777  
       DSP2833x_CodeStartBranch.obj      10      0         0      
    +--+---------------------------------+-------+---------+---------+
       Total:                            674     0         11777  
                                                                  
    .\Common\
       DSP2833x_GlobalVariableDefs.obj   0       0         2423   
       DSP2833x_DefaultIsr.obj           790     0         0      
       DSP2833x_DMA.obj                  331     0         0      
       DSP2833x_CpuTimers.obj            79      0         8      
       DSP2833x_SysCtrl.obj              11      0         0      
       DSP2833x_usDelay.obj              8       0         0      
       DSP2833x_ADC_cal.obj              7       0         0      
    +--+---------------------------------+-------+---------+---------+
       Total:                            1226    0         2431   
                                                                  
    .\EEL4511 Libraries\src\
       EEL4511_ADC.obj                   97      0         0      
       OneToOneI2CDriver.obj             0       0         1      
    +--+---------------------------------+-------+---------+---------+
       Total:                            97      0         1      
                                                                  
    .\RFFT\
       RFFT_adc_f32.obj                  312     0         0      
       RFFT_f32.obj                      285     0         0      
       RFFT_adc_f32u.obj                 158     0         0      
       RFFT_f32u.obj                     133     0         0      
       RFFT_f32_sincostable.obj          109     0         0      
       RFFT_f32s_mag.obj                 85      0         0      
       RFFT_f32_phase.obj                73      0         0      
       RFFT_f32_mag.obj                  68      0         0      
    +--+---------------------------------+-------+---------+---------+
       Total:                            1223    0         0      
                                                                  
    C:\Users\Adrian\workspace_v6_2\Ocarina_Home_Automation\Debug\configPkg\package\cfg\
       app_p28FP.o28FP                   645     0         12199  
    +--+---------------------------------+-------+---------+---------+
       Total:                            645     0         12199  
                                                                  
    C:\Users\Adrian\workspace_v6_2\Ocarina_Home_Automation\src\sysbios\sysbios.a28FP
       BIOS.obj                          2834    0         28     
       c28_Hwi_disp_asm.obj              175     0         0      
       c28_TaskSupport_asm.obj           75      0         0      
       c28_Hwi_asm.obj                   31      0         0      
       c28_IntrinsicsSupport_asm.obj     6       0         0      
    +--+---------------------------------+-------+---------+---------+
       Total:                            3121    0         28     
                                                                  
    C:\ti\bios_6_45_01_29\packages\ti\catalog\c2800\init\lib\Boot.a28FP
       Boot.o28FP                        63      0         0      
    +--+---------------------------------+-------+---------+---------+
       Total:                            63      0         0      
                                                                  
    C:\ti\bios_6_45_01_29\packages\ti\targets\rts2800\lib\boot.a28FP
       boot_cg.o28FP                     99      0         0      
    +--+---------------------------------+-------+---------+---------+
       Total:                            99      0         0      
                                                                  
    C:\ti\bios_6_45_01_29\packages\ti\targets\rts2800\lib\ti.targets.rts2800.a28FP
       System.o28FP                      858     0         24     
       LoggerBuf.o28FP                   622     0         0      
       Error.o28FP                       325     0         88     
       Text.o28FP                        335     0         67     
       HeapStd.o28FP                     374     0         0      
       Startup.o28FP                     178     0         42     
       SysMin.o28FP                      126     0         0      
       Log.o28FP                         0       0         71     
       Assert.o28FP                      50      0         5      
       Registry.o28FP                    14      0         0      
       Gate.o28FP                        12      0         0      
       Memory.o28FP                      4       0         0      
       xdc_noinit.o28FP                  3       0         0      
    +--+---------------------------------+-------+---------+---------+
       Total:                            2901    0         297    
                                                                  
    C:\ti\ccsv6\tools\compiler\c2000_15.12.3.LTS\lib\rts2800_fpu32.lib
       trgdrv.obj                        636     0         8      
       trgmsg.obj                        148     0         288    
       ll_div.obj                        263     0         0      
       s_atanf.obj                       201     0         30     
       e_atan2f.obj                      212     0         12     
       fs_div.obj                        136     0         0      
       fd_mpy.obj                        131     0         0      
       s_cosf.obj                        97      0         0      
       s_sinf.obj                        88      0         0      
       cpy_tbl.obj                       70      0         0      
       exit.obj                          41      0         20     
       e_sqrtf.obj                       37      0         0      
       fd_tofs.obj                       35      0         0      
       memcpy.obj                        30      0         0      
       fs_tofd.obj                       28      0         0      
       cpy_utils.obj                     26      0         0      
       args_main.obj                     25      0         0      
       _lock.obj                         9       0         14     
       memcmp.obj                        21      0         0      
       memset.obj                        12      0         0      
       strlen.obj                        8       0         0      
       errno.obj                         0       0         5      
       strcpy.obj                        5       0         0      
    +--+---------------------------------+-------+---------+---------+
       Total:                            2259    0         377    
                                                                  
       Stack:                            0       0         1024   
    +--+---------------------------------+-------+---------+---------+
       Grand Total:                      12308   0         28134  


GLOBAL DATA SYMBOLS: SORTED BY DATA PAGE

address     data page           name
--------    ----------------    ----
00000000       0 (00000000)     ___ISA__
00000000       0 (00000000)     __stack
00000013       0 (00000000)     ___TARG__
00000037       0 (00000000)     ___PLAT__

0000005d       1 (00000040)     ___TRDR__

00000084       2 (00000080)     ___ASM__

00000880      22 (00000880)     _DevEmuRegs

00000a80      2a (00000a80)     _FlashRegs

00000ae0      2b (00000ac0)     _CsmRegs

00000b00      2c (00000b00)     _AdcMirror
00000b20      2c (00000b00)     _XintfRegs

00000c00      30 (00000c00)     _CpuTimer0Regs
00000c08      30 (00000c00)     _CpuTimer1Regs
00000c10      30 (00000c00)     _CpuTimer2Regs

00000ce0      33 (00000cc0)     _PieCtrlRegs

00000d00      34 (00000d00)     _PieVectTable

00001000      40 (00001000)     _DmaRegs

00005000     140 (00005000)     _McbspaRegs

00005040     141 (00005040)     _McbspbRegs

00006000     180 (00006000)     _ECanaRegs

00006040     181 (00006040)     _ECanaLAMRegs

00006080     182 (00006080)     _ECanaMOTSRegs

000060c0     183 (000060c0)     _ECanaMOTORegs

00006100     184 (00006100)     _ECanaMboxes

00006200     188 (00006200)     _ECanbRegs

00006240     189 (00006240)     _ECanbLAMRegs

00006280     18a (00006280)     _ECanbMOTSRegs

000062c0     18b (000062c0)     _ECanbMOTORegs

00006300     18c (00006300)     _ECanbMboxes

00006800     1a0 (00006800)     _EPwm1Regs

00006840     1a1 (00006840)     _EPwm2Regs

00006880     1a2 (00006880)     _EPwm3Regs

000068c0     1a3 (000068c0)     _EPwm4Regs

00006900     1a4 (00006900)     _EPwm5Regs

00006940     1a5 (00006940)     _EPwm6Regs

00006a00     1a8 (00006a00)     _ECap1Regs
00006a20     1a8 (00006a00)     _ECap2Regs

00006a40     1a9 (00006a40)     _ECap3Regs
00006a60     1a9 (00006a40)     _ECap4Regs

00006a80     1aa (00006a80)     _ECap5Regs
00006aa0     1aa (00006a80)     _ECap6Regs

00006b00     1ac (00006b00)     _EQep1Regs

00006b40     1ad (00006b40)     _EQep2Regs

00006f80     1be (00006f80)     _GpioCtrlRegs

00006fc0     1bf (00006fc0)     _GpioDataRegs
00006fe0     1bf (00006fc0)     _GpioIntRegs

00007010     1c0 (00007000)     _SysCtrlRegs

00007040     1c1 (00007040)     _SpiaRegs
00007050     1c1 (00007040)     _SciaRegs
00007070     1c1 (00007040)     _XIntruptRegs

00007100     1c4 (00007100)     _AdcRegs

00007750     1dd (00007740)     _ScibRegs
00007770     1dd (00007740)     _ScicRegs

00007900     1e4 (00007900)     _I2caRegs

00008000     200 (00008000)     _ti_sysbios_knl_Task_Instance_State_2_stack__A

00008100     204 (00008100)     _ti_sysbios_knl_Task_Instance_State_3_stack__A

00008200     208 (00008200)     _ti_sysbios_knl_Task_Instance_State_0_stack__A

00008600     218 (00008600)     _ti_sysbios_knl_Task_Instance_State_1_stack__A

0000a600     298 (0000a600)     _gNoteDetected
0000a601     298 (0000a600)     _hwicount
0000a602     298 (0000a600)     _gNoteBuffer
0000a605     298 (0000a600)     _gFlags
0000a60a     298 (0000a600)     _rfft

0000a640     299 (0000a640)     _RFFTmagBuff

0000aa80     2aa (0000aa80)     _hamming

0000b280     2ca (0000b280)     _RFFToutBuff

0000ba80     2ea (0000ba80)     _RFFTF32Coef

0000c280     30a (0000c280)     _xdc_runtime_Error_Module__state__V
0000c282     30a (0000c280)     _ti_sysbios_knl_Task_Module_State_0_idleTask__A
0000c284     30a (0000c280)     _xdc_runtime_Memory_Module__state__V
0000c286     30a (0000c280)     _xdc_runtime_HeapStd_Module__state__V
0000c288     30a (0000c280)     ___xdc__init__addr
0000c28a     30a (0000c280)     _ti_sysbios_gates_GateHwi_Object__table__V
0000c28c     30a (0000c280)     _xdc_runtime_LoggerBuf_Module__state__V
0000c290     30a (0000c280)     _xdc_runtime_Text_Module__state__V
0000c294     30a (0000c280)     _ti_sysbios_family_c28_TimestampProvider_Module__state__V
0000c298     30a (0000c280)     _xdc_runtime_SysMin_Module__state__V
0000c29c     30a (0000c280)     _xdc_runtime_Startup_Module__state__V
0000c2a0     30a (0000c280)     _xdc_runtime_System_Module__state__V
0000c2a4     30a (0000c280)     _xdc_runtime_Registry_Module__state__V
0000c2a8     30a (0000c280)     _xdc_runtime_HeapStd_Object__table__V
0000c2ae     30a (0000c280)     _ti_sysbios_family_c28_Timer_Module__state__V
0000c2b6     30a (0000c280)     _xdc_runtime_System_Module_State_0_atexitHandlers__A

0000c2c0     30b (0000c2c0)     _ti_sysbios_gates_GateMutex_Object__table__V
0000c2ce     30b (0000c2c0)     _ti_sysbios_family_c28_Hwi_Module__state__V
0000c2de     30b (0000c2c0)     _ti_sysbios_BIOS_Module__state__V

0000c300     30c (0000c300)     _xdc_runtime_LoggerBuf_Object__table__V
0000c312     30c (0000c300)     _ti_sysbios_family_c28_Timer_Object__table__V

0000c340     30d (0000c340)     _ti_sysbios_knl_Semaphore_Object__table__V
0000c35e     30d (0000c340)     _ti_sysbios_knl_Task_Module__state__V

0000c380     30e (0000c380)     _ti_sysbios_family_c28_Hwi_Object__table__V

0000c3c0     30f (0000c3c0)     _xdc_runtime_LoggerBuf_Instance_State_0_entryArr__A

0000c400     310 (0000c400)     _ti_sysbios_knl_Task_Module_State_0_readyQ__A

0000c440     311 (0000c440)     _xdc_runtime_SysMin_Module_State_0_outbuf__A

0000c4c0     313 (0000c4c0)     _ti_sysbios_knl_Task_Object__table__V

0000c580     316 (0000c580)     _ti_sysbios_family_c28_Hwi_Module_State_0_dispatchTable__A

0000c680     31a (0000c680)     _CpuTimer0
0000c690     31a (0000c680)     ___TI_enable_exit_profile_output
0000c692     31a (0000c680)     ___TI_cleanup_ptr
0000c694     31a (0000c680)     ___TI_dtors_ptr
0000c696     31a (0000c680)     __lock
0000c698     31a (0000c680)     __unlock
0000c69a     31a (0000c680)     _errno

0000c6c0     31b (0000c6c0)     __CIOBUF_

0000e000     380 (0000e000)     _gRawADCBuffer

0000e800     3a0 (0000e800)     _gAudioBuffer

0030315a    c0c5 (00303140)     _ti_sysbios_family_c28_Hwi_vectors

0030337f    c0cd (00303340)     _ti_sysbios_family_c28_Hwi_Module__id__C

003033c3    c0cf (003033c0)     _ti_sysbios_family_c28_Hwi_NUM_INTERRUPTS_ALL__C
003033ee    c0cf (003033c0)     _xdc_runtime_LoggerBuf_Module__FXNS__C

0030340c    c0d0 (00303400)     _gGarbage
0030340e    c0d0 (00303400)     _SariasSong
00303411    c0d0 (00303400)     _WindsRequiem
00303414    c0d0 (00303400)     _SongofPassing
00303417    c0d0 (00303400)     _SongofTime
0030341a    c0d0 (00303400)     _SongofStorms
00303422    c0d0 (00303400)     _xdc_runtime_HeapStd_Module__FXNS__C
00303436    c0d0 (00303400)     _ti_sysbios_gates_GateHwi_Module__FXNS__C

00303448    c0d1 (00303440)     _ti_sysbios_gates_GateMutex_Module__FXNS__C
0030346b    c0d1 (00303440)     _ti_sysbios_family_c28_Hwi_Object__count__C
0030346c    c0d1 (00303440)     _xdc_runtime_Startup_sfxnTab__A

003034a2    c0d2 (00303480)     _SongCompareSemaphore
003034a4    c0d2 (00303480)     _BufferSwapPost_HWI
003034a6    c0d2 (00303480)     _BufferSwapSemaphore
003034a8    c0d2 (00303480)     _BufferProcessingSemaphore
003034aa    c0d2 (00303480)     _xdc_runtime_Startup_sfxnRts__A
003034b9    c0d2 (00303480)     _ti_sysbios_family_c28_Hwi_zeroLatencyIERMask__C
003034bf    c0d2 (00303480)     _ti_sysbios_family_c28_TaskSupport_Module__id__C

003034c4    c0d3 (003034c0)     _ti_sysbios_knl_Idle_funcList__C
003034c8    c0d3 (003034c0)     _xdc_runtime_Startup_firstFxns__C
003034cc    c0d3 (003034c0)     _xdc_runtime_Startup_lastFxns__C
003034d0    c0d3 (003034c0)     _ti_sysbios_family_c28_Hwi_A_badIntNum__C
003034d2    c0d3 (003034c0)     _ti_sysbios_family_c28_Hwi_A_invalidArg__C
003034d4    c0d3 (003034c0)     _ti_sysbios_family_c28_Hwi_E_unpluggedInterrupt__C
003034d6    c0d3 (003034c0)     _ti_sysbios_family_c28_Hwi_Module__diagsEnabled__C
003034d8    c0d3 (003034c0)     _ti_sysbios_family_c28_Hwi_Module__diagsIncluded__C
003034da    c0d3 (003034c0)     _ti_sysbios_family_c28_Hwi_Module__diagsMask__C
003034dc    c0d3 (003034c0)     _ti_sysbios_family_c28_TaskSupport_E_invalidStack__C
003034de    c0d3 (003034c0)     _ti_sysbios_gates_GateMutex_A_badContext__C
003034e0    c0d3 (003034c0)     _ti_sysbios_gates_GateMutex_Instance_State_sem__O
003034e2    c0d3 (003034c0)     _ti_sysbios_gates_GateMutex_Module__diagsEnabled__C
003034e4    c0d3 (003034c0)     _ti_sysbios_gates_GateMutex_Module__diagsIncluded__C
003034e6    c0d3 (003034c0)     _ti_sysbios_gates_GateMutex_Module__diagsMask__C
003034e8    c0d3 (003034c0)     _ti_sysbios_hal_Hwi_E_stackOverflow__C
003034ea    c0d3 (003034c0)     _ti_sysbios_knl_Idle_funcList__A
003034ec    c0d3 (003034c0)     _ti_sysbios_knl_Semaphore_A_badContext__C
003034ee    c0d3 (003034c0)     _ti_sysbios_knl_Semaphore_A_overflow__C
003034f0    c0d3 (003034c0)     _ti_sysbios_knl_Semaphore_A_pendTaskDisabled__C
003034f2    c0d3 (003034c0)     _ti_sysbios_knl_Semaphore_Instance_State_pendQ__O
003034f4    c0d3 (003034c0)     _ti_sysbios_knl_Semaphore_Module__diagsEnabled__C
003034f6    c0d3 (003034c0)     _ti_sysbios_knl_Semaphore_Module__diagsIncluded__C
003034f8    c0d3 (003034c0)     _ti_sysbios_knl_Semaphore_Module__diagsMask__C
003034fa    c0d3 (003034c0)     _ti_sysbios_knl_Task_E_spOutOfBounds__C
003034fc    c0d3 (003034c0)     _ti_sysbios_knl_Task_E_stackOverflow__C
003034fe    c0d3 (003034c0)     _ti_sysbios_knl_Task_Module_State_inactiveQ__O

00303500    c0d4 (00303500)     _ti_sysbios_knl_Task_allBlockedFunc__C
00303502    c0d4 (00303500)     _xdc_runtime_Assert_E_assertFailed__C
00303504    c0d4 (00303500)     _xdc_runtime_Error_Module__diagsEnabled__C
00303506    c0d4 (00303500)     _xdc_runtime_Error_Module__diagsIncluded__C
00303508    c0d4 (00303500)     _xdc_runtime_Error_Module__diagsMask__C
0030350a    c0d4 (00303500)     _xdc_runtime_Error_Module__loggerFxn8__C
0030350c    c0d4 (00303500)     _xdc_runtime_Error_Module__loggerObj__C
0030350e    c0d4 (00303500)     _xdc_runtime_Error_policyFxn__C
00303510    c0d4 (00303500)     _xdc_runtime_Error_raiseHook__C
00303512    c0d4 (00303500)     _xdc_runtime_HeapStd_A_align__C
00303514    c0d4 (00303500)     _xdc_runtime_HeapStd_A_invalidTotalFreeSize__C
00303516    c0d4 (00303500)     _xdc_runtime_HeapStd_A_zeroSize__C
00303518    c0d4 (00303500)     _xdc_runtime_HeapStd_Module__diagsEnabled__C
0030351a    c0d4 (00303500)     _xdc_runtime_HeapStd_Module__diagsIncluded__C
0030351c    c0d4 (00303500)     _xdc_runtime_HeapStd_Module__diagsMask__C
0030351e    c0d4 (00303500)     _xdc_runtime_IFilterLogger_Interface__BASE__C
00303520    c0d4 (00303500)     _xdc_runtime_IGateProvider_Interface__BASE__C
00303522    c0d4 (00303500)     _xdc_runtime_IHeap_Interface__BASE__C
00303524    c0d4 (00303500)     _xdc_runtime_ILogger_Interface__BASE__C
00303526    c0d4 (00303500)     _xdc_runtime_IModule_Interface__BASE__C
00303528    c0d4 (00303500)     _xdc_runtime_Log_L_error__C
0030352a    c0d4 (00303500)     _xdc_runtime_LoggerBuf_E_badLevel__C
0030352c    c0d4 (00303500)     _xdc_runtime_LoggerBuf_Module__gateObj__C
0030352e    c0d4 (00303500)     _xdc_runtime_LoggerBuf_statusLogger__C
00303530    c0d4 (00303500)     _xdc_runtime_Startup_execImpl__C
00303532    c0d4 (00303500)     _xdc_runtime_Startup_firstFxns__A
00303534    c0d4 (00303500)     _xdc_runtime_Startup_lastFxns__A
00303536    c0d4 (00303500)     _xdc_runtime_Startup_sfxnRts__C
00303538    c0d4 (00303500)     _xdc_runtime_Startup_sfxnTab__C
0030353a    c0d4 (00303500)     _xdc_runtime_SysMin_bufSize__C
0030353c    c0d4 (00303500)     _xdc_runtime_SysMin_outputFunc__C
0030353e    c0d4 (00303500)     _xdc_runtime_System_Module__gateObj__C

00303540    c0d5 (00303540)     _xdc_runtime_System_abortFxn__C
00303542    c0d5 (00303540)     _xdc_runtime_System_exitFxn__C
00303544    c0d5 (00303540)     _xdc_runtime_System_extendFxn__C
00303546    c0d5 (00303540)     _xdc_runtime_Text_charTab__C
00303548    c0d5 (00303540)     _xdc_runtime_Text_nodeTab__A
0030354a    c0d5 (00303540)     _xdc_runtime_Text_visitRopeFxn__C
0030354c    c0d5 (00303540)     _ti_sysbios_family_c28_Timer_startupNeeded__C
0030354d    c0d5 (00303540)     _ti_sysbios_gates_GateMutex_Module__id__C
0030354e    c0d5 (00303540)     _ti_sysbios_hal_Hwi_Module__id__C
0030354f    c0d5 (00303540)     _ti_sysbios_knl_Semaphore_Module__id__C
00303550    c0d5 (00303540)     _ti_sysbios_knl_Task_Module__id__C
00303551    c0d5 (00303540)     _ti_sysbios_knl_Task_Object__count__C
00303552    c0d5 (00303540)     _ti_sysbios_knl_Task_numConstructedTasks__C
00303553    c0d5 (00303540)     _xdc_runtime_Error_Module__loggerDefined__C
00303554    c0d5 (00303540)     _xdc_runtime_Error_maxDepth__C
[...]
0     00302f9e  _ti_sysbios_BIOS_RtsGateProxy_enter__E                    
0     00302fa1  _ti_sysbios_BIOS_RtsGateProxy_leave__E                    
0     00302faa  _ti_sysbios_family_c28_Hwi_getIFR__I                      
0     00302fad  _ti_sysbios_family_c28_TimestampProvider_Module_startup__E
0     00302fb0  _ti_sysbios_gates_GateHwi_leave__E                        
0     00302fb3  _ti_sysbios_hal_Hwi_HwiProxy_getStackInfo__E              
0     00302fb6  _ti_sysbios_hal_Hwi_HwiProxy_switchFromBootStack__E       
0     00302fb9  _ti_sysbios_hal_Hwi_startup__E                            
0     00302fbc  _ti_sysbios_knl_Idle_loop__E                              
0     00302fbf  _ti_sysbios_knl_Task_SupportProxy_checkStack__E           
0     00302fc2  _ti_sysbios_knl_Task_SupportProxy_swap__E                 
0     00302fc5  _ti_sysbios_knl_Task_startup__E                           
0     00302fc8  _xdc_runtime_LoggerBuf_Module_GateProxy_enter__E          
0     00302fcb  _xdc_runtime_LoggerBuf_Module_GateProxy_leave__E          
0     00302fce  _xdc_runtime_LoggerBuf_TimestampProxy_get64__E            
0     00302fd1  _xdc_runtime_System_Module_GateProxy_enter__E             
0     00302fd4  _xdc_runtime_System_Module_GateProxy_leave__E             
0     00302fd7  _xdc_runtime_System_Module_startup__E                     
0     00302fda  _xdc_runtime_System_SupportProxy_abort__E                 
0     00302fdd  _xdc_runtime_System_SupportProxy_exit__E                  
0     00302fe0  _xdc_runtime_System_SupportProxy_flush__E                 
0     00302fe3  _xdc_runtime_System_SupportProxy_putch__E                 
0     00302fe6  _xdc_runtime_System_SupportProxy_ready__E                 
0     00302fe9  _xdc_runtime_System_abortStd__E                           
0     00302fec  _xdc_runtime_System_exitStd__E                            
0     00302fef  _xdc_runtime_System_flush__E                              
0     00302ff2  _xdc_runtime_Text_visitRope__I                            
0     00302ff5  _malloc                                                   
0     00302ff7  _ti_catalog_c2800_init_Boot_defaultLimpAbortFunction      
0     00302ff9  _ti_sysbios_family_c28_TaskSupport_Module__startupDone__S 
0     00302ff9  _ti_sysbios_knl_Task_SupportProxy_Module__startupDone__S  
0     00302ffb  _ti_sysbios_gates_GateHwi_query__E                        
0     00302ffd  _ti_sysbios_gates_GateMutex_query__E                      
0     00302fff  _xdc_runtime_Error_getSite__E                             
0     00303001  _xdc_runtime_HeapStd_isBlocking__E                        
0     00303003  ___etext__                                                
0     00303003  etext                                                     
0     0030315a  _ti_sysbios_family_c28_Hwi_vectors                        
0     0030337f  _ti_sysbios_family_c28_Hwi_Module__id__C                  
0     003033c3  _ti_sysbios_family_c28_Hwi_NUM_INTERRUPTS_ALL__C          
0     003033ee  _xdc_runtime_LoggerBuf_Module__FXNS__C                    
0     0030340c  _gGarbage                                                 
0     0030340e  _SariasSong                                               
0     00303411  _WindsRequiem                                             
0     00303414  _SongofPassing                                            
0     00303417  _SongofTime                                               
0     0030341a  _SongofStorms                                             
0     00303422  _xdc_runtime_HeapStd_Module__FXNS__C                      
0     00303436  _ti_sysbios_gates_GateHwi_Module__FXNS__C                 
0     00303448  _ti_sysbios_gates_GateMutex_Module__FXNS__C               
0     0030346b  _ti_sysbios_family_c28_Hwi_Object__count__C               
0     0030346c  _xdc_runtime_Startup_sfxnTab__A                           
0     003034a2  _SongCompareSemaphore                                     
0     003034a4  _BufferSwapPost_HWI                                       
0     003034a6  _BufferSwapSemaphore                                      
0     003034a8  _BufferProcessingSemaphore                                
0     003034aa  _xdc_runtime_Startup_sfxnRts__A                           
0     003034b9  _ti_sysbios_family_c28_Hwi_zeroLatencyIERMask__C          
0     003034bf  _ti_sysbios_family_c28_TaskSupport_Module__id__C          
0     003034c4  _ti_sysbios_knl_Idle_funcList__C                          
0     003034c8  _xdc_runtime_Startup_firstFxns__C                         
0     003034cc  _xdc_runtime_Startup_lastFxns__C                          
0     003034d0  _ti_sysbios_family_c28_Hwi_A_badIntNum__C                 
0     003034d2  _ti_sysbios_family_c28_Hwi_A_invalidArg__C                
0     003034d4  _ti_sysbios_family_c28_Hwi_E_unpluggedInterrupt__C        
0     003034d6  _ti_sysbios_family_c28_Hwi_Module__diagsEnabled__C        
0     003034d8  _ti_sysbios_family_c28_Hwi_Module__diagsIncluded__C       
0     003034da  _ti_sysbios_family_c28_Hwi_Module__diagsMask__C           
0     003034dc  _ti_sysbios_family_c28_TaskSupport_E_invalidStack__C      
0     003034de  _ti_sysbios_gates_GateMutex_A_badContext__C               
0     003034e0  _ti_sysbios_gates_GateMutex_Instance_State_sem__O         
0     003034e2  _ti_sysbios_gates_GateMutex_Module__diagsEnabled__C       
0     003034e4  _ti_sysbios_gates_GateMutex_Module__diagsIncluded__C      
0     003034e6  _ti_sysbios_gates_GateMutex_Module__diagsMask__C          
0     003034e8  _ti_sysbios_hal_Hwi_E_stackOverflow__C                    
0     003034ea  _ti_sysbios_knl_Idle_funcList__A                          
0     003034ec  _ti_sysbios_knl_Semaphore_A_badContext__C                 
0     003034ee  _ti_sysbios_knl_Semaphore_A_overflow__C                   
0     003034f0  _ti_sysbios_knl_Semaphore_A_pendTaskDisabled__C           
0     003034f2  _ti_sysbios_knl_Semaphore_Instance_State_pendQ__O         
0     003034f4  _ti_sysbios_knl_Semaphore_Module__diagsEnabled__C         
0     003034f6  _ti_sysbios_knl_Semaphore_Module__diagsIncluded__C        
0     003034f8  _ti_sysbios_knl_Semaphore_Module__diagsMask__C            
0     003034fa  _ti_sysbios_knl_Task_E_spOutOfBounds__C                   
0     003034fc  _ti_sysbios_knl_Task_E_stackOverflow__C                   
0     003034fe  _ti_sysbios_knl_Task_Module_State_inactiveQ__O            
0     00303500  _ti_sysbios_knl_Task_allBlockedFunc__C                    
0     00303502  _xdc_runtime_Assert_E_assertFailed__C                     
0     00303504  _xdc_runtime_Error_Module__diagsEnabled__C                
0     00303506  _xdc_runtime_Error_Module__diagsIncluded__C               
0     00303508  _xdc_runtime_Error_Module__diagsMask__C                   
0     0030350a  _xdc_runtime_Error_Module__loggerFxn8__C                  
0     0030350c  _xdc_runtime_Error_Module__loggerObj__C                   
0     0030350e  _xdc_runtime_Error_policyFxn__C                           
0     00303510  _xdc_runtime_Error_raiseHook__C                           
0     00303512  _xdc_runtime_HeapStd_A_align__C                           
0     00303514  _xdc_runtime_HeapStd_A_invalidTotalFreeSize__C            
0     00303516  _xdc_runtime_HeapStd_A_zeroSize__C                        
0     00303518  _xdc_runtime_HeapStd_Module__diagsEnabled__C              
0     0030351a  _xdc_runtime_HeapStd_Module__diagsIncluded__C             
0     0030351c  _xdc_runtime_HeapStd_Module__diagsMask__C                 
0     0030351e  _xdc_runtime_IFilterLogger_Interface__BASE__C             
0     00303520  _xdc_runtime_IGateProvider_Interface__BASE__C             
0     00303522  _xdc_runtime_IHeap_Interface__BASE__C                     
0     00303524  _xdc_runtime_ILogger_Interface__BASE__C                   
0     00303526  _xdc_runtime_IModule_Interface__BASE__C                   
0     00303528  _xdc_runtime_Log_L_error__C                               
0     0030352a  _xdc_runtime_LoggerBuf_E_badLevel__C                      
0     0030352c  _xdc_runtime_LoggerBuf_Module__gateObj__C                 
0     0030352e  _xdc_runtime_LoggerBuf_statusLogger__C                    
0     00303530  _xdc_runtime_Startup_execImpl__C                          
0     00303532  _xdc_runtime_Startup_firstFxns__A                         
0     00303534  _xdc_runtime_Startup_lastFxns__A                          
0     00303536  _xdc_runtime_Startup_sfxnRts__C                           
0     00303538  _xdc_runtime_Startup_sfxnTab__C                           
0     0030353a  _xdc_runtime_SysMin_bufSize__C                            
0     0030353c  _xdc_runtime_SysMin_outputFunc__C                         
0     0030353e  _xdc_runtime_System_Module__gateObj__C                    
0     00303540  _xdc_runtime_System_abortFxn__C                           
0     00303542  _xdc_runtime_System_exitFxn__C                            
0     00303544  _xdc_runtime_System_extendFxn__C                          
0     00303546  _xdc_runtime_Text_charTab__C                              
0     00303548  _xdc_runtime_Text_nodeTab__A                              
0     0030354a  _xdc_runtime_Text_visitRopeFxn__C                         
0     0030354c  _ti_sysbios_family_c28_Timer_startupNeeded__C             
0     0030354d  _ti_sysbios_gates_GateMutex_Module__id__C                 
0     0030354e  _ti_sysbios_hal_Hwi_Module__id__C                         
0     0030354f  _ti_sysbios_knl_Semaphore_Module__id__C                   
0     00303550  _ti_sysbios_knl_Task_Module__id__C                        
0     00303551  _ti_sysbios_knl_Task_Object__count__C                     
0     00303552  _ti_sysbios_knl_Task_numConstructedTasks__C               
0     00303553  _xdc_runtime_Error_Module__loggerDefined__C               
0     00303554  _xdc_runtime_Error_maxDepth__C                            
0     00303555  _xdc_runtime_Error_policy__C                              
0     00303556  _xdc_runtime_HeapStd_Module__id__C                        
0     00303557  _xdc_runtime_LoggerBuf_Module__id__C                      
0     00303558  _xdc_runtime_LoggerBuf_Object__count__C                   
0     00303559  _xdc_runtime_LoggerBuf_filterByLevel__C                   
0     0030355a  _xdc_runtime_Startup_maxPasses__C                         
0     0030355b  _xdc_runtime_SysMin_flushAtExit__C                        
0     0030355c  _xdc_runtime_System_maxAtexitHandlers__C                  
0     0030355d  _xdc_runtime_Text_charTab__A                              
0     0030355e  _xdc_runtime_Text_isLoaded__C                             
0     0030355f  _xdc_runtime_Text_registryModsLastId__C                   
0     00303560  _xdc_runtime_Text_unnamedModsLastId__C                    
0     00303561  ___cinit__                                                
0     00303561  cinit                                                     
0     0030389e  _RamfuncsLoadStart                                        
0     003038a2  _RamfuncsLoadEnd                                          
0     0033fff6  code_start                                                
0     00380080  _ADC_cal                                                  
1     00000000  __stack                                                   
1     00000400  __STACK_END                                               
1     00000880  _DevEmuRegs                                               
1     00000a80  _FlashRegs                                                
1     00000ae0  _CsmRegs                                                  
1     00000b00  _AdcMirror                                                
1     00000b20  _XintfRegs                                                
1     00000c00  _CpuTimer0Regs                                            
1     00000c08  _CpuTimer1Regs                                            
1     00000c10  _CpuTimer2Regs                                            
1     00000ce0  _PieCtrlRegs                                              
1     00001000  _DmaRegs                                                  
1     00005000  _McbspaRegs                                               
1     00005040  _McbspbRegs                                               
1     00006000  _ECanaRegs                                                
1     00006040  _ECanaLAMRegs                                             
1     00006080  _ECanaMOTSRegs                                            
1     000060c0  _ECanaMOTORegs                                            
1     00006100  _ECanaMboxes                                              
1     00006200  _ECanbRegs                                                
1     00006240  _ECanbLAMRegs                                             
1     00006280  _ECanbMOTSRegs                                            
1     000062c0  _ECanbMOTORegs                                            
1     00006300  _ECanbMboxes                                              
1     00006800  _EPwm1Regs                                                
1     00006840  _EPwm2Regs                                                
1     00006880  _EPwm3Regs                                                
1     000068c0  _EPwm4Regs                                                
1     00006900  _EPwm5Regs                                                
1     00006940  _EPwm6Regs                                                
1     00006a00  _ECap1Regs                                                
1     00006a20  _ECap2Regs                                                
1     00006a40  _ECap3Regs                                                
1     00006a60  _ECap4Regs                                                
1     00006a80  _ECap5Regs                                                
1     00006aa0  _ECap6Regs                                                
1     00006b00  _EQep1Regs                                                
1     00006b40  _EQep2Regs                                                
1     00006f80  _GpioCtrlRegs                                             
1     00006fc0  _GpioDataRegs                                             
1     00006fe0  _GpioIntRegs                                              
1     00007010  _SysCtrlRegs                                              
1     00007040  _SpiaRegs                                                 
1     00007050  _SciaRegs                                                 
1     00007070  _XIntruptRegs                                             
1     00007100  _AdcRegs                                                  
1     00007750  _ScibRegs                                                 
1     00007770  _ScicRegs                                                 
1     00007900  _I2caRegs                                                 
1     00008000  _ti_sysbios_knl_Task_Instance_State_2_stack__A            
1     00008100  _ti_sysbios_knl_Task_Instance_State_3_stack__A            
1     00008200  _ti_sysbios_knl_Task_Instance_State_0_stack__A            
1     00008600  _ti_sysbios_knl_Task_Instance_State_1_stack__A            
1     0000a600  _gNoteDetected                                            
1     0000a601  _hwicount                                                 
1     0000a602  _gNoteBuffer                                              
1     0000a605  _gFlags                                                   
1     0000a60a  _rfft                                                     
1     0000a640  _RFFTmagBuff                                              
1     0000aa80  _hamming                                                  
1     0000b280  _RFFToutBuff                                              
1     0000ba80  _RFFTF32Coef                                              
1     0000c280  _xdc_runtime_Error_Module__state__V                       
1     0000c282  _ti_sysbios_knl_Task_Module_State_0_idleTask__A           
1     0000c284  _xdc_runtime_Memory_Module__state__V                      
1     0000c286  _xdc_runtime_HeapStd_Module__state__V                     
1     0000c288  ___xdc__init__addr                                        
1     0000c28a  _ti_sysbios_gates_GateHwi_Object__table__V                
1     0000c28c  _xdc_runtime_LoggerBuf_Module__state__V                   
1     0000c290  _xdc_runtime_Text_Module__state__V                        
1     0000c294  _ti_sysbios_family_c28_TimestampProvider_Module__state__V 
1     0000c298  _xdc_runtime_SysMin_Module__state__V                      
1     0000c29c  _xdc_runtime_Startup_Module__state__V                     
1     0000c2a0  _xdc_runtime_System_Module__state__V                      
1     0000c2a4  _xdc_runtime_Registry_Module__state__V                    
1     0000c2a8  _xdc_runtime_HeapStd_Object__table__V                     
1     0000c2ae  _ti_sysbios_family_c28_Timer_Module__state__V             
1     0000c2b6  _xdc_runtime_System_Module_State_0_atexitHandlers__A      
1     0000c2c0  _ti_sysbios_gates_GateMutex_Object__table__V              
1     0000c2ce  _ti_sysbios_family_c28_Hwi_Module__state__V               
1     0000c2de  _ti_sysbios_BIOS_Module__state__V                         
1     0000c300  _xdc_runtime_LoggerBuf_Object__table__V                   
1     0000c312  _ti_sysbios_family_c28_Timer_Object__table__V             
1     0000c340  _ti_sysbios_knl_Semaphore_Object__table__V                
1     0000c35e  _ti_sysbios_knl_Task_Module__state__V                     
1     0000c380  _ti_sysbios_family_c28_Hwi_Object__table__V               
1     0000c3c0  _xdc_runtime_LoggerBuf_Instance_State_0_entryArr__A       
1     0000c400  _ti_sysbios_knl_Task_Module_State_0_readyQ__A             
1     0000c440  _xdc_runtime_SysMin_Module_State_0_outbuf__A              
1     0000c4c0  _ti_sysbios_knl_Task_Object__table__V                     
1     0000c580  _ti_sysbios_family_c28_Hwi_Module_State_0_dispatchTable__A
1     0000c680  _CpuTimer0                                                
1     0000c690  ___TI_enable_exit_profile_output                          
1     0000c692  ___TI_cleanup_ptr                                         
1     0000c694  ___TI_dtors_ptr                                           
1     0000c696  __lock                                                    
1     0000c698  __unlock                                                  
1     0000c69a  _errno                                                    
1     0000c6c0  __CIOBUF_                                                 
1     0000e000  _gRawADCBuffer                                            
1     0000e800  _gAudioBuffer                                             
1     0033fff8  _CsmPwl                                                   
1     00380090  _PartIdRegs                                               
abs   00000001  _xdc_runtime_Startup__EXECFXN__C                          
abs   00000001  _xdc_runtime_Startup__RESETFXN__C                         
abs   00000004  _RamfuncsLoadSize                                         
abs   00000400  __STACK_SIZE                                              
abs   ffffffff  ___TI_pprof_out_hndl                                      
abs   ffffffff  ___TI_prof_data_size                                      
abs   ffffffff  ___TI_prof_data_start                                     
abs   ffffffff  ___binit__                                                
abs   ffffffff  ___c_args__                                               
abs   ffffffff  ___pinit__                                                
abs   ffffffff  binit                                                     
abs   ffffffff  pinit                                                     

[592 symbols]
