<?xml version="1.0"?>
<link_info>
   <banner>TMS320C2000 Linker PC v15.12.3.LTS</banner>
   <copyright>Copyright (c) 1996-2015 Texas Instruments Incorporated</copyright>
   <link_time>0x5a19c33e</link_time>
   <link_errors>0x0</link_errors>
   <output_file>Ocarina_Home_Automation.out</output_file>
   <entry_point>
      <name>_c_int00</name>
      <address>0x301bdf</address>
   </entry_point>
   <input_file_list>
      <input_file id="fl-2">
         <path>.\</path>
         <kind>object</kind>
         <file>main.obj</file>
         <name>main.obj</name>
      </input_file>
      <input_file id="fl-3">
         <path>.\Common\</path>
         <kind>object</kind>
         <file>DSP2833x_ADC_cal.obj</file>
         <name>DSP2833x_ADC_cal.obj</name>
      </input_file>
      <input_file id="fl-4">
         <path>.\Common\</path>
         <kind>object</kind>
         <file>DSP2833x_Adc.obj</file>
         <name>DSP2833x_Adc.obj</name>
      </input_file>
      <input_file id="fl-5">
         <path>.\Common\</path>
         <kind>object</kind>
         <file>DSP2833x_CpuTimers.obj</file>
         <name>DSP2833x_CpuTimers.obj</name>
      </input_file>
      <input_file id="fl-6">
         <path>.\Common\</path>
         <kind>object</kind>
         <file>DSP2833x_DMA.obj</file>
         <name>DSP2833x_DMA.obj</name>
      </input_file>
      <input_file id="fl-7">
         <path>.\Common\</path>
         <kind>object</kind>
         <file>DSP2833x_DefaultIsr.obj</file>
         <name>DSP2833x_DefaultIsr.obj</name>
      </input_file>
      <input_file id="fl-8">
         <path>.\Common\</path>
         <kind>object</kind>
         <file>DSP2833x_EPwm.obj</file>
         <name>DSP2833x_EPwm.obj</name>
      </input_file>
      <input_file id="fl-9">
         <path>.\Common\</path>
         <kind>object</kind>
         <file>DSP2833x_GlobalVariableDefs.obj</file>
         <name>DSP2833x_GlobalVariableDefs.obj</name>
      </input_file>
      <input_file id="fl-a">
         <path>.\Common\</path>
         <kind>object</kind>
         <file>DSP2833x_Gpio.obj</file>
         <name>DSP2833x_Gpio.obj</name>
      </input_file>
      <input_file id="fl-b">
         <path>.\Common\</path>
         <kind>object</kind>
         <file>DSP2833x_I2C.obj</file>
         <name>DSP2833x_I2C.obj</name>
      </input_file>
      <input_file id="fl-c">
         <path>.\Common\</path>
         <kind>object</kind>
         <file>DSP2833x_Mcbsp.obj</file>
         <name>DSP2833x_Mcbsp.obj</name>
      </input_file>
      <input_file id="fl-d">
         <path>.\Common\</path>
         <kind>object</kind>
         <file>DSP2833x_MemCopy.obj</file>
         <name>DSP2833x_MemCopy.obj</name>
      </input_file>
      <input_file id="fl-e">
         <path>.\Common\</path>
         <kind>object</kind>
         <file>DSP2833x_Sci.obj</file>
         <name>DSP2833x_Sci.obj</name>
      </input_file>
      <input_file id="fl-f">
         <path>.\Common\</path>
         <kind>object</kind>
         <file>DSP2833x_Spi.obj</file>
         <name>DSP2833x_Spi.obj</name>
      </input_file>
      <input_file id="fl-10">
         <path>.\Common\</path>
         <kind>object</kind>
         <file>DSP2833x_SysCtrl.obj</file>
         <name>DSP2833x_SysCtrl.obj</name>
      </input_file>
      <input_file id="fl-11">
         <path>.\Common\</path>
         <kind>object</kind>
         <file>DSP2833x_Xintf.obj</file>
         <name>DSP2833x_Xintf.obj</name>
      </input_file>
      <input_file id="fl-12">
         <path>.\Common\</path>
         <kind>object</kind>
         <file>DSP2833x_usDelay.obj</file>
         <name>DSP2833x_usDelay.obj</name>
      </input_file>
      <input_file id="fl-13">
         <path>.\EEL4511 Libraries\src\</path>
         <kind>object</kind>
         <file>EEL4511_ADC.obj</file>
         <name>EEL4511_ADC.obj</name>
      </input_file>
      <input_file id="fl-14">
         <path>.\EEL4511 Libraries\src\</path>
         <kind>object</kind>
         <file>EEL4511_CircBuff.obj</file>
         <name>EEL4511_CircBuff.obj</name>
      </input_file>
      <input_file id="fl-15">
         <path>.\EEL4511 Libraries\src\</path>
         <kind>object</kind>
         <file>EEL4511_DAC.obj</file>
         <name>EEL4511_DAC.obj</name>
      </input_file>
      <input_file id="fl-16">
         <path>.\EEL4511 Libraries\src\</path>
         <kind>object</kind>
         <file>EEL4511_GPIO.obj</file>
         <name>EEL4511_GPIO.obj</name>
      </input_file>
      <input_file id="fl-17">
         <path>.\EEL4511 Libraries\src\</path>
         <kind>object</kind>
         <file>EEL4511_LCD.obj</file>
         <name>EEL4511_LCD.obj</name>
      </input_file>
      <input_file id="fl-18">
         <path>.\EEL4511 Libraries\src\</path>
         <kind>object</kind>
         <file>EEL4511_MISC.obj</file>
         <name>EEL4511_MISC.obj</name>
      </input_file>
      <input_file id="fl-19">
         <path>.\EEL4511 Libraries\src\</path>
         <kind>object</kind>
         <file>EEL4511_SRAM.obj</file>
         <name>EEL4511_SRAM.obj</name>
      </input_file>
      <input_file id="fl-1a">
         <path>.\EEL4511 Libraries\src\</path>
         <kind>object</kind>
         <file>OneToOneI2CDriver.obj</file>
         <name>OneToOneI2CDriver.obj</name>
      </input_file>
      <input_file id="fl-1b">
         <path>.\EEL4511 Libraries\src\</path>
         <kind>object</kind>
         <file>USARTinit.obj</file>
         <name>USARTinit.obj</name>
      </input_file>
      <input_file id="fl-1c">
         <path>.\EEL4511 Libraries\src\</path>
         <kind>object</kind>
         <file>actuatorControl.obj</file>
         <name>actuatorControl.obj</name>
      </input_file>
      <input_file id="fl-1d">
         <path>.\RFFT\</path>
         <kind>object</kind>
         <file>RFFT_adc_f32.obj</file>
         <name>RFFT_adc_f32.obj</name>
      </input_file>
      <input_file id="fl-1e">
         <path>.\RFFT\</path>
         <kind>object</kind>
         <file>RFFT_adc_f32u.obj</file>
         <name>RFFT_adc_f32u.obj</name>
      </input_file>
      <input_file id="fl-1f">
         <path>.\RFFT\</path>
         <kind>object</kind>
         <file>RFFT_f32.obj</file>
         <name>RFFT_f32.obj</name>
      </input_file>
      <input_file id="fl-20">
         <path>.\RFFT\</path>
         <kind>object</kind>
         <file>RFFT_f32_mag.obj</file>
         <name>RFFT_f32_mag.obj</name>
      </input_file>
      <input_file id="fl-21">
         <path>.\RFFT\</path>
         <kind>object</kind>
         <file>RFFT_f32_phase.obj</file>
         <name>RFFT_f32_phase.obj</name>
      </input_file>
      <input_file id="fl-22">
         <path>.\RFFT\</path>
         <kind>object</kind>
         <file>RFFT_f32_sincostable.obj</file>
         <name>RFFT_f32_sincostable.obj</name>
      </input_file>
      <input_file id="fl-23">
         <path>.\RFFT\</path>
         <kind>object</kind>
         <file>RFFT_f32s_mag.obj</file>
         <name>RFFT_f32s_mag.obj</name>
      </input_file>
      <input_file id="fl-24">
         <path>.\RFFT\</path>
         <kind>object</kind>
         <file>RFFT_f32u.obj</file>
         <name>RFFT_f32u.obj</name>
      </input_file>
      <input_file id="fl-28">
         <path>C:\Users\Adrian\workspace_v6_2\Ocarina_Home_Automation\Debug\configPkg\package\cfg\</path>
         <kind>object</kind>
         <file>app_p28FP.o28FP</file>
         <name>app_p28FP.o28FP</name>
      </input_file>
      <input_file id="fl-30">
         <path>C:\Users\Adrian\workspace_v6_2\Ocarina_Home_Automation\src\sysbios\</path>
         <kind>archive</kind>
         <file>sysbios.a28FP</file>
         <name>BIOS.obj</name>
      </input_file>
      <input_file id="fl-31">
         <path>C:\Users\Adrian\workspace_v6_2\Ocarina_Home_Automation\src\sysbios\</path>
         <kind>archive</kind>
         <file>sysbios.a28FP</file>
         <name>c28_Hwi_asm.obj</name>
      </input_file>
      <input_file id="fl-32">
         <path>C:\Users\Adrian\workspace_v6_2\Ocarina_Home_Automation\src\sysbios\</path>
         <kind>archive</kind>
         <file>sysbios.a28FP</file>
         <name>c28_Hwi_disp_asm.obj</name>
      </input_file>
      <input_file id="fl-33">
         <path>C:\Users\Adrian\workspace_v6_2\Ocarina_Home_Automation\src\sysbios\</path>
         <kind>archive</kind>
         <file>sysbios.a28FP</file>
         <name>c28_IntrinsicsSupport_asm.obj</name>
      </input_file>
      <input_file id="fl-34">
         <path>C:\Users\Adrian\workspace_v6_2\Ocarina_Home_Automation\src\sysbios\</path>
         <kind>archive</kind>
         <file>sysbios.a28FP</file>
         <name>c28_TaskSupport_asm.obj</name>
      </input_file>
      <input_file id="fl-35">
         <path>C:\ti\bios_6_45_01_29\packages\ti\catalog\c2800\init\lib\</path>
         <kind>archive</kind>
         <file>Boot.a28FP</file>
         <name>Boot.o28FP</name>
      </input_file>
      <input_file id="fl-36">
         <path>C:\ti\bios_6_45_01_29\packages\ti\catalog\c2800\init\lib\</path>
         <kind>archive</kind>
         <file>Boot.a28FP</file>
         <name>Boot_asm.o28FP</name>
      </input_file>
      <input_file id="fl-37">
         <path>C:\ti\bios_6_45_01_29\packages\ti\targets\rts2800\lib\</path>
         <kind>archive</kind>
         <file>ti.targets.rts2800.a28FP</file>
         <name>Assert.o28FP</name>
      </input_file>
      <input_file id="fl-38">
         <path>C:\ti\bios_6_45_01_29\packages\ti\targets\rts2800\lib\</path>
         <kind>archive</kind>
         <file>ti.targets.rts2800.a28FP</file>
         <name>Core-smem.o28FP</name>
      </input_file>
      <input_file id="fl-39">
         <path>C:\ti\bios_6_45_01_29\packages\ti\targets\rts2800\lib\</path>
         <kind>archive</kind>
         <file>ti.targets.rts2800.a28FP</file>
         <name>Core-label.o28FP</name>
      </input_file>
      <input_file id="fl-3a">
         <path>C:\ti\bios_6_45_01_29\packages\ti\targets\rts2800\lib\</path>
         <kind>archive</kind>
         <file>ti.targets.rts2800.a28FP</file>
         <name>Core-params.o28FP</name>
      </input_file>
      <input_file id="fl-3b">
         <path>C:\ti\bios_6_45_01_29\packages\ti\targets\rts2800\lib\</path>
         <kind>archive</kind>
         <file>ti.targets.rts2800.a28FP</file>
         <name>Error.o28FP</name>
      </input_file>
      <input_file id="fl-3c">
         <path>C:\ti\bios_6_45_01_29\packages\ti\targets\rts2800\lib\</path>
         <kind>archive</kind>
         <file>ti.targets.rts2800.a28FP</file>
         <name>Gate.o28FP</name>
      </input_file>
      <input_file id="fl-3d">
         <path>C:\ti\bios_6_45_01_29\packages\ti\targets\rts2800\lib\</path>
         <kind>archive</kind>
         <file>ti.targets.rts2800.a28FP</file>
         <name>HeapStd.o28FP</name>
      </input_file>
      <input_file id="fl-3e">
         <path>C:\ti\bios_6_45_01_29\packages\ti\targets\rts2800\lib\</path>
         <kind>archive</kind>
         <file>ti.targets.rts2800.a28FP</file>
         <name>LoggerBuf.o28FP</name>
      </input_file>
      <input_file id="fl-3f">
         <path>C:\ti\bios_6_45_01_29\packages\ti\targets\rts2800\lib\</path>
         <kind>archive</kind>
         <file>ti.targets.rts2800.a28FP</file>
         <name>Memory.o28FP</name>
      </input_file>
      <input_file id="fl-40">
         <path>C:\ti\bios_6_45_01_29\packages\ti\targets\rts2800\lib\</path>
         <kind>archive</kind>
         <file>ti.targets.rts2800.a28FP</file>
         <name>Startup.o28FP</name>
      </input_file>
      <input_file id="fl-41">
         <path>C:\ti\bios_6_45_01_29\packages\ti\targets\rts2800\lib\</path>
         <kind>archive</kind>
         <file>ti.targets.rts2800.a28FP</file>
         <name>System.o28FP</name>
      </input_file>
      <input_file id="fl-42">
         <path>C:\ti\bios_6_45_01_29\packages\ti\targets\rts2800\lib\</path>
         <kind>archive</kind>
         <file>ti.targets.rts2800.a28FP</file>
         <name>SysMin.o28FP</name>
      </input_file>
      <input_file id="fl-43">
         <path>C:\ti\bios_6_45_01_29\packages\ti\targets\rts2800\lib\</path>
         <kind>archive</kind>
         <file>ti.targets.rts2800.a28FP</file>
         <name>Text.o28FP</name>
      </input_file>
      <input_file id="fl-44">
         <path>C:\ti\bios_6_45_01_29\packages\ti\targets\rts2800\lib\</path>
         <kind>archive</kind>
         <file>ti.targets.rts2800.a28FP</file>
         <name>xdc_noinit.o28FP</name>
      </input_file>
      <input_file id="fl-45">
         <path>C:\ti\bios_6_45_01_29\packages\ti\targets\rts2800\lib\</path>
         <kind>archive</kind>
         <file>ti.targets.rts2800.a28FP</file>
         <name>Log.o28FP</name>
      </input_file>
      <input_file id="fl-46">
         <path>C:\ti\bios_6_45_01_29\packages\ti\targets\rts2800\lib\</path>
         <kind>archive</kind>
         <file>ti.targets.rts2800.a28FP</file>
         <name>Registry.o28FP</name>
      </input_file>
      <input_file id="fl-47">
         <path>C:\ti\bios_6_45_01_29\packages\ti\targets\rts2800\lib\</path>
         <kind>archive</kind>
         <file>boot.a28FP</file>
         <name>boot_cg.o28FP</name>
      </input_file>
      <input_file id="fl-4d">
         <path>C:\ti\ccsv6\tools\compiler\c2000_15.12.3.LTS\lib\</path>
         <kind>archive</kind>
         <file>rts2800_fpu32.lib</file>
         <name>_lock.obj</name>
      </input_file>
      <input_file id="fl-4e">
         <path>C:\ti\ccsv6\tools\compiler\c2000_15.12.3.LTS\lib\</path>
         <kind>archive</kind>
         <file>rts2800_fpu32.lib</file>
         <name>args_main.obj</name>
      </input_file>
      <input_file id="fl-4f">
         <path>C:\ti\ccsv6\tools\compiler\c2000_15.12.3.LTS\lib\</path>
         <kind>archive</kind>
         <file>rts2800_fpu32.lib</file>
         <name>cpy_tbl.obj</name>
      </input_file>
      <input_file id="fl-50">
         <path>C:\ti\ccsv6\tools\compiler\c2000_15.12.3.LTS\lib\</path>
         <kind>archive</kind>
         <file>rts2800_fpu32.lib</file>
         <name>cpy_utils.obj</name>
      </input_file>
      <input_file id="fl-51">
         <path>C:\ti\ccsv6\tools\compiler\c2000_15.12.3.LTS\lib\</path>
         <kind>archive</kind>
         <file>rts2800_fpu32.lib</file>
         <name>e_atan2f.obj</name>
      </input_file>
      <input_file id="fl-52">
         <path>C:\ti\ccsv6\tools\compiler\c2000_15.12.3.LTS\lib\</path>
         <kind>archive</kind>
         <file>rts2800_fpu32.lib</file>
         <name>e_sqrtf.obj</name>
      </input_file>
      <input_file id="fl-53">
         <path>C:\ti\ccsv6\tools\compiler\c2000_15.12.3.LTS\lib\</path>
         <kind>archive</kind>
         <file>rts2800_fpu32.lib</file>
         <name>errno.obj</name>
      </input_file>
      <input_file id="fl-54">
         <path>C:\ti\ccsv6\tools\compiler\c2000_15.12.3.LTS\lib\</path>
         <kind>archive</kind>
         <file>rts2800_fpu32.lib</file>
         <name>exit.obj</name>
      </input_file>
      <input_file id="fl-55">
         <path>C:\ti\ccsv6\tools\compiler\c2000_15.12.3.LTS\lib\</path>
         <kind>archive</kind>
         <file>rts2800_fpu32.lib</file>
         <name>fd_mpy.obj</name>
      </input_file>
      <input_file id="fl-56">
         <path>C:\ti\ccsv6\tools\compiler\c2000_15.12.3.LTS\lib\</path>
         <kind>archive</kind>
         <file>rts2800_fpu32.lib</file>
         <name>fd_tofs.obj</name>
      </input_file>
      <input_file id="fl-57">
         <path>C:\ti\ccsv6\tools\compiler\c2000_15.12.3.LTS\lib\</path>
         <kind>archive</kind>
         <file>rts2800_fpu32.lib</file>
         <name>fs_div.obj</name>
      </input_file>
      <input_file id="fl-58">
         <path>C:\ti\ccsv6\tools\compiler\c2000_15.12.3.LTS\lib\</path>
         <kind>archive</kind>
         <file>rts2800_fpu32.lib</file>
         <name>fs_tofd.obj</name>
      </input_file>
      <input_file id="fl-59">
         <path>C:\ti\ccsv6\tools\compiler\c2000_15.12.3.LTS\lib\</path>
         <kind>archive</kind>
         <file>rts2800_fpu32.lib</file>
         <name>ll_div.obj</name>
      </input_file>
      <input_file id="fl-5a">
         <path>C:\ti\ccsv6\tools\compiler\c2000_15.12.3.LTS\lib\</path>
         <kind>archive</kind>
         <file>rts2800_fpu32.lib</file>
         <name>memcmp.obj</name>
      </input_file>
      <input_file id="fl-5b">
         <path>C:\ti\ccsv6\tools\compiler\c2000_15.12.3.LTS\lib\</path>
         <kind>archive</kind>
         <file>rts2800_fpu32.lib</file>
         <name>memcpy.obj</name>
      </input_file>
      <input_file id="fl-5c">
         <path>C:\ti\ccsv6\tools\compiler\c2000_15.12.3.LTS\lib\</path>
         <kind>archive</kind>
         <file>rts2800_fpu32.lib</file>
         <name>memset.obj</name>
      </input_file>
      <input_file id="fl-5d">
         <path>C:\ti\ccsv6\tools\compiler\c2000_15.12.3.LTS\lib\</path>
         <kind>archive</kind>
         <file>rts2800_fpu32.lib</file>
         <name>s_atanf.obj</name>
      </input_file>
      <input_file id="fl-5e">
         <path>C:\ti\ccsv6\tools\compiler\c2000_15.12.3.LTS\lib\</path>
         <kind>archive</kind>
         <file>rts2800_fpu32.lib</file>
         <name>s_cosf.obj</name>
      </input_file>
      <input_file id="fl-5f">
         <path>C:\ti\ccsv6\tools\compiler\c2000_15.12.3.LTS\lib\</path>
         <kind>archive</kind>
         <file>rts2800_fpu32.lib</file>
         <name>s_sinf.obj</name>
      </input_file>
      <input_file id="fl-60">
         <path>C:\ti\ccsv6\tools\compiler\c2000_15.12.3.LTS\lib\</path>
         <kind>archive</kind>
         <file>rts2800_fpu32.lib</file>
         <name>strcmp.obj</name>
      </input_file>
      <input_file id="fl-61">
         <path>C:\ti\ccsv6\tools\compiler\c2000_15.12.3.LTS\lib\</path>
         <kind>archive</kind>
         <file>rts2800_fpu32.lib</file>
         <name>strcpy.obj</name>
      </input_file>
      <input_file id="fl-62">
         <path>C:\ti\ccsv6\tools\compiler\c2000_15.12.3.LTS\lib\</path>
         <kind>archive</kind>
         <file>rts2800_fpu32.lib</file>
         <name>strlen.obj</name>
      </input_file>
      <input_file id="fl-63">
         <path>C:\ti\ccsv6\tools\compiler\c2000_15.12.3.LTS\lib\</path>
         <kind>archive</kind>
         <file>rts2800_fpu32.lib</file>
         <name>trgdrv.obj</name>
      </input_file>
      <input_file id="fl-64">
         <path>C:\ti\ccsv6\tools\compiler\c2000_15.12.3.LTS\lib\</path>
         <kind>archive</kind>
         <file>rts2800_fpu32.lib</file>
         <name>trgmsg.obj</name>
      </input_file>
   </input_file_list>
   <object_component_list>
      <object_component id="oc-f7">
         <name>PieVectTableFile</name>
         <uninitialized>true</uninitialized>
         <run_address>0xd00</run_address>
         <size>0x100</size>
         <input_file_ref idref="fl-9"/>
      </object_component>
      <object_component id="oc-f3">
         <name>DevEmuRegsFile</name>
         <uninitialized>true</uninitialized>
         <run_address>0x880</run_address>
         <size>0xd0</size>
         <input_file_ref idref="fl-9"/>
      </object_component>
      <object_component id="oc-c9">
         <name>FlashRegsFile</name>
         <uninitialized>true</uninitialized>
         <run_address>0xa80</run_address>
         <size>0x8</size>
         <input_file_ref idref="fl-9"/>
      </object_component>
      <object_component id="oc-d1">
         <name>CsmRegsFile</name>
         <uninitialized>true</uninitialized>
         <run_address>0xae0</run_address>
         <size>0x10</size>
         <input_file_ref idref="fl-9"/>
      </object_component>
      <object_component id="oc-d2">
         <name>AdcMirrorFile</name>
         <uninitialized>true</uninitialized>
         <run_address>0xb00</run_address>
         <size>0x10</size>
         <input_file_ref idref="fl-9"/>
      </object_component>
      <object_component id="oc-d6">
         <name>XintfRegsFile</name>
         <uninitialized>true</uninitialized>
         <run_address>0xb20</run_address>
         <size>0x1e</size>
         <input_file_ref idref="fl-9"/>
      </object_component>
      <object_component id="oc-ca">
         <name>CpuTimer0RegsFile</name>
         <uninitialized>true</uninitialized>
         <run_address>0xc00</run_address>
         <size>0x8</size>
         <input_file_ref idref="fl-9"/>
      </object_component>
      <object_component id="oc-cb">
         <name>CpuTimer1RegsFile</name>
         <uninitialized>true</uninitialized>
         <run_address>0xc08</run_address>
         <size>0x8</size>
         <input_file_ref idref="fl-9"/>
      </object_component>
      <object_component id="oc-c7">
         <name>CpuTimer2RegsFile</name>
         <uninitialized>true</uninitialized>
         <run_address>0xc10</run_address>
         <size>0x8</size>
         <input_file_ref idref="fl-9"/>
      </object_component>
      <object_component id="oc-d4">
         <name>PieCtrlRegsFile</name>
         <uninitialized>true</uninitialized>
         <run_address>0xce0</run_address>
         <size>0x1a</size>
         <input_file_ref idref="fl-9"/>
      </object_component>
      <object_component id="oc-f4">
         <name>DmaRegsFile</name>
         <uninitialized>true</uninitialized>
         <run_address>0x1000</run_address>
         <size>0xe0</size>
         <input_file_ref idref="fl-9"/>
      </object_component>
      <object_component id="oc-e7">
         <name>McbspaRegsFile</name>
         <uninitialized>true</uninitialized>
         <run_address>0x5000</run_address>
         <size>0x25</size>
         <input_file_ref idref="fl-9"/>
      </object_component>
      <object_component id="oc-e6">
         <name>McbspbRegsFile</name>
         <uninitialized>true</uninitialized>
         <run_address>0x5040</run_address>
         <size>0x25</size>
         <input_file_ref idref="fl-9"/>
      </object_component>
      <object_component id="oc-e9">
         <name>ECanaRegsFile</name>
         <uninitialized>true</uninitialized>
         <run_address>0x6000</run_address>
         <size>0x34</size>
         <input_file_ref idref="fl-9"/>
      </object_component>
      <object_component id="oc-ed">
         <name>ECanaLAMRegsFile</name>
         <uninitialized>true</uninitialized>
         <run_address>0x6040</run_address>
         <size>0x40</size>
         <input_file_ref idref="fl-9"/>
      </object_component>
      <object_component id="oc-f6">
         <name>ECanaMboxesFile</name>
         <uninitialized>true</uninitialized>
         <run_address>0x6100</run_address>
         <size>0x100</size>
         <input_file_ref idref="fl-9"/>
      </object_component>
      <object_component id="oc-ee">
         <name>ECanaMOTSRegsFile</name>
         <uninitialized>true</uninitialized>
         <run_address>0x6080</run_address>
         <size>0x40</size>
         <input_file_ref idref="fl-9"/>
      </object_component>
      <object_component id="oc-eb">
         <name>ECanaMOTORegsFile</name>
         <uninitialized>true</uninitialized>
         <run_address>0x60c0</run_address>
         <size>0x40</size>
         <input_file_ref idref="fl-9"/>
      </object_component>
      <object_component id="oc-ea">
         <name>ECanbRegsFile</name>
         <uninitialized>true</uninitialized>
         <run_address>0x6200</run_address>
         <size>0x34</size>
         <input_file_ref idref="fl-9"/>
      </object_component>
      <object_component id="oc-f2">
         <name>ECanbLAMRegsFile</name>
         <uninitialized>true</uninitialized>
         <run_address>0x6240</run_address>
         <size>0x40</size>
         <input_file_ref idref="fl-9"/>
      </object_component>
      <object_component id="oc-f5">
         <name>ECanbMboxesFile</name>
         <uninitialized>true</uninitialized>
         <run_address>0x6300</run_address>
         <size>0x100</size>
         <input_file_ref idref="fl-9"/>
      </object_component>
      <object_component id="oc-ec">
         <name>ECanbMOTSRegsFile</name>
         <uninitialized>true</uninitialized>
         <run_address>0x6280</run_address>
         <size>0x40</size>
         <input_file_ref idref="fl-9"/>
      </object_component>
      <object_component id="oc-ef">
         <name>ECanbMOTORegsFile</name>
         <uninitialized>true</uninitialized>
         <run_address>0x62c0</run_address>
         <size>0x40</size>
         <input_file_ref idref="fl-9"/>
      </object_component>
      <object_component id="oc-e4">
         <name>EPwm1RegsFile</name>
         <uninitialized>true</uninitialized>
         <run_address>0x6800</run_address>
         <size>0x22</size>
         <input_file_ref idref="fl-9"/>
      </object_component>
      <object_component id="oc-df">
         <name>EPwm2RegsFile</name>
         <uninitialized>true</uninitialized>
         <run_address>0x6840</run_address>
         <size>0x22</size>
         <input_file_ref idref="fl-9"/>
      </object_component>
      <object_component id="oc-e0">
         <name>EPwm3RegsFile</name>
         <uninitialized>true</uninitialized>
         <run_address>0x6880</run_address>
         <size>0x22</size>
         <input_file_ref idref="fl-9"/>
      </object_component>
      <object_component id="oc-e5">
         <name>EPwm4RegsFile</name>
         <uninitialized>true</uninitialized>
         <run_address>0x68c0</run_address>
         <size>0x22</size>
         <input_file_ref idref="fl-9"/>
      </object_component>
      <object_component id="oc-e2">
         <name>EPwm5RegsFile</name>
         <uninitialized>true</uninitialized>
         <run_address>0x6900</run_address>
         <size>0x22</size>
         <input_file_ref idref="fl-9"/>
      </object_component>
      <object_component id="oc-e3">
         <name>EPwm6RegsFile</name>
         <uninitialized>true</uninitialized>
         <run_address>0x6940</run_address>
         <size>0x22</size>
         <input_file_ref idref="fl-9"/>
      </object_component>
      <object_component id="oc-d9">
         <name>ECap1RegsFile</name>
         <uninitialized>true</uninitialized>
         <run_address>0x6a00</run_address>
         <size>0x20</size>
         <input_file_ref idref="fl-9"/>
      </object_component>
      <object_component id="oc-da">
         <name>ECap2RegsFile</name>
         <uninitialized>true</uninitialized>
         <run_address>0x6a20</run_address>
         <size>0x20</size>
         <input_file_ref idref="fl-9"/>
      </object_component>
      <object_component id="oc-d7">
         <name>ECap3RegsFile</name>
         <uninitialized>true</uninitialized>
         <run_address>0x6a40</run_address>
         <size>0x20</size>
         <input_file_ref idref="fl-9"/>
      </object_component>
      <object_component id="oc-d8">
         <name>ECap4RegsFile</name>
         <uninitialized>true</uninitialized>
         <run_address>0x6a60</run_address>
         <size>0x20</size>
         <input_file_ref idref="fl-9"/>
      </object_component>
      <object_component id="oc-dd">
         <name>ECap5RegsFile</name>
         <uninitialized>true</uninitialized>
         <run_address>0x6a80</run_address>
         <size>0x20</size>
         <input_file_ref idref="fl-9"/>
      </object_component>
      <object_component id="oc-de">
         <name>ECap6RegsFile</name>
         <uninitialized>true</uninitialized>
         <run_address>0x6aa0</run_address>
         <size>0x20</size>
         <input_file_ref idref="fl-9"/>
      </object_component>
      <object_component id="oc-f0">
         <name>EQep1RegsFile</name>
         <uninitialized>true</uninitialized>
         <run_address>0x6b00</run_address>
         <size>0x40</size>
         <input_file_ref idref="fl-9"/>
      </object_component>
      <object_component id="oc-f1">
         <name>EQep2RegsFile</name>
         <uninitialized>true</uninitialized>
         <run_address>0x6b40</run_address>
         <size>0x40</size>
         <input_file_ref idref="fl-9"/>
      </object_component>
      <object_component id="oc-e8">
         <name>GpioCtrlRegsFile</name>
         <uninitialized>true</uninitialized>
         <run_address>0x6f80</run_address>
         <size>0x2e</size>
         <input_file_ref idref="fl-9"/>
      </object_component>
      <object_component id="oc-db">
         <name>GpioDataRegsFile</name>
         <uninitialized>true</uninitialized>
         <run_address>0x6fc0</run_address>
         <size>0x20</size>
         <input_file_ref idref="fl-9"/>
      </object_component>
      <object_component id="oc-cc">
         <name>GpioIntRegsFile</name>
         <uninitialized>true</uninitialized>
         <run_address>0x6fe0</run_address>
         <size>0xa</size>
         <input_file_ref idref="fl-9"/>
      </object_component>
      <object_component id="oc-dc">
         <name>SysCtrlRegsFile</name>
         <uninitialized>true</uninitialized>
         <run_address>0x7010</run_address>
         <size>0x20</size>
         <input_file_ref idref="fl-9"/>
      </object_component>
      <object_component id="oc-cd">
         <name>SpiaRegsFile</name>
         <uninitialized>true</uninitialized>
         <run_address>0x7040</run_address>
         <size>0x10</size>
         <input_file_ref idref="fl-9"/>
      </object_component>
      <object_component id="oc-d0">
         <name>SciaRegsFile</name>
         <uninitialized>true</uninitialized>
         <run_address>0x7050</run_address>
         <size>0x10</size>
         <input_file_ref idref="fl-9"/>
      </object_component>
      <object_component id="oc-d3">
         <name>XIntruptRegsFile</name>
         <uninitialized>true</uninitialized>
         <run_address>0x7070</run_address>
         <size>0x10</size>
         <input_file_ref idref="fl-9"/>
      </object_component>
      <object_component id="oc-d5">
         <name>AdcRegsFile</name>
         <uninitialized>true</uninitialized>
         <run_address>0x7100</run_address>
         <size>0x1e</size>
         <input_file_ref idref="fl-9"/>
      </object_component>
      <object_component id="oc-ce">
         <name>ScibRegsFile</name>
         <uninitialized>true</uninitialized>
         <run_address>0x7750</run_address>
         <size>0x10</size>
         <input_file_ref idref="fl-9"/>
      </object_component>
      <object_component id="oc-cf">
         <name>ScicRegsFile</name>
         <uninitialized>true</uninitialized>
         <run_address>0x7770</run_address>
         <size>0x10</size>
         <input_file_ref idref="fl-9"/>
      </object_component>
      <object_component id="oc-e1">
         <name>I2caRegsFile</name>
         <uninitialized>true</uninitialized>
         <run_address>0x7900</run_address>
         <size>0x22</size>
         <input_file_ref idref="fl-9"/>
      </object_component>
      <object_component id="oc-c8">
         <name>CsmPwlFile</name>
         <uninitialized>true</uninitialized>
         <run_address>0x33fff8</run_address>
         <size>0x8</size>
         <input_file_ref idref="fl-9"/>
      </object_component>
      <object_component id="oc-c6">
         <name>PartIdRegsFile</name>
         <uninitialized>true</uninitialized>
         <run_address>0x380090</run_address>
         <size>0x1</size>
         <input_file_ref idref="fl-9"/>
      </object_component>
      <object_component id="oc-182">
         <name>.cinit</name>
         <load_address>0x3037c4</load_address>
         <run_address>0x3037c4</run_address>
         <size>0x309</size>
         <input_file_ref idref="fl-28"/>
      </object_component>
      <object_component id="oc-4e">
         <name>.cinit</name>
         <load_address>0x303acd</load_address>
         <run_address>0x303acd</run_address>
         <size>0x23</size>
         <input_file_ref idref="fl-2"/>
      </object_component>
      <object_component id="oc-217">
         <name>.cinit</name>
         <load_address>0x303af0</load_address>
         <run_address>0x303af0</run_address>
         <size>0xe</size>
         <input_file_ref idref="fl-54"/>
      </object_component>
      <object_component id="oc-2e5">
         <name>.cinit:__lock</name>
         <load_address>0x303afe</load_address>
         <run_address>0x303afe</run_address>
         <size>0x5</size>
         <input_file_ref idref="fl-4d"/>
      </object_component>
      <object_component id="oc-2e6">
         <name>.cinit:__unlock</name>
         <load_address>0x303b03</load_address>
         <run_address>0x303b03</run_address>
         <size>0x5</size>
         <input_file_ref idref="fl-4d"/>
      </object_component>
      <object_component id="oc-213">
         <name>.cinit</name>
         <load_address>0x303b08</load_address>
         <run_address>0x303b08</run_address>
         <size>0x4</size>
         <input_file_ref idref="fl-53"/>
      </object_component>
      <object_component id="oc-387">
         <name>.text</name>
         <load_address>0x300000</load_address>
         <run_address>0x300000</run_address>
         <size>0x27c</size>
         <input_file_ref idref="fl-63"/>
      </object_component>
      <object_component id="oc-339">
         <name>.text:_xdc_runtime_System_doPrint__I</name>
         <load_address>0x30027c</load_address>
         <run_address>0x30027c</run_address>
         <size>0x25f</size>
         <input_file_ref idref="fl-41"/>
      </object_component>
      <object_component id="oc-283">
         <name>.text:_BufferProcessingTask</name>
         <load_address>0x3004db</load_address>
         <run_address>0x3004db</run_address>
         <size>0x171</size>
         <input_file_ref idref="fl-2"/>
      </object_component>
      <object_component id="oc-2b3">
         <name>.text:_ti_sysbios_knl_Semaphore_pend__E</name>
         <load_address>0x30064c</load_address>
         <run_address>0x30064c</run_address>
         <size>0x171</size>
         <input_file_ref idref="fl-30"/>
      </object_component>
      <object_component id="oc-2db">
         <name>.text:_free</name>
         <load_address>0x3007bd</load_address>
         <run_address>0x3007bd</run_address>
         <size>0x1</size>
         <input_file_ref idref="fl-28"/>
      </object_component>
      <object_component id="oc-159">
         <name>.text</name>
         <load_address>0x3007be</load_address>
         <run_address>0x3007be</run_address>
         <size>0x138</size>
         <input_file_ref idref="fl-1d"/>
      </object_component>
      <object_component id="oc-163">
         <name>.text</name>
         <load_address>0x3008f6</load_address>
         <run_address>0x3008f6</run_address>
         <size>0x11d</size>
         <input_file_ref idref="fl-1f"/>
      </object_component>
      <object_component id="oc-231">
         <name>.text</name>
         <load_address>0x300a13</load_address>
         <run_address>0x300a13</run_address>
         <size>0x107</size>
         <input_file_ref idref="fl-59"/>
      </object_component>
      <object_component id="oc-297">
         <name>.text:_xdc_runtime_HeapStd_alloc__E</name>
         <load_address>0x300b1a</load_address>
         <run_address>0x300b1a</run_address>
         <size>0xf7</size>
         <input_file_ref idref="fl-3d"/>
      </object_component>
      <object_component id="oc-32e">
         <name>.text:_ti_sysbios_family_c28_Hwi_clearInterrupt__E</name>
         <load_address>0x300c11</load_address>
         <run_address>0x300c11</run_address>
         <size>0xe2</size>
         <input_file_ref idref="fl-30"/>
      </object_component>
      <object_component id="oc-2ad">
         <name>.text:_xdc_runtime_LoggerBuf_write8__E</name>
         <load_address>0x300cf3</load_address>
         <run_address>0x300cf3</run_address>
         <size>0xdf</size>
         <input_file_ref idref="fl-3e"/>
      </object_component>
      <object_component id="oc-276">
         <name>.text</name>
         <load_address>0x300dd2</load_address>
         <run_address>0x300dd2</run_address>
         <size>0xd4</size>
         <input_file_ref idref="fl-51"/>
      </object_component>
      <object_component id="oc-284">
         <name>.text:_SongCompareTask</name>
         <load_address>0x300ea6</load_address>
         <run_address>0x300ea6</run_address>
         <size>0xcc</size>
         <input_file_ref idref="fl-2"/>
      </object_component>
      <object_component id="oc-291">
         <name>.text</name>
         <load_address>0x300f72</load_address>
         <run_address>0x300f72</run_address>
         <size>0xc9</size>
         <input_file_ref idref="fl-5d"/>
      </object_component>
      <object_component id="oc-372">
         <name>.text:_xdc_runtime_System_printfExtend__I</name>
         <load_address>0x30103b</load_address>
         <run_address>0x30103b</run_address>
         <size>0xc0</size>
         <input_file_ref idref="fl-28"/>
      </object_component>
      <object_component id="oc-39c">
         <name>.text:_ti_sysbios_family_c28_Hwi_dispatchZero</name>
         <load_address>0x3010fb</load_address>
         <run_address>0x3010fb</run_address>
         <size>0xaf</size>
         <input_file_ref idref="fl-32"/>
      </object_component>
      <object_component id="oc-30b">
         <name>.text:_xdc_runtime_Error_policyDefault__E</name>
         <load_address>0x3011aa</load_address>
         <run_address>0x3011aa</run_address>
         <size>0xa5</size>
         <input_file_ref idref="fl-3b"/>
      </object_component>
      <object_component id="oc-2ee">
         <name>.text:_ti_sysbios_BIOS_nullFunc__I</name>
         <load_address>0x30124f</load_address>
         <run_address>0x30124f</run_address>
         <size>0x1</size>
         <input_file_ref idref="fl-28"/>
      </object_component>
      <object_component id="oc-15e">
         <name>.text</name>
         <load_address>0x301250</load_address>
         <run_address>0x301250</run_address>
         <size>0x9e</size>
         <input_file_ref idref="fl-1e"/>
      </object_component>
      <object_component id="oc-2ac">
         <name>.text:_xdc_runtime_LoggerBuf_write4__E</name>
         <load_address>0x3012ee</load_address>
         <run_address>0x3012ee</run_address>
         <size>0x95</size>
         <input_file_ref idref="fl-3e"/>
      </object_component>
      <object_component id="oc-355">
         <name>.text:_ti_sysbios_family_c28_Hwi_interruptReturn__I</name>
         <load_address>0x301383</load_address>
         <run_address>0x301383</run_address>
         <size>0x1</size>
         <input_file_ref idref="fl-31"/>
      </object_component>
      <object_component id="oc-39a">
         <name>.text</name>
         <load_address>0x301384</load_address>
         <run_address>0x301384</run_address>
         <size>0x94</size>
         <input_file_ref idref="fl-64"/>
      </object_component>
      <object_component id="oc-32f">
         <name>.text:_ti_sysbios_family_c28_Hwi_enableInterrupt__E</name>
         <load_address>0x301418</load_address>
         <run_address>0x301418</run_address>
         <size>0x90</size>
         <input_file_ref idref="fl-30"/>
      </object_component>
      <object_component id="oc-227">
         <name>.text</name>
         <load_address>0x3014a8</load_address>
         <run_address>0x3014a8</run_address>
         <size>0x88</size>
         <input_file_ref idref="fl-57"/>
      </object_component>
      <object_component id="oc-2b0">
         <name>.text:_ti_sysbios_knl_Semaphore_post__E</name>
         <load_address>0x301530</load_address>
         <run_address>0x301530</run_address>
         <size>0x86</size>
         <input_file_ref idref="fl-30"/>
      </object_component>
      <object_component id="oc-17c">
         <name>.text</name>
         <load_address>0x3015b6</load_address>
         <run_address>0x3015b6</run_address>
         <size>0x85</size>
         <input_file_ref idref="fl-24"/>
      </object_component>
      <object_component id="oc-3b0">
         <name>.text:_ti_sysbios_family_c28_Hwi_disableInterrupt__E</name>
         <load_address>0x30163b</load_address>
         <run_address>0x30163b</run_address>
         <size>0x83</size>
         <input_file_ref idref="fl-30"/>
      </object_component>
      <object_component id="oc-21d">
         <name>.text</name>
         <load_address>0x3016be</load_address>
         <run_address>0x3016be</run_address>
         <size>0x83</size>
         <input_file_ref idref="fl-55"/>
      </object_component>
      <object_component id="oc-357">
         <name>.text:_ti_sysbios_family_c28_Hwi_disablePIEIER__E</name>
         <load_address>0x301741</load_address>
         <run_address>0x301741</run_address>
         <size>0x80</size>
         <input_file_ref idref="fl-30"/>
      </object_component>
      <object_component id="oc-356">
         <name>.text:_ti_sysbios_family_c28_Hwi_enablePIEIER__E</name>
         <load_address>0x3017c1</load_address>
         <run_address>0x3017c1</run_address>
         <size>0x7f</size>
         <input_file_ref idref="fl-30"/>
      </object_component>
      <object_component id="oc-30f">
         <name>.text:_xdc_runtime_Startup_startMods__I</name>
         <load_address>0x301840</load_address>
         <run_address>0x301840</run_address>
         <size>0x7d</size>
         <input_file_ref idref="fl-40"/>
      </object_component>
      <object_component id="oc-385">
         <name>.text:_xdc_runtime_Text_putSite__E</name>
         <load_address>0x3018bd</load_address>
         <run_address>0x3018bd</run_address>
         <size>0x7b</size>
         <input_file_ref idref="fl-43"/>
      </object_component>
      <object_component id="oc-28e">
         <name>.text:_main</name>
         <load_address>0x301938</load_address>
         <run_address>0x301938</run_address>
         <size>0x78</size>
         <input_file_ref idref="fl-2"/>
      </object_component>
      <object_component id="oc-298">
         <name>.text:_xdc_runtime_HeapStd_free__E</name>
         <load_address>0x3019b0</load_address>
         <run_address>0x3019b0</run_address>
         <size>0x76</size>
         <input_file_ref idref="fl-3d"/>
      </object_component>
      <object_component id="oc-332">
         <name>.text:_ti_sysbios_knl_Task_checkStacks__E</name>
         <load_address>0x301a26</load_address>
         <run_address>0x301a26</run_address>
         <size>0x73</size>
         <input_file_ref idref="fl-30"/>
      </object_component>
      <object_component id="oc-29c">
         <name>.text:_ti_sysbios_gates_GateMutex_enter__E</name>
         <load_address>0x301a99</load_address>
         <run_address>0x301a99</run_address>
         <size>0x72</size>
         <input_file_ref idref="fl-30"/>
      </object_component>
      <object_component id="oc-2b6">
         <name>.text:_RFFT_f32_sincostable</name>
         <load_address>0x301b0b</load_address>
         <run_address>0x301b0b</run_address>
         <size>0x6d</size>
         <input_file_ref idref="fl-22"/>
      </object_component>
      <object_component id="oc-39d">
         <name>.text:_ti_sysbios_family_c28_Timer_stopAndClear__I</name>
         <load_address>0x301b78</load_address>
         <run_address>0x301b78</run_address>
         <size>0x67</size>
         <input_file_ref idref="fl-30"/>
      </object_component>
      <object_component id="oc-4b">
         <name>.text</name>
         <load_address>0x301bdf</load_address>
         <run_address>0x301bdf</run_address>
         <size>0x63</size>
         <input_file_ref idref="fl-47"/>
      </object_component>
      <object_component id="oc-2c2">
         <name>.text:_Init_DMA</name>
         <load_address>0x301c42</load_address>
         <run_address>0x301c42</run_address>
         <size>0x62</size>
         <input_file_ref idref="fl-2"/>
      </object_component>
      <object_component id="oc-2c1">
         <name>.text:_Init_McBSPb_ADC</name>
         <load_address>0x301ca4</load_address>
         <run_address>0x301ca4</run_address>
         <size>0x61</size>
         <input_file_ref idref="fl-13"/>
      </object_component>
      <object_component id="oc-308">
         <name>.text</name>
         <load_address>0x301d05</load_address>
         <run_address>0x301d05</run_address>
         <size>0x61</size>
         <input_file_ref idref="fl-5e"/>
      </object_component>
      <object_component id="oc-2b7">
         <name>.text:_HRPWM1_Config</name>
         <load_address>0x301d66</load_address>
         <run_address>0x301d66</run_address>
         <size>0x5e</size>
         <input_file_ref idref="fl-1c"/>
      </object_component>
      <object_component id="oc-309">
         <name>.text</name>
         <load_address>0x301dc4</load_address>
         <run_address>0x301dc4</run_address>
         <size>0x58</size>
         <input_file_ref idref="fl-5f"/>
      </object_component>
      <object_component id="oc-316">
         <name>.text:_DMACH1ModeConfig</name>
         <load_address>0x301e1c</load_address>
         <run_address>0x301e1c</run_address>
         <size>0x56</size>
         <input_file_ref idref="fl-6"/>
      </object_component>
      <object_component id="oc-31b">
         <name>.text:_DMACH2ModeConfig</name>
         <load_address>0x301e72</load_address>
         <run_address>0x301e72</run_address>
         <size>0x56</size>
         <input_file_ref idref="fl-6"/>
      </object_component>
      <object_component id="oc-177">
         <name>.text</name>
         <load_address>0x301ec8</load_address>
         <run_address>0x301ec8</run_address>
         <size>0x55</size>
         <input_file_ref idref="fl-23"/>
      </object_component>
      <object_component id="oc-3b9">
         <name>.text:_ti_sysbios_family_c28_Hwi_dispatchCore__I</name>
         <load_address>0x301f1d</load_address>
         <run_address>0x301f1d</run_address>
         <size>0x4f</size>
         <input_file_ref idref="fl-30"/>
      </object_component>
      <object_component id="oc-395">
         <name>.text:_ti_sysbios_knl_Task_postInit__I</name>
         <load_address>0x301f6c</load_address>
         <run_address>0x301f6c</run_address>
         <size>0x4c</size>
         <input_file_ref idref="fl-30"/>
      </object_component>
      <object_component id="oc-384">
         <name>.text:_xdc_runtime_Text_putLab__E</name>
         <load_address>0x301fb8</load_address>
         <run_address>0x301fb8</run_address>
         <size>0x4c</size>
         <input_file_ref idref="fl-43"/>
      </object_component>
      <object_component id="oc-16d">
         <name>.text</name>
         <load_address>0x302004</load_address>
         <run_address>0x302004</run_address>
         <size>0x49</size>
         <input_file_ref idref="fl-21"/>
      </object_component>
      <object_component id="oc-37f">
         <name>.text:_ti_sysbios_family_c28_Hwi_Module_startup__E</name>
         <load_address>0x30204d</load_address>
         <run_address>0x30204d</run_address>
         <size>0x47</size>
         <input_file_ref idref="fl-30"/>
      </object_component>
      <object_component id="oc-271">
         <name>.text</name>
         <load_address>0x302094</load_address>
         <run_address>0x302094</run_address>
         <size>0x46</size>
         <input_file_ref idref="fl-4f"/>
      </object_component>
      <object_component id="oc-282">
         <name>.text:_BufferSwapTask</name>
         <load_address>0x3020da</load_address>
         <run_address>0x3020da</run_address>
         <size>0x45</size>
         <input_file_ref idref="fl-2"/>
      </object_component>
      <object_component id="oc-391">
         <name>.text:_ti_sysbios_family_c28_Timer_postInit__I</name>
         <load_address>0x30211f</load_address>
         <run_address>0x30211f</run_address>
         <size>0x45</size>
         <input_file_ref idref="fl-30"/>
      </object_component>
      <object_component id="oc-168">
         <name>.text</name>
         <load_address>0x302164</load_address>
         <run_address>0x302164</run_address>
         <size>0x44</size>
         <input_file_ref idref="fl-20"/>
      </object_component>
      <object_component id="oc-2c5">
         <name>.text:_internalADC_init</name>
         <load_address>0x3021a8</load_address>
         <run_address>0x3021a8</run_address>
         <size>0x44</size>
         <input_file_ref idref="fl-2"/>
      </object_component>
      <object_component id="oc-33c">
         <name>.text:_xdc_runtime_Error_setX__E</name>
         <load_address>0x3021ec</load_address>
         <run_address>0x3021ec</run_address>
         <size>0x43</size>
         <input_file_ref idref="fl-3b"/>
      </object_component>
      <object_component id="oc-18d">
         <name>.text:_ti_sysbios_family_c28_Hwi_unPluggedInterrupt__I</name>
         <load_address>0x30222f</load_address>
         <run_address>0x30222f</run_address>
         <size>0x42</size>
         <input_file_ref idref="fl-30"/>
      </object_component>
      <object_component id="oc-365">
         <name>.text:_xdc_runtime_System_formatNum__I</name>
         <load_address>0x302271</load_address>
         <run_address>0x302271</run_address>
         <size>0x40</size>
         <input_file_ref idref="fl-41"/>
      </object_component>
      <object_component id="oc-2ae">
         <name>.text:_xdc_runtime_LoggerBuf_setFilterLevel__E</name>
         <load_address>0x3022b1</load_address>
         <run_address>0x3022b1</run_address>
         <size>0x3f</size>
         <input_file_ref idref="fl-3e"/>
      </object_component>
      <object_component id="oc-2af">
         <name>.text:_xdc_runtime_LoggerBuf_getFilterLevel__E</name>
         <load_address>0x3022f0</load_address>
         <run_address>0x3022f0</run_address>
         <size>0x3c</size>
         <input_file_ref idref="fl-3e"/>
      </object_component>
      <object_component id="oc-31f">
         <name>.text:_ConfigCpuTimer</name>
         <load_address>0x30232c</load_address>
         <run_address>0x30232c</run_address>
         <size>0x3a</size>
         <input_file_ref idref="fl-5"/>
      </object_component>
      <object_component id="oc-3b2">
         <name>.text:_ti_sysbios_family_c28_TaskSupport_start__E</name>
         <load_address>0x302366</load_address>
         <run_address>0x302366</run_address>
         <size>0x3a</size>
         <input_file_ref idref="fl-30"/>
      </object_component>
      <object_component id="oc-398">
         <name>.text:_xdc_runtime_Text_putMod__E</name>
         <load_address>0x3023a0</load_address>
         <run_address>0x3023a0</run_address>
         <size>0x3a</size>
         <input_file_ref idref="fl-43"/>
      </object_component>
      <object_component id="oc-378">
         <name>.text:_xdc_runtime_Error_print__E</name>
         <load_address>0x3023da</load_address>
         <run_address>0x3023da</run_address>
         <size>0x36</size>
         <input_file_ref idref="fl-3b"/>
      </object_component>
      <object_component id="oc-272">
         <name>.text:_xdc_runtime_Startup_exec__E</name>
         <load_address>0x302410</load_address>
         <run_address>0x302410</run_address>
         <size>0x35</size>
         <input_file_ref idref="fl-40"/>
      </object_component>
      <object_component id="oc-381">
         <name>.text:_ti_sysbios_knl_Task_Module_startup__E</name>
         <load_address>0x302445</load_address>
         <run_address>0x302445</run_address>
         <size>0x32</size>
         <input_file_ref idref="fl-30"/>
      </object_component>
      <object_component id="oc-2ed">
         <name>.text:_ti_sysbios_knl_Task_startCore__E</name>
         <load_address>0x302477</load_address>
         <run_address>0x302477</run_address>
         <size>0x32</size>
         <input_file_ref idref="fl-30"/>
      </object_component>
      <object_component id="oc-2d6">
         <name>.text:_xdc_runtime_Assert_raise__I</name>
         <load_address>0x3024a9</load_address>
         <run_address>0x3024a9</run_address>
         <size>0x32</size>
         <input_file_ref idref="fl-37"/>
      </object_component>
      <object_component id="oc-28a">
         <name>.text:.bootCodeSection:_ti_catalog_c2800_init_Boot_configurePll2802x</name>
         <load_address>0x3024db</load_address>
         <run_address>0x3024db</run_address>
         <size>0x2e</size>
         <input_file_ref idref="fl-35"/>
      </object_component>
      <object_component id="oc-337">
         <name>.text:_ti_sysbios_knl_Task_schedule__I</name>
         <load_address>0x302509</load_address>
         <run_address>0x302509</run_address>
         <size>0x2e</size>
         <input_file_ref idref="fl-30"/>
      </object_component>
      <object_component id="oc-371">
         <name>.text:_ti_sysbios_family_c28_Hwi_getInterruptFlag__E</name>
         <load_address>0x302537</load_address>
         <run_address>0x302537</run_address>
         <size>0x2d</size>
         <input_file_ref idref="fl-30"/>
      </object_component>
      <object_component id="oc-2eb">
         <name>.text:_ti_sysbios_family_c28_Timer_start__E</name>
         <load_address>0x302564</load_address>
         <run_address>0x302564</run_address>
         <size>0x2d</size>
         <input_file_ref idref="fl-30"/>
      </object_component>
      <object_component id="oc-36c">
         <name>.text:_ti_sysbios_family_c28_Hwi_getStackInfo__E</name>
         <load_address>0x302591</load_address>
         <run_address>0x302591</run_address>
         <size>0x2c</size>
         <input_file_ref idref="fl-30"/>
      </object_component>
      <object_component id="oc-399">
         <name>.text:_xdc_runtime_Text_xprintf__I</name>
         <load_address>0x3025bd</load_address>
         <run_address>0x3025bd</run_address>
         <size>0x2a</size>
         <input_file_ref idref="fl-43"/>
      </object_component>
      <object_component id="oc-361">
         <name>.text:_ti_sysbios_family_c28_Timer_getExpiredCounts64__E</name>
         <load_address>0x3025e7</load_address>
         <run_address>0x3025e7</run_address>
         <size>0x29</size>
         <input_file_ref idref="fl-30"/>
      </object_component>
      <object_component id="oc-325">
         <name>.text</name>
         <load_address>0x302610</load_address>
         <run_address>0x302610</run_address>
         <size>0x29</size>
         <input_file_ref idref="fl-54"/>
      </object_component>
      <object_component id="oc-33a">
         <name>.text:_xdc_runtime_SysMin_flush__E</name>
         <load_address>0x302639</load_address>
         <run_address>0x302639</run_address>
         <size>0x28</size>
         <input_file_ref idref="fl-42"/>
      </object_component>
      <object_component id="oc-3b8">
         <name>.text:_ti_sysbios_family_c28_TaskSupport_buildTaskStack</name>
         <load_address>0x302661</load_address>
         <run_address>0x302661</run_address>
         <size>0x25</size>
         <input_file_ref idref="fl-34"/>
      </object_component>
      <object_component id="oc-275">
         <name>.text</name>
         <load_address>0x302686</load_address>
         <run_address>0x302686</run_address>
         <size>0x25</size>
         <input_file_ref idref="fl-52"/>
      </object_component>
      <object_component id="oc-28f">
         <name>.text:_xdc_runtime_System_processAtExit__E</name>
         <load_address>0x3026ab</load_address>
         <run_address>0x3026ab</run_address>
         <size>0x23</size>
         <input_file_ref idref="fl-41"/>
      </object_component>
      <object_component id="oc-222">
         <name>.text</name>
         <load_address>0x3026ce</load_address>
         <run_address>0x3026ce</run_address>
         <size>0x23</size>
         <input_file_ref idref="fl-56"/>
      </object_component>
      <object_component id="oc-29f">
         <name>.text:_xdc_runtime_System_atexit__E</name>
         <load_address>0x3026f1</load_address>
         <run_address>0x3026f1</run_address>
         <size>0x21</size>
         <input_file_ref idref="fl-41"/>
      </object_component>
      <object_component id="oc-3b5">
         <name>.text:_ti_sysbios_family_c28_Hwi_disableIER__E</name>
         <load_address>0x302712</load_address>
         <run_address>0x302712</run_address>
         <size>0x20</size>
         <input_file_ref idref="fl-28"/>
      </object_component>
      <object_component id="oc-39f">
         <name>.text:_ti_sysbios_family_c28_Timer_setPrescale__E</name>
         <load_address>0x302732</load_address>
         <run_address>0x302732</run_address>
         <size>0x20</size>
         <input_file_ref idref="fl-30"/>
      </object_component>
      <object_component id="oc-3a0">
         <name>.text:_ti_sysbios_knl_Task_exit__E</name>
         <load_address>0x302752</load_address>
         <run_address>0x302752</run_address>
         <size>0x20</size>
         <input_file_ref idref="fl-30"/>
      </object_component>
      <object_component id="oc-330">
         <name>.text:_ti_sysbios_knl_Task_allBlockedFunction__I</name>
         <load_address>0x302772</load_address>
         <run_address>0x302772</run_address>
         <size>0x1e</size>
         <input_file_ref idref="fl-30"/>
      </object_component>
      <object_component id="oc-306">
         <name>.text:_ti_sysbios_knl_Task_blockI__E</name>
         <load_address>0x302790</load_address>
         <run_address>0x302790</run_address>
         <size>0x1e</size>
         <input_file_ref idref="fl-30"/>
      </object_component>
      <object_component id="oc-386">
         <name>.text:_xdc_runtime_SysMin_putch__E</name>
         <load_address>0x3027ae</load_address>
         <run_address>0x3027ae</run_address>
         <size>0x1e</size>
         <input_file_ref idref="fl-42"/>
      </object_component>
      <object_component id="oc-38e">
         <name>.text</name>
         <load_address>0x3027cc</load_address>
         <run_address>0x3027cc</run_address>
         <size>0x1e</size>
         <input_file_ref idref="fl-5b"/>
      </object_component>
      <object_component id="oc-360">
         <name>.text:_ti_sysbios_family_c28_TaskSupport_swap__E</name>
         <load_address>0x3027ea</load_address>
         <run_address>0x3027ea</run_address>
         <size>0x1d</size>
         <input_file_ref idref="fl-34"/>
      </object_component>
      <object_component id="oc-2f1">
         <name>.text:_xdc_runtime_LoggerBuf_filterOutEvent__I</name>
         <load_address>0x302807</load_address>
         <run_address>0x302807</run_address>
         <size>0x1d</size>
         <input_file_ref idref="fl-3e"/>
      </object_component>
      <object_component id="oc-354">
         <name>.text:_ti_sysbios_family_c28_Hwi_enableIER__E</name>
         <load_address>0x302824</load_address>
         <run_address>0x302824</run_address>
         <size>0x1c</size>
         <input_file_ref idref="fl-28"/>
      </object_component>
      <object_component id="oc-368">
         <name>.text:_ti_sysbios_hal_Hwi_checkStack</name>
         <load_address>0x302840</load_address>
         <run_address>0x302840</run_address>
         <size>0x1c</size>
         <input_file_ref idref="fl-30"/>
      </object_component>
      <object_component id="oc-3b1">
         <name>.text:_ti_sysbios_knl_Task_processVitalTaskFlag__I</name>
         <load_address>0x30285c</load_address>
         <run_address>0x30285c</run_address>
         <size>0x1c</size>
         <input_file_ref idref="fl-30"/>
      </object_component>
      <object_component id="oc-375">
         <name>.text:_xdc_runtime_SysMin_output__I</name>
         <load_address>0x302878</load_address>
         <run_address>0x302878</run_address>
         <size>0x1c</size>
         <input_file_ref idref="fl-28"/>
      </object_component>
      <object_component id="oc-22c">
         <name>.text</name>
         <load_address>0x302894</load_address>
         <run_address>0x302894</run_address>
         <size>0x1c</size>
         <input_file_ref idref="fl-58"/>
      </object_component>
      <object_component id="oc-2d0">
         <name>.text:_ti_sysbios_family_c28_Hwi_restore__E</name>
         <load_address>0x3028b0</load_address>
         <run_address>0x3028b0</run_address>
         <size>0x1b</size>
         <input_file_ref idref="fl-28"/>
      </object_component>
      <object_component id="oc-3b4">
         <name>.text:_ti_sysbios_family_c28_Hwi_switchAndDispatch__I</name>
         <load_address>0x3028cb</load_address>
         <run_address>0x3028cb</run_address>
         <size>0x1b</size>
         <input_file_ref idref="fl-31"/>
      </object_component>
      <object_component id="oc-30e">
         <name>.text:_ti_sysbios_hal_Hwi_initStack</name>
         <load_address>0x3028e6</load_address>
         <run_address>0x3028e6</run_address>
         <size>0x1b</size>
         <input_file_ref idref="fl-30"/>
      </object_component>
      <object_component id="oc-37b">
         <name>.text:_xdc_runtime_LoggerBuf_Module_startup__E</name>
         <load_address>0x302901</load_address>
         <run_address>0x302901</run_address>
         <size>0x1a</size>
         <input_file_ref idref="fl-3e"/>
      </object_component>
      <object_component id="oc-202">
         <name>.text</name>
         <load_address>0x30291b</load_address>
         <run_address>0x30291b</run_address>
         <size>0x1a</size>
         <input_file_ref idref="fl-50"/>
      </object_component>
      <object_component id="oc-321">
         <name>.text:_InitAdc</name>
         <load_address>0x302935</load_address>
         <run_address>0x302935</run_address>
         <size>0x19</size>
         <input_file_ref idref="fl-4"/>
      </object_component>
      <object_component id="oc-39b">
         <name>.text:_xdc_runtime_System_avprintf__E</name>
         <load_address>0x30294e</load_address>
         <run_address>0x30294e</run_address>
         <size>0x19</size>
         <input_file_ref idref="fl-41"/>
      </object_component>
      <object_component id="oc-366">
         <name>.text:_xdc_runtime_System_putchar__I</name>
         <load_address>0x302967</load_address>
         <run_address>0x302967</run_address>
         <size>0x19</size>
         <input_file_ref idref="fl-41"/>
      </object_component>
      <object_component id="oc-273">
         <name>.text</name>
         <load_address>0x302980</load_address>
         <run_address>0x302980</run_address>
         <size>0x19</size>
         <input_file_ref idref="fl-4e"/>
      </object_component>
      <object_component id="oc-2c4">
         <name>.text:_Init_PWM</name>
         <load_address>0x302999</load_address>
         <run_address>0x302999</run_address>
         <size>0x18</size>
         <input_file_ref idref="fl-2"/>
      </object_component>
      <object_component id="oc-358">
         <name>.text:_ti_sysbios_family_c28_Hwi_restoreIER__E</name>
         <load_address>0x3029b1</load_address>
         <run_address>0x3029b1</run_address>
         <size>0x18</size>
         <input_file_ref idref="fl-28"/>
      </object_component>
      <object_component id="oc-38c">
         <name>.text:_xdc_runtime_LoggerBuf_reset__E</name>
         <load_address>0x3029c9</load_address>
         <run_address>0x3029c9</run_address>
         <size>0x18</size>
         <input_file_ref idref="fl-3e"/>
      </object_component>
      <object_component id="oc-302">
         <name>.text:_xdc_runtime_System_vprintf__E</name>
         <load_address>0x3029e1</load_address>
         <run_address>0x3029e1</run_address>
         <size>0x18</size>
         <input_file_ref idref="fl-41"/>
      </object_component>
      <object_component id="oc-3ac">
         <name>.text:_xdc_runtime_Text_printVisFxn__I</name>
         <load_address>0x3029f9</load_address>
         <run_address>0x3029f9</run_address>
         <size>0x18</size>
         <input_file_ref idref="fl-43"/>
      </object_component>
      <object_component id="oc-2a1">
         <name>.text:_ti_sysbios_family_c28_Timer_startup__E</name>
         <load_address>0x302a11</load_address>
         <run_address>0x302a11</run_address>
         <size>0x17</size>
         <input_file_ref idref="fl-30"/>
      </object_component>
      <object_component id="oc-379">
         <name>.text:_xdc_runtime_SysMin_abort__E</name>
         <load_address>0x302a28</load_address>
         <run_address>0x302a28</run_address>
         <size>0x17</size>
         <input_file_ref idref="fl-42"/>
      </object_component>
      <object_component id="oc-380">
         <name>.text:_ti_sysbios_family_c28_Timer_Module_startup__E</name>
         <load_address>0x302a3f</load_address>
         <run_address>0x302a3f</run_address>
         <size>0x16</size>
         <input_file_ref idref="fl-30"/>
      </object_component>
      <object_component id="oc-300">
         <name>.text:_ti_sysbios_knl_Task_unblockI__E</name>
         <load_address>0x302a55</load_address>
         <run_address>0x302a55</run_address>
         <size>0x16</size>
         <input_file_ref idref="fl-30"/>
      </object_component>
      <object_component id="oc-31e">
         <name>.text:_InitCpuTimers</name>
         <load_address>0x302a6b</load_address>
         <run_address>0x302a6b</run_address>
         <size>0x15</size>
         <input_file_ref idref="fl-5"/>
      </object_component>
      <object_component id="oc-3af">
         <name>.text:_ti_sysbios_family_c28_Hwi_dispatchC__I</name>
         <load_address>0x302a80</load_address>
         <run_address>0x302a80</run_address>
         <size>0x15</size>
         <input_file_ref idref="fl-30"/>
      </object_component>
      <object_component id="oc-2b9">
         <name>.text</name>
         <load_address>0x302a95</load_address>
         <run_address>0x302a95</run_address>
         <size>0x15</size>
         <input_file_ref idref="fl-5a"/>
      </object_component>
      <object_component id="oc-29e">
         <name>.text:_ti_sysbios_BIOS_atExitFunc__I</name>
         <load_address>0x302aaa</load_address>
         <run_address>0x302aaa</run_address>
         <size>0x14</size>
         <input_file_ref idref="fl-28"/>
      </object_component>
      <object_component id="oc-335">
         <name>.text:_ti_sysbios_family_c28_TimestampProvider_get64__E</name>
         <load_address>0x302abe</load_address>
         <run_address>0x302abe</run_address>
         <size>0x14</size>
         <input_file_ref idref="fl-30"/>
      </object_component>
      <object_component id="oc-2ba">
         <name>.text:_ti_sysbios_knl_Idle_run__E</name>
         <load_address>0x302ad2</load_address>
         <run_address>0x302ad2</run_address>
         <size>0x14</size>
         <input_file_ref idref="fl-30"/>
      </object_component>
      <object_component id="oc-315">
         <name>.text:_DMACH1WrapConfig</name>
         <load_address>0x302ae6</load_address>
         <run_address>0x302ae6</run_address>
         <size>0x13</size>
         <input_file_ref idref="fl-6"/>
      </object_component>
      <object_component id="oc-31a">
         <name>.text:_DMACH2WrapConfig</name>
         <load_address>0x302af9</load_address>
         <run_address>0x302af9</run_address>
         <size>0x13</size>
         <input_file_ref idref="fl-6"/>
      </object_component>
      <object_component id="oc-3a7">
         <name>.text:_ti_sysbios_knl_Queue_put__E</name>
         <load_address>0x302b0c</load_address>
         <run_address>0x302b0c</run_address>
         <size>0x13</size>
         <input_file_ref idref="fl-30"/>
      </object_component>
      <object_component id="oc-320">
         <name>.text:_InitEPwm1Gpio</name>
         <load_address>0x302b1f</load_address>
         <run_address>0x302b1f</run_address>
         <size>0x12</size>
         <input_file_ref idref="fl-8"/>
      </object_component>
      <object_component id="oc-307">
         <name>.text:_ti_sysbios_family_c28_Hwi_enable__E</name>
         <load_address>0x302b31</load_address>
         <run_address>0x302b31</run_address>
         <size>0x12</size>
         <input_file_ref idref="fl-28"/>
      </object_component>
      <object_component id="oc-2c3">
         <name>.text:_Init_Timer0</name>
         <load_address>0x302b43</load_address>
         <run_address>0x302b43</run_address>
         <size>0x11</size>
         <input_file_ref idref="fl-2"/>
      </object_component>
      <object_component id="oc-369">
         <name>.text:_ti_sysbios_BIOS_errorRaiseHook__I</name>
         <load_address>0x302b54</load_address>
         <run_address>0x302b54</run_address>
         <size>0x11</size>
         <input_file_ref idref="fl-28"/>
      </object_component>
      <object_component id="oc-288">
         <name>.text:_xdc_runtime_Error_raiseX__E</name>
         <load_address>0x302b65</load_address>
         <run_address>0x302b65</run_address>
         <size>0x11</size>
         <input_file_ref idref="fl-3b"/>
      </object_component>
      <object_component id="oc-312">
         <name>.text:_DMACH1AddrConfig</name>
         <load_address>0x302b76</load_address>
         <run_address>0x302b76</run_address>
         <size>0x10</size>
         <input_file_ref idref="fl-6"/>
      </object_component>
      <object_component id="oc-313">
         <name>.text:_DMACH1BurstConfig</name>
         <load_address>0x302b86</load_address>
         <run_address>0x302b86</run_address>
         <size>0x10</size>
         <input_file_ref idref="fl-6"/>
      </object_component>
      <object_component id="oc-314">
         <name>.text:_DMACH1TransferConfig</name>
         <load_address>0x302b96</load_address>
         <run_address>0x302b96</run_address>
         <size>0x10</size>
         <input_file_ref idref="fl-6"/>
      </object_component>
      <object_component id="oc-317">
         <name>.text:_DMACH2AddrConfig</name>
         <load_address>0x302ba6</load_address>
         <run_address>0x302ba6</run_address>
         <size>0x10</size>
         <input_file_ref idref="fl-6"/>
      </object_component>
      <object_component id="oc-318">
         <name>.text:_DMACH2BurstConfig</name>
         <load_address>0x302bb6</load_address>
         <run_address>0x302bb6</run_address>
         <size>0x10</size>
         <input_file_ref idref="fl-6"/>
      </object_component>
      <object_component id="oc-319">
         <name>.text:_DMACH2TransferConfig</name>
         <load_address>0x302bc6</load_address>
         <run_address>0x302bc6</run_address>
         <size>0x10</size>
         <input_file_ref idref="fl-6"/>
      </object_component>
      <object_component id="oc-2cf">
         <name>.text:_ti_sysbios_family_c28_Hwi_disable__E</name>
         <load_address>0x302bd6</load_address>
         <run_address>0x302bd6</run_address>
         <size>0x10</size>
         <input_file_ref idref="fl-28"/>
      </object_component>
      <object_component id="oc-39e">
         <name>.text:_ti_sysbios_family_c28_Timer_stop__E</name>
         <load_address>0x302be6</load_address>
         <run_address>0x302be6</run_address>
         <size>0x10</size>
         <input_file_ref idref="fl-30"/>
      </object_component>
      <object_component id="oc-301">
         <name>.text:_ti_sysbios_knl_Task_restore__E</name>
         <load_address>0x302bf6</load_address>
         <run_address>0x302bf6</run_address>
         <size>0x10</size>
         <input_file_ref idref="fl-30"/>
      </object_component>
      <object_component id="oc-289">
         <name>.text:.bootCodeSection:_ti_catalog_c2800_init_Boot_disableWatchdog</name>
         <load_address>0x302c06</load_address>
         <run_address>0x302c06</run_address>
         <size>0xf</size>
         <input_file_ref idref="fl-35"/>
      </object_component>
      <object_component id="oc-281">
         <name>.text:_BufferSwapPostFxn_HWI</name>
         <load_address>0x302c15</load_address>
         <run_address>0x302c15</run_address>
         <size>0xf</size>
         <input_file_ref idref="fl-2"/>
      </object_component>
      <object_component id="oc-2a4">
         <name>.text:_ti_sysbios_BIOS_removeRTSLock__I</name>
         <load_address>0x302c24</load_address>
         <run_address>0x302c24</run_address>
         <size>0xf</size>
         <input_file_ref idref="fl-28"/>
      </object_component>
      <object_component id="oc-3a5">
         <name>.text:_ti_sysbios_knl_Task_unblock__E</name>
         <load_address>0x302c33</load_address>
         <run_address>0x302c33</run_address>
         <size>0xf</size>
         <input_file_ref idref="fl-30"/>
      </object_component>
      <object_component id="oc-2ab">
         <name>.text:_xdc_runtime_LoggerBuf_write2__E</name>
         <load_address>0x302c42</load_address>
         <run_address>0x302c42</run_address>
         <size>0xf</size>
         <input_file_ref idref="fl-3e"/>
      </object_component>
      <object_component id="oc-394">
         <name>.text:_ti_sysbios_knl_Task_Object__get__S</name>
         <load_address>0x302c51</load_address>
         <run_address>0x302c51</run_address>
         <size>0xe</size>
         <input_file_ref idref="fl-28"/>
      </object_component>
      <object_component id="oc-38b">
         <name>.text:_xdc_runtime_LoggerBuf_Object__get__S</name>
         <load_address>0x302c5f</load_address>
         <run_address>0x302c5f</run_address>
         <size>0xe</size>
         <input_file_ref idref="fl-28"/>
      </object_component>
      <object_component id="oc-3aa">
         <name>.text:_xdc_runtime_Registry_findById__E</name>
         <load_address>0x302c6d</load_address>
         <run_address>0x302c6d</run_address>
         <size>0xe</size>
         <input_file_ref idref="fl-46"/>
      </object_component>
      <object_component id="oc-37d">
         <name>.text:_xdc_runtime_SysMin_Module_startup__E</name>
         <load_address>0x302c7b</load_address>
         <run_address>0x302c7b</run_address>
         <size>0xe</size>
         <input_file_ref idref="fl-42"/>
      </object_component>
      <object_component id="oc-2a0">
         <name>.text:_ti_sysbios_BIOS_registerRTSLock__I</name>
         <load_address>0x302c89</load_address>
         <run_address>0x302c89</run_address>
         <size>0xd</size>
         <input_file_ref idref="fl-28"/>
      </object_component>
      <object_component id="oc-2e8">
         <name>.text:_ti_sysbios_BIOS_rtsLock__I</name>
         <load_address>0x302c96</load_address>
         <run_address>0x302c96</run_address>
         <size>0xd</size>
         <input_file_ref idref="fl-28"/>
      </object_component>
      <object_component id="oc-27d">
         <name>.text:_ti_sysbios_BIOS_startFunc__I</name>
         <load_address>0x302ca3</load_address>
         <run_address>0x302ca3</run_address>
         <size>0xd</size>
         <input_file_ref idref="fl-28"/>
      </object_component>
      <object_component id="oc-3a3">
         <name>.text:_xdc_runtime_Error_check__E</name>
         <load_address>0x302cb0</load_address>
         <run_address>0x302cb0</run_address>
         <size>0xd</size>
         <input_file_ref idref="fl-3b"/>
      </object_component>
      <object_component id="oc-2aa">
         <name>.text:_xdc_runtime_LoggerBuf_write1__E</name>
         <load_address>0x302cbd</load_address>
         <run_address>0x302cbd</run_address>
         <size>0xd</size>
         <input_file_ref idref="fl-3e"/>
      </object_component>
      <object_component id="oc-347">
         <name>.text:_xdc_runtime_System_abort__E</name>
         <load_address>0x302cca</load_address>
         <run_address>0x302cca</run_address>
         <size>0xd</size>
         <input_file_ref idref="fl-41"/>
      </object_component>
      <object_component id="oc-27e">
         <name>.text:_ti_sysbios_BIOS_exitFunc__I</name>
         <load_address>0x302cd7</load_address>
         <run_address>0x302cd7</run_address>
         <size>0xc</size>
         <input_file_ref idref="fl-28"/>
      </object_component>
      <object_component id="oc-29d">
         <name>.text:_ti_sysbios_gates_GateMutex_leave__E</name>
         <load_address>0x302ce3</load_address>
         <run_address>0x302ce3</run_address>
         <size>0xc</size>
         <input_file_ref idref="fl-30"/>
      </object_component>
      <object_component id="oc-3a1">
         <name>.text:_ti_sysbios_knl_Task_enter__I</name>
         <load_address>0x302cef</load_address>
         <run_address>0x302cef</run_address>
         <size>0xc</size>
         <input_file_ref idref="fl-30"/>
      </object_component>
      <object_component id="oc-327">
         <name>.text:_xdc_runtime_Text_ropeText__E</name>
         <load_address>0x302cfb</load_address>
         <run_address>0x302cfb</run_address>
         <size>0xc</size>
         <input_file_ref idref="fl-43"/>
      </object_component>
      <object_component id="oc-336">
         <name>.text</name>
         <load_address>0x302d07</load_address>
         <run_address>0x302d07</run_address>
         <size>0xc</size>
         <input_file_ref idref="fl-5c"/>
      </object_component>
      <object_component id="oc-397">
         <name>.text:_ti_sysbios_family_c28_Hwi_Module__startupDone__F</name>
         <load_address>0x302d13</load_address>
         <run_address>0x302d13</run_address>
         <size>0xb</size>
         <input_file_ref idref="fl-28"/>
      </object_component>
      <object_component id="oc-390">
         <name>.text:_ti_sysbios_family_c28_Hwi_Object__get__S</name>
         <load_address>0x302d1e</load_address>
         <run_address>0x302d1e</run_address>
         <size>0xb</size>
         <input_file_ref idref="fl-28"/>
      </object_component>
      <object_component id="oc-3a4">
         <name>.text:_ti_sysbios_knl_Queue_Object__get__S</name>
         <load_address>0x302d29</load_address>
         <run_address>0x302d29</run_address>
         <size>0xb</size>
         <input_file_ref idref="fl-28"/>
      </object_component>
      <object_component id="oc-3a2">
         <name>.text:_ti_sysbios_knl_Task_SupportProxy_start__E</name>
         <load_address>0x302d34</load_address>
         <run_address>0x302d34</run_address>
         <size>0xb</size>
         <input_file_ref idref="fl-28"/>
      </object_component>
      <object_component id="oc-2a9">
         <name>.text:_xdc_runtime_LoggerBuf_write0__E</name>
         <load_address>0x302d3f</load_address>
         <run_address>0x302d3f</run_address>
         <size>0xb</size>
         <input_file_ref idref="fl-3e"/>
      </object_component>
      <object_component id="oc-324">
         <name>.text:_xdc_runtime_SysMin_exit__E</name>
         <load_address>0x302d4a</load_address>
         <run_address>0x302d4a</run_address>
         <size>0xb</size>
         <input_file_ref idref="fl-42"/>
      </object_component>
      <object_component id="oc-274">
         <name>.text:_xdc_runtime_System_exit__E</name>
         <load_address>0x302d55</load_address>
         <run_address>0x302d55</run_address>
         <size>0xb</size>
         <input_file_ref idref="fl-41"/>
      </object_component>
      <object_component id="oc-84">
         <name>.text:_ADCINT_ISR</name>
         <load_address>0x302d60</load_address>
         <run_address>0x302d60</run_address>
         <size>0xa</size>
         <input_file_ref idref="fl-7"/>
      </object_component>
      <object_component id="oc-6f">
         <name>.text:_DATALOG_ISR</name>
         <load_address>0x302d6a</load_address>
         <run_address>0x302d6a</run_address>
         <size>0xa</size>
         <input_file_ref idref="fl-7"/>
      </object_component>
      <object_component id="oc-a1">
         <name>.text:_DINTCH1_ISR</name>
         <load_address>0x302d74</load_address>
         <run_address>0x302d74</run_address>
         <size>0xa</size>
         <input_file_ref idref="fl-7"/>
      </object_component>
      <object_component id="oc-a2">
         <name>.text:_DINTCH2_ISR</name>
         <load_address>0x302d7e</load_address>
[...]
         <object_component_ref idref="oc-4c"/>
      </symbol>
      <symbol id="sm-a9d">
         <name>_xdc_runtime_Assert_raise__I</name>
         <value>0x3024a9</value>
         <object_component_ref idref="oc-2d6"/>
      </symbol>
      <symbol id="sm-adf">
         <name>_xdc_runtime_Error_getSite__E</name>
         <value>0x3031cd</value>
         <object_component_ref idref="oc-388"/>
      </symbol>
      <symbol id="sm-ae0">
         <name>_xdc_runtime_Error_init__E</name>
         <value>0x3030fc</value>
         <object_component_ref idref="oc-2f7"/>
      </symbol>
      <symbol id="sm-ae1">
         <name>_xdc_runtime_Error_raiseX__E</name>
         <value>0x302b65</value>
         <object_component_ref idref="oc-288"/>
      </symbol>
      <symbol id="sm-ae2">
         <name>_xdc_runtime_Error_print__E</name>
         <value>0x3023da</value>
         <object_component_ref idref="oc-378"/>
      </symbol>
      <symbol id="sm-ae3">
         <name>_xdc_runtime_Error_policyDefault__E</name>
         <value>0x3011aa</value>
         <object_component_ref idref="oc-30b"/>
      </symbol>
      <symbol id="sm-ae4">
         <name>_xdc_runtime_Error_setX__E</name>
         <value>0x3021ec</value>
         <object_component_ref idref="oc-33c"/>
      </symbol>
      <symbol id="sm-ae5">
         <name>_xdc_runtime_Error_check__E</name>
         <value>0x302cb0</value>
         <object_component_ref idref="oc-3a3"/>
      </symbol>
      <symbol id="sm-af2">
         <name>_xdc_runtime_Gate_leaveSystem__E</name>
         <value>0x303142</value>
         <object_component_ref idref="oc-2d9"/>
      </symbol>
      <symbol id="sm-af3">
         <name>_xdc_runtime_Gate_enterSystem__E</name>
         <value>0x30313c</value>
         <object_component_ref idref="oc-2c8"/>
      </symbol>
      <symbol id="sm-b24">
         <name>_xdc_runtime_HeapStd_alloc__E</name>
         <value>0x300b1a</value>
         <object_component_ref idref="oc-297"/>
      </symbol>
      <symbol id="sm-b25">
         <name>_xdc_runtime_HeapStd_free__E</name>
         <value>0x3019b0</value>
         <object_component_ref idref="oc-298"/>
      </symbol>
      <symbol id="sm-b26">
         <name>_xdc_runtime_HeapStd_getStats__E</name>
         <value>0x303103</value>
         <object_component_ref idref="oc-29a"/>
      </symbol>
      <symbol id="sm-b27">
         <name>_xdc_runtime_HeapStd_isBlocking__E</name>
         <value>0x3031cf</value>
         <object_component_ref idref="oc-299"/>
      </symbol>
      <symbol id="sm-b71">
         <name>_xdc_runtime_LoggerBuf_write0__E</name>
         <value>0x302d3f</value>
         <object_component_ref idref="oc-2a9"/>
      </symbol>
      <symbol id="sm-b72">
         <name>_xdc_runtime_LoggerBuf_reset__E</name>
         <value>0x3029c9</value>
         <object_component_ref idref="oc-38c"/>
      </symbol>
      <symbol id="sm-b73">
         <name>_xdc_runtime_LoggerBuf_write8__E</name>
         <value>0x300cf3</value>
         <object_component_ref idref="oc-2ad"/>
      </symbol>
      <symbol id="sm-b74">
         <name>_xdc_runtime_LoggerBuf_getFilterLevel__E</name>
         <value>0x3022f0</value>
         <object_component_ref idref="oc-2af"/>
      </symbol>
      <symbol id="sm-b75">
         <name>_xdc_runtime_LoggerBuf_setFilterLevel__E</name>
         <value>0x3022b1</value>
         <object_component_ref idref="oc-2ae"/>
      </symbol>
      <symbol id="sm-b76">
         <name>_LoggerBuf_instanceStartup</name>
         <value>0x3029c9</value>
         <object_component_ref idref="oc-38c"/>
      </symbol>
      <symbol id="sm-b77">
         <name>_xdc_runtime_LoggerBuf_write4__E</name>
         <value>0x3012ee</value>
         <object_component_ref idref="oc-2ac"/>
      </symbol>
      <symbol id="sm-b78">
         <name>_xdc_runtime_LoggerBuf_filterOutEvent__I</name>
         <value>0x302807</value>
         <object_component_ref idref="oc-2f1"/>
      </symbol>
      <symbol id="sm-b79">
         <name>_xdc_runtime_LoggerBuf_Module_startup__E</name>
         <value>0x302901</value>
         <object_component_ref idref="oc-37b"/>
      </symbol>
      <symbol id="sm-b7a">
         <name>_xdc_runtime_LoggerBuf_write2__E</name>
         <value>0x302c42</value>
         <object_component_ref idref="oc-2ab"/>
      </symbol>
      <symbol id="sm-b7b">
         <name>_xdc_runtime_LoggerBuf_disable__E</name>
         <value>0x30315b</value>
         <object_component_ref idref="oc-2a8"/>
      </symbol>
      <symbol id="sm-b7c">
         <name>_xdc_runtime_LoggerBuf_enable__E</name>
         <value>0x30314d</value>
         <object_component_ref idref="oc-2a7"/>
      </symbol>
      <symbol id="sm-b7d">
         <name>_xdc_runtime_LoggerBuf_write1__E</name>
         <value>0x302cbd</value>
         <object_component_ref idref="oc-2aa"/>
      </symbol>
      <symbol id="sm-b88">
         <name>_xdc_runtime_Memory_getMaxDefaultTypeAlign__E</name>
         <value>0x30315f</value>
         <object_component_ref idref="oc-2d8"/>
      </symbol>
      <symbol id="sm-bc6">
         <name>_xdc_runtime_Startup_startMods__I</name>
         <value>0x301840</value>
         <object_component_ref idref="oc-30f"/>
      </symbol>
      <symbol id="sm-bc7">
         <name>_xdc_runtime_Startup_exec__E</name>
         <value>0x302410</value>
         <object_component_ref idref="oc-272"/>
      </symbol>
      <symbol id="sm-d59">
         <name>_xdc_runtime_System_exit__E</name>
         <value>0x302d55</value>
         <object_component_ref idref="oc-274"/>
      </symbol>
      <symbol id="sm-d5a">
         <name>_xdc_runtime_System_avprintf__E</name>
         <value>0x30294e</value>
         <object_component_ref idref="oc-39b"/>
      </symbol>
      <symbol id="sm-d5b">
         <name>_xdc_runtime_System_processAtExit__E</name>
         <value>0x3026ab</value>
         <object_component_ref idref="oc-28f"/>
      </symbol>
      <symbol id="sm-d5c">
         <name>_xdc_runtime_System_doPrint__I</name>
         <value>0x30027c</value>
         <object_component_ref idref="oc-339"/>
      </symbol>
      <symbol id="sm-d5d">
         <name>_xdc_runtime_System_Module_startup__E</name>
         <value>0x3031a5</value>
         <object_component_ref idref="oc-37c"/>
      </symbol>
      <symbol id="sm-d5e">
         <name>_xdc_runtime_System_formatNum__I</name>
         <value>0x302271</value>
         <object_component_ref idref="oc-365"/>
      </symbol>
      <symbol id="sm-d5f">
         <name>_xdc_runtime_System_atexit__E</name>
         <value>0x3026f1</value>
         <object_component_ref idref="oc-29f"/>
      </symbol>
      <symbol id="sm-d60">
         <name>_xdc_runtime_System_aprintf_va__F</name>
         <value>0x30294e</value>
         <object_component_ref idref="oc-39b"/>
      </symbol>
      <symbol id="sm-d61">
         <name>_xdc_runtime_System_flush__E</name>
         <value>0x3031bd</value>
         <object_component_ref idref="oc-2b2"/>
      </symbol>
      <symbol id="sm-d62">
         <name>_xdc_runtime_System_abortStd__E</name>
         <value>0x3031b7</value>
         <object_component_ref idref="oc-37a"/>
      </symbol>
      <symbol id="sm-d63">
         <name>_xdc_runtime_System_snprintf_va__F</name>
         <value>0x3030ac</value>
         <object_component_ref idref="oc-3ad"/>
      </symbol>
      <symbol id="sm-d64">
         <name>_xdc_runtime_System_printf_va__F</name>
         <value>0x3029e1</value>
         <object_component_ref idref="oc-302"/>
      </symbol>
      <symbol id="sm-d65">
         <name>_xdc_runtime_System_putchar__I</name>
         <value>0x302967</value>
         <object_component_ref idref="oc-366"/>
      </symbol>
      <symbol id="sm-d66">
         <name>_xdc_runtime_System_vprintf__E</name>
         <value>0x3029e1</value>
         <object_component_ref idref="oc-302"/>
      </symbol>
      <symbol id="sm-d67">
         <name>_xdc_runtime_System_exitStd__E</name>
         <value>0x3031ba</value>
         <object_component_ref idref="oc-2ca"/>
      </symbol>
      <symbol id="sm-d68">
         <name>_xdc_runtime_System_vsnprintf__E</name>
         <value>0x3030ac</value>
         <object_component_ref idref="oc-3ad"/>
      </symbol>
      <symbol id="sm-d69">
         <name>_xdc_runtime_System_abort__E</name>
         <value>0x302cca</value>
         <object_component_ref idref="oc-347"/>
      </symbol>
      <symbol id="sm-d8b">
         <name>_xdc_runtime_SysMin_Module_startup__E</name>
         <value>0x302c7b</value>
         <object_component_ref idref="oc-37d"/>
      </symbol>
      <symbol id="sm-d8c">
         <name>_xdc_runtime_SysMin_exit__E</name>
         <value>0x302d4a</value>
         <object_component_ref idref="oc-324"/>
      </symbol>
      <symbol id="sm-d8d">
         <name>_xdc_runtime_SysMin_abort__E</name>
         <value>0x302a28</value>
         <object_component_ref idref="oc-379"/>
      </symbol>
      <symbol id="sm-d8e">
         <name>_xdc_runtime_SysMin_ready__E</name>
         <value>0x3030de</value>
         <object_component_ref idref="oc-362"/>
      </symbol>
      <symbol id="sm-d8f">
         <name>_xdc_runtime_SysMin_putch__E</name>
         <value>0x3027ae</value>
         <object_component_ref idref="oc-386"/>
      </symbol>
      <symbol id="sm-d90">
         <name>_xdc_runtime_SysMin_flush__E</name>
         <value>0x302639</value>
         <object_component_ref idref="oc-33a"/>
      </symbol>
      <symbol id="sm-dcc">
         <name>_xdc_runtime_Text_putSite__E</name>
         <value>0x3018bd</value>
         <object_component_ref idref="oc-385"/>
      </symbol>
      <symbol id="sm-dcd">
         <name>_xdc_runtime_Text_ropeText__E</name>
         <value>0x302cfb</value>
         <object_component_ref idref="oc-327"/>
      </symbol>
      <symbol id="sm-dce">
         <name>_xdc_runtime_Text_putMod__E</name>
         <value>0x3023a0</value>
         <object_component_ref idref="oc-398"/>
      </symbol>
      <symbol id="sm-dcf">
         <name>_xdc_runtime_Text_putLab__E</name>
         <value>0x301fb8</value>
         <object_component_ref idref="oc-384"/>
      </symbol>
      <symbol id="sm-dd0">
         <name>_xdc_runtime_Text_printVisFxn__I</name>
         <value>0x3029f9</value>
         <object_component_ref idref="oc-3ac"/>
      </symbol>
      <symbol id="sm-dd1">
         <name>_xdc_runtime_Text_xprintf__I</name>
         <value>0x3025bd</value>
         <object_component_ref idref="oc-399"/>
      </symbol>
      <symbol id="sm-ddc">
         <name>___xdc__init</name>
         <value>0x303166</value>
         <object_component_ref idref="oc-277"/>
      </symbol>
      <symbol id="sm-dfe">
         <name>_xdc_runtime_Registry_findById__E</name>
         <value>0x302c6d</value>
         <object_component_ref idref="oc-3aa"/>
      </symbol>
      <symbol id="sm-e08">
         <name>__stack</name>
         <value>0x0</value>
         <object_component_ref idref="oc-1ef"/>
      </symbol>
      <symbol id="sm-e09">
         <name>_c_int00</name>
         <value>0x301bdf</value>
         <object_component_ref idref="oc-4b"/>
      </symbol>
      <symbol id="sm-e1e">
         <name>__unlock</name>
         <value>0xc698</value>
         <object_component_ref idref="oc-32a"/>
      </symbol>
      <symbol id="sm-e1f">
         <name>__lock</name>
         <value>0xc696</value>
         <object_component_ref idref="oc-32b"/>
      </symbol>
      <symbol id="sm-e20">
         <name>__register_lock</name>
         <value>0x3030b9</value>
         <object_component_ref idref="oc-2e4"/>
      </symbol>
      <symbol id="sm-e21">
         <name>__nop</name>
         <value>0x3030bd</value>
         <object_component_ref idref="oc-2e4"/>
      </symbol>
      <symbol id="sm-e22">
         <name>__register_unlock</name>
         <value>0x3030b5</value>
         <object_component_ref idref="oc-2e4"/>
      </symbol>
      <symbol id="sm-e32">
         <name>__args_main</name>
         <value>0x302980</value>
         <object_component_ref idref="oc-273"/>
      </symbol>
      <symbol id="sm-e48">
         <name>_copy_in</name>
         <value>0x302094</value>
         <object_component_ref idref="oc-271"/>
      </symbol>
      <symbol id="sm-e57">
         <name>_ppcopy</name>
         <value>0x30291b</value>
         <object_component_ref idref="oc-202"/>
      </symbol>
      <symbol id="sm-e58">
         <name>_dpcopy</name>
         <value>0x30291b</value>
         <object_component_ref idref="oc-202"/>
      </symbol>
      <symbol id="sm-e59">
         <name>_pdcopy</name>
         <value>0x30291b</value>
         <object_component_ref idref="oc-202"/>
      </symbol>
      <symbol id="sm-e5a">
         <name>_ddcopy</name>
         <value>0x30291b</value>
         <object_component_ref idref="oc-202"/>
      </symbol>
      <symbol id="sm-e8a">
         <name>_atan2f</name>
         <value>0x300dd2</value>
         <object_component_ref idref="oc-276"/>
      </symbol>
      <symbol id="sm-e8b">
         <name>_atan2</name>
         <value>0x300dd2</value>
         <object_component_ref idref="oc-276"/>
      </symbol>
      <symbol id="sm-e9c">
         <name>_sqrtf</name>
         <value>0x302686</value>
         <object_component_ref idref="oc-275"/>
      </symbol>
      <symbol id="sm-e9d">
         <name>_sqrt</name>
         <value>0x302686</value>
         <object_component_ref idref="oc-275"/>
      </symbol>
      <symbol id="sm-ea8">
         <name>_errno</name>
         <value>0xc69a</value>
         <object_component_ref idref="oc-214"/>
      </symbol>
      <symbol id="sm-ebd">
         <name>C$$EXIT</name>
         <value>0x302610</value>
         <object_component_ref idref="oc-325"/>
      </symbol>
      <symbol id="sm-ebe">
         <name>_exit</name>
         <value>0x302612</value>
         <object_component_ref idref="oc-325"/>
      </symbol>
      <symbol id="sm-ebf">
         <name>___TI_cleanup_ptr</name>
         <value>0xc692</value>
         <object_component_ref idref="oc-218"/>
      </symbol>
      <symbol id="sm-ec0">
         <name>___TI_enable_exit_profile_output</name>
         <value>0xc690</value>
         <object_component_ref idref="oc-218"/>
      </symbol>
      <symbol id="sm-ec1">
         <name>_abort</name>
         <value>0x302610</value>
         <object_component_ref idref="oc-325"/>
      </symbol>
      <symbol id="sm-ec2">
         <name>___TI_dtors_ptr</name>
         <value>0xc694</value>
         <object_component_ref idref="oc-218"/>
      </symbol>
      <symbol id="sm-ed4">
         <name>FD$$MPY</name>
         <value>0x3016be</value>
         <object_component_ref idref="oc-21d"/>
      </symbol>
      <symbol id="sm-ee4">
         <name>FD$$TOFS</name>
         <value>0x3026ce</value>
         <object_component_ref idref="oc-222"/>
      </symbol>
      <symbol id="sm-ef5">
         <name>FS$$DIV</name>
         <value>0x3014a8</value>
         <object_component_ref idref="oc-227"/>
      </symbol>
      <symbol id="sm-f05">
         <name>FS$$TOFD</name>
         <value>0x302894</value>
         <object_component_ref idref="oc-22c"/>
      </symbol>
      <symbol id="sm-f31">
         <name>ULL$$MOD</name>
         <value>0x300ab8</value>
         <object_component_ref idref="oc-231"/>
      </symbol>
      <symbol id="sm-f32">
         <name>ULL$$DIV</name>
         <value>0x300a89</value>
         <object_component_ref idref="oc-231"/>
      </symbol>
      <symbol id="sm-f33">
         <name>LL$$MOD</name>
         <value>0x300a4f</value>
         <object_component_ref idref="oc-231"/>
      </symbol>
      <symbol id="sm-f34">
         <name>LL$$DIV</name>
         <value>0x300a13</value>
         <object_component_ref idref="oc-231"/>
      </symbol>
      <symbol id="sm-f44">
         <name>_memcmp</name>
         <value>0x302a95</value>
         <object_component_ref idref="oc-2b9"/>
      </symbol>
      <symbol id="sm-f56">
         <name>_memcpy</name>
         <value>0x3027cc</value>
         <object_component_ref idref="oc-38e"/>
      </symbol>
      <symbol id="sm-f65">
         <name>_memset</name>
         <value>0x302d07</value>
         <object_component_ref idref="oc-336"/>
      </symbol>
      <symbol id="sm-f8b">
         <name>_atan</name>
         <value>0x300f72</value>
         <object_component_ref idref="oc-291"/>
      </symbol>
      <symbol id="sm-f8c">
         <name>_atanf</name>
         <value>0x300f72</value>
         <object_component_ref idref="oc-291"/>
      </symbol>
      <symbol id="sm-f9b">
         <name>_cos</name>
         <value>0x301d05</value>
         <object_component_ref idref="oc-308"/>
      </symbol>
      <symbol id="sm-f9c">
         <name>_cosf</name>
         <value>0x301d05</value>
         <object_component_ref idref="oc-308"/>
      </symbol>
      <symbol id="sm-faa">
         <name>_sin</name>
         <value>0x301dc4</value>
         <object_component_ref idref="oc-309"/>
      </symbol>
      <symbol id="sm-fab">
         <name>_sinf</name>
         <value>0x301dc4</value>
         <object_component_ref idref="oc-309"/>
      </symbol>
      <symbol id="sm-fc3">
         <name>_strcpy</name>
         <value>0x303152</value>
         <object_component_ref idref="oc-2c6"/>
      </symbol>
      <symbol id="sm-fd1">
         <name>_strlen</name>
         <value>0x3030e6</value>
         <object_component_ref idref="oc-364"/>
      </symbol>
      <symbol id="sm-fe5">
         <name>_HOSTopen</name>
         <value>0x300154</value>
         <object_component_ref idref="oc-387"/>
      </symbol>
      <symbol id="sm-fe6">
         <name>_HOSTread</name>
         <value>0x300115</value>
         <object_component_ref idref="oc-387"/>
      </symbol>
      <symbol id="sm-fe7">
         <name>_HOSTgetenv</name>
         <value>0x3001f5</value>
         <object_component_ref idref="oc-387"/>
      </symbol>
      <symbol id="sm-fe8">
         <name>_HOSTtime</name>
         <value>0x3000a1</value>
         <object_component_ref idref="oc-387"/>
      </symbol>
      <symbol id="sm-fe9">
         <name>_HOSTtime64</name>
         <value>0x30005c</value>
         <object_component_ref idref="oc-387"/>
      </symbol>
      <symbol id="sm-fea">
         <name>_HOSTrename</name>
         <value>0x3000d7</value>
         <object_component_ref idref="oc-387"/>
      </symbol>
      <symbol id="sm-feb">
         <name>_HOSTclock</name>
         <value>0x300246</value>
         <object_component_ref idref="oc-387"/>
      </symbol>
      <symbol id="sm-fec">
         <name>_HOSTwrite</name>
         <value>0x300000</value>
         <object_component_ref idref="oc-387"/>
      </symbol>
      <symbol id="sm-fed">
         <name>_HOSTlseek</name>
         <value>0x300194</value>
         <object_component_ref idref="oc-387"/>
      </symbol>
      <symbol id="sm-fee">
         <name>_HOSTunlink</name>
         <value>0x300038</value>
         <object_component_ref idref="oc-387"/>
      </symbol>
      <symbol id="sm-fef">
         <name>_HOSTclose</name>
         <value>0x30021d</value>
         <object_component_ref idref="oc-387"/>
      </symbol>
      <symbol id="sm-1009">
         <name>___TI_readmsg</name>
         <value>0x3013dc</value>
         <object_component_ref idref="oc-39a"/>
      </symbol>
      <symbol id="sm-100a">
         <name>C$$IO$$</name>
         <value>0x3013d7</value>
         <object_component_ref idref="oc-39a"/>
      </symbol>
      <symbol id="sm-100b">
         <name>__CIOBUF_</name>
         <value>0xc6c0</value>
         <object_component_ref idref="oc-26b"/>
      </symbol>
      <symbol id="sm-100c">
         <name>___TI_writemsg</name>
         <value>0x301384</value>
         <object_component_ref idref="oc-39a"/>
      </symbol>
   </symbol_table>
   <title>Link successful</title>
</link_info>
