<?xml version="1.0"?>
<link_info>
   <banner>TMS320C2000 Linker PC v15.12.3.LTS</banner>
   <copyright>Copyright (c) 1996-2015 Texas Instruments Incorporated</copyright>
   <link_time>0x59a991c0</link_time>
   <link_errors>0x0</link_errors>
   <output_file>Ocarina_Home_Automation.out</output_file>
   <entry_point>
      <name>_c_int00</name>
      <address>0x3016b3</address>
   </entry_point>
   <input_file_list>
      <input_file id="fl-2">
         <path>.\</path>
         <kind>object</kind>
         <file>main.obj</file>
         <name>main.obj</name>
      </input_file>
      <input_file id="fl-3">
         <path>.\Common\</path>
         <kind>object</kind>
         <file>DSP2833x_ADC_cal.obj</file>
         <name>DSP2833x_ADC_cal.obj</name>
      </input_file>
      <input_file id="fl-4">
         <path>.\Common\</path>
         <kind>object</kind>
         <file>DSP2833x_Adc.obj</file>
         <name>DSP2833x_Adc.obj</name>
      </input_file>
      <input_file id="fl-5">
         <path>.\Common\</path>
         <kind>object</kind>
         <file>DSP2833x_CpuTimers.obj</file>
         <name>DSP2833x_CpuTimers.obj</name>
      </input_file>
      <input_file id="fl-6">
         <path>.\Common\</path>
         <kind>object</kind>
         <file>DSP2833x_DMA.obj</file>
         <name>DSP2833x_DMA.obj</name>
      </input_file>
      <input_file id="fl-7">
         <path>.\Common\</path>
         <kind>object</kind>
         <file>DSP2833x_DefaultIsr.obj</file>
         <name>DSP2833x_DefaultIsr.obj</name>
      </input_file>
      <input_file id="fl-8">
         <path>.\Common\</path>
         <kind>object</kind>
         <file>DSP2833x_EPwm.obj</file>
         <name>DSP2833x_EPwm.obj</name>
      </input_file>
      <input_file id="fl-9">
         <path>.\Common\</path>
         <kind>object</kind>
         <file>DSP2833x_GlobalVariableDefs.obj</file>
         <name>DSP2833x_GlobalVariableDefs.obj</name>
      </input_file>
      <input_file id="fl-a">
         <path>.\Common\</path>
         <kind>object</kind>
         <file>DSP2833x_Gpio.obj</file>
         <name>DSP2833x_Gpio.obj</name>
      </input_file>
      <input_file id="fl-b">
         <path>.\Common\</path>
         <kind>object</kind>
         <file>DSP2833x_I2C.obj</file>
         <name>DSP2833x_I2C.obj</name>
      </input_file>
      <input_file id="fl-c">
         <path>.\Common\</path>
         <kind>object</kind>
         <file>DSP2833x_Mcbsp.obj</file>
         <name>DSP2833x_Mcbsp.obj</name>
      </input_file>
      <input_file id="fl-d">
         <path>.\Common\</path>
         <kind>object</kind>
         <file>DSP2833x_MemCopy.obj</file>
         <name>DSP2833x_MemCopy.obj</name>
      </input_file>
      <input_file id="fl-e">
         <path>.\Common\</path>
         <kind>object</kind>
         <file>DSP2833x_Sci.obj</file>
         <name>DSP2833x_Sci.obj</name>
      </input_file>
      <input_file id="fl-f">
         <path>.\Common\</path>
         <kind>object</kind>
         <file>DSP2833x_Spi.obj</file>
         <name>DSP2833x_Spi.obj</name>
      </input_file>
      <input_file id="fl-10">
         <path>.\Common\</path>
         <kind>object</kind>
         <file>DSP2833x_SysCtrl.obj</file>
         <name>DSP2833x_SysCtrl.obj</name>
      </input_file>
      <input_file id="fl-11">
         <path>.\Common\</path>
         <kind>object</kind>
         <file>DSP2833x_Xintf.obj</file>
         <name>DSP2833x_Xintf.obj</name>
      </input_file>
      <input_file id="fl-12">
         <path>.\Common\</path>
         <kind>object</kind>
         <file>DSP2833x_usDelay.obj</file>
         <name>DSP2833x_usDelay.obj</name>
      </input_file>
      <input_file id="fl-13">
         <path>.\EEL4511 Libraries\</path>
         <kind>object</kind>
         <file>EEL4511_ADC.obj</file>
         <name>EEL4511_ADC.obj</name>
      </input_file>
      <input_file id="fl-14">
         <path>.\EEL4511 Libraries\</path>
         <kind>object</kind>
         <file>EEL4511_CircBuff.obj</file>
         <name>EEL4511_CircBuff.obj</name>
      </input_file>
      <input_file id="fl-15">
         <path>.\EEL4511 Libraries\</path>
         <kind>object</kind>
         <file>EEL4511_DAC.obj</file>
         <name>EEL4511_DAC.obj</name>
      </input_file>
      <input_file id="fl-16">
         <path>.\EEL4511 Libraries\</path>
         <kind>object</kind>
         <file>EEL4511_GPIO.obj</file>
         <name>EEL4511_GPIO.obj</name>
      </input_file>
      <input_file id="fl-17">
         <path>.\EEL4511 Libraries\</path>
         <kind>object</kind>
         <file>EEL4511_LCD.obj</file>
         <name>EEL4511_LCD.obj</name>
      </input_file>
      <input_file id="fl-18">
         <path>.\EEL4511 Libraries\</path>
         <kind>object</kind>
         <file>EEL4511_MISC.obj</file>
         <name>EEL4511_MISC.obj</name>
      </input_file>
      <input_file id="fl-19">
         <path>.\EEL4511 Libraries\</path>
         <kind>object</kind>
         <file>EEL4511_SRAM.obj</file>
         <name>EEL4511_SRAM.obj</name>
      </input_file>
      <input_file id="fl-1a">
         <path>.\EEL4511 Libraries\</path>
         <kind>object</kind>
         <file>OneToOneI2CDriver.obj</file>
         <name>OneToOneI2CDriver.obj</name>
      </input_file>
      <input_file id="fl-1e">
         <path>C:\Users\Adrian\workspace_v6_2\Ocarina_Home_Automation\Debug\configPkg\package\cfg\</path>
         <kind>object</kind>
         <file>app_p28FP.o28FP</file>
         <name>app_p28FP.o28FP</name>
      </input_file>
      <input_file id="fl-26">
         <path>C:\Users\Adrian\workspace_v6_2\Ocarina_Home_Automation\src\sysbios\</path>
         <kind>archive</kind>
         <file>sysbios.a28FP</file>
         <name>BIOS.obj</name>
      </input_file>
      <input_file id="fl-27">
         <path>C:\Users\Adrian\workspace_v6_2\Ocarina_Home_Automation\src\sysbios\</path>
         <kind>archive</kind>
         <file>sysbios.a28FP</file>
         <name>c28_Hwi_asm.obj</name>
      </input_file>
      <input_file id="fl-28">
         <path>C:\Users\Adrian\workspace_v6_2\Ocarina_Home_Automation\src\sysbios\</path>
         <kind>archive</kind>
         <file>sysbios.a28FP</file>
         <name>c28_Hwi_disp_asm.obj</name>
      </input_file>
      <input_file id="fl-29">
         <path>C:\Users\Adrian\workspace_v6_2\Ocarina_Home_Automation\src\sysbios\</path>
         <kind>archive</kind>
         <file>sysbios.a28FP</file>
         <name>c28_IntrinsicsSupport_asm.obj</name>
      </input_file>
      <input_file id="fl-2a">
         <path>C:\Users\Adrian\workspace_v6_2\Ocarina_Home_Automation\src\sysbios\</path>
         <kind>archive</kind>
         <file>sysbios.a28FP</file>
         <name>c28_TaskSupport_asm.obj</name>
      </input_file>
      <input_file id="fl-2b">
         <path>C:\ti\bios_6_45_01_29\packages\ti\catalog\c2800\init\lib\</path>
         <kind>archive</kind>
         <file>Boot.a28FP</file>
         <name>Boot.o28FP</name>
      </input_file>
      <input_file id="fl-2c">
         <path>C:\ti\bios_6_45_01_29\packages\ti\targets\rts2800\lib\</path>
         <kind>archive</kind>
         <file>ti.targets.rts2800.a28FP</file>
         <name>Assert.o28FP</name>
      </input_file>
      <input_file id="fl-2d">
         <path>C:\ti\bios_6_45_01_29\packages\ti\targets\rts2800\lib\</path>
         <kind>archive</kind>
         <file>ti.targets.rts2800.a28FP</file>
         <name>Core-mem.o28FP</name>
      </input_file>
      <input_file id="fl-2e">
         <path>C:\ti\bios_6_45_01_29\packages\ti\targets\rts2800\lib\</path>
         <kind>archive</kind>
         <file>ti.targets.rts2800.a28FP</file>
         <name>Core-smem.o28FP</name>
      </input_file>
      <input_file id="fl-2f">
         <path>C:\ti\bios_6_45_01_29\packages\ti\targets\rts2800\lib\</path>
         <kind>archive</kind>
         <file>ti.targets.rts2800.a28FP</file>
         <name>Core-label.o28FP</name>
      </input_file>
      <input_file id="fl-30">
         <path>C:\ti\bios_6_45_01_29\packages\ti\targets\rts2800\lib\</path>
         <kind>archive</kind>
         <file>ti.targets.rts2800.a28FP</file>
         <name>Core-params.o28FP</name>
      </input_file>
      <input_file id="fl-31">
         <path>C:\ti\bios_6_45_01_29\packages\ti\targets\rts2800\lib\</path>
         <kind>archive</kind>
         <file>ti.targets.rts2800.a28FP</file>
         <name>Error.o28FP</name>
      </input_file>
      <input_file id="fl-32">
         <path>C:\ti\bios_6_45_01_29\packages\ti\targets\rts2800\lib\</path>
         <kind>archive</kind>
         <file>ti.targets.rts2800.a28FP</file>
         <name>Gate.o28FP</name>
      </input_file>
      <input_file id="fl-33">
         <path>C:\ti\bios_6_45_01_29\packages\ti\targets\rts2800\lib\</path>
         <kind>archive</kind>
         <file>ti.targets.rts2800.a28FP</file>
         <name>HeapStd.o28FP</name>
      </input_file>
      <input_file id="fl-34">
         <path>C:\ti\bios_6_45_01_29\packages\ti\targets\rts2800\lib\</path>
         <kind>archive</kind>
         <file>ti.targets.rts2800.a28FP</file>
         <name>LoggerBuf.o28FP</name>
      </input_file>
      <input_file id="fl-35">
         <path>C:\ti\bios_6_45_01_29\packages\ti\targets\rts2800\lib\</path>
         <kind>archive</kind>
         <file>ti.targets.rts2800.a28FP</file>
         <name>Memory.o28FP</name>
      </input_file>
      <input_file id="fl-36">
         <path>C:\ti\bios_6_45_01_29\packages\ti\targets\rts2800\lib\</path>
         <kind>archive</kind>
         <file>ti.targets.rts2800.a28FP</file>
         <name>Startup.o28FP</name>
      </input_file>
      <input_file id="fl-37">
         <path>C:\ti\bios_6_45_01_29\packages\ti\targets\rts2800\lib\</path>
         <kind>archive</kind>
         <file>ti.targets.rts2800.a28FP</file>
         <name>System.o28FP</name>
      </input_file>
      <input_file id="fl-38">
         <path>C:\ti\bios_6_45_01_29\packages\ti\targets\rts2800\lib\</path>
         <kind>archive</kind>
         <file>ti.targets.rts2800.a28FP</file>
         <name>SysMin.o28FP</name>
      </input_file>
      <input_file id="fl-39">
         <path>C:\ti\bios_6_45_01_29\packages\ti\targets\rts2800\lib\</path>
         <kind>archive</kind>
         <file>ti.targets.rts2800.a28FP</file>
         <name>Text.o28FP</name>
      </input_file>
      <input_file id="fl-3a">
         <path>C:\ti\bios_6_45_01_29\packages\ti\targets\rts2800\lib\</path>
         <kind>archive</kind>
         <file>ti.targets.rts2800.a28FP</file>
         <name>xdc_noinit.o28FP</name>
      </input_file>
      <input_file id="fl-3b">
         <path>C:\ti\bios_6_45_01_29\packages\ti\targets\rts2800\lib\</path>
         <kind>archive</kind>
         <file>ti.targets.rts2800.a28FP</file>
         <name>Log.o28FP</name>
      </input_file>
      <input_file id="fl-3c">
         <path>C:\ti\bios_6_45_01_29\packages\ti\targets\rts2800\lib\</path>
         <kind>archive</kind>
         <file>ti.targets.rts2800.a28FP</file>
         <name>Registry.o28FP</name>
      </input_file>
      <input_file id="fl-3d">
         <path>C:\ti\bios_6_45_01_29\packages\ti\targets\rts2800\lib\</path>
         <kind>archive</kind>
         <file>boot.a28FP</file>
         <name>boot_cg.o28FP</name>
      </input_file>
      <input_file id="fl-43">
         <path>C:\ti\ccsv6\tools\compiler\c2000_15.12.3.LTS\lib\</path>
         <kind>archive</kind>
         <file>rts2800_fpu32.lib</file>
         <name>_lock.obj</name>
      </input_file>
      <input_file id="fl-44">
         <path>C:\ti\ccsv6\tools\compiler\c2000_15.12.3.LTS\lib\</path>
         <kind>archive</kind>
         <file>rts2800_fpu32.lib</file>
         <name>args_main.obj</name>
      </input_file>
      <input_file id="fl-45">
         <path>C:\ti\ccsv6\tools\compiler\c2000_15.12.3.LTS\lib\</path>
         <kind>archive</kind>
         <file>rts2800_fpu32.lib</file>
         <name>cpy_tbl.obj</name>
      </input_file>
      <input_file id="fl-46">
         <path>C:\ti\ccsv6\tools\compiler\c2000_15.12.3.LTS\lib\</path>
         <kind>archive</kind>
         <file>rts2800_fpu32.lib</file>
         <name>cpy_utils.obj</name>
      </input_file>
      <input_file id="fl-47">
         <path>C:\ti\ccsv6\tools\compiler\c2000_15.12.3.LTS\lib\</path>
         <kind>archive</kind>
         <file>rts2800_fpu32.lib</file>
         <name>exit.obj</name>
      </input_file>
      <input_file id="fl-48">
         <path>C:\ti\ccsv6\tools\compiler\c2000_15.12.3.LTS\lib\</path>
         <kind>archive</kind>
         <file>rts2800_fpu32.lib</file>
         <name>fs_div.obj</name>
      </input_file>
      <input_file id="fl-49">
         <path>C:\ti\ccsv6\tools\compiler\c2000_15.12.3.LTS\lib\</path>
         <kind>archive</kind>
         <file>rts2800_fpu32.lib</file>
         <name>ll_div.obj</name>
      </input_file>
      <input_file id="fl-4a">
         <path>C:\ti\ccsv6\tools\compiler\c2000_15.12.3.LTS\lib\</path>
         <kind>archive</kind>
         <file>rts2800_fpu32.lib</file>
         <name>memcpy.obj</name>
      </input_file>
      <input_file id="fl-4b">
         <path>C:\ti\ccsv6\tools\compiler\c2000_15.12.3.LTS\lib\</path>
         <kind>archive</kind>
         <file>rts2800_fpu32.lib</file>
         <name>memset.obj</name>
      </input_file>
      <input_file id="fl-4c">
         <path>C:\ti\ccsv6\tools\compiler\c2000_15.12.3.LTS\lib\</path>
         <kind>archive</kind>
         <file>rts2800_fpu32.lib</file>
         <name>strcmp.obj</name>
      </input_file>
      <input_file id="fl-4d">
         <path>C:\ti\ccsv6\tools\compiler\c2000_15.12.3.LTS\lib\</path>
         <kind>archive</kind>
         <file>rts2800_fpu32.lib</file>
         <name>strlen.obj</name>
      </input_file>
      <input_file id="fl-4e">
         <path>C:\ti\ccsv6\tools\compiler\c2000_15.12.3.LTS\lib\</path>
         <kind>archive</kind>
         <file>rts2800_fpu32.lib</file>
         <name>trgdrv.obj</name>
      </input_file>
      <input_file id="fl-4f">
         <path>C:\ti\ccsv6\tools\compiler\c2000_15.12.3.LTS\lib\</path>
         <kind>archive</kind>
         <file>rts2800_fpu32.lib</file>
         <name>trgmsg.obj</name>
      </input_file>
      <input_file id="fl-50">
         <path>C:\ti\ccsv6\tools\compiler\c2000_15.12.3.LTS\lib\</path>
         <kind>archive</kind>
         <file>rts2800_fpu32.lib</file>
         <name>strcpy.obj</name>
      </input_file>
   </input_file_list>
   <object_component_list>
      <object_component id="oc-f0">
         <name>PieVectTableFile</name>
         <uninitialized>true</uninitialized>
         <run_address>0xd00</run_address>
         <size>0x100</size>
         <input_file_ref idref="fl-9"/>
      </object_component>
      <object_component id="oc-ec">
         <name>DevEmuRegsFile</name>
         <uninitialized>true</uninitialized>
         <run_address>0x880</run_address>
         <size>0xd0</size>
         <input_file_ref idref="fl-9"/>
      </object_component>
      <object_component id="oc-c2">
         <name>FlashRegsFile</name>
         <uninitialized>true</uninitialized>
         <run_address>0xa80</run_address>
         <size>0x8</size>
         <input_file_ref idref="fl-9"/>
      </object_component>
      <object_component id="oc-ca">
         <name>CsmRegsFile</name>
         <uninitialized>true</uninitialized>
         <run_address>0xae0</run_address>
         <size>0x10</size>
         <input_file_ref idref="fl-9"/>
      </object_component>
      <object_component id="oc-cb">
         <name>AdcMirrorFile</name>
         <uninitialized>true</uninitialized>
         <run_address>0xb00</run_address>
         <size>0x10</size>
         <input_file_ref idref="fl-9"/>
      </object_component>
      <object_component id="oc-cf">
         <name>XintfRegsFile</name>
         <uninitialized>true</uninitialized>
         <run_address>0xb20</run_address>
         <size>0x1e</size>
         <input_file_ref idref="fl-9"/>
      </object_component>
      <object_component id="oc-c3">
         <name>CpuTimer0RegsFile</name>
         <uninitialized>true</uninitialized>
         <run_address>0xc00</run_address>
         <size>0x8</size>
         <input_file_ref idref="fl-9"/>
      </object_component>
      <object_component id="oc-c4">
         <name>CpuTimer1RegsFile</name>
         <uninitialized>true</uninitialized>
         <run_address>0xc08</run_address>
         <size>0x8</size>
         <input_file_ref idref="fl-9"/>
      </object_component>
      <object_component id="oc-c0">
         <name>CpuTimer2RegsFile</name>
         <uninitialized>true</uninitialized>
         <run_address>0xc10</run_address>
         <size>0x8</size>
         <input_file_ref idref="fl-9"/>
      </object_component>
      <object_component id="oc-cd">
         <name>PieCtrlRegsFile</name>
         <uninitialized>true</uninitialized>
         <run_address>0xce0</run_address>
         <size>0x1a</size>
         <input_file_ref idref="fl-9"/>
      </object_component>
      <object_component id="oc-ed">
         <name>DmaRegsFile</name>
         <uninitialized>true</uninitialized>
         <run_address>0x1000</run_address>
         <size>0xe0</size>
         <input_file_ref idref="fl-9"/>
      </object_component>
      <object_component id="oc-e0">
         <name>McbspaRegsFile</name>
         <uninitialized>true</uninitialized>
         <run_address>0x5000</run_address>
         <size>0x25</size>
         <input_file_ref idref="fl-9"/>
      </object_component>
      <object_component id="oc-df">
         <name>McbspbRegsFile</name>
         <uninitialized>true</uninitialized>
         <run_address>0x5040</run_address>
         <size>0x25</size>
         <input_file_ref idref="fl-9"/>
      </object_component>
      <object_component id="oc-e2">
         <name>ECanaRegsFile</name>
         <uninitialized>true</uninitialized>
         <run_address>0x6000</run_address>
         <size>0x34</size>
         <input_file_ref idref="fl-9"/>
      </object_component>
      <object_component id="oc-e6">
         <name>ECanaLAMRegsFile</name>
         <uninitialized>true</uninitialized>
         <run_address>0x6040</run_address>
         <size>0x40</size>
         <input_file_ref idref="fl-9"/>
      </object_component>
      <object_component id="oc-ef">
         <name>ECanaMboxesFile</name>
         <uninitialized>true</uninitialized>
         <run_address>0x6100</run_address>
         <size>0x100</size>
         <input_file_ref idref="fl-9"/>
      </object_component>
      <object_component id="oc-e7">
         <name>ECanaMOTSRegsFile</name>
         <uninitialized>true</uninitialized>
         <run_address>0x6080</run_address>
         <size>0x40</size>
         <input_file_ref idref="fl-9"/>
      </object_component>
      <object_component id="oc-e4">
         <name>ECanaMOTORegsFile</name>
         <uninitialized>true</uninitialized>
         <run_address>0x60c0</run_address>
         <size>0x40</size>
         <input_file_ref idref="fl-9"/>
      </object_component>
      <object_component id="oc-e3">
         <name>ECanbRegsFile</name>
         <uninitialized>true</uninitialized>
         <run_address>0x6200</run_address>
         <size>0x34</size>
         <input_file_ref idref="fl-9"/>
      </object_component>
      <object_component id="oc-eb">
         <name>ECanbLAMRegsFile</name>
         <uninitialized>true</uninitialized>
         <run_address>0x6240</run_address>
         <size>0x40</size>
         <input_file_ref idref="fl-9"/>
      </object_component>
      <object_component id="oc-ee">
         <name>ECanbMboxesFile</name>
         <uninitialized>true</uninitialized>
         <run_address>0x6300</run_address>
         <size>0x100</size>
         <input_file_ref idref="fl-9"/>
      </object_component>
      <object_component id="oc-e5">
         <name>ECanbMOTSRegsFile</name>
         <uninitialized>true</uninitialized>
         <run_address>0x6280</run_address>
         <size>0x40</size>
         <input_file_ref idref="fl-9"/>
      </object_component>
      <object_component id="oc-e8">
         <name>ECanbMOTORegsFile</name>
         <uninitialized>true</uninitialized>
         <run_address>0x62c0</run_address>
         <size>0x40</size>
         <input_file_ref idref="fl-9"/>
      </object_component>
      <object_component id="oc-dd">
         <name>EPwm1RegsFile</name>
         <uninitialized>true</uninitialized>
         <run_address>0x6800</run_address>
         <size>0x22</size>
         <input_file_ref idref="fl-9"/>
      </object_component>
      <object_component id="oc-d8">
         <name>EPwm2RegsFile</name>
         <uninitialized>true</uninitialized>
         <run_address>0x6840</run_address>
         <size>0x22</size>
         <input_file_ref idref="fl-9"/>
      </object_component>
      <object_component id="oc-d9">
         <name>EPwm3RegsFile</name>
         <uninitialized>true</uninitialized>
         <run_address>0x6880</run_address>
         <size>0x22</size>
         <input_file_ref idref="fl-9"/>
      </object_component>
      <object_component id="oc-de">
         <name>EPwm4RegsFile</name>
         <uninitialized>true</uninitialized>
         <run_address>0x68c0</run_address>
         <size>0x22</size>
         <input_file_ref idref="fl-9"/>
      </object_component>
      <object_component id="oc-db">
         <name>EPwm5RegsFile</name>
         <uninitialized>true</uninitialized>
         <run_address>0x6900</run_address>
         <size>0x22</size>
         <input_file_ref idref="fl-9"/>
      </object_component>
      <object_component id="oc-dc">
         <name>EPwm6RegsFile</name>
         <uninitialized>true</uninitialized>
         <run_address>0x6940</run_address>
         <size>0x22</size>
         <input_file_ref idref="fl-9"/>
      </object_component>
      <object_component id="oc-d2">
         <name>ECap1RegsFile</name>
         <uninitialized>true</uninitialized>
         <run_address>0x6a00</run_address>
         <size>0x20</size>
         <input_file_ref idref="fl-9"/>
      </object_component>
      <object_component id="oc-d3">
         <name>ECap2RegsFile</name>
         <uninitialized>true</uninitialized>
         <run_address>0x6a20</run_address>
         <size>0x20</size>
         <input_file_ref idref="fl-9"/>
      </object_component>
      <object_component id="oc-d0">
         <name>ECap3RegsFile</name>
         <uninitialized>true</uninitialized>
         <run_address>0x6a40</run_address>
         <size>0x20</size>
         <input_file_ref idref="fl-9"/>
      </object_component>
      <object_component id="oc-d1">
         <name>ECap4RegsFile</name>
         <uninitialized>true</uninitialized>
         <run_address>0x6a60</run_address>
         <size>0x20</size>
         <input_file_ref idref="fl-9"/>
      </object_component>
      <object_component id="oc-d6">
         <name>ECap5RegsFile</name>
         <uninitialized>true</uninitialized>
         <run_address>0x6a80</run_address>
         <size>0x20</size>
         <input_file_ref idref="fl-9"/>
      </object_component>
      <object_component id="oc-d7">
         <name>ECap6RegsFile</name>
         <uninitialized>true</uninitialized>
         <run_address>0x6aa0</run_address>
         <size>0x20</size>
         <input_file_ref idref="fl-9"/>
      </object_component>
      <object_component id="oc-e9">
         <name>EQep1RegsFile</name>
         <uninitialized>true</uninitialized>
         <run_address>0x6b00</run_address>
         <size>0x40</size>
         <input_file_ref idref="fl-9"/>
      </object_component>
      <object_component id="oc-ea">
         <name>EQep2RegsFile</name>
         <uninitialized>true</uninitialized>
         <run_address>0x6b40</run_address>
         <size>0x40</size>
         <input_file_ref idref="fl-9"/>
      </object_component>
      <object_component id="oc-e1">
         <name>GpioCtrlRegsFile</name>
         <uninitialized>true</uninitialized>
         <run_address>0x6f80</run_address>
         <size>0x2e</size>
         <input_file_ref idref="fl-9"/>
      </object_component>
      <object_component id="oc-d4">
         <name>GpioDataRegsFile</name>
         <uninitialized>true</uninitialized>
         <run_address>0x6fc0</run_address>
         <size>0x20</size>
         <input_file_ref idref="fl-9"/>
      </object_component>
      <object_component id="oc-c5">
         <name>GpioIntRegsFile</name>
         <uninitialized>true</uninitialized>
         <run_address>0x6fe0</run_address>
         <size>0xa</size>
         <input_file_ref idref="fl-9"/>
      </object_component>
      <object_component id="oc-d5">
         <name>SysCtrlRegsFile</name>
         <uninitialized>true</uninitialized>
         <run_address>0x7010</run_address>
         <size>0x20</size>
         <input_file_ref idref="fl-9"/>
      </object_component>
      <object_component id="oc-c6">
         <name>SpiaRegsFile</name>
         <uninitialized>true</uninitialized>
         <run_address>0x7040</run_address>
         <size>0x10</size>
         <input_file_ref idref="fl-9"/>
      </object_component>
      <object_component id="oc-c9">
         <name>SciaRegsFile</name>
         <uninitialized>true</uninitialized>
         <run_address>0x7050</run_address>
         <size>0x10</size>
         <input_file_ref idref="fl-9"/>
      </object_component>
      <object_component id="oc-cc">
         <name>XIntruptRegsFile</name>
         <uninitialized>true</uninitialized>
         <run_address>0x7070</run_address>
         <size>0x10</size>
         <input_file_ref idref="fl-9"/>
      </object_component>
      <object_component id="oc-ce">
         <name>AdcRegsFile</name>
         <uninitialized>true</uninitialized>
         <run_address>0x7100</run_address>
         <size>0x1e</size>
         <input_file_ref idref="fl-9"/>
      </object_component>
      <object_component id="oc-c7">
         <name>ScibRegsFile</name>
         <uninitialized>true</uninitialized>
         <run_address>0x7750</run_address>
         <size>0x10</size>
         <input_file_ref idref="fl-9"/>
      </object_component>
      <object_component id="oc-c8">
         <name>ScicRegsFile</name>
         <uninitialized>true</uninitialized>
         <run_address>0x7770</run_address>
         <size>0x10</size>
         <input_file_ref idref="fl-9"/>
      </object_component>
      <object_component id="oc-da">
         <name>I2caRegsFile</name>
         <uninitialized>true</uninitialized>
         <run_address>0x7900</run_address>
         <size>0x22</size>
         <input_file_ref idref="fl-9"/>
      </object_component>
      <object_component id="oc-c1">
         <name>CsmPwlFile</name>
         <uninitialized>true</uninitialized>
         <run_address>0x33fff8</run_address>
         <size>0x8</size>
         <input_file_ref idref="fl-9"/>
      </object_component>
      <object_component id="oc-bf">
         <name>PartIdRegsFile</name>
         <uninitialized>true</uninitialized>
         <run_address>0x380090</run_address>
         <size>0x1</size>
         <input_file_ref idref="fl-9"/>
      </object_component>
      <object_component id="oc-149">
         <name>.cinit</name>
         <load_address>0x30337c</load_address>
         <run_address>0x30337c</run_address>
         <size>0x392</size>
         <input_file_ref idref="fl-1e"/>
      </object_component>
      <object_component id="oc-1cf">
         <name>.cinit</name>
         <load_address>0x30370e</load_address>
         <run_address>0x30370e</run_address>
         <size>0xe</size>
         <input_file_ref idref="fl-47"/>
      </object_component>
      <object_component id="oc-286">
         <name>.cinit:__lock</name>
         <load_address>0x30371c</load_address>
         <run_address>0x30371c</run_address>
         <size>0x5</size>
         <input_file_ref idref="fl-43"/>
      </object_component>
      <object_component id="oc-285">
         <name>.cinit:__unlock</name>
         <load_address>0x303721</load_address>
         <run_address>0x303721</run_address>
         <size>0x5</size>
         <input_file_ref idref="fl-43"/>
      </object_component>
      <object_component id="oc-35a">
         <name>.text</name>
         <load_address>0x300000</load_address>
         <run_address>0x300000</run_address>
         <size>0x27c</size>
         <input_file_ref idref="fl-4e"/>
      </object_component>
      <object_component id="oc-2f2">
         <name>.text:_xdc_runtime_System_doPrint__I</name>
         <load_address>0x30027c</load_address>
         <run_address>0x30027c</run_address>
         <size>0x25f</size>
         <input_file_ref idref="fl-37"/>
      </object_component>
      <object_component id="oc-27d">
         <name>.text:_ti_sysbios_knl_Semaphore_pend__E</name>
         <load_address>0x3004db</load_address>
         <run_address>0x3004db</run_address>
         <size>0x1a7</size>
         <input_file_ref idref="fl-26"/>
      </object_component>
      <object_component id="oc-1da">
         <name>.text</name>
         <load_address>0x300682</load_address>
         <run_address>0x300682</run_address>
         <size>0x107</size>
         <input_file_ref idref="fl-49"/>
      </object_component>
      <object_component id="oc-252">
         <name>.text:_ti_sysbios_knl_Task_sleep__E</name>
         <load_address>0x300789</load_address>
         <run_address>0x300789</run_address>
         <size>0x100</size>
         <input_file_ref idref="fl-26"/>
      </object_component>
      <object_component id="oc-22a">
         <name>.text:_xdc_runtime_HeapStd_alloc__E</name>
         <load_address>0x300889</load_address>
         <run_address>0x300889</run_address>
         <size>0xf7</size>
         <input_file_ref idref="fl-33"/>
      </object_component>
      <object_component id="oc-2e4">
         <name>.text:_ti_sysbios_family_c28_Hwi_clearInterrupt__E</name>
         <load_address>0x300980</load_address>
         <run_address>0x300980</run_address>
         <size>0xe2</size>
         <input_file_ref idref="fl-26"/>
      </object_component>
      <object_component id="oc-247">
         <name>.text:_xdc_runtime_LoggerBuf_write8__E</name>
         <load_address>0x300a62</load_address>
         <run_address>0x300a62</run_address>
         <size>0xdf</size>
         <input_file_ref idref="fl-34"/>
      </object_component>
      <object_component id="oc-264">
         <name>.text:_xdc_runtime_Core_createObject__I</name>
         <load_address>0x300b41</load_address>
         <run_address>0x300b41</run_address>
         <size>0xd7</size>
         <input_file_ref idref="fl-2d"/>
      </object_component>
      <object_component id="oc-340">
         <name>.text:_xdc_runtime_System_printfExtend__I</name>
         <load_address>0x300c18</load_address>
         <run_address>0x300c18</run_address>
         <size>0xc0</size>
         <input_file_ref idref="fl-1e"/>
      </object_component>
      <object_component id="oc-2ad">
         <name>.text:_xdc_runtime_Error_policyDefault__E</name>
         <load_address>0x300cd8</load_address>
         <run_address>0x300cd8</run_address>
         <size>0xa5</size>
         <input_file_ref idref="fl-31"/>
      </object_component>
      <object_component id="oc-311">
         <name>.text:_xdc_runtime_Core_constructObject__I</name>
         <load_address>0x300d7d</load_address>
         <run_address>0x300d7d</run_address>
         <size>0xa2</size>
         <input_file_ref idref="fl-2e"/>
      </object_component>
      <object_component id="oc-378">
         <name>.text:_ti_sysbios_family_c28_Hwi_dispatch</name>
         <load_address>0x300e1f</load_address>
         <run_address>0x300e1f</run_address>
         <size>0x9b</size>
         <input_file_ref idref="fl-28"/>
      </object_component>
      <object_component id="oc-246">
         <name>.text:_xdc_runtime_LoggerBuf_write4__E</name>
         <load_address>0x300eba</load_address>
         <run_address>0x300eba</run_address>
         <size>0x95</size>
         <input_file_ref idref="fl-34"/>
      </object_component>
      <object_component id="oc-272">
         <name>.text:_free</name>
         <load_address>0x300f4f</load_address>
         <run_address>0x300f4f</run_address>
         <size>0x1</size>
         <input_file_ref idref="fl-1e"/>
      </object_component>
      <object_component id="oc-375">
         <name>.text</name>
         <load_address>0x300f50</load_address>
         <run_address>0x300f50</run_address>
         <size>0x94</size>
         <input_file_ref idref="fl-4f"/>
      </object_component>
      <object_component id="oc-2e5">
         <name>.text:_ti_sysbios_family_c28_Hwi_enableInterrupt__E</name>
         <load_address>0x300fe4</load_address>
         <run_address>0x300fe4</run_address>
         <size>0x90</size>
         <input_file_ref idref="fl-26"/>
      </object_component>
      <object_component id="oc-275">
         <name>.text:_xdc_runtime_HeapStd_Instance_init__E</name>
         <load_address>0x301074</load_address>
         <run_address>0x301074</run_address>
         <size>0x8c</size>
         <input_file_ref idref="fl-33"/>
      </object_component>
      <object_component id="oc-1d5">
         <name>.text</name>
         <load_address>0x301100</load_address>
         <run_address>0x301100</run_address>
         <size>0x88</size>
         <input_file_ref idref="fl-48"/>
      </object_component>
      <object_component id="oc-27e">
         <name>.text:_ti_sysbios_knl_Semaphore_post__E</name>
         <load_address>0x301188</load_address>
         <run_address>0x301188</run_address>
         <size>0x84</size>
         <input_file_ref idref="fl-26"/>
      </object_component>
      <object_component id="oc-38a">
         <name>.text:_ti_sysbios_family_c28_Hwi_disableInterrupt__E</name>
         <load_address>0x30120c</load_address>
         <run_address>0x30120c</run_address>
         <size>0x83</size>
         <input_file_ref idref="fl-26"/>
      </object_component>
      <object_component id="oc-31c">
         <name>.text:_ti_sysbios_family_c28_Hwi_disablePIEIER__E</name>
         <load_address>0x30128f</load_address>
         <run_address>0x30128f</run_address>
         <size>0x80</size>
         <input_file_ref idref="fl-26"/>
      </object_component>
      <object_component id="oc-31b">
         <name>.text:_ti_sysbios_family_c28_Hwi_enablePIEIER__E</name>
         <load_address>0x30130f</load_address>
         <run_address>0x30130f</run_address>
         <size>0x7f</size>
         <input_file_ref idref="fl-26"/>
      </object_component>
      <object_component id="oc-2b1">
         <name>.text:_xdc_runtime_Startup_startMods__I</name>
         <load_address>0x30138e</load_address>
         <run_address>0x30138e</run_address>
         <size>0x7d</size>
         <input_file_ref idref="fl-36"/>
      </object_component>
      <object_component id="oc-358">
         <name>.text:_xdc_runtime_Text_putSite__E</name>
         <load_address>0x30140b</load_address>
         <run_address>0x30140b</run_address>
         <size>0x7b</size>
         <input_file_ref idref="fl-39"/>
      </object_component>
      <object_component id="oc-22b">
         <name>.text:_xdc_runtime_HeapStd_free__E</name>
         <load_address>0x301486</load_address>
         <run_address>0x301486</run_address>
         <size>0x76</size>
         <input_file_ref idref="fl-33"/>
      </object_component>
      <object_component id="oc-2e8">
         <name>.text:_ti_sysbios_knl_Task_checkStacks__E</name>
         <load_address>0x3014fc</load_address>
         <run_address>0x3014fc</run_address>
         <size>0x73</size>
         <input_file_ref idref="fl-26"/>
      </object_component>
      <object_component id="oc-232">
         <name>.text:_ti_sysbios_gates_GateMutex_enter__E</name>
         <load_address>0x30156f</load_address>
         <run_address>0x30156f</run_address>
         <size>0x72</size>
         <input_file_ref idref="fl-26"/>
      </object_component>
      <object_component id="oc-312">
         <name>.text:_ti_sysbios_knl_Semaphore_Instance_init__E</name>
         <load_address>0x3015e1</load_address>
         <run_address>0x3015e1</run_address>
         <size>0x6c</size>
         <input_file_ref idref="fl-26"/>
      </object_component>
      <object_component id="oc-379">
         <name>.text:_ti_sysbios_family_c28_Timer_stopAndClear__I</name>
         <load_address>0x30164d</load_address>
         <run_address>0x30164d</run_address>
         <size>0x66</size>
         <input_file_ref idref="fl-26"/>
      </object_component>
      <object_component id="oc-49">
         <name>.text</name>
         <load_address>0x3016b3</load_address>
         <run_address>0x3016b3</run_address>
         <size>0x63</size>
         <input_file_ref idref="fl-3d"/>
      </object_component>
      <object_component id="oc-2b4">
         <name>.text:_InitPeripheralClocks</name>
         <load_address>0x301716</load_address>
         <run_address>0x301716</run_address>
         <size>0x5b</size>
         <input_file_ref idref="fl-10"/>
      </object_component>
      <object_component id="oc-25b">
         <name>.text:_Init_McBSPb_ADC</name>
         <load_address>0x301771</load_address>
         <run_address>0x301771</run_address>
         <size>0x5a</size>
         <input_file_ref idref="fl-13"/>
      </object_component>
      <object_component id="oc-2b3">
         <name>.text:_InitPll</name>
         <load_address>0x3017cb</load_address>
         <run_address>0x3017cb</run_address>
         <size>0x51</size>
         <input_file_ref idref="fl-10"/>
      </object_component>
      <object_component id="oc-266">
         <name>.text:_xdc_runtime_Core_deleteObject__I</name>
         <load_address>0x30181c</load_address>
         <run_address>0x30181c</run_address>
         <size>0x51</size>
         <input_file_ref idref="fl-2d"/>
      </object_component>
      <object_component id="oc-2ed">
         <name>.text:_xdc_runtime_Memory_alloc__E</name>
         <load_address>0x30186d</load_address>
         <run_address>0x30186d</run_address>
         <size>0x4e</size>
         <input_file_ref idref="fl-35"/>
      </object_component>
      <object_component id="oc-394">
         <name>.text:_ti_sysbios_family_c28_Hwi_dispatchCore__I</name>
         <load_address>0x3018bb</load_address>
         <run_address>0x3018bb</run_address>
         <size>0x4c</size>
         <input_file_ref idref="fl-26"/>
      </object_component>
      <object_component id="oc-357">
         <name>.text:_xdc_runtime_Text_putLab__E</name>
         <load_address>0x301907</load_address>
         <run_address>0x301907</run_address>
         <size>0x4c</size>
         <input_file_ref idref="fl-39"/>
      </object_component>
      <object_component id="oc-212">
         <name>.text:_ti_sysbios_knl_Clock_workFunc__E</name>
         <load_address>0x301953</load_address>
         <run_address>0x301953</run_address>
         <size>0x4b</size>
         <input_file_ref idref="fl-26"/>
      </object_component>
      <object_component id="oc-36e">
         <name>.text:_ti_sysbios_knl_Task_postInit__I</name>
         <load_address>0x30199e</load_address>
         <run_address>0x30199e</run_address>
         <size>0x4b</size>
         <input_file_ref idref="fl-26"/>
      </object_component>
      <object_component id="oc-2eb">
         <name>.text:_ti_sysbios_family_c28_TimestampProvider_get64__E</name>
         <load_address>0x3019e9</load_address>
         <run_address>0x3019e9</run_address>
         <size>0x48</size>
         <input_file_ref idref="fl-26"/>
      </object_component>
      <object_component id="oc-34d">
         <name>.text:_ti_sysbios_family_c28_Hwi_Module_startup__E</name>
         <load_address>0x301a31</load_address>
         <run_address>0x301a31</run_address>
         <size>0x47</size>
         <input_file_ref idref="fl-26"/>
      </object_component>
      <object_component id="oc-32b">
         <name>.text:_ti_sysbios_knl_Swi_run__I</name>
         <load_address>0x301a78</load_address>
         <run_address>0x301a78</run_address>
         <size>0x46</size>
         <input_file_ref idref="fl-26"/>
      </object_component>
      <object_component id="oc-205">
         <name>.text</name>
         <load_address>0x301abe</load_address>
         <run_address>0x301abe</run_address>
         <size>0x46</size>
         <input_file_ref idref="fl-45"/>
      </object_component>
      <object_component id="oc-307">
         <name>.text:_SetClockDivides</name>
         <load_address>0x301b04</load_address>
         <run_address>0x301b04</run_address>
         <size>0x43</size>
         <input_file_ref idref="fl-1a"/>
      </object_component>
      <object_component id="oc-366">
         <name>.text:_ti_sysbios_family_c28_Timer_postInit__I</name>
         <load_address>0x301b47</load_address>
         <run_address>0x301b47</run_address>
         <size>0x43</size>
         <input_file_ref idref="fl-26"/>
      </object_component>
      <object_component id="oc-2f7">
         <name>.text:_xdc_runtime_Error_setX__E</name>
         <load_address>0x301b8a</load_address>
         <run_address>0x301b8a</run_address>
         <size>0x43</size>
         <input_file_ref idref="fl-31"/>
      </object_component>
      <object_component id="oc-153">
         <name>.text:_ti_sysbios_family_c28_Hwi_unPluggedInterrupt__I</name>
         <load_address>0x301bcd</load_address>
         <run_address>0x301bcd</run_address>
         <size>0x42</size>
         <input_file_ref idref="fl-26"/>
      </object_component>
      <object_component id="oc-2c4">
         <name>.text:_xdc_runtime_Core_assignParams__I</name>
         <load_address>0x301c0f</load_address>
         <run_address>0x301c0f</run_address>
         <size>0x42</size>
         <input_file_ref idref="fl-30"/>
      </object_component>
      <object_component id="oc-24a">
         <name>.text:_xdc_runtime_LoggerBuf_Object__create__S</name>
         <load_address>0x301c51</load_address>
         <run_address>0x301c51</run_address>
         <size>0x40</size>
         <input_file_ref idref="fl-1e"/>
      </object_component>
      <object_component id="oc-32f">
         <name>.text:_xdc_runtime_System_formatNum__I</name>
         <load_address>0x301c91</load_address>
         <run_address>0x301c91</run_address>
         <size>0x40</size>
         <input_file_ref idref="fl-37"/>
      </object_component>
      <object_component id="oc-22e">
         <name>.text:_xdc_runtime_HeapStd_Object__create__S</name>
         <load_address>0x301cd1</load_address>
         <run_address>0x301cd1</run_address>
         <size>0x3f</size>
         <input_file_ref idref="fl-1e"/>
      </object_component>
      <object_component id="oc-248">
         <name>.text:_xdc_runtime_LoggerBuf_setFilterLevel__E</name>
         <load_address>0x301d10</load_address>
         <run_address>0x301d10</run_address>
         <size>0x3f</size>
         <input_file_ref idref="fl-34"/>
      </object_component>
      <object_component id="oc-396">
         <name>.text:_ti_sysbios_knl_Swi_restoreHwi__E</name>
         <load_address>0x301d4f</load_address>
         <run_address>0x301d4f</run_address>
         <size>0x3e</size>
         <input_file_ref idref="fl-26"/>
      </object_component>
      <object_component id="oc-249">
         <name>.text:_xdc_runtime_LoggerBuf_getFilterLevel__E</name>
         <load_address>0x301d8d</load_address>
         <run_address>0x301d8d</run_address>
         <size>0x3c</size>
         <input_file_ref idref="fl-34"/>
      </object_component>
      <object_component id="oc-2b8">
         <name>.text:_ConfigCpuTimer</name>
         <load_address>0x301dc9</load_address>
         <run_address>0x301dc9</run_address>
         <size>0x3a</size>
         <input_file_ref idref="fl-5"/>
      </object_component>
      <object_component id="oc-38c">
         <name>.text:_ti_sysbios_family_c28_TaskSupport_start__E</name>
         <load_address>0x301e03</load_address>
         <run_address>0x301e03</run_address>
         <size>0x3a</size>
         <input_file_ref idref="fl-26"/>
      </object_component>
      <object_component id="oc-373">
         <name>.text:_xdc_runtime_Text_putMod__E</name>
         <load_address>0x301e3d</load_address>
         <run_address>0x301e3d</run_address>
         <size>0x3a</size>
         <input_file_ref idref="fl-39"/>
      </object_component>
      <object_component id="oc-34c">
         <name>.text:_ti_sysbios_family_c28_TimestampProvider_Module_startup__E</name>
         <load_address>0x301e77</load_address>
         <run_address>0x301e77</run_address>
         <size>0x36</size>
         <input_file_ref idref="fl-26"/>
      </object_component>
      <object_component id="oc-346">
         <name>.text:_xdc_runtime_Error_print__E</name>
         <load_address>0x301ead</load_address>
         <run_address>0x301ead</run_address>
         <size>0x36</size>
         <input_file_ref idref="fl-31"/>
      </object_component>
      <object_component id="oc-28e">
         <name>.text:_ti_sysbios_knl_Task_startCore__E</name>
         <load_address>0x301ee3</load_address>
         <run_address>0x301ee3</run_address>
         <size>0x35</size>
         <input_file_ref idref="fl-26"/>
      </object_component>
      <object_component id="oc-206">
         <name>.text:_xdc_runtime_Startup_exec__E</name>
         <load_address>0x301f18</load_address>
         <run_address>0x301f18</run_address>
         <size>0x35</size>
         <input_file_ref idref="fl-36"/>
      </object_component>
      <object_component id="oc-351">
         <name>.text:_ti_sysbios_knl_Task_Module_startup__E</name>
         <load_address>0x301f4d</load_address>
         <run_address>0x301f4d</run_address>
         <size>0x32</size>
         <input_file_ref idref="fl-26"/>
      </object_component>
      <object_component id="oc-26d">
         <name>.text:_xdc_runtime_Assert_raise__I</name>
         <load_address>0x301f7f</load_address>
         <run_address>0x301f7f</run_address>
         <size>0x32</size>
         <input_file_ref idref="fl-2c"/>
      </object_component>
      <object_component id="oc-29c">
         <name>.text:_xdc_runtime_LoggerBuf_Instance_init__E</name>
         <load_address>0x301fb1</load_address>
         <run_address>0x301fb1</run_address>
         <size>0x32</size>
         <input_file_ref idref="fl-34"/>
      </object_component>
      <object_component id="oc-25c">
         <name>.text:_Init_LCD</name>
         <load_address>0x301fe3</load_address>
         <run_address>0x301fe3</run_address>
         <size>0x31</size>
         <input_file_ref idref="fl-17"/>
      </object_component>
      <object_component id="oc-21b">
         <name>.text:.bootCodeSection:_ti_catalog_c2800_init_Boot_configurePll2802x</name>
         <load_address>0x302014</load_address>
         <run_address>0x302014</run_address>
         <size>0x2e</size>
         <input_file_ref idref="fl-2b"/>
      </object_component>
      <object_component id="oc-2ef">
         <name>.text:_ti_sysbios_knl_Swi_runLoop__I</name>
         <load_address>0x302042</load_address>
         <run_address>0x302042</run_address>
         <size>0x2e</size>
         <input_file_ref idref="fl-26"/>
      </object_component>
      <object_component id="oc-29e">
         <name>.text:_ti_sysbios_knl_Swi_schedule__I</name>
         <load_address>0x302070</load_address>
         <run_address>0x302070</run_address>
         <size>0x2e</size>
         <input_file_ref idref="fl-26"/>
      </object_component>
      <object_component id="oc-2f4">
         <name>.text:_ti_sysbios_knl_Task_schedule__I</name>
         <load_address>0x30209e</load_address>
         <run_address>0x30209e</run_address>
         <size>0x2e</size>
         <input_file_ref idref="fl-26"/>
      </object_component>
      <object_component id="oc-33f">
         <name>.text:_ti_sysbios_family_c28_Hwi_getInterruptFlag__E</name>
         <load_address>0x3020cc</load_address>
         <run_address>0x3020cc</run_address>
         <size>0x2d</size>
         <input_file_ref idref="fl-26"/>
      </object_component>
      <object_component id="oc-336">
         <name>.text:_ti_sysbios_family_c28_Hwi_getStackInfo__E</name>
         <load_address>0x3020f9</load_address>
         <run_address>0x3020f9</run_address>
         <size>0x2c</size>
         <input_file_ref idref="fl-26"/>
      </object_component>
      <object_component id="oc-28b">
         <name>.text:_ti_sysbios_family_c28_Timer_start__E</name>
         <load_address>0x302125</load_address>
         <run_address>0x302125</run_address>
         <size>0x2c</size>
         <input_file_ref idref="fl-26"/>
      </object_component>
      <object_component id="oc-374">
         <name>.text:_xdc_runtime_Text_xprintf__I</name>
         <load_address>0x302151</load_address>
         <run_address>0x302151</run_address>
         <size>0x2a</size>
         <input_file_ref idref="fl-39"/>
      </object_component>
      <object_component id="oc-326">
         <name>.text:_ti_sysbios_family_c28_Timer_getExpiredCounts64__E</name>
         <load_address>0x30217b</load_address>
         <run_address>0x30217b</run_address>
         <size>0x29</size>
         <input_file_ref idref="fl-26"/>
      </object_component>
      <object_component id="oc-2bc">
         <name>.text</name>
         <load_address>0x3021a4</load_address>
         <run_address>0x3021a4</run_address>
         <size>0x29</size>
         <input_file_ref idref="fl-47"/>
      </object_component>
      <object_component id="oc-2f5">
         <name>.text:_xdc_runtime_SysMin_flush__E</name>
         <load_address>0x3021cd</load_address>
         <run_address>0x3021cd</run_address>
         <size>0x28</size>
         <input_file_ref idref="fl-38"/>
      </object_component>
      <object_component id="oc-393">
         <name>.text:_ti_sysbios_family_c28_TaskSupport_buildTaskStack</name>
         <load_address>0x3021f5</load_address>
         <run_address>0x3021f5</run_address>
         <size>0x25</size>
         <input_file_ref idref="fl-2a"/>
      </object_component>
      <object_component id="oc-327">
         <name>.text:_ti_sysbios_family_c28_Timer_getExpiredCounts__E</name>
         <load_address>0x30221a</load_address>
         <run_address>0x30221a</run_address>
         <size>0x25</size>
         <input_file_ref idref="fl-26"/>
      </object_component>
      <object_component id="oc-250">
         <name>.text:_ti_sysbios_knl_Swi_post__E</name>
         <load_address>0x30223f</load_address>
         <run_address>0x30223f</run_address>
         <size>0x24</size>
         <input_file_ref idref="fl-26"/>
      </object_component>
      <object_component id="oc-220">
         <name>.text:_xdc_runtime_System_processAtExit__E</name>
         <load_address>0x302263</load_address>
         <run_address>0x302263</run_address>
         <size>0x23</size>
         <input_file_ref idref="fl-37"/>
      </object_component>
      <object_component id="oc-2e6">
         <name>.text:_ti_sysbios_knl_Task_allBlockedFunction__I</name>
         <load_address>0x302286</load_address>
         <run_address>0x302286</run_address>
         <size>0x21</size>
         <input_file_ref idref="fl-26"/>
      </object_component>
      <object_component id="oc-238">
         <name>.text:_xdc_runtime_System_atexit__E</name>
         <load_address>0x3022a7</load_address>
         <run_address>0x3022a7</run_address>
         <size>0x21</size>
         <input_file_ref idref="fl-37"/>
      </object_component>
      <object_component id="oc-2b5">
         <name>.text:_I2C_O2O_Master_Init</name>
         <load_address>0x3022c8</load_address>
         <run_address>0x3022c8</run_address>
         <size>0x20</size>
         <input_file_ref idref="fl-1a"/>
      </object_component>
      <object_component id="oc-37b">
         <name>.text:_ti_sysbios_family_c28_Timer_setPrescale__E</name>
         <load_address>0x3022e8</load_address>
         <run_address>0x3022e8</run_address>
         <size>0x20</size>
         <input_file_ref idref="fl-26"/>
      </object_component>
      <object_component id="oc-37d">
         <name>.text:_ti_sysbios_knl_Task_exit__E</name>
         <load_address>0x302308</load_address>
         <run_address>0x302308</run_address>
         <size>0x1f</size>
         <input_file_ref idref="fl-26"/>
      </object_component>
      <object_component id="oc-226">
         <name>.text:_ti_sysbios_gates_GateHwi_Object__create__S</name>
         <load_address>0x302327</load_address>
         <run_address>0x302327</run_address>
         <size>0x1e</size>
         <input_file_ref idref="fl-1e"/>
      </object_component>
      <object_component id="oc-234">
         <name>.text:_ti_sysbios_gates_GateMutex_Object__create__S</name>
         <load_address>0x302345</load_address>
         <run_address>0x302345</run_address>
         <size>0x1e</size>
         <input_file_ref idref="fl-1e"/>
      </object_component>
      <object_component id="oc-2a9">
         <name>.text:_ti_sysbios_knl_Task_blockI__E</name>
         <load_address>0x302363</load_address>
         <run_address>0x302363</run_address>
         <size>0x1e</size>
         <input_file_ref idref="fl-26"/>
      </object_component>
      <object_component id="oc-359">
         <name>.text:_xdc_runtime_SysMin_putch__E</name>
         <load_address>0x302381</load_address>
         <run_address>0x302381</run_address>
         <size>0x1e</size>
         <input_file_ref idref="fl-38"/>
      </object_component>
      <object_component id="oc-2be">
         <name>.text</name>
         <load_address>0x30239f</load_address>
         <run_address>0x30239f</run_address>
         <size>0x1e</size>
         <input_file_ref idref="fl-4a"/>
      </object_component>
      <object_component id="oc-324">
         <name>.text:_ti_sysbios_family_c28_TaskSupport_swap__E</name>
         <load_address>0x3023bd</load_address>
         <run_address>0x3023bd</run_address>
         <size>0x1d</size>
         <input_file_ref idref="fl-2a"/>
      </object_component>
      <object_component id="oc-2de">
         <name>.text:_ti_sysbios_knl_Semaphore_construct</name>
         <load_address>0x3023da</load_address>
         <run_address>0x3023da</run_address>
         <size>0x1d</size>
         <input_file_ref idref="fl-1e"/>
      </object_component>
      <object_component id="oc-292">
         <name>.text:_xdc_runtime_LoggerBuf_filterOutEvent__I</name>
         <load_address>0x3023f7</load_address>
         <run_address>0x3023f7</run_address>
         <size>0x1d</size>
         <input_file_ref idref="fl-34"/>
      </object_component>
      <object_component id="oc-332">
         <name>.text:_ti_sysbios_hal_Hwi_checkStack</name>
         <load_address>0x302414</load_address>
         <run_address>0x302414</run_address>
         <size>0x1c</size>
         <input_file_ref idref="fl-26"/>
      </object_component>
      <object_component id="oc-343">
         <name>.text:_xdc_runtime_SysMin_output__I</name>
         <load_address>0x302430</load_address>
         <run_address>0x302430</run_address>
         <size>0x1c</size>
         <input_file_ref idref="fl-1e"/>
      </object_component>
      <object_component id="oc-38e">
         <name>.text:_ti_sysbios_family_c28_Hwi_switchAndDispatch__I</name>
         <load_address>0x30244c</load_address>
         <run_address>0x30244c</run_address>
         <size>0x1b</size>
         <input_file_ref idref="fl-27"/>
      </object_component>
      <object_component id="oc-2b0">
         <name>.text:_ti_sysbios_hal_Hwi_initStack</name>
         <load_address>0x302467</load_address>
         <run_address>0x302467</run_address>
         <size>0x1b</size>
         <input_file_ref idref="fl-26"/>
      </object_component>
      <object_component id="oc-38b">
         <name>.text:_ti_sysbios_knl_Task_processVitalTaskFlag__I</name>
         <load_address>0x302482</load_address>
         <run_address>0x302482</run_address>
         <size>0x1b</size>
         <input_file_ref idref="fl-26"/>
      </object_component>
      <object_component id="oc-2b6">
         <name>.text:_LCD_command</name>
         <load_address>0x30249d</load_address>
         <run_address>0x30249d</run_address>
         <size>0x1a</size>
         <input_file_ref idref="fl-17"/>
      </object_component>
      <object_component id="oc-2a6">
         <name>.text:_ti_sysbios_knl_Clock_addI__E</name>
         <load_address>0x3024b7</load_address>
         <run_address>0x3024b7</run_address>
         <size>0x1a</size>
         <input_file_ref idref="fl-26"/>
      </object_component>
      <object_component id="oc-267">
         <name>.text:_xdc_runtime_Core_assignLabel__I</name>
         <load_address>0x3024d1</load_address>
         <run_address>0x3024d1</run_address>
         <size>0x1a</size>
         <input_file_ref idref="fl-2f"/>
      </object_component>
      <object_component id="oc-349">
         <name>.text:_xdc_runtime_LoggerBuf_Module_startup__E</name>
         <load_address>0x3024eb</load_address>
         <run_address>0x3024eb</run_address>
         <size>0x1a</size>
         <input_file_ref idref="fl-34"/>
      </object_component>
      <object_component id="oc-1c9">
         <name>.text</name>
         <load_address>0x302505</load_address>
         <run_address>0x302505</run_address>
         <size>0x1a</size>
         <input_file_ref idref="fl-46"/>
      </object_component>
      <object_component id="oc-33b">
         <name>.text:_ti_sysbios_knl_Queue_construct</name>
         <load_address>0x30251f</load_address>
         <run_address>0x30251f</run_address>
         <size>0x19</size>
         <input_file_ref idref="fl-1e"/>
      </object_component>
      <object_component id="oc-28d">
         <name>.text:_ti_sysbios_knl_Swi_restore__E</name>
         <load_address>0x302538</load_address>
         <run_address>0x302538</run_address>
         <size>0x19</size>
         <input_file_ref idref="fl-26"/>
      </object_component>
      <object_component id="oc-30b">
         <name>.text:_xdc_runtime_Memory_valloc__E</name>
         <load_address>0x302551</load_address>
         <run_address>0x302551</run_address>
         <size>0x19</size>
         <input_file_ref idref="fl-35"/>
      </object_component>
      <object_component id="oc-377">
         <name>.text:_xdc_runtime_System_avprintf__E</name>
         <load_address>0x30256a</load_address>
         <run_address>0x30256a</run_address>
         <size>0x19</size>
         <input_file_ref idref="fl-37"/>
      </object_component>
      <object_component id="oc-330">
         <name>.text:_xdc_runtime_System_putchar__I</name>
         <load_address>0x302583</load_address>
         <run_address>0x302583</run_address>
         <size>0x19</size>
         <input_file_ref idref="fl-37"/>
      </object_component>
      <object_component id="oc-207">
         <name>.text</name>
         <load_address>0x30259c</load_address>
         <run_address>0x30259c</run_address>
         <size>0x19</size>
         <input_file_ref idref="fl-44"/>
      </object_component>
      <object_component id="oc-2f0">
         <name>.text:_ti_sysbios_family_xxx_Hwi_switchAndRunFunc</name>
         <load_address>0x3025b5</load_address>
         <run_address>0x3025b5</run_address>
         <size>0x18</size>
         <input_file_ref idref="fl-27"/>
      </object_component>
      <object_component id="oc-2ee">
         <name>.text:_xdc_runtime_LoggerBuf_reset__E</name>
         <load_address>0x3025cd</load_address>
         <run_address>0x3025cd</run_address>
         <size>0x18</size>
         <input_file_ref idref="fl-34"/>
      </object_component>
      <object_component id="oc-29f">
         <name>.text:_xdc_runtime_System_vprintf__E</name>
         <load_address>0x3025e5</load_address>
         <run_address>0x3025e5</run_address>
         <size>0x18</size>
         <input_file_ref idref="fl-37"/>
      </object_component>
      <object_component id="oc-387">
         <name>.text:_xdc_runtime_Text_printVisFxn__I</name>
         <load_address>0x3025fd</load_address>
         <run_address>0x3025fd</run_address>
         <size>0x18</size>
         <input_file_ref idref="fl-39"/>
      </object_component>
      <object_component id="oc-23a">
         <name>.text:_ti_sysbios_family_c28_Timer_startup__E</name>
         <load_address>0x302615</load_address>
         <run_address>0x302615</run_address>
         <size>0x17</size>
         <input_file_ref idref="fl-26"/>
      </object_component>
      <object_component id="oc-214">
         <name>.text:_ti_sysbios_knl_Clock_doTick__I</name>
         <load_address>0x30262c</load_address>
         <run_address>0x30262c</run_address>
         <size>0x17</size>
         <input_file_ref idref="fl-1e"/>
      </object_component>
      <object_component id="oc-2d3">
         <name>.text:_ti_sysbios_knl_Semaphore_pendTimeout__I</name>
         <load_address>0x302643</load_address>
         <run_address>0x302643</run_address>
         <size>0x17</size>
         <input_file_ref idref="fl-26"/>
      </object_component>
      <object_component id="oc-2db">
         <name>.text:_ti_sysbios_knl_Task_unblockI__E</name>
         <load_address>0x30265a</load_address>
         <run_address>0x30265a</run_address>
         <size>0x17</size>
         <input_file_ref idref="fl-26"/>
      </object_component>
      <object_component id="oc-347">
         <name>.text:_xdc_runtime_SysMin_abort__E</name>
         <load_address>0x302671</load_address>
         <run_address>0x302671</run_address>
         <size>0x17</size>
         <input_file_ref idref="fl-38"/>
      </object_component>
      <object_component id="oc-306">
         <name>.text:_InitI2CGpio</name>
         <load_address>0x302688</load_address>
         <run_address>0x302688</run_address>
         <size>0x16</size>
         <input_file_ref idref="fl-1a"/>
      </object_component>
      <object_component id="oc-237">
         <name>.text:_ti_sysbios_BIOS_atExitFunc__I</name>
         <load_address>0x30269e</load_address>
         <run_address>0x30269e</run_address>
         <size>0x16</size>
         <input_file_ref idref="fl-1e"/>
      </object_component>
      <object_component id="oc-34e">
         <name>.text:_ti_sysbios_family_c28_Timer_Module_startup__E</name>
         <load_address>0x3026b4</load_address>
         <run_address>0x3026b4</run_address>
         <size>0x16</size>
         <input_file_ref idref="fl-26"/>
      </object_component>
      <object_component id="oc-2aa">
         <name>.text:_ti_sysbios_knl_Task_restore__E</name>
         <load_address>0x3026ca</load_address>
         <run_address>0x3026ca</run_address>
         <size>0x16</size>
         <input_file_ref idref="fl-26"/>
      </object_component>
      <object_component id="oc-2b7">
         <name>.text:_InitCpuTimers</name>
         <load_address>0x3026e0</load_address>
         <run_address>0x3026e0</run_address>
         <size>0x15</size>
         <input_file_ref idref="fl-5"/>
      </object_component>
      <object_component id="oc-350">
         <name>.text:_ti_sysbios_knl_Swi_Module_startup__E</name>
         <load_address>0x3026f5</load_address>
         <run_address>0x3026f5</run_address>
         <size>0x15</size>
         <input_file_ref idref="fl-26"/>
      </object_component>
      <object_component id="oc-2c8">
         <name>.text:_xdc_runtime_Text_cordText__E</name>
         <load_address>0x30270a</load_address>
         <run_address>0x30270a</run_address>
         <size>0x15</size>
         <input_file_ref idref="fl-39"/>
      </object_component>
      <object_component id="oc-254">
         <name>.text:_ti_sysbios_knl_Idle_run__E</name>
         <load_address>0x30271f</load_address>
         <run_address>0x30271f</run_address>
         <size>0x14</size>
         <input_file_ref idref="fl-26"/>
      </object_component>
      <object_component id="oc-21f">
         <name>.text:_main</name>
         <load_address>0x302733</load_address>
         <run_address>0x302733</run_address>
         <size>0x13</size>
         <input_file_ref idref="fl-2"/>
      </object_component>
      <object_component id="oc-215">
         <name>.text:_taskFxn</name>
         <load_address>0x302746</load_address>
         <run_address>0x302746</run_address>
         <size>0x13</size>
         <input_file_ref idref="fl-2"/>
      </object_component>
      <object_component id="oc-235">
         <name>.text:_ti_sysbios_gates_GateMutex_Object__delete__S</name>
         <load_address>0x302759</load_address>
         <run_address>0x302759</run_address>
         <size>0x13</size>
         <input_file_ref idref="fl-1e"/>
      </object_component>
      <object_component id="oc-227">
         <name>.text:_ti_sysbios_gates_GateHwi_Object__delete__S</name>
         <load_address>0x30276c</load_address>
         <run_address>0x30276c</run_address>
         <size>0x12</size>
         <input_file_ref idref="fl-1e"/>
      </object_component>
      <object_component id="oc-34f">
         <name>.text:_ti_sysbios_knl_Clock_Module_startup__E</name>
         <load_address>0x30277e</load_address>
         <run_address>0x30277e</run_address>
         <size>0x12</size>
         <input_file_ref idref="fl-26"/>
      </object_component>
      <object_component id="oc-24b">
         <name>.text:_xdc_runtime_LoggerBuf_Object__delete__S</name>
         <load_address>0x302790</load_address>
         <run_address>0x302790</run_address>
         <size>0x12</size>
         <input_file_ref idref="fl-1e"/>
      </object_component>
      <object_component id="oc-25d">
         <name>.text:_Init_Timer0</name>
         <load_address>0x3027a2</load_address>
         <run_address>0x3027a2</run_address>
         <size>0x11</size>
         <input_file_ref idref="fl-2"/>
      </object_component>
      <object_component id="oc-333">
         <name>.text:_ti_sysbios_BIOS_errorRaiseHook__I</name>
         <load_address>0x3027b3</load_address>
         <run_address>0x3027b3</run_address>
         <size>0x11</size>
         <input_file_ref idref="fl-1e"/>
      </object_component>
      <object_component id="oc-219">
         <name>.text:_xdc_runtime_Error_raiseX__E</name>
         <load_address>0x3027c4</load_address>
         <run_address>0x3027c4</run_address>
         <size>0x11</size>
         <input_file_ref idref="fl-31"/>
      </object_component>
      <object_component id="oc-22f">
         <name>.text:_xdc_runtime_HeapStd_Object__delete__S</name>
         <load_address>0x3027d5</load_address>
         <run_address>0x3027d5</run_address>
         <size>0x11</size>
         <input_file_ref idref="fl-1e"/>
      </object_component>
      <object_component id="oc-37a">
         <name>.text:_ti_sysbios_family_c28_Timer_stop__E</name>
         <load_address>0x3027e6</load_address>
         <run_address>0x3027e6</run_address>
         <size>0x10</size>
         <input_file_ref idref="fl-26"/>
      </object_component>
      <object_component id="oc-38f">
         <name>.text:_ti_sysbios_knl_Task_restoreHwi__E</name>
         <load_address>0x3027f6</load_address>
         <run_address>0x3027f6</run_address>
         <size>0x10</size>
         <input_file_ref idref="fl-26"/>
      </object_component>
      <object_component id="oc-21a">
         <name>.text:.bootCodeSection:_ti_catalog_c2800_init_Boot_disableWatchdog</name>
         <load_address>0x302806</load_address>
         <run_address>0x302806</run_address>
         <size>0xf</size>
         <input_file_ref idref="fl-2b"/>
      </object_component>
      <object_component id="oc-23e">
         <name>.text:_ti_sysbios_BIOS_removeRTSLock__I</name>
         <load_address>0x302815</load_address>
         <run_address>0x302815</run_address>
         <size>0xf</size>
         <input_file_ref idref="fl-1e"/>
      </object_component>
      <object_component id="oc-20f">
         <name>.text:_ti_sysbios_BIOS_startFunc__I</name>
         <load_address>0x302824</load_address>
         <run_address>0x302824</run_address>
         <size>0xf</size>
         <input_file_ref idref="fl-1e"/>
      </object_component>
      <object_component id="oc-280">
         <name>.text:_ti_sysbios_gates_GateMutex_Instance_init__E</name>
         <load_address>0x302833</load_address>
         <run_address>0x302833</run_address>
         <size>0xf</size>
         <input_file_ref idref="fl-26"/>
      </object_component>
      <object_component id="oc-245">
         <name>.text:_xdc_runtime_LoggerBuf_write2__E</name>
         <load_address>0x302842</load_address>
         <run_address>0x302842</run_address>
         <size>0xf</size>
         <input_file_ref idref="fl-34"/>
      </object_component>
      <object_component id="oc-308">
         <name>.text:_I2C_O2O_SendBytes</name>
         <load_address>0x302851</load_address>
         <run_address>0x302851</run_address>
         <size>0xe</size>
         <input_file_ref idref="fl-1a"/>
      </object_component>
      <object_component id="oc-313">
         <name>.text:_ti_sysbios_knl_Semaphore_Object__destruct__S</name>
         <load_address>0x30285f</load_address>
         <run_address>0x30285f</run_address>
         <size>0xe</size>
         <input_file_ref idref="fl-1e"/>
      </object_component>
      <object_component id="oc-36a">
         <name>.text:_ti_sysbios_knl_Swi_Object__get__S</name>
         <load_address>0x30286d</load_address>
         <run_address>0x30286d</run_address>
         <size>0xe</size>
         <input_file_ref idref="fl-1e"/>
      </object_component>
      <object_component id="oc-36d">
         <name>.text:_ti_sysbios_knl_Task_Object__get__S</name>
         <load_address>0x30287b</load_address>
         <run_address>0x30287b</run_address>
         <size>0xe</size>
         <input_file_ref idref="fl-1e"/>
      </object_component>
      <object_component id="oc-35e">
         <name>.text:_xdc_runtime_LoggerBuf_Object__get__S</name>
         <load_address>0x302889</load_address>
         <run_address>0x302889</run_address>
         <size>0xe</size>
         <input_file_ref idref="fl-1e"/>
      </object_component>
      <object_component id="oc-385">
         <name>.text:_xdc_runtime_Registry_findById__E</name>
         <load_address>0x302897</load_address>
         <run_address>0x302897</run_address>
         <size>0xe</size>
         <input_file_ref idref="fl-3c"/>
      </object_component>
      <object_component id="oc-34b">
         <name>.text:_xdc_runtime_SysMin_Module_startup__E</name>
         <load_address>0x3028a5</load_address>
         <run_address>0x3028a5</run_address>
         <size>0xe</size>
         <input_file_ref idref="fl-38"/>
      </object_component>
      <object_component id="oc-239">
         <name>.text:_ti_sysbios_BIOS_registerRTSLock__I</name>
         <load_address>0x3028b3</load_address>
         <run_address>0x3028b3</run_address>
         <size>0xd</size>
         <input_file_ref idref="fl-1e"/>
      </object_component>
      <object_component id="oc-288">
         <name>.text:_ti_sysbios_BIOS_rtsLock__I</name>
         <load_address>0x3028c0</load_address>
         <run_address>0x3028c0</run_address>
         <size>0xd</size>
         <input_file_ref idref="fl-1e"/>
      </object_component>
      <object_component id="oc-389">
         <name>.text:_ti_sysbios_family_c28_Hwi_dispatchC__I</name>
         <load_address>0x3028cd</load_address>
         <run_address>0x3028cd</run_address>
         <size>0xd</size>
         <input_file_ref idref="fl-26"/>
      </object_component>
      <object_component id="oc-228">
         <name>.text:_ti_sysbios_gates_GateHwi_Handle__label__S</name>
         <load_address>0x3028da</load_address>
         <run_address>0x3028da</run_address>
         <size>0xd</size>
         <input_file_ref idref="fl-1e"/>
      </object_component>
      <object_component id="oc-236">
         <name>.text:_ti_sysbios_gates_GateMutex_Handle__label__S</name>
         <load_address>0x3028e7</load_address>
         <run_address>0x3028e7</run_address>
         <size>0xd</size>
         <input_file_ref idref="fl-1e"/>
      </object_component>
      <object_component id="oc-372">
         <name>.text:_ti_sysbios_knl_Queue_Object__destruct__S</name>
         <load_address>0x3028f4</load_address>
         <run_address>0x3028f4</run_address>
         <size>0xd</size>
         <input_file_ref idref="fl-1e"/>
      </object_component>
      <object_component id="oc-37e">
         <name>.text:_ti_sysbios_knl_Task_enter__I</name>
         <load_address>0x302901</load_address>
         <run_address>0x302901</run_address>
         <size>0xd</size>
         <input_file_ref idref="fl-26"/>
      </object_component>
      <object_component id="oc-276">
         <name>.text:_xdc_runtime_Error_check__E</name>
         <load_address>0x30290e</load_address>
         <run_address>0x30290e</run_address>
         <size>0xd</size>
         <input_file_ref idref="fl-31"/>
      </object_component>
      <object_component id="oc-230">
         <name>.text:_xdc_runtime_HeapStd_Handle__label__S</name>
         <load_address>0x30291b</load_address>
         <run_address>0x30291b</run_address>
         <size>0xd</size>
         <input_file_ref idref="fl-1e"/>
      </object_component>
      <object_component id="oc-24c">
         <name>.text:_xdc_runtime_LoggerBuf_Handle__label__S</name>
         <load_address>0x302928</load_address>
         <run_address>0x302928</run_address>
         <size>0xd</size>
         <input_file_ref idref="fl-1e"/>
      </object_component>
      <object_component id="oc-244">
         <name>.text:_xdc_runtime_LoggerBuf_write1__E</name>
         <load_address>0x302935</load_address>
         <run_address>0x302935</run_address>
         <size>0xd</size>
         <input_file_ref idref="fl-34"/>
      </object_component>
      <object_component id="oc-301">
         <name>.text:_xdc_runtime_System_abort__E</name>
         <load_address>0x302942</load_address>
         <run_address>0x302942</run_address>
         <size>0xd</size>
         <input_file_ref idref="fl-37"/>
      </object_component>
      <object_component id="oc-210">
         <name>.text:_ti_sysbios_BIOS_exitFunc__I</name>
         <load_address>0x30294f</load_address>
         <run_address>0x30294f</run_address>
         <size>0xc</size>
         <input_file_ref idref="fl-1e"/>
      </object_component>
      <object_component id="oc-390">
         <name>.text:_ti_sysbios_family_c28_Hwi_disableIER__E</name>
         <load_address>0x30295b</load_address>
         <run_address>0x30295b</run_address>
         <size>0xc</size>
         <input_file_ref idref="fl-1e"/>
      </object_component>
      <object_component id="oc-233">
         <name>.text:_ti_sysbios_gates_GateMutex_leave__E</name>
         <load_address>0x302967</load_address>
         <run_address>0x302967</run_address>
         <size>0xc</size>
         <input_file_ref idref="fl-26"/>
      </object_component>
      <object_component id="oc-2f3">
         <name>.text:_ti_sysbios_knl_Queue_put__E</name>
         <load_address>0x302973</load_address>
         <run_address>0x302973</run_address>
         <size>0xc</size>
         <input_file_ref idref="fl-26"/>
      </object_component>
      <object_component id="oc-2a8">
         <name>.text:_ti_sysbios_knl_Task_enabled__E</name>
         <load_address>0x30297f</load_address>
         <run_address>0x30297f</run_address>
         <size>0xc</size>
         <input_file_ref idref="fl-26"/>
      </object_component>
      <object_component id="oc-2c7">
         <name>.text:_xdc_runtime_Memory_free__E</name>
         <load_address>0x30298b</load_address>
         <run_address>0x30298b</run_address>
         <size>0xc</size>
         <input_file_ref idref="fl-35"/>
      </object_component>
      <object_component id="oc-2cd">
         <name>.text:_xdc_runtime_Text_ropeText__E</name>
         <load_address>0x302997</load_address>
         <run_address>0x302997</run_address>
         <size>0xc</size>
         <input_file_ref idref="fl-39"/>
      </object_component>
      <object_component id="oc-2c6">
         <name>.text</name>
         <load_address>0x3029a3</load_address>
         <run_address>0x3029a3</run_address>
         <size>0xc</size>
         <input_file_ref idref="fl-4b"/>
      </object_component>
      <object_component id="oc-370">
         <name>.text:_ti_sysbios_family_c28_Hwi_Module__startupDone__F</name>
         <load_address>0x3029af</load_address>
         <run_address>0x3029af</run_address>
         <size>0xb</size>
         <input_file_ref idref="fl-1e"/>
      </object_component>
      <object_component id="oc-365">
         <name>.text:_ti_sysbios_family_c28_Hwi_Object__get__S</name>
         <load_address>0x3029ba</load_address>
         <run_address>0x3029ba</run_address>
         <size>0xb</size>
         <input_file_ref idref="fl-1e"/>
      </object_component>
      <object_component id="oc-319">
         <name>.text:_ti_sysbios_family_c28_Hwi_enableIER__E</name>
         <load_address>0x3029c5</load_address>
         <run_address>0x3029c5</run_address>
         <size>0xb</size>
         <input_file_ref idref="fl-1e"/>
      </object_component>
      <object_component id="oc-367">
         <name>.text:_ti_sysbios_family_c28_Timer_Module__startupDone__F</name>
         <load_address>0x3029d0</load_address>
         <run_address>0x3029d0</run_address>
         <size>0xb</size>
         <input_file_ref idref="fl-1e"/>
      </object_component>
      <object_component id="oc-380">
         <name>.text:_ti_sysbios_knl_Queue_Object__get__S</name>
         <load_address>0x3029db</load_address>
         <run_address>0x3029db</run_address>
         <size>0xb</size>
         <input_file_ref idref="fl-1e"/>
      </object_component>
      <object_component id="oc-37f">
         <name>.text:_ti_sysbios_knl_Task_SupportProxy_start__E</name>
         <load_address>0x3029e6</load_address>
         <run_address>0x3029e6</run_address>
         <size>0xb</size>
         <input_file_ref idref="fl-1e"/>
      </object_component>
      <object_component id="oc-2a5">
         <name>.text:_ti_sysbios_knl_Task_sleepTimeout__I</name>
         <load_address>0x3029f1</load_address>
         <run_address>0x3029f1</run_address>
         <size>0xb</size>
         <input_file_ref idref="fl-26"/>
      </object_component>
      <object_component id="oc-29d">
         <name>.text:_xdc_runtime_LoggerBuf_Instance_finalize__E</name>
         <load_address>0x3029fc</load_address>
         <run_address>0x3029fc</run_address>
         <size>0xb</size>
         <input_file_ref idref="fl-34"/>
      </object_component>
      <object_component id="oc-243">
         <name>.text:_xdc_runtime_LoggerBuf_write0__E</name>
         <load_address>0x302a07</load_address>
         <run_address>0x302a07</run_address>
         <size>0xb</size>
         <input_file_ref idref="fl-34"/>
      </object_component>
      <object_component id="oc-2bb">
         <name>.text:_xdc_runtime_SysMin_exit__E</name>
         <load_address>0x302a12</load_address>
         <run_address>0x302a12</run_address>
         <size>0xb</size>
         <input_file_ref idref="fl-38"/>
      </object_component>
      <object_component id="oc-208">
         <name>.text:_xdc_runtime_System_exit__E</name>
         <load_address>0x302a1d</load_address>
         <run_address>0x302a1d</run_address>
         <size>0xb</size>
         <input_file_ref idref="fl-37"/>
      </object_component>
      <object_component id="oc-7d">
         <name>.text:_ADCINT_ISR</name>
         <load_address>0x302a28</load_address>
[...]
      </symbol>
      <symbol id="sm-a9a">
         <name>_xdc_runtime_Assert_raise__I</name>
         <value>0x301f7f</value>
         <object_component_ref idref="oc-26d"/>
      </symbol>
      <symbol id="sm-abb">
         <name>_xdc_runtime_Core_createObject__I</name>
         <value>0x300b41</value>
         <object_component_ref idref="oc-264"/>
      </symbol>
      <symbol id="sm-abc">
         <name>_xdc_runtime_Core_deleteObject__I</name>
         <value>0x30181c</value>
         <object_component_ref idref="oc-266"/>
      </symbol>
      <symbol id="sm-ad3">
         <name>_xdc_runtime_Core_constructObject__I</name>
         <value>0x300d7d</value>
         <object_component_ref idref="oc-311"/>
      </symbol>
      <symbol id="sm-ae1">
         <name>_xdc_runtime_Core_assignLabel__I</name>
         <value>0x3024d1</value>
         <object_component_ref idref="oc-267"/>
      </symbol>
      <symbol id="sm-aee">
         <name>_xdc_runtime_Core_assignParams__I</name>
         <value>0x301c0f</value>
         <object_component_ref idref="oc-2c4"/>
      </symbol>
      <symbol id="sm-b18">
         <name>_xdc_runtime_Error_getSite__E</name>
         <value>0x302ec6</value>
         <object_component_ref idref="oc-35b"/>
      </symbol>
      <symbol id="sm-b19">
         <name>_xdc_runtime_Error_init__E</name>
         <value>0x302de6</value>
         <object_component_ref idref="oc-298"/>
      </symbol>
      <symbol id="sm-b1a">
         <name>_xdc_runtime_Error_raiseX__E</name>
         <value>0x3027c4</value>
         <object_component_ref idref="oc-219"/>
      </symbol>
      <symbol id="sm-b1b">
         <name>_xdc_runtime_Error_print__E</name>
         <value>0x301ead</value>
         <object_component_ref idref="oc-346"/>
      </symbol>
      <symbol id="sm-b1c">
         <name>_xdc_runtime_Error_policyDefault__E</name>
         <value>0x300cd8</value>
         <object_component_ref idref="oc-2ad"/>
      </symbol>
      <symbol id="sm-b1d">
         <name>_xdc_runtime_Error_setX__E</name>
         <value>0x301b8a</value>
         <object_component_ref idref="oc-2f7"/>
      </symbol>
      <symbol id="sm-b1e">
         <name>_xdc_runtime_Error_check__E</name>
         <value>0x30290e</value>
         <object_component_ref idref="oc-276"/>
      </symbol>
      <symbol id="sm-b2b">
         <name>_xdc_runtime_Gate_leaveSystem__E</name>
         <value>0x302e2c</value>
         <object_component_ref idref="oc-270"/>
      </symbol>
      <symbol id="sm-b2c">
         <name>_xdc_runtime_Gate_enterSystem__E</name>
         <value>0x302e26</value>
         <object_component_ref idref="oc-25f"/>
      </symbol>
      <symbol id="sm-b6c">
         <name>_xdc_runtime_HeapStd_alloc__E</name>
         <value>0x300889</value>
         <object_component_ref idref="oc-22a"/>
      </symbol>
      <symbol id="sm-b6d">
         <name>_xdc_runtime_HeapStd_free__E</name>
         <value>0x301486</value>
         <object_component_ref idref="oc-22b"/>
      </symbol>
      <symbol id="sm-b6e">
         <name>_xdc_runtime_HeapStd_getStats__E</name>
         <value>0x302ded</value>
         <object_component_ref idref="oc-22d"/>
      </symbol>
      <symbol id="sm-b6f">
         <name>_xdc_runtime_HeapStd_Instance_init__E</name>
         <value>0x301074</value>
         <object_component_ref idref="oc-275"/>
      </symbol>
      <symbol id="sm-b70">
         <name>_xdc_runtime_HeapStd_isBlocking__E</name>
         <value>0x302ec8</value>
         <object_component_ref idref="oc-22c"/>
      </symbol>
      <symbol id="sm-bc0">
         <name>_xdc_runtime_LoggerBuf_Instance_finalize__E</name>
         <value>0x3029fc</value>
         <object_component_ref idref="oc-29d"/>
      </symbol>
      <symbol id="sm-bc1">
         <name>_xdc_runtime_LoggerBuf_write0__E</name>
         <value>0x302a07</value>
         <object_component_ref idref="oc-243"/>
      </symbol>
      <symbol id="sm-bc2">
         <name>_xdc_runtime_LoggerBuf_reset__E</name>
         <value>0x3025cd</value>
         <object_component_ref idref="oc-2ee"/>
      </symbol>
      <symbol id="sm-bc3">
         <name>_xdc_runtime_LoggerBuf_write8__E</name>
         <value>0x300a62</value>
         <object_component_ref idref="oc-247"/>
      </symbol>
      <symbol id="sm-bc4">
         <name>_xdc_runtime_LoggerBuf_Instance_init__E</name>
         <value>0x301fb1</value>
         <object_component_ref idref="oc-29c"/>
      </symbol>
      <symbol id="sm-bc5">
         <name>_xdc_runtime_LoggerBuf_getFilterLevel__E</name>
         <value>0x301d8d</value>
         <object_component_ref idref="oc-249"/>
      </symbol>
      <symbol id="sm-bc6">
         <name>_xdc_runtime_LoggerBuf_setFilterLevel__E</name>
         <value>0x301d10</value>
         <object_component_ref idref="oc-248"/>
      </symbol>
      <symbol id="sm-bc7">
         <name>_LoggerBuf_instanceStartup</name>
         <value>0x3025cd</value>
         <object_component_ref idref="oc-2ee"/>
      </symbol>
      <symbol id="sm-bc8">
         <name>_xdc_runtime_LoggerBuf_write4__E</name>
         <value>0x300eba</value>
         <object_component_ref idref="oc-246"/>
      </symbol>
      <symbol id="sm-bc9">
         <name>_xdc_runtime_LoggerBuf_filterOutEvent__I</name>
         <value>0x3023f7</value>
         <object_component_ref idref="oc-292"/>
      </symbol>
      <symbol id="sm-bca">
         <name>_xdc_runtime_LoggerBuf_Module_startup__E</name>
         <value>0x3024eb</value>
         <object_component_ref idref="oc-349"/>
      </symbol>
      <symbol id="sm-bcb">
         <name>_xdc_runtime_LoggerBuf_write2__E</name>
         <value>0x302842</value>
         <object_component_ref idref="oc-245"/>
      </symbol>
      <symbol id="sm-bcc">
         <name>_xdc_runtime_LoggerBuf_disable__E</name>
         <value>0x302e52</value>
         <object_component_ref idref="oc-242"/>
      </symbol>
      <symbol id="sm-bcd">
         <name>_xdc_runtime_LoggerBuf_enable__E</name>
         <value>0x302e3c</value>
         <object_component_ref idref="oc-241"/>
      </symbol>
      <symbol id="sm-bce">
         <name>_xdc_runtime_LoggerBuf_write1__E</name>
         <value>0x302935</value>
         <object_component_ref idref="oc-244"/>
      </symbol>
      <symbol id="sm-be8">
         <name>_xdc_runtime_Memory_free__E</name>
         <value>0x30298b</value>
         <object_component_ref idref="oc-2c7"/>
      </symbol>
      <symbol id="sm-be9">
         <name>_xdc_runtime_Memory_valloc__E</name>
         <value>0x302551</value>
         <object_component_ref idref="oc-30b"/>
      </symbol>
      <symbol id="sm-bea">
         <name>_xdc_runtime_Memory_getMaxDefaultTypeAlign__E</name>
         <value>0x302e56</value>
         <object_component_ref idref="oc-26f"/>
      </symbol>
      <symbol id="sm-beb">
         <name>_xdc_runtime_Memory_alloc__E</name>
         <value>0x30186d</value>
         <object_component_ref idref="oc-2ed"/>
      </symbol>
      <symbol id="sm-bec">
         <name>_xdc_runtime_Memory_calloc__E</name>
         <value>0x302dc0</value>
         <object_component_ref idref="oc-2c5"/>
      </symbol>
      <symbol id="sm-c2a">
         <name>_xdc_runtime_Startup_startMods__I</name>
         <value>0x30138e</value>
         <object_component_ref idref="oc-2b1"/>
      </symbol>
      <symbol id="sm-c2b">
         <name>_xdc_runtime_Startup_exec__E</name>
         <value>0x301f18</value>
         <object_component_ref idref="oc-206"/>
      </symbol>
      <symbol id="sm-dbd">
         <name>_xdc_runtime_System_exit__E</name>
         <value>0x302a1d</value>
         <object_component_ref idref="oc-208"/>
      </symbol>
      <symbol id="sm-dbe">
         <name>_xdc_runtime_System_avprintf__E</name>
         <value>0x30256a</value>
         <object_component_ref idref="oc-377"/>
      </symbol>
      <symbol id="sm-dbf">
         <name>_xdc_runtime_System_processAtExit__E</name>
         <value>0x302263</value>
         <object_component_ref idref="oc-220"/>
      </symbol>
      <symbol id="sm-dc0">
         <name>_xdc_runtime_System_doPrint__I</name>
         <value>0x30027c</value>
         <object_component_ref idref="oc-2f2"/>
      </symbol>
      <symbol id="sm-dc1">
         <name>_xdc_runtime_System_Module_startup__E</name>
         <value>0x302e9c</value>
         <object_component_ref idref="oc-34a"/>
      </symbol>
      <symbol id="sm-dc2">
         <name>_xdc_runtime_System_formatNum__I</name>
         <value>0x301c91</value>
         <object_component_ref idref="oc-32f"/>
      </symbol>
      <symbol id="sm-dc3">
         <name>_xdc_runtime_System_atexit__E</name>
         <value>0x3022a7</value>
         <object_component_ref idref="oc-238"/>
      </symbol>
      <symbol id="sm-dc4">
         <name>_xdc_runtime_System_aprintf_va__F</name>
         <value>0x30256a</value>
         <object_component_ref idref="oc-377"/>
      </symbol>
      <symbol id="sm-dc5">
         <name>_xdc_runtime_System_flush__E</name>
         <value>0x302eb4</value>
         <object_component_ref idref="oc-253"/>
      </symbol>
      <symbol id="sm-dc6">
         <name>_xdc_runtime_System_abortStd__E</name>
         <value>0x302eae</value>
         <object_component_ref idref="oc-348"/>
      </symbol>
      <symbol id="sm-dc7">
         <name>_xdc_runtime_System_snprintf_va__F</name>
         <value>0x302d86</value>
         <object_component_ref idref="oc-388"/>
      </symbol>
      <symbol id="sm-dc8">
         <name>_xdc_runtime_System_printf_va__F</name>
         <value>0x3025e5</value>
         <object_component_ref idref="oc-29f"/>
      </symbol>
      <symbol id="sm-dc9">
         <name>_xdc_runtime_System_putchar__I</name>
         <value>0x302583</value>
         <object_component_ref idref="oc-330"/>
      </symbol>
      <symbol id="sm-dca">
         <name>_xdc_runtime_System_vprintf__E</name>
         <value>0x3025e5</value>
         <object_component_ref idref="oc-29f"/>
      </symbol>
      <symbol id="sm-dcb">
         <name>_xdc_runtime_System_exitStd__E</name>
         <value>0x302eb1</value>
         <object_component_ref idref="oc-261"/>
      </symbol>
      <symbol id="sm-dcc">
         <name>_xdc_runtime_System_vsnprintf__E</name>
         <value>0x302d86</value>
         <object_component_ref idref="oc-388"/>
      </symbol>
      <symbol id="sm-dcd">
         <name>_xdc_runtime_System_abort__E</name>
         <value>0x302942</value>
         <object_component_ref idref="oc-301"/>
      </symbol>
      <symbol id="sm-def">
         <name>_xdc_runtime_SysMin_Module_startup__E</name>
         <value>0x3028a5</value>
         <object_component_ref idref="oc-34b"/>
      </symbol>
      <symbol id="sm-df0">
         <name>_xdc_runtime_SysMin_exit__E</name>
         <value>0x302a12</value>
         <object_component_ref idref="oc-2bb"/>
      </symbol>
      <symbol id="sm-df1">
         <name>_xdc_runtime_SysMin_abort__E</name>
         <value>0x302671</value>
         <object_component_ref idref="oc-347"/>
      </symbol>
      <symbol id="sm-df2">
         <name>_xdc_runtime_SysMin_ready__E</name>
         <value>0x302dc8</value>
         <object_component_ref idref="oc-32c"/>
      </symbol>
      <symbol id="sm-df3">
         <name>_xdc_runtime_SysMin_putch__E</name>
         <value>0x302381</value>
         <object_component_ref idref="oc-359"/>
      </symbol>
      <symbol id="sm-df4">
         <name>_xdc_runtime_SysMin_flush__E</name>
         <value>0x3021cd</value>
         <object_component_ref idref="oc-2f5"/>
      </symbol>
      <symbol id="sm-e33">
         <name>_xdc_runtime_Text_putSite__E</name>
         <value>0x30140b</value>
         <object_component_ref idref="oc-358"/>
      </symbol>
      <symbol id="sm-e34">
         <name>_xdc_runtime_Text_ropeText__E</name>
         <value>0x302997</value>
         <object_component_ref idref="oc-2cd"/>
      </symbol>
      <symbol id="sm-e35">
         <name>_xdc_runtime_Text_putMod__E</name>
         <value>0x301e3d</value>
         <object_component_ref idref="oc-373"/>
      </symbol>
      <symbol id="sm-e36">
         <name>_xdc_runtime_Text_cordText__E</name>
         <value>0x30270a</value>
         <object_component_ref idref="oc-2c8"/>
      </symbol>
      <symbol id="sm-e37">
         <name>_xdc_runtime_Text_putLab__E</name>
         <value>0x301907</value>
         <object_component_ref idref="oc-357"/>
      </symbol>
      <symbol id="sm-e38">
         <name>_xdc_runtime_Text_printVisFxn__I</name>
         <value>0x3025fd</value>
         <object_component_ref idref="oc-387"/>
      </symbol>
      <symbol id="sm-e39">
         <name>_xdc_runtime_Text_xprintf__I</name>
         <value>0x302151</value>
         <object_component_ref idref="oc-374"/>
      </symbol>
      <symbol id="sm-e44">
         <name>___xdc__init</name>
         <value>0x302e5a</value>
         <object_component_ref idref="oc-209"/>
      </symbol>
      <symbol id="sm-e66">
         <name>_xdc_runtime_Registry_findById__E</name>
         <value>0x302897</value>
         <object_component_ref idref="oc-385"/>
      </symbol>
      <symbol id="sm-e70">
         <name>__stack</name>
         <value>0x65a</value>
         <object_component_ref idref="oc-1b6"/>
      </symbol>
      <symbol id="sm-e71">
         <name>_c_int00</name>
         <value>0x3016b3</value>
         <object_component_ref idref="oc-49"/>
      </symbol>
      <symbol id="sm-e86">
         <name>__unlock</name>
         <value>0x658</value>
         <object_component_ref idref="oc-2e0"/>
      </symbol>
      <symbol id="sm-e87">
         <name>__lock</name>
         <value>0x656</value>
         <object_component_ref idref="oc-2e1"/>
      </symbol>
      <symbol id="sm-e88">
         <name>__register_lock</name>
         <value>0x302d93</value>
         <object_component_ref idref="oc-284"/>
      </symbol>
      <symbol id="sm-e89">
         <name>__nop</name>
         <value>0x302d97</value>
         <object_component_ref idref="oc-284"/>
      </symbol>
      <symbol id="sm-e8a">
         <name>__register_unlock</name>
         <value>0x302d8f</value>
         <object_component_ref idref="oc-284"/>
      </symbol>
      <symbol id="sm-e9a">
         <name>__args_main</name>
         <value>0x30259c</value>
         <object_component_ref idref="oc-207"/>
      </symbol>
      <symbol id="sm-eb0">
         <name>_copy_in</name>
         <value>0x301abe</value>
         <object_component_ref idref="oc-205"/>
      </symbol>
      <symbol id="sm-ebf">
         <name>_ppcopy</name>
         <value>0x302505</value>
         <object_component_ref idref="oc-1c9"/>
      </symbol>
      <symbol id="sm-ec0">
         <name>_dpcopy</name>
         <value>0x302505</value>
         <object_component_ref idref="oc-1c9"/>
      </symbol>
      <symbol id="sm-ec1">
         <name>_pdcopy</name>
         <value>0x302505</value>
         <object_component_ref idref="oc-1c9"/>
      </symbol>
      <symbol id="sm-ec2">
         <name>_ddcopy</name>
         <value>0x302505</value>
         <object_component_ref idref="oc-1c9"/>
      </symbol>
      <symbol id="sm-ed7">
         <name>C$$EXIT</name>
         <value>0x3021a4</value>
         <object_component_ref idref="oc-2bc"/>
      </symbol>
      <symbol id="sm-ed8">
         <name>_exit</name>
         <value>0x3021a6</value>
         <object_component_ref idref="oc-2bc"/>
      </symbol>
      <symbol id="sm-ed9">
         <name>___TI_cleanup_ptr</name>
         <value>0x652</value>
         <object_component_ref idref="oc-1d0"/>
      </symbol>
      <symbol id="sm-eda">
         <name>___TI_enable_exit_profile_output</name>
         <value>0x650</value>
         <object_component_ref idref="oc-1d0"/>
      </symbol>
      <symbol id="sm-edb">
         <name>_abort</name>
         <value>0x3021a4</value>
         <object_component_ref idref="oc-2bc"/>
      </symbol>
      <symbol id="sm-edc">
         <name>___TI_dtors_ptr</name>
         <value>0x654</value>
         <object_component_ref idref="oc-1d0"/>
      </symbol>
      <symbol id="sm-eed">
         <name>FS$$DIV</name>
         <value>0x301100</value>
         <object_component_ref idref="oc-1d5"/>
      </symbol>
      <symbol id="sm-f19">
         <name>ULL$$MOD</name>
         <value>0x300727</value>
         <object_component_ref idref="oc-1da"/>
      </symbol>
      <symbol id="sm-f1a">
         <name>ULL$$DIV</name>
         <value>0x3006f8</value>
         <object_component_ref idref="oc-1da"/>
      </symbol>
      <symbol id="sm-f1b">
         <name>LL$$MOD</name>
         <value>0x3006be</value>
         <object_component_ref idref="oc-1da"/>
      </symbol>
      <symbol id="sm-f1c">
         <name>LL$$DIV</name>
         <value>0x300682</value>
         <object_component_ref idref="oc-1da"/>
      </symbol>
      <symbol id="sm-f2e">
         <name>_memcpy</name>
         <value>0x30239f</value>
         <object_component_ref idref="oc-2be"/>
      </symbol>
      <symbol id="sm-f3d">
         <name>_memset</name>
         <value>0x3029a3</value>
         <object_component_ref idref="oc-2c6"/>
      </symbol>
      <symbol id="sm-f55">
         <name>_strlen</name>
         <value>0x302dd0</value>
         <object_component_ref idref="oc-32e"/>
      </symbol>
      <symbol id="sm-f69">
         <name>_HOSTopen</name>
         <value>0x300154</value>
         <object_component_ref idref="oc-35a"/>
      </symbol>
      <symbol id="sm-f6a">
         <name>_HOSTread</name>
         <value>0x300115</value>
         <object_component_ref idref="oc-35a"/>
      </symbol>
      <symbol id="sm-f6b">
         <name>_HOSTgetenv</name>
         <value>0x3001f5</value>
         <object_component_ref idref="oc-35a"/>
      </symbol>
      <symbol id="sm-f6c">
         <name>_HOSTtime</name>
         <value>0x3000a1</value>
         <object_component_ref idref="oc-35a"/>
      </symbol>
      <symbol id="sm-f6d">
         <name>_HOSTtime64</name>
         <value>0x30005c</value>
         <object_component_ref idref="oc-35a"/>
      </symbol>
      <symbol id="sm-f6e">
         <name>_HOSTrename</name>
         <value>0x3000d7</value>
         <object_component_ref idref="oc-35a"/>
      </symbol>
      <symbol id="sm-f6f">
         <name>_HOSTclock</name>
         <value>0x300246</value>
         <object_component_ref idref="oc-35a"/>
      </symbol>
      <symbol id="sm-f70">
         <name>_HOSTwrite</name>
         <value>0x300000</value>
         <object_component_ref idref="oc-35a"/>
      </symbol>
      <symbol id="sm-f71">
         <name>_HOSTlseek</name>
         <value>0x300194</value>
         <object_component_ref idref="oc-35a"/>
      </symbol>
      <symbol id="sm-f72">
         <name>_HOSTunlink</name>
         <value>0x300038</value>
         <object_component_ref idref="oc-35a"/>
      </symbol>
      <symbol id="sm-f73">
         <name>_HOSTclose</name>
         <value>0x30021d</value>
         <object_component_ref idref="oc-35a"/>
      </symbol>
      <symbol id="sm-f8d">
         <name>___TI_readmsg</name>
         <value>0x300fa8</value>
         <object_component_ref idref="oc-375"/>
      </symbol>
      <symbol id="sm-f8e">
         <name>C$$IO$$</name>
         <value>0x300fa3</value>
         <object_component_ref idref="oc-375"/>
      </symbol>
      <symbol id="sm-f8f">
         <name>__CIOBUF_</name>
         <value>0x8040</value>
         <object_component_ref idref="oc-1fa"/>
      </symbol>
      <symbol id="sm-f90">
         <name>___TI_writemsg</name>
         <value>0x300f50</value>
         <object_component_ref idref="oc-375"/>
      </symbol>
      <symbol id="sm-f9e">
         <name>_strcpy</name>
         <value>0x302e41</value>
         <object_component_ref idref="oc-376"/>
      </symbol>
   </symbol_table>
   <title>Link successful</title>
</link_info>
