******************************************************************************
             TMS320C2000 Linker PC v15.12.3                    
******************************************************************************
>> Linked Fri Sep 01 12:58:40 2017

OUTPUT FILE NAME:   <Ocarina_Home_Automation.out>
ENTRY POINT SYMBOL: "_c_int00"  address: 003016b3


MEMORY CONFIGURATION

         name            origin    length      used     unused   attr    fill
----------------------  --------  ---------  --------  --------  ----  --------
PAGE 0:
  FLASH                 00300000   0003ff80  00003748  0003c838  RWIX
  CSM_RSVD              0033ff80   00000076  00000000  00000076  RWIX
  BEGIN                 0033fff6   00000002  00000000  00000002  RWIX
  CSM_PWL               0033fff8   00000008  00000000  00000008  RWIX
  ADC_CAL               00380080   00000009  00000007  00000002  RWIX
  OTP                   00380400   00000400  00000000  00000400  RWIX
  IQTABLES              003fe000   00000b50  00000000  00000b50  RWIX
  IQTABLES2             003feb50   0000008c  00000000  0000008c  RWIX
  FPUTABLES             003febdc   000006a0  00000000  000006a0  RWIX
  ROM                   003ff27c   00000d44  00000000  00000d44  RWIX
  RESET                 003fffc0   00000002  00000000  00000002  RWIX
  VECTORS               003fffc2   0000003e  00000000  0000003e  RWIX

PAGE 1:
  M01SARAM              00000000   00000800  0000075a  000000a6  RWIX
  DEV_EMU               00000880   00000180  000000d0  000000b0  RWIX
  FLASH_REGS            00000a80   00000060  00000008  00000058  RWIX
  CSM                   00000ae0   00000010  00000010  00000000  RWIX
  ADC_MIRROR            00000b00   00000010  00000010  00000000  RWIX
  XINTF                 00000b20   00000020  0000001e  00000002  RWIX
  CPU_TIMER0            00000c00   00000008  00000008  00000000  RWIX
  CPU_TIMER1            00000c08   00000008  00000008  00000000  RWIX
  CPU_TIMER2            00000c10   00000008  00000008  00000000  RWIX
  PIE_CTRL              00000ce0   00000020  0000001a  00000006  RWIX
  PIEVECT               00000d00   00000100  00000000  00000100  RWIX
  DMA                   00001000   00000200  000000e0  00000120  RWIX
  MCBSPA                00005000   00000040  00000025  0000001b  RWIX
  MCBSPB                00005040   00000040  00000025  0000001b  RWIX
  ECANA                 00006000   00000040  00000034  0000000c  RWIX
  ECANA_LAM             00006040   00000040  00000040  00000000  RWIX
  ECANA_MOTS            00006080   00000040  00000040  00000000  RWIX
  ECANA_MOTO            000060c0   00000040  00000040  00000000  RWIX
  ECANA_MBOX            00006100   00000100  00000100  00000000  RWIX
  ECANB                 00006200   00000040  00000034  0000000c  RWIX
  ECANB_LAM             00006240   00000040  00000040  00000000  RWIX
  ECANB_MOTS            00006280   00000040  00000040  00000000  RWIX
  ECANB_MOTO            000062c0   00000040  00000040  00000000  RWIX
  ECANB_MBOX            00006300   00000100  00000100  00000000  RWIX
  EPWM1                 00006800   00000022  00000022  00000000  RWIX
  EPWM2                 00006840   00000022  00000022  00000000  RWIX
  EPWM3                 00006880   00000022  00000022  00000000  RWIX
  EPWM4                 000068c0   00000022  00000022  00000000  RWIX
  EPWM5                 00006900   00000022  00000022  00000000  RWIX
  EPWM6                 00006940   00000022  00000022  00000000  RWIX
  ECAP1                 00006a00   00000020  00000020  00000000  RWIX
  ECAP2                 00006a20   00000020  00000020  00000000  RWIX
  ECAP3                 00006a40   00000020  00000020  00000000  RWIX
  ECAP4                 00006a60   00000020  00000020  00000000  RWIX
  ECAP5                 00006a80   00000020  00000020  00000000  RWIX
  ECAP6                 00006aa0   00000020  00000020  00000000  RWIX
  EQEP1                 00006b00   00000040  00000040  00000000  RWIX
  EQEP2                 00006b40   00000040  00000040  00000000  RWIX
  GPIOCTRL              00006f80   00000040  0000002e  00000012  RWIX
  GPIODAT               00006fc0   00000020  00000020  00000000  RWIX
  GPIOINT               00006fe0   00000020  0000000a  00000016  RWIX
  SYSTEM                00007010   00000020  00000020  00000000  RWIX
  SPIA                  00007040   00000010  00000010  00000000  RWIX
  SCIA                  00007050   00000010  00000010  00000000  RWIX
  XINTRUPT              00007070   00000010  00000010  00000000  RWIX
  ADC                   00007100   00000020  0000001e  00000002  RWIX
  SCIB                  00007750   00000010  00000010  00000000  RWIX
  SCIC                  00007770   00000010  00000010  00000000  RWIX
  I2CA                  00007900   00000040  00000022  0000001e  RWIX
  L07SARAM              00008000   00008000  00000124  00007edc  RWIX
  CSM_PWL               0033fff8   00000008  00000008  00000000  RWIX
  PARTID                00380090   00000001  00000001  00000000  RWIX


SECTION ALLOCATION MAP

 output                                  attributes/
section   page    origin      length       input sections
--------  ----  ----------  ----------   ----------------
PieVectTableFile 
*          1    00000d00    00000100     DSECT
                  00000d00    00000100     DSP2833x_GlobalVariableDefs.obj (PieVectTableFile)

.text      0    00300000    00002ece     
                  00300000    0000027c     rts2800_fpu32.lib : trgdrv.obj (.text)
                  0030027c    0000025f     ti.targets.rts2800.a28FP : System.o28FP (.text:_xdc_runtime_System_doPrint__I)
                  003004db    000001a7     sysbios.a28FP : BIOS.obj (.text:_ti_sysbios_knl_Semaphore_pend__E)
                  00300682    00000107     rts2800_fpu32.lib : ll_div.obj (.text)
                  00300789    00000100     sysbios.a28FP : BIOS.obj (.text:_ti_sysbios_knl_Task_sleep__E)
                  00300889    000000f7     ti.targets.rts2800.a28FP : HeapStd.o28FP (.text:_xdc_runtime_HeapStd_alloc__E)
                  00300980    000000e2     sysbios.a28FP : BIOS.obj (.text:_ti_sysbios_family_c28_Hwi_clearInterrupt__E)
                  00300a62    000000df     ti.targets.rts2800.a28FP : LoggerBuf.o28FP (.text:_xdc_runtime_LoggerBuf_write8__E)
                  00300b41    000000d7                              : Core-mem.o28FP (.text:_xdc_runtime_Core_createObject__I)
                  00300c18    000000c0     app_p28FP.o28FP (.text:_xdc_runtime_System_printfExtend__I)
                  00300cd8    000000a5     ti.targets.rts2800.a28FP : Error.o28FP (.text:_xdc_runtime_Error_policyDefault__E)
                  00300d7d    000000a2                              : Core-smem.o28FP (.text:_xdc_runtime_Core_constructObject__I)
                  00300e1f    0000009b     sysbios.a28FP : c28_Hwi_disp_asm.obj (.text:_ti_sysbios_family_c28_Hwi_dispatch)
                  00300eba    00000095     ti.targets.rts2800.a28FP : LoggerBuf.o28FP (.text:_xdc_runtime_LoggerBuf_write4__E)
                  00300f4f    00000001     app_p28FP.o28FP (.text:_free)
                  00300f50    00000094     rts2800_fpu32.lib : trgmsg.obj (.text)
                  00300fe4    00000090     sysbios.a28FP : BIOS.obj (.text:_ti_sysbios_family_c28_Hwi_enableInterrupt__E)
                  00301074    0000008c     ti.targets.rts2800.a28FP : HeapStd.o28FP (.text:_xdc_runtime_HeapStd_Instance_init__E)
                  00301100    00000088     rts2800_fpu32.lib : fs_div.obj (.text)
                  00301188    00000084     sysbios.a28FP : BIOS.obj (.text:_ti_sysbios_knl_Semaphore_post__E)
                  0030120c    00000083                   : BIOS.obj (.text:_ti_sysbios_family_c28_Hwi_disableInterrupt__E)
                  0030128f    00000080                   : BIOS.obj (.text:_ti_sysbios_family_c28_Hwi_disablePIEIER__E)
                  0030130f    0000007f                   : BIOS.obj (.text:_ti_sysbios_family_c28_Hwi_enablePIEIER__E)
                  0030138e    0000007d     ti.targets.rts2800.a28FP : Startup.o28FP (.text:_xdc_runtime_Startup_startMods__I)
                  0030140b    0000007b                              : Text.o28FP (.text:_xdc_runtime_Text_putSite__E)
                  00301486    00000076                              : HeapStd.o28FP (.text:_xdc_runtime_HeapStd_free__E)
                  003014fc    00000073     sysbios.a28FP : BIOS.obj (.text:_ti_sysbios_knl_Task_checkStacks__E)
                  0030156f    00000072                   : BIOS.obj (.text:_ti_sysbios_gates_GateMutex_enter__E)
                  003015e1    0000006c                   : BIOS.obj (.text:_ti_sysbios_knl_Semaphore_Instance_init__E)
                  0030164d    00000066                   : BIOS.obj (.text:_ti_sysbios_family_c28_Timer_stopAndClear__I)
                  003016b3    00000063     boot.a28FP : boot_cg.o28FP (.text)
                  00301716    0000005b     DSP2833x_SysCtrl.obj (.text:_InitPeripheralClocks)
                  00301771    0000005a     EEL4511_ADC.obj (.text:_Init_McBSPb_ADC)
                  003017cb    00000051     DSP2833x_SysCtrl.obj (.text:_InitPll)
                  0030181c    00000051     ti.targets.rts2800.a28FP : Core-mem.o28FP (.text:_xdc_runtime_Core_deleteObject__I)
                  0030186d    0000004e                              : Memory.o28FP (.text:_xdc_runtime_Memory_alloc__E)
                  003018bb    0000004c     sysbios.a28FP : BIOS.obj (.text:_ti_sysbios_family_c28_Hwi_dispatchCore__I)
                  00301907    0000004c     ti.targets.rts2800.a28FP : Text.o28FP (.text:_xdc_runtime_Text_putLab__E)
                  00301953    0000004b     sysbios.a28FP : BIOS.obj (.text:_ti_sysbios_knl_Clock_workFunc__E)
                  0030199e    0000004b                   : BIOS.obj (.text:_ti_sysbios_knl_Task_postInit__I)
                  003019e9    00000048                   : BIOS.obj (.text:_ti_sysbios_family_c28_TimestampProvider_get64__E)
                  00301a31    00000047                   : BIOS.obj (.text:_ti_sysbios_family_c28_Hwi_Module_startup__E)
                  00301a78    00000046                   : BIOS.obj (.text:_ti_sysbios_knl_Swi_run__I)
                  00301abe    00000046     rts2800_fpu32.lib : cpy_tbl.obj (.text)
                  00301b04    00000043     OneToOneI2CDriver.obj (.text:_SetClockDivides)
                  00301b47    00000043     sysbios.a28FP : BIOS.obj (.text:_ti_sysbios_family_c28_Timer_postInit__I)
                  00301b8a    00000043     ti.targets.rts2800.a28FP : Error.o28FP (.text:_xdc_runtime_Error_setX__E)
                  00301bcd    00000042     sysbios.a28FP : BIOS.obj (.text:_ti_sysbios_family_c28_Hwi_unPluggedInterrupt__I)
                  00301c0f    00000042     ti.targets.rts2800.a28FP : Core-params.o28FP (.text:_xdc_runtime_Core_assignParams__I)
                  00301c51    00000040     app_p28FP.o28FP (.text:_xdc_runtime_LoggerBuf_Object__create__S)
                  00301c91    00000040     ti.targets.rts2800.a28FP : System.o28FP (.text:_xdc_runtime_System_formatNum__I)
                  00301cd1    0000003f     app_p28FP.o28FP (.text:_xdc_runtime_HeapStd_Object__create__S)
                  00301d10    0000003f     ti.targets.rts2800.a28FP : LoggerBuf.o28FP (.text:_xdc_runtime_LoggerBuf_setFilterLevel__E)
                  00301d4f    0000003e     sysbios.a28FP : BIOS.obj (.text:_ti_sysbios_knl_Swi_restoreHwi__E)
                  00301d8d    0000003c     ti.targets.rts2800.a28FP : LoggerBuf.o28FP (.text:_xdc_runtime_LoggerBuf_getFilterLevel__E)
                  00301dc9    0000003a     DSP2833x_CpuTimers.obj (.text:_ConfigCpuTimer)
                  00301e03    0000003a     sysbios.a28FP : BIOS.obj (.text:_ti_sysbios_family_c28_TaskSupport_start__E)
                  00301e3d    0000003a     ti.targets.rts2800.a28FP : Text.o28FP (.text:_xdc_runtime_Text_putMod__E)
                  00301e77    00000036     sysbios.a28FP : BIOS.obj (.text:_ti_sysbios_family_c28_TimestampProvider_Module_startup__E)
                  00301ead    00000036     ti.targets.rts2800.a28FP : Error.o28FP (.text:_xdc_runtime_Error_print__E)
                  00301ee3    00000035     sysbios.a28FP : BIOS.obj (.text:_ti_sysbios_knl_Task_startCore__E)
                  00301f18    00000035     ti.targets.rts2800.a28FP : Startup.o28FP (.text:_xdc_runtime_Startup_exec__E)
                  00301f4d    00000032     sysbios.a28FP : BIOS.obj (.text:_ti_sysbios_knl_Task_Module_startup__E)
                  00301f7f    00000032     ti.targets.rts2800.a28FP : Assert.o28FP (.text:_xdc_runtime_Assert_raise__I)
                  00301fb1    00000032                              : LoggerBuf.o28FP (.text:_xdc_runtime_LoggerBuf_Instance_init__E)
                  00301fe3    00000031     EEL4511_LCD.obj (.text:_Init_LCD)
                  00302014    0000002e     Boot.a28FP : Boot.o28FP (.text:.bootCodeSection:_ti_catalog_c2800_init_Boot_configurePll2802x)
                  00302042    0000002e     sysbios.a28FP : BIOS.obj (.text:_ti_sysbios_knl_Swi_runLoop__I)
                  00302070    0000002e                   : BIOS.obj (.text:_ti_sysbios_knl_Swi_schedule__I)
                  0030209e    0000002e                   : BIOS.obj (.text:_ti_sysbios_knl_Task_schedule__I)
                  003020cc    0000002d                   : BIOS.obj (.text:_ti_sysbios_family_c28_Hwi_getInterruptFlag__E)
                  003020f9    0000002c                   : BIOS.obj (.text:_ti_sysbios_family_c28_Hwi_getStackInfo__E)
                  00302125    0000002c                   : BIOS.obj (.text:_ti_sysbios_family_c28_Timer_start__E)
                  00302151    0000002a     ti.targets.rts2800.a28FP : Text.o28FP (.text:_xdc_runtime_Text_xprintf__I)
                  0030217b    00000029     sysbios.a28FP : BIOS.obj (.text:_ti_sysbios_family_c28_Timer_getExpiredCounts64__E)
                  003021a4    00000029     rts2800_fpu32.lib : exit.obj (.text)
                  003021cd    00000028     ti.targets.rts2800.a28FP : SysMin.o28FP (.text:_xdc_runtime_SysMin_flush__E)
                  003021f5    00000025     sysbios.a28FP : c28_TaskSupport_asm.obj (.text:_ti_sysbios_family_c28_TaskSupport_buildTaskStack)
                  0030221a    00000025                   : BIOS.obj (.text:_ti_sysbios_family_c28_Timer_getExpiredCounts__E)
                  0030223f    00000024                   : BIOS.obj (.text:_ti_sysbios_knl_Swi_post__E)
                  00302263    00000023     ti.targets.rts2800.a28FP : System.o28FP (.text:_xdc_runtime_System_processAtExit__E)
                  00302286    00000021     sysbios.a28FP : BIOS.obj (.text:_ti_sysbios_knl_Task_allBlockedFunction__I)
                  003022a7    00000021     ti.targets.rts2800.a28FP : System.o28FP (.text:_xdc_runtime_System_atexit__E)
                  003022c8    00000020     OneToOneI2CDriver.obj (.text:_I2C_O2O_Master_Init)
                  003022e8    00000020     sysbios.a28FP : BIOS.obj (.text:_ti_sysbios_family_c28_Timer_setPrescale__E)
                  00302308    0000001f                   : BIOS.obj (.text:_ti_sysbios_knl_Task_exit__E)
                  00302327    0000001e     app_p28FP.o28FP (.text:_ti_sysbios_gates_GateHwi_Object__create__S)
                  00302345    0000001e     app_p28FP.o28FP (.text:_ti_sysbios_gates_GateMutex_Object__create__S)
                  00302363    0000001e     sysbios.a28FP : BIOS.obj (.text:_ti_sysbios_knl_Task_blockI__E)
                  00302381    0000001e     ti.targets.rts2800.a28FP : SysMin.o28FP (.text:_xdc_runtime_SysMin_putch__E)
                  0030239f    0000001e     rts2800_fpu32.lib : memcpy.obj (.text)
                  003023bd    0000001d     sysbios.a28FP : c28_TaskSupport_asm.obj (.text:_ti_sysbios_family_c28_TaskSupport_swap__E)
                  003023da    0000001d     app_p28FP.o28FP (.text:_ti_sysbios_knl_Semaphore_construct)
                  003023f7    0000001d     ti.targets.rts2800.a28FP : LoggerBuf.o28FP (.text:_xdc_runtime_LoggerBuf_filterOutEvent__I)
                  00302414    0000001c     sysbios.a28FP : BIOS.obj (.text:_ti_sysbios_hal_Hwi_checkStack)
                  00302430    0000001c     app_p28FP.o28FP (.text:_xdc_runtime_SysMin_output__I)
                  0030244c    0000001b     sysbios.a28FP : c28_Hwi_asm.obj (.text:_ti_sysbios_family_c28_Hwi_switchAndDispatch__I)
                  00302467    0000001b                   : BIOS.obj (.text:_ti_sysbios_hal_Hwi_initStack)
                  00302482    0000001b                   : BIOS.obj (.text:_ti_sysbios_knl_Task_processVitalTaskFlag__I)
                  0030249d    0000001a     EEL4511_LCD.obj (.text:_LCD_command)
                  003024b7    0000001a     sysbios.a28FP : BIOS.obj (.text:_ti_sysbios_knl_Clock_addI__E)
                  003024d1    0000001a     ti.targets.rts2800.a28FP : Core-label.o28FP (.text:_xdc_runtime_Core_assignLabel__I)
                  003024eb    0000001a                              : LoggerBuf.o28FP (.text:_xdc_runtime_LoggerBuf_Module_startup__E)
                  00302505    0000001a     rts2800_fpu32.lib : cpy_utils.obj (.text)
                  0030251f    00000019     app_p28FP.o28FP (.text:_ti_sysbios_knl_Queue_construct)
                  00302538    00000019     sysbios.a28FP : BIOS.obj (.text:_ti_sysbios_knl_Swi_restore__E)
                  00302551    00000019     ti.targets.rts2800.a28FP : Memory.o28FP (.text:_xdc_runtime_Memory_valloc__E)
                  0030256a    00000019                              : System.o28FP (.text:_xdc_runtime_System_avprintf__E)
                  00302583    00000019                              : System.o28FP (.text:_xdc_runtime_System_putchar__I)
                  0030259c    00000019     rts2800_fpu32.lib : args_main.obj (.text)
                  003025b5    00000018     sysbios.a28FP : c28_Hwi_asm.obj (.text:_ti_sysbios_family_xxx_Hwi_switchAndRunFunc)
                  003025cd    00000018     ti.targets.rts2800.a28FP : LoggerBuf.o28FP (.text:_xdc_runtime_LoggerBuf_reset__E)
                  003025e5    00000018                              : System.o28FP (.text:_xdc_runtime_System_vprintf__E)
                  003025fd    00000018                              : Text.o28FP (.text:_xdc_runtime_Text_printVisFxn__I)
                  00302615    00000017     sysbios.a28FP : BIOS.obj (.text:_ti_sysbios_family_c28_Timer_startup__E)
                  0030262c    00000017     app_p28FP.o28FP (.text:_ti_sysbios_knl_Clock_doTick__I)
                  00302643    00000017     sysbios.a28FP : BIOS.obj (.text:_ti_sysbios_knl_Semaphore_pendTimeout__I)
                  0030265a    00000017                   : BIOS.obj (.text:_ti_sysbios_knl_Task_unblockI__E)
                  00302671    00000017     ti.targets.rts2800.a28FP : SysMin.o28FP (.text:_xdc_runtime_SysMin_abort__E)
                  00302688    00000016     OneToOneI2CDriver.obj (.text:_InitI2CGpio)
                  0030269e    00000016     app_p28FP.o28FP (.text:_ti_sysbios_BIOS_atExitFunc__I)
                  003026b4    00000016     sysbios.a28FP : BIOS.obj (.text:_ti_sysbios_family_c28_Timer_Module_startup__E)
                  003026ca    00000016                   : BIOS.obj (.text:_ti_sysbios_knl_Task_restore__E)
                  003026e0    00000015     DSP2833x_CpuTimers.obj (.text:_InitCpuTimers)
                  003026f5    00000015     sysbios.a28FP : BIOS.obj (.text:_ti_sysbios_knl_Swi_Module_startup__E)
                  0030270a    00000015     ti.targets.rts2800.a28FP : Text.o28FP (.text:_xdc_runtime_Text_cordText__E)
                  0030271f    00000014     sysbios.a28FP : BIOS.obj (.text:_ti_sysbios_knl_Idle_run__E)
                  00302733    00000013     main.obj (.text:_main)
                  00302746    00000013     main.obj (.text:_taskFxn)
                  00302759    00000013     app_p28FP.o28FP (.text:_ti_sysbios_gates_GateMutex_Object__delete__S)
                  0030276c    00000012     app_p28FP.o28FP (.text:_ti_sysbios_gates_GateHwi_Object__delete__S)
                  0030277e    00000012     sysbios.a28FP : BIOS.obj (.text:_ti_sysbios_knl_Clock_Module_startup__E)
                  00302790    00000012     app_p28FP.o28FP (.text:_xdc_runtime_LoggerBuf_Object__delete__S)
                  003027a2    00000011     main.obj (.text:_Init_Timer0)
                  003027b3    00000011     app_p28FP.o28FP (.text:_ti_sysbios_BIOS_errorRaiseHook__I)
                  003027c4    00000011     ti.targets.rts2800.a28FP : Error.o28FP (.text:_xdc_runtime_Error_raiseX__E)
                  003027d5    00000011     app_p28FP.o28FP (.text:_xdc_runtime_HeapStd_Object__delete__S)
                  003027e6    00000010     sysbios.a28FP : BIOS.obj (.text:_ti_sysbios_family_c28_Timer_stop__E)
                  003027f6    00000010                   : BIOS.obj (.text:_ti_sysbios_knl_Task_restoreHwi__E)
                  00302806    0000000f     Boot.a28FP : Boot.o28FP (.text:.bootCodeSection:_ti_catalog_c2800_init_Boot_disableWatchdog)
                  00302815    0000000f     app_p28FP.o28FP (.text:_ti_sysbios_BIOS_removeRTSLock__I)
                  00302824    0000000f     app_p28FP.o28FP (.text:_ti_sysbios_BIOS_startFunc__I)
                  00302833    0000000f     sysbios.a28FP : BIOS.obj (.text:_ti_sysbios_gates_GateMutex_Instance_init__E)
                  00302842    0000000f     ti.targets.rts2800.a28FP : LoggerBuf.o28FP (.text:_xdc_runtime_LoggerBuf_write2__E)
                  00302851    0000000e     OneToOneI2CDriver.obj (.text:_I2C_O2O_SendBytes)
                  0030285f    0000000e     app_p28FP.o28FP (.text:_ti_sysbios_knl_Semaphore_Object__destruct__S)
                  0030286d    0000000e     app_p28FP.o28FP (.text:_ti_sysbios_knl_Swi_Object__get__S)
                  0030287b    0000000e     app_p28FP.o28FP (.text:_ti_sysbios_knl_Task_Object__get__S)
                  00302889    0000000e     app_p28FP.o28FP (.text:_xdc_runtime_LoggerBuf_Object__get__S)
                  00302897    0000000e     ti.targets.rts2800.a28FP : Registry.o28FP (.text:_xdc_runtime_Registry_findById__E)
                  003028a5    0000000e                              : SysMin.o28FP (.text:_xdc_runtime_SysMin_Module_startup__E)
                  003028b3    0000000d     app_p28FP.o28FP (.text:_ti_sysbios_BIOS_registerRTSLock__I)
                  003028c0    0000000d     app_p28FP.o28FP (.text:_ti_sysbios_BIOS_rtsLock__I)
                  003028cd    0000000d     sysbios.a28FP : BIOS.obj (.text:_ti_sysbios_family_c28_Hwi_dispatchC__I)
                  003028da    0000000d     app_p28FP.o28FP (.text:_ti_sysbios_gates_GateHwi_Handle__label__S)
                  003028e7    0000000d     app_p28FP.o28FP (.text:_ti_sysbios_gates_GateMutex_Handle__label__S)
                  003028f4    0000000d     app_p28FP.o28FP (.text:_ti_sysbios_knl_Queue_Object__destruct__S)
                  00302901    0000000d     sysbios.a28FP : BIOS.obj (.text:_ti_sysbios_knl_Task_enter__I)
                  0030290e    0000000d     ti.targets.rts2800.a28FP : Error.o28FP (.text:_xdc_runtime_Error_check__E)
                  0030291b    0000000d     app_p28FP.o28FP (.text:_xdc_runtime_HeapStd_Handle__label__S)
                  00302928    0000000d     app_p28FP.o28FP (.text:_xdc_runtime_LoggerBuf_Handle__label__S)
                  00302935    0000000d     ti.targets.rts2800.a28FP : LoggerBuf.o28FP (.text:_xdc_runtime_LoggerBuf_write1__E)
                  00302942    0000000d                              : System.o28FP (.text:_xdc_runtime_System_abort__E)
                  0030294f    0000000c     app_p28FP.o28FP (.text:_ti_sysbios_BIOS_exitFunc__I)
                  0030295b    0000000c     app_p28FP.o28FP (.text:_ti_sysbios_family_c28_Hwi_disableIER__E)
                  00302967    0000000c     sysbios.a28FP : BIOS.obj (.text:_ti_sysbios_gates_GateMutex_leave__E)
                  00302973    0000000c                   : BIOS.obj (.text:_ti_sysbios_knl_Queue_put__E)
                  0030297f    0000000c                   : BIOS.obj (.text:_ti_sysbios_knl_Task_enabled__E)
                  0030298b    0000000c     ti.targets.rts2800.a28FP : Memory.o28FP (.text:_xdc_runtime_Memory_free__E)
                  00302997    0000000c                              : Text.o28FP (.text:_xdc_runtime_Text_ropeText__E)
                  003029a3    0000000c     rts2800_fpu32.lib : memset.obj (.text)
                  003029af    0000000b     app_p28FP.o28FP (.text:_ti_sysbios_family_c28_Hwi_Module__startupDone__F)
                  003029ba    0000000b     app_p28FP.o28FP (.text:_ti_sysbios_family_c28_Hwi_Object__get__S)
                  003029c5    0000000b     app_p28FP.o28FP (.text:_ti_sysbios_family_c28_Hwi_enableIER__E)
                  003029d0    0000000b     app_p28FP.o28FP (.text:_ti_sysbios_family_c28_Timer_Module__startupDone__F)
                  003029db    0000000b     app_p28FP.o28FP (.text:_ti_sysbios_knl_Queue_Object__get__S)
                  003029e6    0000000b     app_p28FP.o28FP (.text:_ti_sysbios_knl_Task_SupportProxy_start__E)
                  003029f1    0000000b     sysbios.a28FP : BIOS.obj (.text:_ti_sysbios_knl_Task_sleepTimeout__I)
                  003029fc    0000000b     ti.targets.rts2800.a28FP : LoggerBuf.o28FP (.text:_xdc_runtime_LoggerBuf_Instance_finalize__E)
                  00302a07    0000000b                              : LoggerBuf.o28FP (.text:_xdc_runtime_LoggerBuf_write0__E)
                  00302a12    0000000b                              : SysMin.o28FP (.text:_xdc_runtime_SysMin_exit__E)
                  00302a1d    0000000b                              : System.o28FP (.text:_xdc_runtime_System_exit__E)
                  00302a28    0000000a     DSP2833x_DefaultIsr.obj (.text:_ADCINT_ISR)
                  00302a32    0000000a     DSP2833x_DefaultIsr.obj (.text:_DATALOG_ISR)
                  00302a3c    0000000a     DSP2833x_DefaultIsr.obj (.text:_DINTCH1_ISR)
                  00302a46    0000000a     DSP2833x_DefaultIsr.obj (.text:_DINTCH2_ISR)
                  00302a50    0000000a     DSP2833x_DefaultIsr.obj (.text:_DINTCH3_ISR)
                  00302a5a    0000000a     DSP2833x_DefaultIsr.obj (.text:_DINTCH4_ISR)
                  00302a64    0000000a     DSP2833x_DefaultIsr.obj (.text:_DINTCH5_ISR)
                  00302a6e    0000000a     DSP2833x_DefaultIsr.obj (.text:_DINTCH6_ISR)
                  00302a78    0000000a     DSP2833x_DefaultIsr.obj (.text:_ECAN0INTA_ISR)
                  00302a82    0000000a     DSP2833x_DefaultIsr.obj (.text:_ECAN0INTB_ISR)
                  00302a8c    0000000a     DSP2833x_DefaultIsr.obj (.text:_ECAN1INTA_ISR)
                  00302a96    0000000a     DSP2833x_DefaultIsr.obj (.text:_ECAN1INTB_ISR)
                  00302aa0    0000000a     DSP2833x_DefaultIsr.obj (.text:_ECAP1_INT_ISR)
                  00302aaa    0000000a     DSP2833x_DefaultIsr.obj (.text:_ECAP2_INT_ISR)
                  00302ab4    0000000a     DSP2833x_DefaultIsr.obj (.text:_ECAP3_INT_ISR)
                  00302abe    0000000a     DSP2833x_DefaultIsr.obj (.text:_ECAP4_INT_ISR)
                  00302ac8    0000000a     DSP2833x_DefaultIsr.obj (.text:_ECAP5_INT_ISR)
                  00302ad2    0000000a     DSP2833x_DefaultIsr.obj (.text:_ECAP6_INT_ISR)
                  00302adc    0000000a     DSP2833x_DefaultIsr.obj (.text:_EMUINT_ISR)
                  00302ae6    0000000a     DSP2833x_DefaultIsr.obj (.text:_EPWM1_INT_ISR)
                  00302af0    0000000a     DSP2833x_DefaultIsr.obj (.text:_EPWM1_TZINT_ISR)
                  00302afa    0000000a     DSP2833x_DefaultIsr.obj (.text:_EPWM2_INT_ISR)
                  00302b04    0000000a     DSP2833x_DefaultIsr.obj (.text:_EPWM2_TZINT_ISR)
                  00302b0e    0000000a     DSP2833x_DefaultIsr.obj (.text:_EPWM3_INT_ISR)
                  00302b18    0000000a     DSP2833x_DefaultIsr.obj (.text:_EPWM3_TZINT_ISR)
                  00302b22    0000000a     DSP2833x_DefaultIsr.obj (.text:_EPWM4_INT_ISR)
                  00302b2c    0000000a     DSP2833x_DefaultIsr.obj (.text:_EPWM4_TZINT_ISR)
                  00302b36    0000000a     DSP2833x_DefaultIsr.obj (.text:_EPWM5_INT_ISR)
                  00302b40    0000000a     DSP2833x_DefaultIsr.obj (.text:_EPWM5_TZINT_ISR)
                  00302b4a    0000000a     DSP2833x_DefaultIsr.obj (.text:_EPWM6_INT_ISR)
                  00302b54    0000000a     DSP2833x_DefaultIsr.obj (.text:_EPWM6_TZINT_ISR)
                  00302b5e    0000000a     DSP2833x_DefaultIsr.obj (.text:_EQEP1_INT_ISR)
                  00302b68    0000000a     DSP2833x_DefaultIsr.obj (.text:_EQEP2_INT_ISR)
                  00302b72    0000000a     DSP2833x_DefaultIsr.obj (.text:_I2CINT1A_ISR)
                  00302b7c    0000000a     DSP2833x_DefaultIsr.obj (.text:_I2CINT2A_ISR)
                  00302b86    0000000a     DSP2833x_DefaultIsr.obj (.text:_ILLEGAL_ISR)
                  00302b90    0000000a     DSP2833x_DefaultIsr.obj (.text:_INT13_ISR)
                  00302b9a    0000000a     DSP2833x_DefaultIsr.obj (.text:_INT14_ISR)
                  00302ba4    0000000a     DSP2833x_DefaultIsr.obj (.text:_LUF_ISR)
                  00302bae    0000000a     DSP2833x_DefaultIsr.obj (.text:_LVF_ISR)
                  00302bb8    0000000a     DSP2833x_DefaultIsr.obj (.text:_MRINTA_ISR)
                  00302bc2    0000000a     DSP2833x_DefaultIsr.obj (.text:_MRINTB_ISR)
                  00302bcc    0000000a     DSP2833x_DefaultIsr.obj (.text:_MXINTA_ISR)
                  00302bd6    0000000a     DSP2833x_DefaultIsr.obj (.text:_MXINTB_ISR)
                  00302be0    0000000a     DSP2833x_DefaultIsr.obj (.text:_NMI_ISR)
                  00302bea    0000000a     DSP2833x_DefaultIsr.obj (.text:_PIE_RESERVED)
                  00302bf4    0000000a     DSP2833x_DefaultIsr.obj (.text:_RTOSINT_ISR)
                  00302bfe    0000000a     DSP2833x_DefaultIsr.obj (.text:_SCIRXINTA_ISR)
                  00302c08    0000000a     DSP2833x_DefaultIsr.obj (.text:_SCIRXINTB_ISR)
                  00302c12    0000000a     DSP2833x_DefaultIsr.obj (.text:_SCIRXINTC_ISR)
                  00302c1c    0000000a     DSP2833x_DefaultIsr.obj (.text:_SCITXINTA_ISR)
                  00302c26    0000000a     DSP2833x_DefaultIsr.obj (.text:_SCITXINTB_ISR)
                  00302c30    0000000a     DSP2833x_DefaultIsr.obj (.text:_SCITXINTC_ISR)
                  00302c3a    0000000a     DSP2833x_DefaultIsr.obj (.text:_SEQ1INT_ISR)
                  00302c44    0000000a     DSP2833x_DefaultIsr.obj (.text:_SEQ2INT_ISR)
                  00302c4e    0000000a     DSP2833x_DefaultIsr.obj (.text:_SPIRXINTA_ISR)
                  00302c58    0000000a     DSP2833x_DefaultIsr.obj (.text:_SPITXINTA_ISR)
                  00302c62    0000000a     DSP2833x_DefaultIsr.obj (.text:_TINT0_ISR)
                  00302c6c    0000000a     DSP2833x_DefaultIsr.obj (.text:_USER10_ISR)
                  00302c76    0000000a     DSP2833x_DefaultIsr.obj (.text:_USER11_ISR)
                  00302c80    0000000a     DSP2833x_DefaultIsr.obj (.text:_USER12_ISR)
                  00302c8a    0000000a     DSP2833x_DefaultIsr.obj (.text:_USER1_ISR)
                  00302c94    0000000a     DSP2833x_DefaultIsr.obj (.text:_USER2_ISR)
                  00302c9e    0000000a     DSP2833x_DefaultIsr.obj (.text:_USER3_ISR)
                  00302ca8    0000000a     DSP2833x_DefaultIsr.obj (.text:_USER4_ISR)
                  00302cb2    0000000a     DSP2833x_DefaultIsr.obj (.text:_USER5_ISR)
                  00302cbc    0000000a     DSP2833x_DefaultIsr.obj (.text:_USER6_ISR)
                  00302cc6    0000000a     DSP2833x_DefaultIsr.obj (.text:_USER7_ISR)
                  00302cd0    0000000a     DSP2833x_DefaultIsr.obj (.text:_USER8_ISR)
                  00302cda    0000000a     DSP2833x_DefaultIsr.obj (.text:_USER9_ISR)
                  00302ce4    0000000a     DSP2833x_DefaultIsr.obj (.text:_WAKEINT_ISR)
                  00302cee    0000000a     DSP2833x_DefaultIsr.obj (.text:_XINT1_ISR)
                  00302cf8    0000000a     DSP2833x_DefaultIsr.obj (.text:_XINT2_ISR)
                  00302d02    0000000a     DSP2833x_DefaultIsr.obj (.text:_XINT3_ISR)
                  00302d0c    0000000a     DSP2833x_DefaultIsr.obj (.text:_XINT4_ISR)
                  00302d16    0000000a     DSP2833x_DefaultIsr.obj (.text:_XINT5_ISR)
                  00302d20    0000000a     DSP2833x_DefaultIsr.obj (.text:_XINT6_ISR)
                  00302d2a    0000000a     DSP2833x_DefaultIsr.obj (.text:_XINT7_ISR)
                  00302d34    0000000a     DSP2833x_DefaultIsr.obj (.text:_rsvd_ISR)
                  00302d3e    00000009     DSP2833x_SysCtrl.obj (.text:_InitSysCtrl)
                  00302d47    00000009     app_p28FP.o28FP (.text:_ti_sysbios_BIOS_rtsUnlock__I)
                  00302d50    00000009     app_p28FP.o28FP (.text:_ti_sysbios_family_c28_Hwi_restoreIER__E)
                  00302d59    00000009     sysbios.a28FP : BIOS.obj (.text:_ti_sysbios_family_c28_TaskSupport_checkStack__E)
                  00302d62    00000009                   : c28_TaskSupport_asm.obj (.text:_ti_sysbios_family_c28_TaskSupport_glue)
                  00302d6b    00000009                   : BIOS.obj (.text:_ti_sysbios_hal_Hwi_Module_startup__E)
                  00302d74    00000009                   : BIOS.obj (.text:_ti_sysbios_knl_Task_unblock__E)
                  00302d7d    00000009     app_p28FP.o28FP (.text:_xdc_runtime_Startup_exec__I)
                  00302d86    00000009     ti.targets.rts2800.a28FP : System.o28FP (.text:_xdc_runtime_System_vsnprintf__E)
                  00302d8f    00000009     rts2800_fpu32.lib : _lock.obj (.text)
                  00302d98    00000008     DSP2833x_SysCtrl.obj (.text:_DisableDog)
                  00302da0    00000008     sysbios.a28FP : BIOS.obj (.text:_ti_sysbios_BIOS_setThreadType__E)
                  00302da8    00000008                   : BIOS.obj (.text:_ti_sysbios_gates_GateMutex_Instance_finalize__E)
                  00302db0    00000008                   : BIOS.obj (.text:_ti_sysbios_knl_Semaphore_Instance_finalize__E)
                  00302db8    00000008     app_p28FP.o28FP (.text:_xdc_runtime_IHeap_alloc)
                  00302dc0    00000008     ti.targets.rts2800.a28FP : Memory.o28FP (.text:_xdc_runtime_Memory_calloc__E)
                  00302dc8    00000008                              : SysMin.o28FP (.text:_xdc_runtime_SysMin_ready__E)
                  00302dd0    00000008     rts2800_fpu32.lib : strlen.obj (.text)
                  00302dd8    00000007     app_p28FP.o28FP (.text:.bootCodeSection:_ti_catalog_c2800_init_Boot_init)
                  00302ddf    00000007     sysbios.a28FP : BIOS.obj (.text:_ti_sysbios_knl_Queue_empty__E)
                  00302de6    00000007     ti.targets.rts2800.a28FP : Error.o28FP (.text:_xdc_runtime_Error_init__E)
                  00302ded    00000007                              : HeapStd.o28FP (.text:_xdc_runtime_HeapStd_getStats__E)
                  00302df4    00000007     app_p28FP.o28FP (.text:_xdc_runtime_System_aprintf__E)
                  00302dfb    00000007     app_p28FP.o28FP (.text:_xdc_runtime_System_printf__E)
                  00302e02    00000006     sysbios.a28FP : BIOS.obj (.text:_ti_sysbios_BIOS_start__E)
                  00302e08    00000006                   : c28_IntrinsicsSupport_asm.obj (.text:_ti_sysbios_family_c28_IntrinsicsSupport_maxbit__E)
                  00302e0e    00000006                   : BIOS.obj (.text:_ti_sysbios_family_c28_TimestampProvider_rolloverFunc__E)
                  00302e14    00000006                   : BIOS.obj (.text:_ti_sysbios_family_c28_TimestampProvider_startTimer__E)
                  00302e1a    00000006                   : BIOS.obj (.text:_ti_sysbios_knl_Swi_disable__E)
                  00302e20    00000006                   : BIOS.obj (.text:_ti_sysbios_knl_Task_disable__E)
                  00302e26    00000006     ti.targets.rts2800.a28FP : Gate.o28FP (.text:_xdc_runtime_Gate_enterSystem__E)
                  00302e2c    00000006                              : Gate.o28FP (.text:_xdc_runtime_Gate_leaveSystem__E)
                  00302e32    00000005     sysbios.a28FP : BIOS.obj (.text:_ti_sysbios_family_c28_Hwi_switchFromBootStack__E)
                  00302e37    00000005                   : BIOS.obj (.text:_ti_sysbios_gates_GateHwi_enter__E)
                  00302e3c    00000005     ti.targets.rts2800.a28FP : LoggerBuf.o28FP (.text:_xdc_runtime_LoggerBuf_enable__E)
                  00302e41    00000005     rts2800_fpu32.lib : strcpy.obj (.text)
                  00302e46    00000004     app_p28FP.o28FP (.text:_ti_sysbios_family_c28_Hwi_startup__E)
                  00302e4a    00000004     sysbios.a28FP : BIOS.obj (.text:_ti_sysbios_knl_Swi_startup__E)
                  00302e4e    00000004     app_p28FP.o28FP (.text:_xdc_runtime_IHeap_free)
                  00302e52    00000004     ti.targets.rts2800.a28FP : LoggerBuf.o28FP (.text:_xdc_runtime_LoggerBuf_disable__E)
                  00302e56    00000004                              : Memory.o28FP (.text:_xdc_runtime_Memory_getMaxDefaultTypeAlign__E)
                  00302e5a    00000003                              : xdc_noinit.o28FP (.text:___xdc__init)
                  00302e5d    00000003     app_p28FP.o28FP (.text:_ti_catalog_c2800_init_Boot_limpAbort)
                  00302e60    00000003     app_p28FP.o28FP (.text:_ti_sysbios_BIOS_RtsGateProxy_enter__E)
                  00302e63    00000003     app_p28FP.o28FP (.text:_ti_sysbios_BIOS_RtsGateProxy_leave__E)
                  00302e66    00000003     sysbios.a28FP : c28_Hwi_asm.obj (.text:_ti_sysbios_family_c28_Hwi_getIFR__I)
                  00302e69    00000003                   : BIOS.obj (.text:_ti_sysbios_gates_GateHwi_leave__E)
                  00302e6c    00000003     app_p28FP.o28FP (.text:_ti_sysbios_hal_Hwi_HwiProxy_getStackInfo__E)
                  00302e6f    00000003     app_p28FP.o28FP (.text:_ti_sysbios_hal_Hwi_HwiProxy_switchFromBootStack__E)
                  00302e72    00000003     sysbios.a28FP : BIOS.obj (.text:_ti_sysbios_hal_Hwi_startup__E)
                  00302e75    00000003     app_p28FP.o28FP (.text:_ti_sysbios_knl_Clock_TimerProxy_getMaxTicks__E)
                  00302e78    00000003     sysbios.a28FP : BIOS.obj (.text:_ti_sysbios_knl_Idle_loop__E)
                  00302e7b    00000003                   : BIOS.obj (.text:_ti_sysbios_knl_Queue_Instance_init__E)
                  00302e7e    00000003     app_p28FP.o28FP (.text:_ti_sysbios_knl_Queue_destruct)
                  00302e81    00000003     app_p28FP.o28FP (.text:_ti_sysbios_knl_Semaphore_destruct)
                  00302e84    00000003     app_p28FP.o28FP (.text:_ti_sysbios_knl_Task_SupportProxy_checkStack__E)
                  00302e87    00000003     app_p28FP.o28FP (.text:_ti_sysbios_knl_Task_SupportProxy_swap__E)
                  00302e8a    00000003     sysbios.a28FP : BIOS.obj (.text:_ti_sysbios_knl_Task_startup__E)
                  00302e8d    00000003     app_p28FP.o28FP (.text:_xdc_runtime_LoggerBuf_Module_GateProxy_enter__E)
                  00302e90    00000003     app_p28FP.o28FP (.text:_xdc_runtime_LoggerBuf_Module_GateProxy_leave__E)
                  00302e93    00000003     app_p28FP.o28FP (.text:_xdc_runtime_LoggerBuf_TimestampProxy_get64__E)
                  00302e96    00000003     app_p28FP.o28FP (.text:_xdc_runtime_System_Module_GateProxy_enter__E)
                  00302e99    00000003     app_p28FP.o28FP (.text:_xdc_runtime_System_Module_GateProxy_leave__E)
                  00302e9c    00000003     ti.targets.rts2800.a28FP : System.o28FP (.text:_xdc_runtime_System_Module_startup__E)
                  00302e9f    00000003     app_p28FP.o28FP (.text:_xdc_runtime_System_SupportProxy_abort__E)
                  00302ea2    00000003     app_p28FP.o28FP (.text:_xdc_runtime_System_SupportProxy_exit__E)
                  00302ea5    00000003     app_p28FP.o28FP (.text:_xdc_runtime_System_SupportProxy_flush__E)
                  00302ea8    00000003     app_p28FP.o28FP (.text:_xdc_runtime_System_SupportProxy_putch__E)
                  00302eab    00000003     app_p28FP.o28FP (.text:_xdc_runtime_System_SupportProxy_ready__E)
                  00302eae    00000003     ti.targets.rts2800.a28FP : System.o28FP (.text:_xdc_runtime_System_abortStd__E)
                  00302eb1    00000003                              : System.o28FP (.text:_xdc_runtime_System_exitStd__E)
                  00302eb4    00000003                              : System.o28FP (.text:_xdc_runtime_System_flush__E)
                  00302eb7    00000003     app_p28FP.o28FP (.text:_xdc_runtime_Text_visitRope__I)
                  00302eba    00000002     app_p28FP.o28FP (.text:_malloc)
                  00302ebc    00000002     Boot.a28FP : Boot.o28FP (.text:_ti_catalog_c2800_init_Boot_defaultLimpAbortFunction)
                  00302ebe    00000002     app_p28FP.o28FP (.text:_ti_sysbios_family_c28_TaskSupport_Module__startupDone__S)
                  00302ec0    00000002     sysbios.a28FP : BIOS.obj (.text:_ti_sysbios_family_c28_Timer_getMaxTicks__E)
                  00302ec2    00000002                   : BIOS.obj (.text:_ti_sysbios_gates_GateHwi_query__E)
                  00302ec4    00000002                   : BIOS.obj (.text:_ti_sysbios_gates_GateMutex_query__E)
                  00302ec6    00000002     ti.targets.rts2800.a28FP : Error.o28FP (.text:_xdc_runtime_Error_getSite__E)
                  00302ec8    00000002                              : HeapStd.o28FP (.text:_xdc_runtime_HeapStd_isBlocking__E)
                  00302eca    00000001     app_p28FP.o28FP (.text:_ti_sysbios_BIOS_nullFunc__I)
                  00302ecb    00000001     sysbios.a28FP : c28_Hwi_asm.obj (.text:_ti_sysbios_family_c28_Hwi_interruptReturn__I)
                  00302ecc    00000001                   : BIOS.obj (.text:_ti_sysbios_gates_GateHwi_Instance_init__E)
                  00302ecd    00000001                   : BIOS.obj (.text:_ti_sysbios_knl_Clock_logTick__E)

.econst    0    00302ece    000004ae     
                  00302ece    00000100     app_p28FP.o28FP (.econst:_ti_sysbios_family_c28_Hwi_vectors)
                  00302fce    0000005d     app_p28FP.o28FP (.econst:.string)
                  0030302b    00000001     OneToOneI2CDriver.obj (.econst)
                  0030302c    00000058     ti.targets.rts2800.a28FP : Error.o28FP (.econst:.string)
                  00303084    00000047                              : Log.o28FP (.econst:.string)
                  003030cb    00000001     app_p28FP.o28FP (.econst:ti_sysbios_family_c28_Hwi_Module__id__C)
                  003030cc    00000043     ti.targets.rts2800.a28FP : Text.o28FP (.econst:.string)
                  0030310f    00000001     app_p28FP.o28FP (.econst:ti_sysbios_family_c28_Hwi_NUM_INTERRUPTS_ALL__C)
                  00303110    00000030     main.obj (.econst:.string)
                  00303140    0000002a     ti.targets.rts2800.a28FP : Startup.o28FP (.econst:.string)
                  0030316a    0000001e     app_p28FP.o28FP (.econst:xdc_runtime_LoggerBuf_Module__FXNS__C)
                  00303188    00000014     app_p28FP.o28FP (.econst:xdc_runtime_HeapStd_Module__FXNS__C)
                  0030319c    00000014     app_p28FP.o28FP (.econst:xdc_runtime_Startup_sfxnTab__A)
                  003031b0    00000012     app_p28FP.o28FP (.econst:ti_sysbios_gates_GateHwi_Module__FXNS__C)
                  003031c2    00000012     app_p28FP.o28FP (.econst:ti_sysbios_gates_GateMutex_Module__FXNS__C)
                  003031d4    00000012     app_p28FP.o28FP (.econst:xdc_runtime_LoggerBuf_Object__PARAMS__C)
                  003031e6    00000011     ti.targets.rts2800.a28FP : System.o28FP (.econst:_digtohex)
                  003031f7    00000001     app_p28FP.o28FP (.econst:ti_sysbios_family_c28_Hwi_Object__count__C)
                  003031f8    00000010     app_p28FP.o28FP (.econst:ti_sysbios_gates_GateHwi_Object__DESC__C)
                  00303208    00000010     app_p28FP.o28FP (.econst:ti_sysbios_gates_GateMutex_Object__DESC__C)
                  00303218    00000010     app_p28FP.o28FP (.econst:ti_sysbios_knl_Queue_Object__DESC__C)
                  00303228    00000010     app_p28FP.o28FP (.econst:ti_sysbios_knl_Semaphore_Object__DESC__C)
                  00303238    00000010     app_p28FP.o28FP (.econst:ti_sysbios_knl_Semaphore_Object__PARAMS__C)
                  00303248    00000010     app_p28FP.o28FP (.econst:xdc_runtime_HeapStd_Object__DESC__C)
                  00303258    00000010     app_p28FP.o28FP (.econst:xdc_runtime_LoggerBuf_Object__DESC__C)
                  00303268    0000000e     app_p28FP.o28FP (.econst:xdc_runtime_HeapStd_Object__PARAMS__C)
                  00303276    0000000c     app_p28FP.o28FP (.econst:ti_sysbios_gates_GateHwi_Object__PARAMS__C)
                  00303282    0000000c     app_p28FP.o28FP (.econst:ti_sysbios_gates_GateMutex_Object__PARAMS__C)
                  0030328e    0000000c     app_p28FP.o28FP (.econst:ti_sysbios_knl_Queue_Object__PARAMS__C)
                  0030329a    0000000a     app_p28FP.o28FP (.econst:xdc_runtime_Startup_sfxnRts__A)
                  003032a4    00000007     ti.targets.rts2800.a28FP : System.o28FP (.econst:.string)
                  003032ab    00000001     app_p28FP.o28FP (.econst:ti_sysbios_family_c28_TaskSupport_Module__id__C)
                  003032ac    00000005     ti.targets.rts2800.a28FP : Assert.o28FP (.econst:.string)
                  003032b1    00000001     app_p28FP.o28FP (.econst:ti_sysbios_family_c28_Timer_startupNeeded__C)
                  003032b2    00000004     app_p28FP.o28FP (.econst:ti_sysbios_knl_Idle_funcList__C)
                  003032b6    00000004     app_p28FP.o28FP (.econst:xdc_runtime_Startup_firstFxns__C)
                  003032ba    00000004     app_p28FP.o28FP (.econst:xdc_runtime_Startup_lastFxns__C)
                  003032be    00000002     app_p28FP.o28FP (.econst:ti_sysbios_family_c28_Hwi_A_badIntNum__C)
                  003032c0    00000002     app_p28FP.o28FP (.econst:ti_sysbios_family_c28_Hwi_A_invalidArg__C)
                  003032c2    00000002     app_p28FP.o28FP (.econst:ti_sysbios_family_c28_Hwi_E_unpluggedInterrupt__C)
                  003032c4    00000002     app_p28FP.o28FP (.econst:ti_sysbios_family_c28_Hwi_Module__diagsEnabled__C)
                  003032c6    00000002     app_p28FP.o28FP (.econst:ti_sysbios_family_c28_Hwi_Module__diagsIncluded__C)
                  003032c8    00000002     app_p28FP.o28FP (.econst:ti_sysbios_family_c28_Hwi_Module__diagsMask__C)
                  003032ca    00000002     app_p28FP.o28FP (.econst:ti_sysbios_family_c28_TaskSupport_E_invalidStack__C)
                  003032cc    00000002     app_p28FP.o28FP (.econst:ti_sysbios_family_c28_TimestampProvider_Module__diagsEnabled__C)
                  003032ce    00000002     app_p28FP.o28FP (.econst:ti_sysbios_family_c28_TimestampProvider_Module__diagsIncluded__C)
                  003032d0    00000002     app_p28FP.o28FP (.econst:ti_sysbios_family_c28_TimestampProvider_Module__diagsMask__C)
                  003032d2    00000002     app_p28FP.o28FP (.econst:ti_sysbios_gates_GateMutex_A_badContext__C)
                  003032d4    00000002     app_p28FP.o28FP (.econst:ti_sysbios_gates_GateMutex_Instance_State_sem__O)
                  003032d6    00000002     app_p28FP.o28FP (.econst:ti_sysbios_gates_GateMutex_Module__diagsEnabled__C)
                  003032d8    00000002     app_p28FP.o28FP (.econst:ti_sysbios_gates_GateMutex_Module__diagsIncluded__C)
                  003032da    00000002     app_p28FP.o28FP (.econst:ti_sysbios_gates_GateMutex_Module__diagsMask__C)
                  003032dc    00000002     app_p28FP.o28FP (.econst:ti_sysbios_hal_Hwi_E_stackOverflow__C)
                  003032de    00000002     app_p28FP.o28FP (.econst:ti_sysbios_knl_Clock_Module_State_clockQ__O)
                  003032e0    00000002     app_p28FP.o28FP (.econst:ti_sysbios_knl_Idle_funcList__A)
                  003032e2    00000002     app_p28FP.o28FP (.econst:ti_sysbios_knl_Semaphore_A_badContext__C)
                  003032e4    00000002     app_p28FP.o28FP (.econst:ti_sysbios_knl_Semaphore_A_noEvents__C)
                  003032e6    00000002     app_p28FP.o28FP (.econst:ti_sysbios_knl_Semaphore_A_overflow__C)
                  003032e8    00000002     app_p28FP.o28FP (.econst:ti_sysbios_knl_Semaphore_A_pendTaskDisabled__C)
                  003032ea    00000002     app_p28FP.o28FP (.econst:ti_sysbios_knl_Semaphore_Instance_State_pendQ__O)
                  003032ec    00000002     app_p28FP.o28FP (.econst:ti_sysbios_knl_Semaphore_Module__diagsEnabled__C)
                  003032ee    00000002     app_p28FP.o28FP (.econst:ti_sysbios_knl_Semaphore_Module__diagsIncluded__C)
                  003032f0    00000002     app_p28FP.o28FP (.econst:ti_sysbios_knl_Semaphore_Module__diagsMask__C)
                  003032f2    00000002     app_p28FP.o28FP (.econst:ti_sysbios_knl_Task_A_badTimeout__C)
                  003032f4    00000002     app_p28FP.o28FP (.econst:ti_sysbios_knl_Task_A_sleepTaskDisabled__C)
                  003032f6    00000002     app_p28FP.o28FP (.econst:ti_sysbios_knl_Task_E_spOutOfBounds__C)
                  003032f8    00000002     app_p28FP.o28FP (.econst:ti_sysbios_knl_Task_E_stackOverflow__C)
                  003032fa    00000002     app_p28FP.o28FP (.econst:ti_sysbios_knl_Task_Module_State_inactiveQ__O)
                  003032fc    00000002     app_p28FP.o28FP (.econst:ti_sysbios_knl_Task_Module__diagsEnabled__C)
                  003032fe    00000002     app_p28FP.o28FP (.econst:ti_sysbios_knl_Task_Module__diagsIncluded__C)
                  00303300    00000002     app_p28FP.o28FP (.econst:ti_sysbios_knl_Task_Module__diagsMask__C)
                  00303302    00000002     app_p28FP.o28FP (.econst:ti_sysbios_knl_Task_allBlockedFunc__C)
                  00303304    00000002     app_p28FP.o28FP (.econst:xdc_runtime_Assert_E_assertFailed__C)
                  00303306    00000002     app_p28FP.o28FP (.econst:xdc_runtime_Core_A_initializedParams__C)
                  00303308    00000002     app_p28FP.o28FP (.econst:xdc_runtime_Core_Module__diagsEnabled__C)
                  0030330a    00000002     app_p28FP.o28FP (.econst:xdc_runtime_Core_Module__diagsIncluded__C)
                  0030330c    00000002     app_p28FP.o28FP (.econst:xdc_runtime_Core_Module__diagsMask__C)
                  0030330e    00000002     app_p28FP.o28FP (.econst:xdc_runtime_Error_E_memory__C)
                  00303310    00000002     app_p28FP.o28FP (.econst:xdc_runtime_Error_Module__diagsEnabled__C)
                  00303312    00000002     app_p28FP.o28FP (.econst:xdc_runtime_Error_Module__diagsIncluded__C)
                  00303314    00000002     app_p28FP.o28FP (.econst:xdc_runtime_Error_Module__diagsMask__C)
                  00303316    00000002     app_p28FP.o28FP (.econst:xdc_runtime_Error_Module__loggerFxn8__C)
                  00303318    00000002     app_p28FP.o28FP (.econst:xdc_runtime_Error_Module__loggerObj__C)
                  0030331a    00000002     app_p28FP.o28FP (.econst:xdc_runtime_Error_policyFxn__C)
                  0030331c    00000002     app_p28FP.o28FP (.econst:xdc_runtime_Error_raiseHook__C)
                  0030331e    00000002     app_p28FP.o28FP (.econst:xdc_runtime_HeapStd_A_align__C)
                  00303320    00000002     app_p28FP.o28FP (.econst:xdc_runtime_HeapStd_A_invalidTotalFreeSize__C)
                  00303322    00000002     app_p28FP.o28FP (.econst:xdc_runtime_HeapStd_A_zeroSize__C)
                  00303324    00000002     app_p28FP.o28FP (.econst:xdc_runtime_HeapStd_E_noRTSMemory__C)
                  00303326    00000002     app_p28FP.o28FP (.econst:xdc_runtime_HeapStd_Module__diagsEnabled__C)
                  00303328    00000002     app_p28FP.o28FP (.econst:xdc_runtime_HeapStd_Module__diagsIncluded__C)
                  0030332a    00000002     app_p28FP.o28FP (.econst:xdc_runtime_HeapStd_Module__diagsMask__C)
                  0030332c    00000002     app_p28FP.o28FP (.econst:xdc_runtime_IFilterLogger_Interface__BASE__C)
                  0030332e    00000002     app_p28FP.o28FP (.econst:xdc_runtime_IGateProvider_Interface__BASE__C)
                  00303330    00000002     app_p28FP.o28FP (.econst:xdc_runtime_IHeap_Interface__BASE__C)
                  00303332    00000002     app_p28FP.o28FP (.econst:xdc_runtime_ILogger_Interface__BASE__C)
                  00303334    00000002     app_p28FP.o28FP (.econst:xdc_runtime_IModule_Interface__BASE__C)
                  00303336    00000002     app_p28FP.o28FP (.econst:xdc_runtime_Log_L_error__C)
                  00303338    00000002     app_p28FP.o28FP (.econst:xdc_runtime_LoggerBuf_E_badLevel__C)
                  0030333a    00000002     app_p28FP.o28FP (.econst:xdc_runtime_LoggerBuf_Module__gateObj__C)
                  0030333c    00000002     app_p28FP.o28FP (.econst:xdc_runtime_LoggerBuf_statusLogger__C)
                  0030333e    00000002     app_p28FP.o28FP (.econst:xdc_runtime_Memory_defaultHeapInstance__C)
                  00303340    00000002     app_p28FP.o28FP (.econst:xdc_runtime_Startup_execImpl__C)
                  00303342    00000002     app_p28FP.o28FP (.econst:xdc_runtime_Startup_firstFxns__A)
                  00303344    00000002     app_p28FP.o28FP (.econst:xdc_runtime_Startup_lastFxns__A)
                  00303346    00000002     app_p28FP.o28FP (.econst:xdc_runtime_Startup_sfxnRts__C)
                  00303348    00000002     app_p28FP.o28FP (.econst:xdc_runtime_Startup_sfxnTab__C)
                  0030334a    00000002     app_p28FP.o28FP (.econst:xdc_runtime_SysMin_bufSize__C)
                  0030334c    00000002     app_p28FP.o28FP (.econst:xdc_runtime_SysMin_outputFunc__C)
                  0030334e    00000002     app_p28FP.o28FP (.econst:xdc_runtime_System_Module__gateObj__C)
                  00303350    00000002     app_p28FP.o28FP (.econst:xdc_runtime_System_abortFxn__C)
                  00303352    00000002     app_p28FP.o28FP (.econst:xdc_runtime_System_exitFxn__C)
                  00303354    00000002     app_p28FP.o28FP (.econst:xdc_runtime_System_extendFxn__C)
                  00303356    00000002     app_p28FP.o28FP (.econst:xdc_runtime_Text_charTab__C)
                  00303358    00000002     app_p28FP.o28FP (.econst:xdc_runtime_Text_nameEmpty__C)
                  0030335a    00000002     app_p28FP.o28FP (.econst:xdc_runtime_Text_nameStatic__C)
                  0030335c    00000002     app_p28FP.o28FP (.econst:xdc_runtime_Text_nameUnknown__C)
                  0030335e    00000002     app_p28FP.o28FP (.econst:xdc_runtime_Text_nodeTab__A)
                  00303360    00000002     app_p28FP.o28FP (.econst:xdc_runtime_Text_visitRopeFxn__C)
                  00303362    00000001     app_p28FP.o28FP (.econst:ti_sysbios_family_c28_TimestampProvider_Module__id__C)
                  00303363    00000001     app_p28FP.o28FP (.econst:ti_sysbios_family_c28_TimestampProvider_useClockTimer__C)
                  00303364    00000001     app_p28FP.o28FP (.econst:ti_sysbios_gates_GateMutex_Module__id__C)
                  00303365    00000001     app_p28FP.o28FP (.econst:ti_sysbios_hal_Hwi_Module__id__C)
                  00303366    00000001     app_p28FP.o28FP (.econst:ti_sysbios_knl_Semaphore_Module__id__C)
                  00303367    00000001     app_p28FP.o28FP (.econst:ti_sysbios_knl_Swi_Object__count__C)
                  00303368    00000001     app_p28FP.o28FP (.econst:ti_sysbios_knl_Task_Module__id__C)
                  00303369    00000001     app_p28FP.o28FP (.econst:ti_sysbios_knl_Task_Object__count__C)
                  0030336a    00000001     app_p28FP.o28FP (.econst:ti_sysbios_knl_Task_numConstructedTasks__C)
                  0030336b    00000001     app_p28FP.o28FP (.econst:xdc_runtime_Core_Module__id__C)
                  0030336c    00000001     app_p28FP.o28FP (.econst:xdc_runtime_Error_Module__loggerDefined__C)
                  0030336d    00000001     app_p28FP.o28FP (.econst:xdc_runtime_Error_maxDepth__C)
                  0030336e    00000001     app_p28FP.o28FP (.econst:xdc_runtime_Error_policy__C)
                  0030336f    00000001     app_p28FP.o28FP (.econst:xdc_runtime_HeapStd_Module__id__C)
                  00303370    00000001     app_p28FP.o28FP (.econst:xdc_runtime_LoggerBuf_Module__id__C)
                  00303371    00000001     app_p28FP.o28FP (.econst:xdc_runtime_LoggerBuf_Object__count__C)
                  00303372    00000001     app_p28FP.o28FP (.econst:xdc_runtime_LoggerBuf_filterByLevel__C)
                  00303373    00000001     app_p28FP.o28FP (.econst:xdc_runtime_Memory_Module__id__C)
                  00303374    00000001     app_p28FP.o28FP (.econst:xdc_runtime_Startup_maxPasses__C)
                  00303375    00000001     app_p28FP.o28FP (.econst:xdc_runtime_SysMin_flushAtExit__C)
                  00303376    00000001     app_p28FP.o28FP (.econst:xdc_runtime_System_maxAtexitHandlers__C)
                  00303377    00000001     app_p28FP.o28FP (.econst:xdc_runtime_Text_charCnt__C)
                  00303378    00000001     app_p28FP.o28FP (.econst:xdc_runtime_Text_charTab__A)
                  00303379    00000001     app_p28FP.o28FP (.econst:xdc_runtime_Text_isLoaded__C)
                  0030337a    00000001     app_p28FP.o28FP (.econst:xdc_runtime_Text_registryModsLastId__C)
                  0030337b    00000001     app_p28FP.o28FP (.econst:xdc_runtime_Text_unnamedModsLastId__C)

.cinit     0    0030337c    000003ac     
                  0030337c    00000392     app_p28FP.o28FP (.cinit)
                  0030370e    0000000e     rts2800_fpu32.lib : exit.obj (.cinit)
                  0030371c    00000005                       : _lock.obj (.cinit:__lock)
                  00303721    00000005                       : _lock.obj (.cinit:__unlock)
                  00303726    00000002     --HOLE-- [fill = 0]

ramfuncs   0    00303728    00000004     RUN ADDR = 00008000
                  00303728    00000004     DSP2833x_usDelay.obj (ramfuncs)

.switch    0    0030372c    0000001c     
                  0030372c    0000001c     sysbios.a28FP : BIOS.obj (.switch:_ti_sysbios_family_c28_Hwi_clearInterrupt__E)

.adc_cal   0    00380080    00000007     NOLOAD SECTION
                  00380080    00000007     DSP2833x_ADC_cal.obj (.adc_cal)

.ebss      1    00000000    0000065a     UNINITIALIZED
                  00000000    00000440     app_p28FP.o28FP (.ebss)
                  00000440    00000200     app_p28FP.o28FP (.ebss:taskStackSection)
                  00000640    00000008     DSP2833x_CpuTimers.obj (.ebss)
                  00000648    00000008     rts2800_fpu32.lib : trgdrv.obj (.ebss)
                  00000650    00000006                       : exit.obj (.ebss)
                  00000656    00000002                       : _lock.obj (.ebss:__lock)
                  00000658    00000002                       : _lock.obj (.ebss:__unlock)

.stack     1    0000065a    00000100     UNINITIALIZED
                  0000065a    00000100     --HOLE--

DevEmuRegsFile 
*          1    00000880    000000d0     UNINITIALIZED
                  00000880    000000d0     DSP2833x_GlobalVariableDefs.obj (DevEmuRegsFile)

FlashRegsFile 
*          1    00000a80    00000008     UNINITIALIZED
                  00000a80    00000008     DSP2833x_GlobalVariableDefs.obj (FlashRegsFile)

CsmRegsFile 
*          1    00000ae0    00000010     UNINITIALIZED
                  00000ae0    00000010     DSP2833x_GlobalVariableDefs.obj (CsmRegsFile)

AdcMirrorFile 
*          1    00000b00    00000010     UNINITIALIZED
                  00000b00    00000010     DSP2833x_GlobalVariableDefs.obj (AdcMirrorFile)

XintfRegsFile 
*          1    00000b20    0000001e     UNINITIALIZED
                  00000b20    0000001e     DSP2833x_GlobalVariableDefs.obj (XintfRegsFile)

CpuTimer0RegsFile 
*          1    00000c00    00000008     UNINITIALIZED
                  00000c00    00000008     DSP2833x_GlobalVariableDefs.obj (CpuTimer0RegsFile)

CpuTimer1RegsFile 
*          1    00000c08    00000008     UNINITIALIZED
                  00000c08    00000008     DSP2833x_GlobalVariableDefs.obj (CpuTimer1RegsFile)

CpuTimer2RegsFile 
*          1    00000c10    00000008     UNINITIALIZED
                  00000c10    00000008     DSP2833x_GlobalVariableDefs.obj (CpuTimer2RegsFile)

PieCtrlRegsFile 
*          1    00000ce0    0000001a     UNINITIALIZED
                  00000ce0    0000001a     DSP2833x_GlobalVariableDefs.obj (PieCtrlRegsFile)

DmaRegsFile 
*          1    00001000    000000e0     UNINITIALIZED
                  00001000    000000e0     DSP2833x_GlobalVariableDefs.obj (DmaRegsFile)

McbspaRegsFile 
*          1    00005000    00000025     UNINITIALIZED
                  00005000    00000025     DSP2833x_GlobalVariableDefs.obj (McbspaRegsFile)

McbspbRegsFile 
*          1    00005040    00000025     UNINITIALIZED
                  00005040    00000025     DSP2833x_GlobalVariableDefs.obj (McbspbRegsFile)

ECanaRegsFile 
*          1    00006000    00000034     UNINITIALIZED
                  00006000    00000034     DSP2833x_GlobalVariableDefs.obj (ECanaRegsFile)

ECanaLAMRegsFile 
*          1    00006040    00000040     UNINITIALIZED
                  00006040    00000040     DSP2833x_GlobalVariableDefs.obj (ECanaLAMRegsFile)

ECanaMOTSRegsFile 
*          1    00006080    00000040     UNINITIALIZED
                  00006080    00000040     DSP2833x_GlobalVariableDefs.obj (ECanaMOTSRegsFile)

ECanaMOTORegsFile 
*          1    000060c0    00000040     UNINITIALIZED
                  000060c0    00000040     DSP2833x_GlobalVariableDefs.obj (ECanaMOTORegsFile)

ECanaMboxesFile 
*          1    00006100    00000100     UNINITIALIZED
                  00006100    00000100     DSP2833x_GlobalVariableDefs.obj (ECanaMboxesFile)

ECanbRegsFile 
*          1    00006200    00000034     UNINITIALIZED
                  00006200    00000034     DSP2833x_GlobalVariableDefs.obj (ECanbRegsFile)

ECanbLAMRegsFile 
*          1    00006240    00000040     UNINITIALIZED
                  00006240    00000040     DSP2833x_GlobalVariableDefs.obj (ECanbLAMRegsFile)

ECanbMOTSRegsFile 
*          1    00006280    00000040     UNINITIALIZED
                  00006280    00000040     DSP2833x_GlobalVariableDefs.obj (ECanbMOTSRegsFile)

ECanbMOTORegsFile 
*          1    000062c0    00000040     UNINITIALIZED
                  000062c0    00000040     DSP2833x_GlobalVariableDefs.obj (ECanbMOTORegsFile)

ECanbMboxesFile 
*          1    00006300    00000100     UNINITIALIZED
                  00006300    00000100     DSP2833x_GlobalVariableDefs.obj (ECanbMboxesFile)

EPwm1RegsFile 
*          1    00006800    00000022     UNINITIALIZED
                  00006800    00000022     DSP2833x_GlobalVariableDefs.obj (EPwm1RegsFile)

EPwm2RegsFile 
*          1    00006840    00000022     UNINITIALIZED
                  00006840    00000022     DSP2833x_GlobalVariableDefs.obj (EPwm2RegsFile)

EPwm3RegsFile 
*          1    00006880    00000022     UNINITIALIZED
                  00006880    00000022     DSP2833x_GlobalVariableDefs.obj (EPwm3RegsFile)

EPwm4RegsFile 
*          1    000068c0    00000022     UNINITIALIZED
                  000068c0    00000022     DSP2833x_GlobalVariableDefs.obj (EPwm4RegsFile)

EPwm5RegsFile 
*          1    00006900    00000022     UNINITIALIZED
                  00006900    00000022     DSP2833x_GlobalVariableDefs.obj (EPwm5RegsFile)

EPwm6RegsFile 
*          1    00006940    00000022     UNINITIALIZED
                  00006940    00000022     DSP2833x_GlobalVariableDefs.obj (EPwm6RegsFile)

ECap1RegsFile 
*          1    00006a00    00000020     UNINITIALIZED
                  00006a00    00000020     DSP2833x_GlobalVariableDefs.obj (ECap1RegsFile)

ECap2RegsFile 
*          1    00006a20    00000020     UNINITIALIZED
                  00006a20    00000020     DSP2833x_GlobalVariableDefs.obj (ECap2RegsFile)

ECap3RegsFile 
*          1    00006a40    00000020     UNINITIALIZED
                  00006a40    00000020     DSP2833x_GlobalVariableDefs.obj (ECap3RegsFile)

ECap4RegsFile 
*          1    00006a60    00000020     UNINITIALIZED
                  00006a60    00000020     DSP2833x_GlobalVariableDefs.obj (ECap4RegsFile)

ECap5RegsFile 
*          1    00006a80    00000020     UNINITIALIZED
                  00006a80    00000020     DSP2833x_GlobalVariableDefs.obj (ECap5RegsFile)

ECap6RegsFile 
*          1    00006aa0    00000020     UNINITIALIZED
                  00006aa0    00000020     DSP2833x_GlobalVariableDefs.obj (ECap6RegsFile)

EQep1RegsFile 
*          1    00006b00    00000040     UNINITIALIZED
                  00006b00    00000040     DSP2833x_GlobalVariableDefs.obj (EQep1RegsFile)

EQep2RegsFile 
*          1    00006b40    00000040     UNINITIALIZED
                  00006b40    00000040     DSP2833x_GlobalVariableDefs.obj (EQep2RegsFile)

GpioCtrlRegsFile 
*          1    00006f80    0000002e     UNINITIALIZED
                  00006f80    0000002e     DSP2833x_GlobalVariableDefs.obj (GpioCtrlRegsFile)

GpioDataRegsFile 
*          1    00006fc0    00000020     UNINITIALIZED
                  00006fc0    00000020     DSP2833x_GlobalVariableDefs.obj (GpioDataRegsFile)

GpioIntRegsFile 
*          1    00006fe0    0000000a     UNINITIALIZED
                  00006fe0    0000000a     DSP2833x_GlobalVariableDefs.obj (GpioIntRegsFile)

SysCtrlRegsFile 
*          1    00007010    00000020     UNINITIALIZED
                  00007010    00000020     DSP2833x_GlobalVariableDefs.obj (SysCtrlRegsFile)

SpiaRegsFile 
*          1    00007040    00000010     UNINITIALIZED
                  00007040    00000010     DSP2833x_GlobalVariableDefs.obj (SpiaRegsFile)

SciaRegsFile 
*          1    00007050    00000010     UNINITIALIZED
                  00007050    00000010     DSP2833x_GlobalVariableDefs.obj (SciaRegsFile)

XIntruptRegsFile 
*          1    00007070    00000010     UNINITIALIZED
                  00007070    00000010     DSP2833x_GlobalVariableDefs.obj (XIntruptRegsFile)

AdcRegsFile 
*          1    00007100    0000001e     UNINITIALIZED
                  00007100    0000001e     DSP2833x_GlobalVariableDefs.obj (AdcRegsFile)

ScibRegsFile 
*          1    00007750    00000010     UNINITIALIZED
                  00007750    00000010     DSP2833x_GlobalVariableDefs.obj (ScibRegsFile)

ScicRegsFile 
*          1    00007770    00000010     UNINITIALIZED
                  00007770    00000010     DSP2833x_GlobalVariableDefs.obj (ScicRegsFile)

I2caRegsFile 
*          1    00007900    00000022     UNINITIALIZED
                  00007900    00000022     DSP2833x_GlobalVariableDefs.obj (I2caRegsFile)

.cio       1    00008040    00000120     UNINITIALIZED
                  00008040    00000120     rts2800_fpu32.lib : trgmsg.obj (.cio)

CsmPwlFile 
*          1    0033fff8    00000008     UNINITIALIZED
                  0033fff8    00000008     DSP2833x_GlobalVariableDefs.obj (CsmPwlFile)

PartIdRegsFile 
*          1    00380090    00000001     UNINITIALIZED
                  00380090    00000001     DSP2833x_GlobalVariableDefs.obj (PartIdRegsFile)

.pinit     0    00300000    00000000     UNINITIALIZED

xdc.meta   0    00000000    000000ef     COPY SECTION
                  00000000    000000ef     app_p28FP.o28FP (xdc.meta)

xdc.noload 
*          0    00000000    00000000     COPY SECTION

MODULE SUMMARY

       Module                            code    ro data   rw data
       ------                            ----    -------   -------
    .\
       main.obj                          55      0         48     
    +--+---------------------------------+-------+---------+---------+
       Total:                            55      0         48     
                                                                  
    .\Common\
       DSP2833x_GlobalVariableDefs.obj   0       0         2423   
       DSP2833x_DefaultIsr.obj           790     0         0      
       DSP2833x_SysCtrl.obj              189     0         0      
       DSP2833x_CpuTimers.obj            79      0         8      
       DSP2833x_usDelay.obj              8       0         0      
       DSP2833x_ADC_cal.obj              7       0         0      
    +--+---------------------------------+-------+---------+---------+
       Total:                            1073    0         2431   
                                                                  
    .\EEL4511 Libraries\
       OneToOneI2CDriver.obj             135     0         1      
       EEL4511_ADC.obj                   90      0         0      
       EEL4511_LCD.obj                   75      0         0      
    +--+---------------------------------+-------+---------+---------+
       Total:                            300     0         1      
                                                                  
    C:\Users\Adrian\workspace_v6_2\Ocarina_Home_Automation\Debug\configPkg\package\cfg\
       app_p28FP.o28FP                   995     0         3366   
    +--+---------------------------------+-------+---------+---------+
       Total:                            995     0         3366   
                                                                  
    C:\Users\Adrian\workspace_v6_2\Ocarina_Home_Automation\src\sysbios\sysbios.a28FP
       BIOS.obj                          3916    0         28     
       c28_Hwi_disp_asm.obj              155     0         0      
       c28_TaskSupport_asm.obj           75      0         0      
       c28_Hwi_asm.obj                   55      0         0      
       c28_IntrinsicsSupport_asm.obj     6       0         0      
    +--+---------------------------------+-------+---------+---------+
       Total:                            4207    0         28     
                                                                  
    C:\ti\bios_6_45_01_29\packages\ti\catalog\c2800\init\lib\Boot.a28FP
       Boot.o28FP                        63      0         0      
    +--+---------------------------------+-------+---------+---------+
       Total:                            63      0         0      
                                                                  
    C:\ti\bios_6_45_01_29\packages\ti\targets\rts2800\lib\boot.a28FP
       boot_cg.o28FP                     99      0         0      
    +--+---------------------------------+-------+---------+---------+
       Total:                            99      0         0      
                                                                  
    C:\ti\bios_6_45_01_29\packages\ti\targets\rts2800\lib\ti.targets.rts2800.a28FP
       System.o28FP                      858     0         24     
       LoggerBuf.o28FP                   683     0         0      
       HeapStd.o28FP                     514     0         0      
       Text.o28FP                        356     0         67     
       Error.o28FP                       325     0         88     
       Core-mem.o28FP                    296     0         0      
       Startup.o28FP                     178     0         42     
       Core-smem.o28FP                   162     0         0      
       Memory.o28FP                      127     0         0      
       SysMin.o28FP                      126     0         0      
       Log.o28FP                         0       0         71     
       Core-params.o28FP                 66      0         0      
       Assert.o28FP                      50      0         5      
       Core-label.o28FP                  26      0         0      
       Registry.o28FP                    14      0         0      
       Gate.o28FP                        12      0         0      
       xdc_noinit.o28FP                  3       0         0      
    +--+---------------------------------+-------+---------+---------+
       Total:                            3796    0         297    
                                                                  
    C:\ti\ccsv6\tools\compiler\c2000_15.12.3.LTS\lib\rts2800_fpu32.lib
       trgdrv.obj                        636     0         8      
       trgmsg.obj                        148     0         288    
       ll_div.obj                        263     0         0      
       fs_div.obj                        136     0         0      
       cpy_tbl.obj                       70      0         0      
       exit.obj                          41      0         20     
       memcpy.obj                        30      0         0      
       cpy_utils.obj                     26      0         0      
       args_main.obj                     25      0         0      
       _lock.obj                         9       0         14     
       memset.obj                        12      0         0      
       strlen.obj                        8       0         0      
       strcpy.obj                        5       0         0      
    +--+---------------------------------+-------+---------+---------+
       Total:                            1409    0         330    
                                                                  
       Stack:                            0       0         256    
    +--+---------------------------------+-------+---------+---------+
       Grand Total:                      11997   0         6757   


GLOBAL DATA SYMBOLS: SORTED BY DATA PAGE

address     data page           name
--------    ----------------    ----
00000000       0 (00000000)     ___ISA__
00000000       0 (00000000)     _xdc_runtime_Error_Module__state__V
00000002       0 (00000000)     _ti_sysbios_knl_Task_Module_State_0_idleTask__A
00000004       0 (00000000)     ___xdc__init__addr
00000006       0 (00000000)     _xdc_runtime_Memory_Module__state__V
00000008       0 (00000000)     _xdc_runtime_HeapStd_Module__state__V
0000000a       0 (00000000)     _ti_sysbios_gates_GateHwi_Object__table__V
0000000c       0 (00000000)     _xdc_runtime_LoggerBuf_Module__state__V
00000010       0 (00000000)     _xdc_runtime_System_Module__state__V
00000013       0 (00000000)     ___TARG__
00000014       0 (00000000)     _ti_sysbios_knl_Task_Module__root__V
00000018       0 (00000000)     _xdc_runtime_HeapStd_Module__root__V
0000001c       0 (00000000)     _ti_sysbios_knl_Swi_Module__root__V
00000020       0 (00000000)     _xdc_runtime_Text_Module__state__V
00000024       0 (00000000)     _ti_sysbios_knl_Queue_Module__root__V
00000028       0 (00000000)     _ti_sysbios_knl_Semaphore_Module__root__V
0000002c       0 (00000000)     _ti_sysbios_family_c28_Timer_Module__root__V
00000030       0 (00000000)     _ti_sysbios_family_c28_TimestampProvider_Module__state__V
00000034       0 (00000000)     _xdc_runtime_Startup_Module__state__V
00000037       0 (00000000)     ___PLAT__
00000038       0 (00000000)     _xdc_runtime_LoggerBuf_Module__root__V
0000003c       0 (00000000)     _xdc_runtime_SysMin_Module__state__V

00000040       1 (00000040)     _ti_sysbios_knl_Clock_Module__root__V
00000044       1 (00000040)     _ti_sysbios_gates_GateHwi_Module__root__V
00000048       1 (00000040)     _ti_sysbios_family_c28_Hwi_Module__root__V
0000004c       1 (00000040)     _ti_sysbios_gates_GateMutex_Module__root__V
00000050       1 (00000040)     _ti_sysbios_hal_Hwi_Module__root__V
00000054       1 (00000040)     _xdc_runtime_Registry_Module__state__V
00000058       1 (00000040)     _xdc_runtime_HeapStd_Object__table__V
0000005d       1 (00000040)     ___TRDR__
0000005e       1 (00000040)     _xdc_runtime_System_Module_State_0_atexitHandlers__A
00000066       1 (00000040)     _ti_sysbios_family_c28_Timer_Module__state__V
0000006e       1 (00000040)     _ti_sysbios_knl_Swi_Module__state__V

00000080       2 (00000080)     _ti_sysbios_gates_GateMutex_Object__table__V
00000084       2 (00000080)     ___ASM__
0000008e       2 (00000080)     _ti_sysbios_family_c28_Hwi_Module__state__V
0000009e       2 (00000080)     _ti_sysbios_BIOS_Module__state__V

000000c0       3 (000000c0)     _xdc_runtime_LoggerBuf_Object__table__V
000000d2       3 (000000c0)     _ti_sysbios_knl_Swi_Object__table__V
000000e6       3 (000000c0)     _ti_sysbios_knl_Clock_Module__state__V

00000100       4 (00000100)     _ti_sysbios_knl_Task_Module__state__V
0000011e       4 (00000100)     _ti_sysbios_family_c28_Hwi_Object__table__V

00000140       5 (00000140)     _ti_sysbios_family_c28_Timer_Object__table__V

00000180       6 (00000180)     _ti_sysbios_knl_Swi_Module_State_0_readyQ__A

000001c0       7 (000001c0)     _ti_sysbios_knl_Task_Module_State_0_readyQ__A

00000200       8 (00000200)     _xdc_runtime_LoggerBuf_Instance_State_0_entryArr__A

00000240       9 (00000240)     _ti_sysbios_knl_Task_Object__table__V

000002c0       b (000002c0)     _xdc_runtime_SysMin_Module_State_0_outbuf__A

00000340       d (00000340)     _ti_sysbios_family_c28_Hwi_Module_State_0_dispatchTable__A

00000440      11 (00000440)     _ti_sysbios_knl_Task_Instance_State_0_stack__A

00000540      15 (00000540)     _ti_sysbios_knl_Task_Instance_State_1_stack__A

00000640      19 (00000640)     _CpuTimer0
00000650      19 (00000640)     ___TI_enable_exit_profile_output
00000652      19 (00000640)     ___TI_cleanup_ptr
00000654      19 (00000640)     ___TI_dtors_ptr
00000656      19 (00000640)     __lock
00000658      19 (00000640)     __unlock
0000065a      19 (00000640)     __stack

00000880      22 (00000880)     _DevEmuRegs

00000a80      2a (00000a80)     _FlashRegs

00000ae0      2b (00000ac0)     _CsmRegs

00000b00      2c (00000b00)     _AdcMirror
00000b20      2c (00000b00)     _XintfRegs

00000c00      30 (00000c00)     _CpuTimer0Regs
00000c08      30 (00000c00)     _CpuTimer1Regs
00000c10      30 (00000c00)     _CpuTimer2Regs

00000ce0      33 (00000cc0)     _PieCtrlRegs

00000d00      34 (00000d00)     _PieVectTable

00001000      40 (00001000)     _DmaRegs

00005000     140 (00005000)     _McbspaRegs

00005040     141 (00005040)     _McbspbRegs

00006000     180 (00006000)     _ECanaRegs

00006040     181 (00006040)     _ECanaLAMRegs

00006080     182 (00006080)     _ECanaMOTSRegs

000060c0     183 (000060c0)     _ECanaMOTORegs

00006100     184 (00006100)     _ECanaMboxes

00006200     188 (00006200)     _ECanbRegs

00006240     189 (00006240)     _ECanbLAMRegs

00006280     18a (00006280)     _ECanbMOTSRegs

000062c0     18b (000062c0)     _ECanbMOTORegs

00006300     18c (00006300)     _ECanbMboxes

00006800     1a0 (00006800)     _EPwm1Regs

00006840     1a1 (00006840)     _EPwm2Regs

00006880     1a2 (00006880)     _EPwm3Regs

000068c0     1a3 (000068c0)     _EPwm4Regs

00006900     1a4 (00006900)     _EPwm5Regs

00006940     1a5 (00006940)     _EPwm6Regs

00006a00     1a8 (00006a00)     _ECap1Regs
00006a20     1a8 (00006a00)     _ECap2Regs

00006a40     1a9 (00006a40)     _ECap3Regs
00006a60     1a9 (00006a40)     _ECap4Regs

00006a80     1aa (00006a80)     _ECap5Regs
00006aa0     1aa (00006a80)     _ECap6Regs

00006b00     1ac (00006b00)     _EQep1Regs

00006b40     1ad (00006b40)     _EQep2Regs

00006f80     1be (00006f80)     _GpioCtrlRegs

00006fc0     1bf (00006fc0)     _GpioDataRegs
00006fe0     1bf (00006fc0)     _GpioIntRegs

00007010     1c0 (00007000)     _SysCtrlRegs

00007040     1c1 (00007040)     _SpiaRegs
00007050     1c1 (00007040)     _SciaRegs
00007070     1c1 (00007040)     _XIntruptRegs

00007100     1c4 (00007100)     _AdcRegs

00007750     1dd (00007740)     _ScibRegs
00007770     1dd (00007740)     _ScicRegs

00007900     1e4 (00007900)     _I2caRegs

[...]
0     00303228  _ti_sysbios_knl_Semaphore_Object__DESC__C                        
0     00303238  _ti_sysbios_knl_Semaphore_Object__PARAMS__C                      
0     00303248  _xdc_runtime_HeapStd_Object__DESC__C                             
0     00303258  _xdc_runtime_LoggerBuf_Object__DESC__C                           
0     00303268  _xdc_runtime_HeapStd_Object__PARAMS__C                           
0     00303276  _ti_sysbios_gates_GateHwi_Object__PARAMS__C                      
0     00303282  _ti_sysbios_gates_GateMutex_Object__PARAMS__C                    
0     0030328e  _ti_sysbios_knl_Queue_Object__PARAMS__C                          
0     0030329a  _xdc_runtime_Startup_sfxnRts__A                                  
0     003032ab  _ti_sysbios_family_c28_TaskSupport_Module__id__C                 
0     003032b1  _ti_sysbios_family_c28_Timer_startupNeeded__C                    
0     003032b2  _ti_sysbios_knl_Idle_funcList__C                                 
0     003032b6  _xdc_runtime_Startup_firstFxns__C                                
0     003032ba  _xdc_runtime_Startup_lastFxns__C                                 
0     003032be  _ti_sysbios_family_c28_Hwi_A_badIntNum__C                        
0     003032c0  _ti_sysbios_family_c28_Hwi_A_invalidArg__C                       
0     003032c2  _ti_sysbios_family_c28_Hwi_E_unpluggedInterrupt__C               
0     003032c4  _ti_sysbios_family_c28_Hwi_Module__diagsEnabled__C               
0     003032c6  _ti_sysbios_family_c28_Hwi_Module__diagsIncluded__C              
0     003032c8  _ti_sysbios_family_c28_Hwi_Module__diagsMask__C                  
0     003032ca  _ti_sysbios_family_c28_TaskSupport_E_invalidStack__C             
0     003032cc  _ti_sysbios_family_c28_TimestampProvider_Module__diagsEnabled__C 
0     003032ce  _ti_sysbios_family_c28_TimestampProvider_Module__diagsIncluded__C
0     003032d0  _ti_sysbios_family_c28_TimestampProvider_Module__diagsMask__C    
0     003032d2  _ti_sysbios_gates_GateMutex_A_badContext__C                      
0     003032d4  _ti_sysbios_gates_GateMutex_Instance_State_sem__O                
0     003032d6  _ti_sysbios_gates_GateMutex_Module__diagsEnabled__C              
0     003032d8  _ti_sysbios_gates_GateMutex_Module__diagsIncluded__C             
0     003032da  _ti_sysbios_gates_GateMutex_Module__diagsMask__C                 
0     003032dc  _ti_sysbios_hal_Hwi_E_stackOverflow__C                           
0     003032de  _ti_sysbios_knl_Clock_Module_State_clockQ__O                     
0     003032e0  _ti_sysbios_knl_Idle_funcList__A                                 
0     003032e2  _ti_sysbios_knl_Semaphore_A_badContext__C                        
0     003032e4  _ti_sysbios_knl_Semaphore_A_noEvents__C                          
0     003032e6  _ti_sysbios_knl_Semaphore_A_overflow__C                          
0     003032e8  _ti_sysbios_knl_Semaphore_A_pendTaskDisabled__C                  
0     003032ea  _ti_sysbios_knl_Semaphore_Instance_State_pendQ__O                
0     003032ec  _ti_sysbios_knl_Semaphore_Module__diagsEnabled__C                
0     003032ee  _ti_sysbios_knl_Semaphore_Module__diagsIncluded__C               
0     003032f0  _ti_sysbios_knl_Semaphore_Module__diagsMask__C                   
0     003032f2  _ti_sysbios_knl_Task_A_badTimeout__C                             
0     003032f4  _ti_sysbios_knl_Task_A_sleepTaskDisabled__C                      
0     003032f6  _ti_sysbios_knl_Task_E_spOutOfBounds__C                          
0     003032f8  _ti_sysbios_knl_Task_E_stackOverflow__C                          
0     003032fa  _ti_sysbios_knl_Task_Module_State_inactiveQ__O                   
0     003032fc  _ti_sysbios_knl_Task_Module__diagsEnabled__C                     
0     003032fe  _ti_sysbios_knl_Task_Module__diagsIncluded__C                    
0     00303300  _ti_sysbios_knl_Task_Module__diagsMask__C                        
0     00303302  _ti_sysbios_knl_Task_allBlockedFunc__C                           
0     00303304  _xdc_runtime_Assert_E_assertFailed__C                            
0     00303306  _xdc_runtime_Core_A_initializedParams__C                         
0     00303308  _xdc_runtime_Core_Module__diagsEnabled__C                        
0     0030330a  _xdc_runtime_Core_Module__diagsIncluded__C                       
0     0030330c  _xdc_runtime_Core_Module__diagsMask__C                           
0     0030330e  _xdc_runtime_Error_E_memory__C                                   
0     00303310  _xdc_runtime_Error_Module__diagsEnabled__C                       
0     00303312  _xdc_runtime_Error_Module__diagsIncluded__C                      
0     00303314  _xdc_runtime_Error_Module__diagsMask__C                          
0     00303316  _xdc_runtime_Error_Module__loggerFxn8__C                         
0     00303318  _xdc_runtime_Error_Module__loggerObj__C                          
0     0030331a  _xdc_runtime_Error_policyFxn__C                                  
0     0030331c  _xdc_runtime_Error_raiseHook__C                                  
0     0030331e  _xdc_runtime_HeapStd_A_align__C                                  
0     00303320  _xdc_runtime_HeapStd_A_invalidTotalFreeSize__C                   
0     00303322  _xdc_runtime_HeapStd_A_zeroSize__C                               
0     00303324  _xdc_runtime_HeapStd_E_noRTSMemory__C                            
0     00303326  _xdc_runtime_HeapStd_Module__diagsEnabled__C                     
0     00303328  _xdc_runtime_HeapStd_Module__diagsIncluded__C                    
0     0030332a  _xdc_runtime_HeapStd_Module__diagsMask__C                        
0     0030332c  _xdc_runtime_IFilterLogger_Interface__BASE__C                    
0     0030332e  _xdc_runtime_IGateProvider_Interface__BASE__C                    
0     00303330  _xdc_runtime_IHeap_Interface__BASE__C                            
0     00303332  _xdc_runtime_ILogger_Interface__BASE__C                          
0     00303334  _xdc_runtime_IModule_Interface__BASE__C                          
0     00303336  _xdc_runtime_Log_L_error__C                                      
0     00303338  _xdc_runtime_LoggerBuf_E_badLevel__C                             
0     0030333a  _xdc_runtime_LoggerBuf_Module__gateObj__C                        
0     0030333c  _xdc_runtime_LoggerBuf_statusLogger__C                           
0     0030333e  _xdc_runtime_Memory_defaultHeapInstance__C                       
0     00303340  _xdc_runtime_Startup_execImpl__C                                 
0     00303342  _xdc_runtime_Startup_firstFxns__A                                
0     00303344  _xdc_runtime_Startup_lastFxns__A                                 
0     00303346  _xdc_runtime_Startup_sfxnRts__C                                  
0     00303348  _xdc_runtime_Startup_sfxnTab__C                                  
0     0030334a  _xdc_runtime_SysMin_bufSize__C                                   
0     0030334c  _xdc_runtime_SysMin_outputFunc__C                                
0     0030334e  _xdc_runtime_System_Module__gateObj__C                           
0     00303350  _xdc_runtime_System_abortFxn__C                                  
0     00303352  _xdc_runtime_System_exitFxn__C                                   
0     00303354  _xdc_runtime_System_extendFxn__C                                 
0     00303356  _xdc_runtime_Text_charTab__C                                     
0     00303358  _xdc_runtime_Text_nameEmpty__C                                   
0     0030335a  _xdc_runtime_Text_nameStatic__C                                  
0     0030335c  _xdc_runtime_Text_nameUnknown__C                                 
0     0030335e  _xdc_runtime_Text_nodeTab__A                                     
0     00303360  _xdc_runtime_Text_visitRopeFxn__C                                
0     00303362  _ti_sysbios_family_c28_TimestampProvider_Module__id__C           
0     00303363  _ti_sysbios_family_c28_TimestampProvider_useClockTimer__C        
0     00303364  _ti_sysbios_gates_GateMutex_Module__id__C                        
0     00303365  _ti_sysbios_hal_Hwi_Module__id__C                                
0     00303366  _ti_sysbios_knl_Semaphore_Module__id__C                          
0     00303367  _ti_sysbios_knl_Swi_Object__count__C                             
0     00303368  _ti_sysbios_knl_Task_Module__id__C                               
0     00303369  _ti_sysbios_knl_Task_Object__count__C                            
0     0030336a  _ti_sysbios_knl_Task_numConstructedTasks__C                      
0     0030336b  _xdc_runtime_Core_Module__id__C                                  
0     0030336c  _xdc_runtime_Error_Module__loggerDefined__C                      
0     0030336d  _xdc_runtime_Error_maxDepth__C                                   
0     0030336e  _xdc_runtime_Error_policy__C                                     
0     0030336f  _xdc_runtime_HeapStd_Module__id__C                               
0     00303370  _xdc_runtime_LoggerBuf_Module__id__C                             
0     00303371  _xdc_runtime_LoggerBuf_Object__count__C                          
0     00303372  _xdc_runtime_LoggerBuf_filterByLevel__C                          
0     00303373  _xdc_runtime_Memory_Module__id__C                                
0     00303374  _xdc_runtime_Startup_maxPasses__C                                
0     00303375  _xdc_runtime_SysMin_flushAtExit__C                               
0     00303376  _xdc_runtime_System_maxAtexitHandlers__C                         
0     00303377  _xdc_runtime_Text_charCnt__C                                     
0     00303378  _xdc_runtime_Text_charTab__A                                     
0     00303379  _xdc_runtime_Text_isLoaded__C                                    
0     0030337a  _xdc_runtime_Text_registryModsLastId__C                          
0     0030337b  _xdc_runtime_Text_unnamedModsLastId__C                           
0     0030337c  ___cinit__                                                       
0     0030337c  cinit                                                            
0     00303728  _RamfuncsLoadStart                                               
0     0030372c  _RamfuncsLoadEnd                                                 
0     00380080  _ADC_cal                                                         
1     00000000  _xdc_runtime_Error_Module__state__V                              
1     00000002  _ti_sysbios_knl_Task_Module_State_0_idleTask__A                  
1     00000004  ___xdc__init__addr                                               
1     00000006  _xdc_runtime_Memory_Module__state__V                             
1     00000008  _xdc_runtime_HeapStd_Module__state__V                            
1     0000000a  _ti_sysbios_gates_GateHwi_Object__table__V                       
1     0000000c  _xdc_runtime_LoggerBuf_Module__state__V                          
1     00000010  _xdc_runtime_System_Module__state__V                             
1     00000014  _ti_sysbios_knl_Task_Module__root__V                             
1     00000018  _xdc_runtime_HeapStd_Module__root__V                             
1     0000001c  _ti_sysbios_knl_Swi_Module__root__V                              
1     00000020  _xdc_runtime_Text_Module__state__V                               
1     00000024  _ti_sysbios_knl_Queue_Module__root__V                            
1     00000028  _ti_sysbios_knl_Semaphore_Module__root__V                        
1     0000002c  _ti_sysbios_family_c28_Timer_Module__root__V                     
1     00000030  _ti_sysbios_family_c28_TimestampProvider_Module__state__V        
1     00000034  _xdc_runtime_Startup_Module__state__V                            
1     00000038  _xdc_runtime_LoggerBuf_Module__root__V                           
1     0000003c  _xdc_runtime_SysMin_Module__state__V                             
1     00000040  _ti_sysbios_knl_Clock_Module__root__V                            
1     00000044  _ti_sysbios_gates_GateHwi_Module__root__V                        
1     00000048  _ti_sysbios_family_c28_Hwi_Module__root__V                       
1     0000004c  _ti_sysbios_gates_GateMutex_Module__root__V                      
1     00000050  _ti_sysbios_hal_Hwi_Module__root__V                              
1     00000054  _xdc_runtime_Registry_Module__state__V                           
1     00000058  _xdc_runtime_HeapStd_Object__table__V                            
1     0000005e  _xdc_runtime_System_Module_State_0_atexitHandlers__A             
1     00000066  _ti_sysbios_family_c28_Timer_Module__state__V                    
1     0000006e  _ti_sysbios_knl_Swi_Module__state__V                             
1     00000080  _ti_sysbios_gates_GateMutex_Object__table__V                     
1     0000008e  _ti_sysbios_family_c28_Hwi_Module__state__V                      
1     0000009e  _ti_sysbios_BIOS_Module__state__V                                
1     000000c0  _xdc_runtime_LoggerBuf_Object__table__V                          
1     000000d2  _ti_sysbios_knl_Swi_Object__table__V                             
1     000000e6  _ti_sysbios_knl_Clock_Module__state__V                           
1     00000100  _ti_sysbios_knl_Task_Module__state__V                            
1     0000011e  _ti_sysbios_family_c28_Hwi_Object__table__V                      
1     00000140  _ti_sysbios_family_c28_Timer_Object__table__V                    
1     00000180  _ti_sysbios_knl_Swi_Module_State_0_readyQ__A                     
1     000001c0  _ti_sysbios_knl_Task_Module_State_0_readyQ__A                    
1     00000200  _xdc_runtime_LoggerBuf_Instance_State_0_entryArr__A              
1     00000240  _ti_sysbios_knl_Task_Object__table__V                            
1     000002c0  _xdc_runtime_SysMin_Module_State_0_outbuf__A                     
1     00000340  _ti_sysbios_family_c28_Hwi_Module_State_0_dispatchTable__A       
1     00000440  _ti_sysbios_knl_Task_Instance_State_0_stack__A                   
1     00000540  _ti_sysbios_knl_Task_Instance_State_1_stack__A                   
1     00000640  _CpuTimer0                                                       
1     00000650  ___TI_enable_exit_profile_output                                 
1     00000652  ___TI_cleanup_ptr                                                
1     00000654  ___TI_dtors_ptr                                                  
1     00000656  __lock                                                           
1     00000658  __unlock                                                         
1     0000065a  __stack                                                          
1     0000075a  __STACK_END                                                      
1     00000880  _DevEmuRegs                                                      
1     00000a80  _FlashRegs                                                       
1     00000ae0  _CsmRegs                                                         
1     00000b00  _AdcMirror                                                       
1     00000b20  _XintfRegs                                                       
1     00000c00  _CpuTimer0Regs                                                   
1     00000c08  _CpuTimer1Regs                                                   
1     00000c10  _CpuTimer2Regs                                                   
1     00000ce0  _PieCtrlRegs                                                     
1     00001000  _DmaRegs                                                         
1     00005000  _McbspaRegs                                                      
1     00005040  _McbspbRegs                                                      
1     00006000  _ECanaRegs                                                       
1     00006040  _ECanaLAMRegs                                                    
1     00006080  _ECanaMOTSRegs                                                   
1     000060c0  _ECanaMOTORegs                                                   
1     00006100  _ECanaMboxes                                                     
1     00006200  _ECanbRegs                                                       
1     00006240  _ECanbLAMRegs                                                    
1     00006280  _ECanbMOTSRegs                                                   
1     000062c0  _ECanbMOTORegs                                                   
1     00006300  _ECanbMboxes                                                     
1     00006800  _EPwm1Regs                                                       
1     00006840  _EPwm2Regs                                                       
1     00006880  _EPwm3Regs                                                       
1     000068c0  _EPwm4Regs                                                       
1     00006900  _EPwm5Regs                                                       
1     00006940  _EPwm6Regs                                                       
1     00006a00  _ECap1Regs                                                       
1     00006a20  _ECap2Regs                                                       
1     00006a40  _ECap3Regs                                                       
1     00006a60  _ECap4Regs                                                       
1     00006a80  _ECap5Regs                                                       
1     00006aa0  _ECap6Regs                                                       
1     00006b00  _EQep1Regs                                                       
1     00006b40  _EQep2Regs                                                       
1     00006f80  _GpioCtrlRegs                                                    
1     00006fc0  _GpioDataRegs                                                    
1     00006fe0  _GpioIntRegs                                                     
1     00007010  _SysCtrlRegs                                                     
1     00007040  _SpiaRegs                                                        
1     00007050  _SciaRegs                                                        
1     00007070  _XIntruptRegs                                                    
1     00007100  _AdcRegs                                                         
1     00007750  _ScibRegs                                                        
1     00007770  _ScicRegs                                                        
1     00007900  _I2caRegs                                                        
1     00008040  __CIOBUF_                                                        
1     0033fff8  _CsmPwl                                                          
1     00380090  _PartIdRegs                                                      
abs   00000001  _xdc_runtime_Startup__EXECFXN__C                                 
abs   00000001  _xdc_runtime_Startup__RESETFXN__C                                
abs   00000004  _RamfuncsLoadSize                                                
abs   00000100  __STACK_SIZE                                                     
abs   ffffffff  ___TI_pprof_out_hndl                                             
abs   ffffffff  ___TI_prof_data_size                                             
abs   ffffffff  ___TI_prof_data_start                                            
abs   ffffffff  ___binit__                                                       
abs   ffffffff  ___c_args__                                                      
abs   ffffffff  ___pinit__                                                       
abs   ffffffff  binit                                                            
abs   ffffffff  pinit                                                            

[656 symbols]
