<?xml version="1.0"?>
<link_info>
   <banner>TMS320C2000 Linker PC v15.12.3.LTS</banner>
   <copyright>Copyright (c) 1996-2015 Texas Instruments Incorporated</copyright>
   <link_time>0x59a84e2b</link_time>
   <link_errors>0x0</link_errors>
   <output_file>Ocarina_Home_Automation.out</output_file>
   <entry_point>
      <name>_c_int00</name>
      <address>0x3016b3</address>
   </entry_point>
   <input_file_list>
      <input_file id="fl-2">
         <path>.\</path>
         <kind>object</kind>
         <file>main.obj</file>
         <name>main.obj</name>
      </input_file>
      <input_file id="fl-3">
         <path>.\Common\</path>
         <kind>object</kind>
         <file>DSP2833x_ADC_cal.obj</file>
         <name>DSP2833x_ADC_cal.obj</name>
      </input_file>
      <input_file id="fl-4">
         <path>.\Common\</path>
         <kind>object</kind>
         <file>DSP2833x_Adc.obj</file>
         <name>DSP2833x_Adc.obj</name>
      </input_file>
      <input_file id="fl-5">
         <path>.\Common\</path>
         <kind>object</kind>
         <file>DSP2833x_CpuTimers.obj</file>
         <name>DSP2833x_CpuTimers.obj</name>
      </input_file>
      <input_file id="fl-6">
         <path>.\Common\</path>
         <kind>object</kind>
         <file>DSP2833x_DMA.obj</file>
         <name>DSP2833x_DMA.obj</name>
      </input_file>
      <input_file id="fl-7">
         <path>.\Common\</path>
         <kind>object</kind>
         <file>DSP2833x_DefaultIsr.obj</file>
         <name>DSP2833x_DefaultIsr.obj</name>
      </input_file>
      <input_file id="fl-8">
         <path>.\Common\</path>
         <kind>object</kind>
         <file>DSP2833x_EPwm.obj</file>
         <name>DSP2833x_EPwm.obj</name>
      </input_file>
      <input_file id="fl-9">
         <path>.\Common\</path>
         <kind>object</kind>
         <file>DSP2833x_GlobalVariableDefs.obj</file>
         <name>DSP2833x_GlobalVariableDefs.obj</name>
      </input_file>
      <input_file id="fl-a">
         <path>.\Common\</path>
         <kind>object</kind>
         <file>DSP2833x_Gpio.obj</file>
         <name>DSP2833x_Gpio.obj</name>
      </input_file>
      <input_file id="fl-b">
         <path>.\Common\</path>
         <kind>object</kind>
         <file>DSP2833x_I2C.obj</file>
         <name>DSP2833x_I2C.obj</name>
      </input_file>
      <input_file id="fl-c">
         <path>.\Common\</path>
         <kind>object</kind>
         <file>DSP2833x_Mcbsp.obj</file>
         <name>DSP2833x_Mcbsp.obj</name>
      </input_file>
      <input_file id="fl-d">
         <path>.\Common\</path>
         <kind>object</kind>
         <file>DSP2833x_MemCopy.obj</file>
         <name>DSP2833x_MemCopy.obj</name>
      </input_file>
      <input_file id="fl-e">
         <path>.\Common\</path>
         <kind>object</kind>
         <file>DSP2833x_Sci.obj</file>
         <name>DSP2833x_Sci.obj</name>
      </input_file>
      <input_file id="fl-f">
         <path>.\Common\</path>
         <kind>object</kind>
         <file>DSP2833x_Spi.obj</file>
         <name>DSP2833x_Spi.obj</name>
      </input_file>
      <input_file id="fl-10">
         <path>.\Common\</path>
         <kind>object</kind>
         <file>DSP2833x_SysCtrl.obj</file>
         <name>DSP2833x_SysCtrl.obj</name>
      </input_file>
      <input_file id="fl-11">
         <path>.\Common\</path>
         <kind>object</kind>
         <file>DSP2833x_Xintf.obj</file>
         <name>DSP2833x_Xintf.obj</name>
      </input_file>
      <input_file id="fl-12">
         <path>.\Common\</path>
         <kind>object</kind>
         <file>DSP2833x_usDelay.obj</file>
         <name>DSP2833x_usDelay.obj</name>
      </input_file>
      <input_file id="fl-13">
         <path>.\EEL4511 Libraries\</path>
         <kind>object</kind>
         <file>EEL4511_ADC.obj</file>
         <name>EEL4511_ADC.obj</name>
      </input_file>
      <input_file id="fl-14">
         <path>.\EEL4511 Libraries\</path>
         <kind>object</kind>
         <file>EEL4511_CircBuff.obj</file>
         <name>EEL4511_CircBuff.obj</name>
      </input_file>
      <input_file id="fl-15">
         <path>.\EEL4511 Libraries\</path>
         <kind>object</kind>
         <file>EEL4511_DAC.obj</file>
         <name>EEL4511_DAC.obj</name>
      </input_file>
      <input_file id="fl-16">
         <path>.\EEL4511 Libraries\</path>
         <kind>object</kind>
         <file>EEL4511_GPIO.obj</file>
         <name>EEL4511_GPIO.obj</name>
      </input_file>
      <input_file id="fl-17">
         <path>.\EEL4511 Libraries\</path>
         <kind>object</kind>
         <file>EEL4511_LCD.obj</file>
         <name>EEL4511_LCD.obj</name>
      </input_file>
      <input_file id="fl-18">
         <path>.\EEL4511 Libraries\</path>
         <kind>object</kind>
         <file>EEL4511_MISC.obj</file>
         <name>EEL4511_MISC.obj</name>
      </input_file>
      <input_file id="fl-19">
         <path>.\EEL4511 Libraries\</path>
         <kind>object</kind>
         <file>EEL4511_SRAM.obj</file>
         <name>EEL4511_SRAM.obj</name>
      </input_file>
      <input_file id="fl-1a">
         <path>.\EEL4511 Libraries\</path>
         <kind>object</kind>
         <file>OneToOneI2CDriver.obj</file>
         <name>OneToOneI2CDriver.obj</name>
      </input_file>
      <input_file id="fl-1e">
         <path>C:\Users\Adrian\workspace_v6_2\Ocarina_Home_Automation\Debug\configPkg\package\cfg\</path>
         <kind>object</kind>
         <file>app_p28FP.o28FP</file>
         <name>app_p28FP.o28FP</name>
      </input_file>
      <input_file id="fl-26">
         <path>C:\Users\Adrian\workspace_v6_2\Ocarina_Home_Automation\src\sysbios\</path>
         <kind>archive</kind>
         <file>sysbios.a28FP</file>
         <name>BIOS.obj</name>
      </input_file>
      <input_file id="fl-27">
         <path>C:\Users\Adrian\workspace_v6_2\Ocarina_Home_Automation\src\sysbios\</path>
         <kind>archive</kind>
         <file>sysbios.a28FP</file>
         <name>c28_Hwi_asm.obj</name>
      </input_file>
      <input_file id="fl-28">
         <path>C:\Users\Adrian\workspace_v6_2\Ocarina_Home_Automation\src\sysbios\</path>
         <kind>archive</kind>
         <file>sysbios.a28FP</file>
         <name>c28_Hwi_disp_asm.obj</name>
      </input_file>
      <input_file id="fl-29">
         <path>C:\Users\Adrian\workspace_v6_2\Ocarina_Home_Automation\src\sysbios\</path>
         <kind>archive</kind>
         <file>sysbios.a28FP</file>
         <name>c28_IntrinsicsSupport_asm.obj</name>
      </input_file>
      <input_file id="fl-2a">
         <path>C:\Users\Adrian\workspace_v6_2\Ocarina_Home_Automation\src\sysbios\</path>
         <kind>archive</kind>
         <file>sysbios.a28FP</file>
         <name>c28_TaskSupport_asm.obj</name>
      </input_file>
      <input_file id="fl-2b">
         <path>C:\ti\bios_6_45_01_29\packages\ti\catalog\c2800\init\lib\</path>
         <kind>archive</kind>
         <file>Boot.a28FP</file>
         <name>Boot.o28FP</name>
      </input_file>
      <input_file id="fl-2c">
         <path>C:\ti\bios_6_45_01_29\packages\ti\targets\rts2800\lib\</path>
         <kind>archive</kind>
         <file>ti.targets.rts2800.a28FP</file>
         <name>Assert.o28FP</name>
      </input_file>
      <input_file id="fl-2d">
         <path>C:\ti\bios_6_45_01_29\packages\ti\targets\rts2800\lib\</path>
         <kind>archive</kind>
         <file>ti.targets.rts2800.a28FP</file>
         <name>Core-mem.o28FP</name>
      </input_file>
      <input_file id="fl-2e">
         <path>C:\ti\bios_6_45_01_29\packages\ti\targets\rts2800\lib\</path>
         <kind>archive</kind>
         <file>ti.targets.rts2800.a28FP</file>
         <name>Core-smem.o28FP</name>
      </input_file>
      <input_file id="fl-2f">
         <path>C:\ti\bios_6_45_01_29\packages\ti\targets\rts2800\lib\</path>
         <kind>archive</kind>
         <file>ti.targets.rts2800.a28FP</file>
         <name>Core-label.o28FP</name>
      </input_file>
      <input_file id="fl-30">
         <path>C:\ti\bios_6_45_01_29\packages\ti\targets\rts2800\lib\</path>
         <kind>archive</kind>
         <file>ti.targets.rts2800.a28FP</file>
         <name>Core-params.o28FP</name>
      </input_file>
      <input_file id="fl-31">
         <path>C:\ti\bios_6_45_01_29\packages\ti\targets\rts2800\lib\</path>
         <kind>archive</kind>
         <file>ti.targets.rts2800.a28FP</file>
         <name>Error.o28FP</name>
      </input_file>
      <input_file id="fl-32">
         <path>C:\ti\bios_6_45_01_29\packages\ti\targets\rts2800\lib\</path>
         <kind>archive</kind>
         <file>ti.targets.rts2800.a28FP</file>
         <name>Gate.o28FP</name>
      </input_file>
      <input_file id="fl-33">
         <path>C:\ti\bios_6_45_01_29\packages\ti\targets\rts2800\lib\</path>
         <kind>archive</kind>
         <file>ti.targets.rts2800.a28FP</file>
         <name>HeapStd.o28FP</name>
      </input_file>
      <input_file id="fl-34">
         <path>C:\ti\bios_6_45_01_29\packages\ti\targets\rts2800\lib\</path>
         <kind>archive</kind>
         <file>ti.targets.rts2800.a28FP</file>
         <name>LoggerBuf.o28FP</name>
      </input_file>
      <input_file id="fl-35">
         <path>C:\ti\bios_6_45_01_29\packages\ti\targets\rts2800\lib\</path>
         <kind>archive</kind>
         <file>ti.targets.rts2800.a28FP</file>
         <name>Memory.o28FP</name>
      </input_file>
      <input_file id="fl-36">
         <path>C:\ti\bios_6_45_01_29\packages\ti\targets\rts2800\lib\</path>
         <kind>archive</kind>
         <file>ti.targets.rts2800.a28FP</file>
         <name>Startup.o28FP</name>
      </input_file>
      <input_file id="fl-37">
         <path>C:\ti\bios_6_45_01_29\packages\ti\targets\rts2800\lib\</path>
         <kind>archive</kind>
         <file>ti.targets.rts2800.a28FP</file>
         <name>System.o28FP</name>
      </input_file>
      <input_file id="fl-38">
         <path>C:\ti\bios_6_45_01_29\packages\ti\targets\rts2800\lib\</path>
         <kind>archive</kind>
         <file>ti.targets.rts2800.a28FP</file>
         <name>SysMin.o28FP</name>
      </input_file>
      <input_file id="fl-39">
         <path>C:\ti\bios_6_45_01_29\packages\ti\targets\rts2800\lib\</path>
         <kind>archive</kind>
         <file>ti.targets.rts2800.a28FP</file>
         <name>Text.o28FP</name>
      </input_file>
      <input_file id="fl-3a">
         <path>C:\ti\bios_6_45_01_29\packages\ti\targets\rts2800\lib\</path>
         <kind>archive</kind>
         <file>ti.targets.rts2800.a28FP</file>
         <name>xdc_noinit.o28FP</name>
      </input_file>
      <input_file id="fl-3b">
         <path>C:\ti\bios_6_45_01_29\packages\ti\targets\rts2800\lib\</path>
         <kind>archive</kind>
         <file>ti.targets.rts2800.a28FP</file>
         <name>Log.o28FP</name>
      </input_file>
      <input_file id="fl-3c">
         <path>C:\ti\bios_6_45_01_29\packages\ti\targets\rts2800\lib\</path>
         <kind>archive</kind>
         <file>ti.targets.rts2800.a28FP</file>
         <name>Registry.o28FP</name>
      </input_file>
      <input_file id="fl-3d">
         <path>C:\ti\bios_6_45_01_29\packages\ti\targets\rts2800\lib\</path>
         <kind>archive</kind>
         <file>boot.a28FP</file>
         <name>boot_cg.o28FP</name>
      </input_file>
      <input_file id="fl-43">
         <path>C:\ti\ccsv6\tools\compiler\c2000_15.12.3.LTS\lib\</path>
         <kind>archive</kind>
         <file>rts2800_fpu32.lib</file>
         <name>_lock.obj</name>
      </input_file>
      <input_file id="fl-44">
         <path>C:\ti\ccsv6\tools\compiler\c2000_15.12.3.LTS\lib\</path>
         <kind>archive</kind>
         <file>rts2800_fpu32.lib</file>
         <name>args_main.obj</name>
      </input_file>
      <input_file id="fl-45">
         <path>C:\ti\ccsv6\tools\compiler\c2000_15.12.3.LTS\lib\</path>
         <kind>archive</kind>
         <file>rts2800_fpu32.lib</file>
         <name>cpy_tbl.obj</name>
      </input_file>
      <input_file id="fl-46">
         <path>C:\ti\ccsv6\tools\compiler\c2000_15.12.3.LTS\lib\</path>
         <kind>archive</kind>
         <file>rts2800_fpu32.lib</file>
         <name>cpy_utils.obj</name>
      </input_file>
      <input_file id="fl-47">
         <path>C:\ti\ccsv6\tools\compiler\c2000_15.12.3.LTS\lib\</path>
         <kind>archive</kind>
         <file>rts2800_fpu32.lib</file>
         <name>exit.obj</name>
      </input_file>
      <input_file id="fl-48">
         <path>C:\ti\ccsv6\tools\compiler\c2000_15.12.3.LTS\lib\</path>
         <kind>archive</kind>
         <file>rts2800_fpu32.lib</file>
         <name>fs_div.obj</name>
      </input_file>
      <input_file id="fl-49">
         <path>C:\ti\ccsv6\tools\compiler\c2000_15.12.3.LTS\lib\</path>
         <kind>archive</kind>
         <file>rts2800_fpu32.lib</file>
         <name>ll_div.obj</name>
      </input_file>
      <input_file id="fl-4a">
         <path>C:\ti\ccsv6\tools\compiler\c2000_15.12.3.LTS\lib\</path>
         <kind>archive</kind>
         <file>rts2800_fpu32.lib</file>
         <name>memcpy.obj</name>
      </input_file>
      <input_file id="fl-4b">
         <path>C:\ti\ccsv6\tools\compiler\c2000_15.12.3.LTS\lib\</path>
         <kind>archive</kind>
         <file>rts2800_fpu32.lib</file>
         <name>memset.obj</name>
      </input_file>
      <input_file id="fl-4c">
         <path>C:\ti\ccsv6\tools\compiler\c2000_15.12.3.LTS\lib\</path>
         <kind>archive</kind>
         <file>rts2800_fpu32.lib</file>
         <name>strcmp.obj</name>
      </input_file>
      <input_file id="fl-4d">
         <path>C:\ti\ccsv6\tools\compiler\c2000_15.12.3.LTS\lib\</path>
         <kind>archive</kind>
         <file>rts2800_fpu32.lib</file>
         <name>strlen.obj</name>
      </input_file>
      <input_file id="fl-4e">
         <path>C:\ti\ccsv6\tools\compiler\c2000_15.12.3.LTS\lib\</path>
         <kind>archive</kind>
         <file>rts2800_fpu32.lib</file>
         <name>trgdrv.obj</name>
      </input_file>
      <input_file id="fl-4f">
         <path>C:\ti\ccsv6\tools\compiler\c2000_15.12.3.LTS\lib\</path>
         <kind>archive</kind>
         <file>rts2800_fpu32.lib</file>
         <name>trgmsg.obj</name>
      </input_file>
      <input_file id="fl-50">
         <path>C:\ti\ccsv6\tools\compiler\c2000_15.12.3.LTS\lib\</path>
         <kind>archive</kind>
         <file>rts2800_fpu32.lib</file>
         <name>strcpy.obj</name>
      </input_file>
   </input_file_list>
   <object_component_list>
      <object_component id="oc-f0">
         <name>PieVectTableFile</name>
         <uninitialized>true</uninitialized>
         <run_address>0xd00</run_address>
         <size>0x100</size>
         <input_file_ref idref="fl-9"/>
      </object_component>
      <object_component id="oc-ec">
         <name>DevEmuRegsFile</name>
         <uninitialized>true</uninitialized>
         <run_address>0x880</run_address>
         <size>0xd0</size>
         <input_file_ref idref="fl-9"/>
      </object_component>
      <object_component id="oc-c2">
         <name>FlashRegsFile</name>
         <uninitialized>true</uninitialized>
         <run_address>0xa80</run_address>
         <size>0x8</size>
         <input_file_ref idref="fl-9"/>
      </object_component>
      <object_component id="oc-ca">
         <name>CsmRegsFile</name>
         <uninitialized>true</uninitialized>
         <run_address>0xae0</run_address>
         <size>0x10</size>
         <input_file_ref idref="fl-9"/>
      </object_component>
      <object_component id="oc-cb">
         <name>AdcMirrorFile</name>
         <uninitialized>true</uninitialized>
         <run_address>0xb00</run_address>
         <size>0x10</size>
         <input_file_ref idref="fl-9"/>
      </object_component>
      <object_component id="oc-cf">
         <name>XintfRegsFile</name>
         <uninitialized>true</uninitialized>
         <run_address>0xb20</run_address>
         <size>0x1e</size>
         <input_file_ref idref="fl-9"/>
      </object_component>
      <object_component id="oc-c3">
         <name>CpuTimer0RegsFile</name>
         <uninitialized>true</uninitialized>
         <run_address>0xc00</run_address>
         <size>0x8</size>
         <input_file_ref idref="fl-9"/>
      </object_component>
      <object_component id="oc-c4">
         <name>CpuTimer1RegsFile</name>
         <uninitialized>true</uninitialized>
         <run_address>0xc08</run_address>
         <size>0x8</size>
         <input_file_ref idref="fl-9"/>
      </object_component>
      <object_component id="oc-c0">
         <name>CpuTimer2RegsFile</name>
         <uninitialized>true</uninitialized>
         <run_address>0xc10</run_address>
         <size>0x8</size>
         <input_file_ref idref="fl-9"/>
      </object_component>
      <object_component id="oc-cd">
         <name>PieCtrlRegsFile</name>
         <uninitialized>true</uninitialized>
         <run_address>0xce0</run_address>
         <size>0x1a</size>
         <input_file_ref idref="fl-9"/>
      </object_component>
      <object_component id="oc-ed">
         <name>DmaRegsFile</name>
         <uninitialized>true</uninitialized>
         <run_address>0x1000</run_address>
         <size>0xe0</size>
         <input_file_ref idref="fl-9"/>
      </object_component>
      <object_component id="oc-e0">
         <name>McbspaRegsFile</name>
         <uninitialized>true</uninitialized>
         <run_address>0x5000</run_address>
         <size>0x25</size>
         <input_file_ref idref="fl-9"/>
      </object_component>
      <object_component id="oc-df">
         <name>McbspbRegsFile</name>
         <uninitialized>true</uninitialized>
         <run_address>0x5040</run_address>
         <size>0x25</size>
         <input_file_ref idref="fl-9"/>
      </object_component>
      <object_component id="oc-e2">
         <name>ECanaRegsFile</name>
         <uninitialized>true</uninitialized>
         <run_address>0x6000</run_address>
         <size>0x34</size>
         <input_file_ref idref="fl-9"/>
      </object_component>
      <object_component id="oc-e6">
         <name>ECanaLAMRegsFile</name>
         <uninitialized>true</uninitialized>
         <run_address>0x6040</run_address>
         <size>0x40</size>
         <input_file_ref idref="fl-9"/>
      </object_component>
      <object_component id="oc-ef">
         <name>ECanaMboxesFile</name>
         <uninitialized>true</uninitialized>
         <run_address>0x6100</run_address>
         <size>0x100</size>
         <input_file_ref idref="fl-9"/>
      </object_component>
      <object_component id="oc-e7">
         <name>ECanaMOTSRegsFile</name>
         <uninitialized>true</uninitialized>
         <run_address>0x6080</run_address>
         <size>0x40</size>
         <input_file_ref idref="fl-9"/>
      </object_component>
      <object_component id="oc-e4">
         <name>ECanaMOTORegsFile</name>
         <uninitialized>true</uninitialized>
         <run_address>0x60c0</run_address>
         <size>0x40</size>
         <input_file_ref idref="fl-9"/>
      </object_component>
      <object_component id="oc-e3">
         <name>ECanbRegsFile</name>
         <uninitialized>true</uninitialized>
         <run_address>0x6200</run_address>
         <size>0x34</size>
         <input_file_ref idref="fl-9"/>
      </object_component>
      <object_component id="oc-eb">
         <name>ECanbLAMRegsFile</name>
         <uninitialized>true</uninitialized>
         <run_address>0x6240</run_address>
         <size>0x40</size>
         <input_file_ref idref="fl-9"/>
      </object_component>
      <object_component id="oc-ee">
         <name>ECanbMboxesFile</name>
         <uninitialized>true</uninitialized>
         <run_address>0x6300</run_address>
         <size>0x100</size>
         <input_file_ref idref="fl-9"/>
      </object_component>
      <object_component id="oc-e5">
         <name>ECanbMOTSRegsFile</name>
         <uninitialized>true</uninitialized>
         <run_address>0x6280</run_address>
         <size>0x40</size>
         <input_file_ref idref="fl-9"/>
      </object_component>
      <object_component id="oc-e8">
         <name>ECanbMOTORegsFile</name>
         <uninitialized>true</uninitialized>
         <run_address>0x62c0</run_address>
         <size>0x40</size>
         <input_file_ref idref="fl-9"/>
      </object_component>
      <object_component id="oc-dd">
         <name>EPwm1RegsFile</name>
         <uninitialized>true</uninitialized>
         <run_address>0x6800</run_address>
         <size>0x22</size>
         <input_file_ref idref="fl-9"/>
      </object_component>
      <object_component id="oc-d8">
         <name>EPwm2RegsFile</name>
         <uninitialized>true</uninitialized>
         <run_address>0x6840</run_address>
         <size>0x22</size>
         <input_file_ref idref="fl-9"/>
      </object_component>
      <object_component id="oc-d9">
         <name>EPwm3RegsFile</name>
         <uninitialized>true</uninitialized>
         <run_address>0x6880</run_address>
         <size>0x22</size>
         <input_file_ref idref="fl-9"/>
      </object_component>
      <object_component id="oc-de">
         <name>EPwm4RegsFile</name>
         <uninitialized>true</uninitialized>
         <run_address>0x68c0</run_address>
         <size>0x22</size>
         <input_file_ref idref="fl-9"/>
      </object_component>
      <object_component id="oc-db">
         <name>EPwm5RegsFile</name>
         <uninitialized>true</uninitialized>
         <run_address>0x6900</run_address>
         <size>0x22</size>
         <input_file_ref idref="fl-9"/>
      </object_component>
      <object_component id="oc-dc">
         <name>EPwm6RegsFile</name>
         <uninitialized>true</uninitialized>
         <run_address>0x6940</run_address>
         <size>0x22</size>
         <input_file_ref idref="fl-9"/>
      </object_component>
      <object_component id="oc-d2">
         <name>ECap1RegsFile</name>
         <uninitialized>true</uninitialized>
         <run_address>0x6a00</run_address>
         <size>0x20</size>
         <input_file_ref idref="fl-9"/>
      </object_component>
      <object_component id="oc-d3">
         <name>ECap2RegsFile</name>
         <uninitialized>true</uninitialized>
         <run_address>0x6a20</run_address>
         <size>0x20</size>
         <input_file_ref idref="fl-9"/>
      </object_component>
      <object_component id="oc-d0">
         <name>ECap3RegsFile</name>
         <uninitialized>true</uninitialized>
         <run_address>0x6a40</run_address>
         <size>0x20</size>
         <input_file_ref idref="fl-9"/>
      </object_component>
      <object_component id="oc-d1">
         <name>ECap4RegsFile</name>
         <uninitialized>true</uninitialized>
         <run_address>0x6a60</run_address>
         <size>0x20</size>
         <input_file_ref idref="fl-9"/>
      </object_component>
      <object_component id="oc-d6">
         <name>ECap5RegsFile</name>
         <uninitialized>true</uninitialized>
         <run_address>0x6a80</run_address>
         <size>0x20</size>
         <input_file_ref idref="fl-9"/>
      </object_component>
      <object_component id="oc-d7">
         <name>ECap6RegsFile</name>
         <uninitialized>true</uninitialized>
         <run_address>0x6aa0</run_address>
         <size>0x20</size>
         <input_file_ref idref="fl-9"/>
      </object_component>
      <object_component id="oc-e9">
         <name>EQep1RegsFile</name>
         <uninitialized>true</uninitialized>
         <run_address>0x6b00</run_address>
         <size>0x40</size>
         <input_file_ref idref="fl-9"/>
      </object_component>
      <object_component id="oc-ea">
         <name>EQep2RegsFile</name>
         <uninitialized>true</uninitialized>
         <run_address>0x6b40</run_address>
         <size>0x40</size>
         <input_file_ref idref="fl-9"/>
      </object_component>
      <object_component id="oc-e1">
         <name>GpioCtrlRegsFile</name>
         <uninitialized>true</uninitialized>
         <run_address>0x6f80</run_address>
         <size>0x2e</size>
         <input_file_ref idref="fl-9"/>
      </object_component>
      <object_component id="oc-d4">
         <name>GpioDataRegsFile</name>
         <uninitialized>true</uninitialized>
         <run_address>0x6fc0</run_address>
         <size>0x20</size>
         <input_file_ref idref="fl-9"/>
      </object_component>
      <object_component id="oc-c5">
         <name>GpioIntRegsFile</name>
         <uninitialized>true</uninitialized>
         <run_address>0x6fe0</run_address>
         <size>0xa</size>
         <input_file_ref idref="fl-9"/>
      </object_component>
      <object_component id="oc-d5">
         <name>SysCtrlRegsFile</name>
         <uninitialized>true</uninitialized>
         <run_address>0x7010</run_address>
         <size>0x20</size>
         <input_file_ref idref="fl-9"/>
      </object_component>
      <object_component id="oc-c6">
         <name>SpiaRegsFile</name>
         <uninitialized>true</uninitialized>
         <run_address>0x7040</run_address>
         <size>0x10</size>
         <input_file_ref idref="fl-9"/>
      </object_component>
      <object_component id="oc-c9">
         <name>SciaRegsFile</name>
         <uninitialized>true</uninitialized>
         <run_address>0x7050</run_address>
         <size>0x10</size>
         <input_file_ref idref="fl-9"/>
      </object_component>
      <object_component id="oc-cc">
         <name>XIntruptRegsFile</name>
         <uninitialized>true</uninitialized>
         <run_address>0x7070</run_address>
         <size>0x10</size>
         <input_file_ref idref="fl-9"/>
      </object_component>
      <object_component id="oc-ce">
         <name>AdcRegsFile</name>
         <uninitialized>true</uninitialized>
         <run_address>0x7100</run_address>
         <size>0x1e</size>
         <input_file_ref idref="fl-9"/>
      </object_component>
      <object_component id="oc-c7">
         <name>ScibRegsFile</name>
         <uninitialized>true</uninitialized>
         <run_address>0x7750</run_address>
         <size>0x10</size>
         <input_file_ref idref="fl-9"/>
      </object_component>
      <object_component id="oc-c8">
         <name>ScicRegsFile</name>
         <uninitialized>true</uninitialized>
         <run_address>0x7770</run_address>
         <size>0x10</size>
         <input_file_ref idref="fl-9"/>
      </object_component>
      <object_component id="oc-da">
         <name>I2caRegsFile</name>
         <uninitialized>true</uninitialized>
         <run_address>0x7900</run_address>
         <size>0x22</size>
         <input_file_ref idref="fl-9"/>
      </object_component>
      <object_component id="oc-c1">
         <name>CsmPwlFile</name>
         <uninitialized>true</uninitialized>
         <run_address>0x33fff8</run_address>
         <size>0x8</size>
         <input_file_ref idref="fl-9"/>
      </object_component>
      <object_component id="oc-bf">
         <name>PartIdRegsFile</name>
         <uninitialized>true</uninitialized>
         <run_address>0x380090</run_address>
         <size>0x1</size>
         <input_file_ref idref="fl-9"/>
      </object_component>
      <object_component id="oc-149">
         <name>.cinit</name>
         <load_address>0x30331a</load_address>
         <run_address>0x30331a</run_address>
         <size>0x392</size>
         <input_file_ref idref="fl-1e"/>
      </object_component>
      <object_component id="oc-1cf">
         <name>.cinit</name>
         <load_address>0x3036ac</load_address>
         <run_address>0x3036ac</run_address>
         <size>0xe</size>
         <input_file_ref idref="fl-47"/>
      </object_component>
      <object_component id="oc-285">
         <name>.cinit:__lock</name>
         <load_address>0x3036ba</load_address>
         <run_address>0x3036ba</run_address>
         <size>0x5</size>
         <input_file_ref idref="fl-43"/>
      </object_component>
      <object_component id="oc-284">
         <name>.cinit:__unlock</name>
         <load_address>0x3036bf</load_address>
         <run_address>0x3036bf</run_address>
         <size>0x5</size>
         <input_file_ref idref="fl-43"/>
      </object_component>
      <object_component id="oc-357">
         <name>.text</name>
         <load_address>0x300000</load_address>
         <run_address>0x300000</run_address>
         <size>0x27c</size>
         <input_file_ref idref="fl-4e"/>
      </object_component>
      <object_component id="oc-2ef">
         <name>.text:_xdc_runtime_System_doPrint__I</name>
         <load_address>0x30027c</load_address>
         <run_address>0x30027c</run_address>
         <size>0x25f</size>
         <input_file_ref idref="fl-37"/>
      </object_component>
      <object_component id="oc-27c">
         <name>.text:_ti_sysbios_knl_Semaphore_pend__E</name>
         <load_address>0x3004db</load_address>
         <run_address>0x3004db</run_address>
         <size>0x1a7</size>
         <input_file_ref idref="fl-26"/>
      </object_component>
      <object_component id="oc-1da">
         <name>.text</name>
         <load_address>0x300682</load_address>
         <run_address>0x300682</run_address>
         <size>0x107</size>
         <input_file_ref idref="fl-49"/>
      </object_component>
      <object_component id="oc-252">
         <name>.text:_ti_sysbios_knl_Task_sleep__E</name>
         <load_address>0x300789</load_address>
         <run_address>0x300789</run_address>
         <size>0x100</size>
         <input_file_ref idref="fl-26"/>
      </object_component>
      <object_component id="oc-22a">
         <name>.text:_xdc_runtime_HeapStd_alloc__E</name>
         <load_address>0x300889</load_address>
         <run_address>0x300889</run_address>
         <size>0xf7</size>
         <input_file_ref idref="fl-33"/>
      </object_component>
      <object_component id="oc-2e1">
         <name>.text:_ti_sysbios_family_c28_Hwi_clearInterrupt__E</name>
         <load_address>0x300980</load_address>
         <run_address>0x300980</run_address>
         <size>0xe2</size>
         <input_file_ref idref="fl-26"/>
      </object_component>
      <object_component id="oc-247">
         <name>.text:_xdc_runtime_LoggerBuf_write8__E</name>
         <load_address>0x300a62</load_address>
         <run_address>0x300a62</run_address>
         <size>0xdf</size>
         <input_file_ref idref="fl-34"/>
      </object_component>
      <object_component id="oc-263">
         <name>.text:_xdc_runtime_Core_createObject__I</name>
         <load_address>0x300b41</load_address>
         <run_address>0x300b41</run_address>
         <size>0xd7</size>
         <input_file_ref idref="fl-2d"/>
      </object_component>
      <object_component id="oc-33d">
         <name>.text:_xdc_runtime_System_printfExtend__I</name>
         <load_address>0x300c18</load_address>
         <run_address>0x300c18</run_address>
         <size>0xc0</size>
         <input_file_ref idref="fl-1e"/>
      </object_component>
      <object_component id="oc-2ac">
         <name>.text:_xdc_runtime_Error_policyDefault__E</name>
         <load_address>0x300cd8</load_address>
         <run_address>0x300cd8</run_address>
         <size>0xa5</size>
         <input_file_ref idref="fl-31"/>
      </object_component>
      <object_component id="oc-30e">
         <name>.text:_xdc_runtime_Core_constructObject__I</name>
         <load_address>0x300d7d</load_address>
         <run_address>0x300d7d</run_address>
         <size>0xa2</size>
         <input_file_ref idref="fl-2e"/>
      </object_component>
      <object_component id="oc-375">
         <name>.text:_ti_sysbios_family_c28_Hwi_dispatch</name>
         <load_address>0x300e1f</load_address>
         <run_address>0x300e1f</run_address>
         <size>0x9b</size>
         <input_file_ref idref="fl-28"/>
      </object_component>
      <object_component id="oc-246">
         <name>.text:_xdc_runtime_LoggerBuf_write4__E</name>
         <load_address>0x300eba</load_address>
         <run_address>0x300eba</run_address>
         <size>0x95</size>
         <input_file_ref idref="fl-34"/>
      </object_component>
      <object_component id="oc-271">
         <name>.text:_free</name>
         <load_address>0x300f4f</load_address>
         <run_address>0x300f4f</run_address>
         <size>0x1</size>
         <input_file_ref idref="fl-1e"/>
      </object_component>
      <object_component id="oc-372">
         <name>.text</name>
         <load_address>0x300f50</load_address>
         <run_address>0x300f50</run_address>
         <size>0x94</size>
         <input_file_ref idref="fl-4f"/>
      </object_component>
      <object_component id="oc-2e2">
         <name>.text:_ti_sysbios_family_c28_Hwi_enableInterrupt__E</name>
         <load_address>0x300fe4</load_address>
         <run_address>0x300fe4</run_address>
         <size>0x90</size>
         <input_file_ref idref="fl-26"/>
      </object_component>
      <object_component id="oc-274">
         <name>.text:_xdc_runtime_HeapStd_Instance_init__E</name>
         <load_address>0x301074</load_address>
         <run_address>0x301074</run_address>
         <size>0x8c</size>
         <input_file_ref idref="fl-33"/>
      </object_component>
      <object_component id="oc-1d5">
         <name>.text</name>
         <load_address>0x301100</load_address>
         <run_address>0x301100</run_address>
         <size>0x88</size>
         <input_file_ref idref="fl-48"/>
      </object_component>
      <object_component id="oc-27d">
         <name>.text:_ti_sysbios_knl_Semaphore_post__E</name>
         <load_address>0x301188</load_address>
         <run_address>0x301188</run_address>
         <size>0x84</size>
         <input_file_ref idref="fl-26"/>
      </object_component>
      <object_component id="oc-387">
         <name>.text:_ti_sysbios_family_c28_Hwi_disableInterrupt__E</name>
         <load_address>0x30120c</load_address>
         <run_address>0x30120c</run_address>
         <size>0x83</size>
         <input_file_ref idref="fl-26"/>
      </object_component>
      <object_component id="oc-319">
         <name>.text:_ti_sysbios_family_c28_Hwi_disablePIEIER__E</name>
         <load_address>0x30128f</load_address>
         <run_address>0x30128f</run_address>
         <size>0x80</size>
         <input_file_ref idref="fl-26"/>
      </object_component>
      <object_component id="oc-318">
         <name>.text:_ti_sysbios_family_c28_Hwi_enablePIEIER__E</name>
         <load_address>0x30130f</load_address>
         <run_address>0x30130f</run_address>
         <size>0x7f</size>
         <input_file_ref idref="fl-26"/>
      </object_component>
      <object_component id="oc-2b0">
         <name>.text:_xdc_runtime_Startup_startMods__I</name>
         <load_address>0x30138e</load_address>
         <run_address>0x30138e</run_address>
         <size>0x7d</size>
         <input_file_ref idref="fl-36"/>
      </object_component>
      <object_component id="oc-355">
         <name>.text:_xdc_runtime_Text_putSite__E</name>
         <load_address>0x30140b</load_address>
         <run_address>0x30140b</run_address>
         <size>0x7b</size>
         <input_file_ref idref="fl-39"/>
      </object_component>
      <object_component id="oc-22b">
         <name>.text:_xdc_runtime_HeapStd_free__E</name>
         <load_address>0x301486</load_address>
         <run_address>0x301486</run_address>
         <size>0x76</size>
         <input_file_ref idref="fl-33"/>
      </object_component>
      <object_component id="oc-2e5">
         <name>.text:_ti_sysbios_knl_Task_checkStacks__E</name>
         <load_address>0x3014fc</load_address>
         <run_address>0x3014fc</run_address>
         <size>0x73</size>
         <input_file_ref idref="fl-26"/>
      </object_component>
      <object_component id="oc-232">
         <name>.text:_ti_sysbios_gates_GateMutex_enter__E</name>
         <load_address>0x30156f</load_address>
         <run_address>0x30156f</run_address>
         <size>0x72</size>
         <input_file_ref idref="fl-26"/>
      </object_component>
      <object_component id="oc-30f">
         <name>.text:_ti_sysbios_knl_Semaphore_Instance_init__E</name>
         <load_address>0x3015e1</load_address>
         <run_address>0x3015e1</run_address>
         <size>0x6c</size>
         <input_file_ref idref="fl-26"/>
      </object_component>
      <object_component id="oc-376">
         <name>.text:_ti_sysbios_family_c28_Timer_stopAndClear__I</name>
         <load_address>0x30164d</load_address>
         <run_address>0x30164d</run_address>
         <size>0x66</size>
         <input_file_ref idref="fl-26"/>
      </object_component>
      <object_component id="oc-49">
         <name>.text</name>
         <load_address>0x3016b3</load_address>
         <run_address>0x3016b3</run_address>
         <size>0x63</size>
         <input_file_ref idref="fl-3d"/>
      </object_component>
      <object_component id="oc-2b3">
         <name>.text:_InitPeripheralClocks</name>
         <load_address>0x301716</load_address>
         <run_address>0x301716</run_address>
         <size>0x5b</size>
         <input_file_ref idref="fl-10"/>
      </object_component>
      <object_component id="oc-25b">
         <name>.text:_Init_McBSPb_ADC</name>
         <load_address>0x301771</load_address>
         <run_address>0x301771</run_address>
         <size>0x5a</size>
         <input_file_ref idref="fl-13"/>
      </object_component>
      <object_component id="oc-2b2">
         <name>.text:_InitPll</name>
         <load_address>0x3017cb</load_address>
         <run_address>0x3017cb</run_address>
         <size>0x51</size>
         <input_file_ref idref="fl-10"/>
      </object_component>
      <object_component id="oc-265">
         <name>.text:_xdc_runtime_Core_deleteObject__I</name>
         <load_address>0x30181c</load_address>
         <run_address>0x30181c</run_address>
         <size>0x51</size>
         <input_file_ref idref="fl-2d"/>
      </object_component>
      <object_component id="oc-2ea">
         <name>.text:_xdc_runtime_Memory_alloc__E</name>
         <load_address>0x30186d</load_address>
         <run_address>0x30186d</run_address>
         <size>0x4e</size>
         <input_file_ref idref="fl-35"/>
      </object_component>
      <object_component id="oc-391">
         <name>.text:_ti_sysbios_family_c28_Hwi_dispatchCore__I</name>
         <load_address>0x3018bb</load_address>
         <run_address>0x3018bb</run_address>
         <size>0x4c</size>
         <input_file_ref idref="fl-26"/>
      </object_component>
      <object_component id="oc-354">
         <name>.text:_xdc_runtime_Text_putLab__E</name>
         <load_address>0x301907</load_address>
         <run_address>0x301907</run_address>
         <size>0x4c</size>
         <input_file_ref idref="fl-39"/>
      </object_component>
      <object_component id="oc-212">
         <name>.text:_ti_sysbios_knl_Clock_workFunc__E</name>
         <load_address>0x301953</load_address>
         <run_address>0x301953</run_address>
         <size>0x4b</size>
         <input_file_ref idref="fl-26"/>
      </object_component>
      <object_component id="oc-36b">
         <name>.text:_ti_sysbios_knl_Task_postInit__I</name>
         <load_address>0x30199e</load_address>
         <run_address>0x30199e</run_address>
         <size>0x4b</size>
         <input_file_ref idref="fl-26"/>
      </object_component>
      <object_component id="oc-2e8">
         <name>.text:_ti_sysbios_family_c28_TimestampProvider_get64__E</name>
         <load_address>0x3019e9</load_address>
         <run_address>0x3019e9</run_address>
         <size>0x48</size>
         <input_file_ref idref="fl-26"/>
      </object_component>
      <object_component id="oc-34a">
         <name>.text:_ti_sysbios_family_c28_Hwi_Module_startup__E</name>
         <load_address>0x301a31</load_address>
         <run_address>0x301a31</run_address>
         <size>0x47</size>
         <input_file_ref idref="fl-26"/>
      </object_component>
      <object_component id="oc-328">
         <name>.text:_ti_sysbios_knl_Swi_run__I</name>
         <load_address>0x301a78</load_address>
         <run_address>0x301a78</run_address>
         <size>0x46</size>
         <input_file_ref idref="fl-26"/>
      </object_component>
      <object_component id="oc-205">
         <name>.text</name>
         <load_address>0x301abe</load_address>
         <run_address>0x301abe</run_address>
         <size>0x46</size>
         <input_file_ref idref="fl-45"/>
      </object_component>
      <object_component id="oc-304">
         <name>.text:_SetClockDivides</name>
         <load_address>0x301b04</load_address>
         <run_address>0x301b04</run_address>
         <size>0x43</size>
         <input_file_ref idref="fl-1a"/>
      </object_component>
      <object_component id="oc-363">
         <name>.text:_ti_sysbios_family_c28_Timer_postInit__I</name>
         <load_address>0x301b47</load_address>
         <run_address>0x301b47</run_address>
         <size>0x43</size>
         <input_file_ref idref="fl-26"/>
      </object_component>
      <object_component id="oc-2f4">
         <name>.text:_xdc_runtime_Error_setX__E</name>
         <load_address>0x301b8a</load_address>
         <run_address>0x301b8a</run_address>
         <size>0x43</size>
         <input_file_ref idref="fl-31"/>
      </object_component>
      <object_component id="oc-153">
         <name>.text:_ti_sysbios_family_c28_Hwi_unPluggedInterrupt__I</name>
         <load_address>0x301bcd</load_address>
         <run_address>0x301bcd</run_address>
         <size>0x42</size>
         <input_file_ref idref="fl-26"/>
      </object_component>
      <object_component id="oc-2c1">
         <name>.text:_xdc_runtime_Core_assignParams__I</name>
         <load_address>0x301c0f</load_address>
         <run_address>0x301c0f</run_address>
         <size>0x42</size>
         <input_file_ref idref="fl-30"/>
      </object_component>
      <object_component id="oc-24a">
         <name>.text:_xdc_runtime_LoggerBuf_Object__create__S</name>
         <load_address>0x301c51</load_address>
         <run_address>0x301c51</run_address>
         <size>0x40</size>
         <input_file_ref idref="fl-1e"/>
      </object_component>
      <object_component id="oc-32c">
         <name>.text:_xdc_runtime_System_formatNum__I</name>
         <load_address>0x301c91</load_address>
         <run_address>0x301c91</run_address>
         <size>0x40</size>
         <input_file_ref idref="fl-37"/>
      </object_component>
      <object_component id="oc-22e">
         <name>.text:_xdc_runtime_HeapStd_Object__create__S</name>
         <load_address>0x301cd1</load_address>
         <run_address>0x301cd1</run_address>
         <size>0x3f</size>
         <input_file_ref idref="fl-1e"/>
      </object_component>
      <object_component id="oc-248">
         <name>.text:_xdc_runtime_LoggerBuf_setFilterLevel__E</name>
         <load_address>0x301d10</load_address>
         <run_address>0x301d10</run_address>
         <size>0x3f</size>
         <input_file_ref idref="fl-34"/>
      </object_component>
      <object_component id="oc-393">
         <name>.text:_ti_sysbios_knl_Swi_restoreHwi__E</name>
         <load_address>0x301d4f</load_address>
         <run_address>0x301d4f</run_address>
         <size>0x3e</size>
         <input_file_ref idref="fl-26"/>
      </object_component>
      <object_component id="oc-249">
         <name>.text:_xdc_runtime_LoggerBuf_getFilterLevel__E</name>
         <load_address>0x301d8d</load_address>
         <run_address>0x301d8d</run_address>
         <size>0x3c</size>
         <input_file_ref idref="fl-34"/>
      </object_component>
      <object_component id="oc-389">
         <name>.text:_ti_sysbios_family_c28_TaskSupport_start__E</name>
         <load_address>0x301dc9</load_address>
         <run_address>0x301dc9</run_address>
         <size>0x3a</size>
         <input_file_ref idref="fl-26"/>
      </object_component>
      <object_component id="oc-370">
         <name>.text:_xdc_runtime_Text_putMod__E</name>
         <load_address>0x301e03</load_address>
         <run_address>0x301e03</run_address>
         <size>0x3a</size>
         <input_file_ref idref="fl-39"/>
      </object_component>
      <object_component id="oc-349">
         <name>.text:_ti_sysbios_family_c28_TimestampProvider_Module_startup__E</name>
         <load_address>0x301e3d</load_address>
         <run_address>0x301e3d</run_address>
         <size>0x36</size>
         <input_file_ref idref="fl-26"/>
      </object_component>
      <object_component id="oc-343">
         <name>.text:_xdc_runtime_Error_print__E</name>
         <load_address>0x301e73</load_address>
         <run_address>0x301e73</run_address>
         <size>0x36</size>
         <input_file_ref idref="fl-31"/>
      </object_component>
      <object_component id="oc-28d">
         <name>.text:_ti_sysbios_knl_Task_startCore__E</name>
         <load_address>0x301ea9</load_address>
         <run_address>0x301ea9</run_address>
         <size>0x35</size>
         <input_file_ref idref="fl-26"/>
      </object_component>
      <object_component id="oc-206">
         <name>.text:_xdc_runtime_Startup_exec__E</name>
         <load_address>0x301ede</load_address>
         <run_address>0x301ede</run_address>
         <size>0x35</size>
         <input_file_ref idref="fl-36"/>
      </object_component>
      <object_component id="oc-34e">
         <name>.text:_ti_sysbios_knl_Task_Module_startup__E</name>
         <load_address>0x301f13</load_address>
         <run_address>0x301f13</run_address>
         <size>0x32</size>
         <input_file_ref idref="fl-26"/>
      </object_component>
      <object_component id="oc-26c">
         <name>.text:_xdc_runtime_Assert_raise__I</name>
         <load_address>0x301f45</load_address>
         <run_address>0x301f45</run_address>
         <size>0x32</size>
         <input_file_ref idref="fl-2c"/>
      </object_component>
      <object_component id="oc-29b">
         <name>.text:_xdc_runtime_LoggerBuf_Instance_init__E</name>
         <load_address>0x301f77</load_address>
         <run_address>0x301f77</run_address>
         <size>0x32</size>
         <input_file_ref idref="fl-34"/>
      </object_component>
      <object_component id="oc-25c">
         <name>.text:_Init_LCD</name>
         <load_address>0x301fa9</load_address>
         <run_address>0x301fa9</run_address>
         <size>0x31</size>
         <input_file_ref idref="fl-17"/>
      </object_component>
      <object_component id="oc-21b">
         <name>.text:.bootCodeSection:_ti_catalog_c2800_init_Boot_configurePll2802x</name>
         <load_address>0x301fda</load_address>
         <run_address>0x301fda</run_address>
         <size>0x2e</size>
         <input_file_ref idref="fl-2b"/>
      </object_component>
      <object_component id="oc-2ec">
         <name>.text:_ti_sysbios_knl_Swi_runLoop__I</name>
         <load_address>0x302008</load_address>
         <run_address>0x302008</run_address>
         <size>0x2e</size>
         <input_file_ref idref="fl-26"/>
      </object_component>
      <object_component id="oc-29d">
         <name>.text:_ti_sysbios_knl_Swi_schedule__I</name>
         <load_address>0x302036</load_address>
         <run_address>0x302036</run_address>
         <size>0x2e</size>
         <input_file_ref idref="fl-26"/>
      </object_component>
      <object_component id="oc-2f1">
         <name>.text:_ti_sysbios_knl_Task_schedule__I</name>
         <load_address>0x302064</load_address>
         <run_address>0x302064</run_address>
         <size>0x2e</size>
         <input_file_ref idref="fl-26"/>
      </object_component>
      <object_component id="oc-33c">
         <name>.text:_ti_sysbios_family_c28_Hwi_getInterruptFlag__E</name>
         <load_address>0x302092</load_address>
         <run_address>0x302092</run_address>
         <size>0x2d</size>
         <input_file_ref idref="fl-26"/>
      </object_component>
      <object_component id="oc-333">
         <name>.text:_ti_sysbios_family_c28_Hwi_getStackInfo__E</name>
         <load_address>0x3020bf</load_address>
         <run_address>0x3020bf</run_address>
         <size>0x2c</size>
         <input_file_ref idref="fl-26"/>
      </object_component>
      <object_component id="oc-28a">
         <name>.text:_ti_sysbios_family_c28_Timer_start__E</name>
         <load_address>0x3020eb</load_address>
         <run_address>0x3020eb</run_address>
         <size>0x2c</size>
         <input_file_ref idref="fl-26"/>
      </object_component>
      <object_component id="oc-371">
         <name>.text:_xdc_runtime_Text_xprintf__I</name>
         <load_address>0x302117</load_address>
         <run_address>0x302117</run_address>
         <size>0x2a</size>
         <input_file_ref idref="fl-39"/>
      </object_component>
      <object_component id="oc-323">
         <name>.text:_ti_sysbios_family_c28_Timer_getExpiredCounts64__E</name>
         <load_address>0x302141</load_address>
         <run_address>0x302141</run_address>
         <size>0x29</size>
         <input_file_ref idref="fl-26"/>
      </object_component>
      <object_component id="oc-2b9">
         <name>.text</name>
         <load_address>0x30216a</load_address>
         <run_address>0x30216a</run_address>
         <size>0x29</size>
         <input_file_ref idref="fl-47"/>
      </object_component>
      <object_component id="oc-2f2">
         <name>.text:_xdc_runtime_SysMin_flush__E</name>
         <load_address>0x302193</load_address>
         <run_address>0x302193</run_address>
         <size>0x28</size>
         <input_file_ref idref="fl-38"/>
      </object_component>
      <object_component id="oc-390">
         <name>.text:_ti_sysbios_family_c28_TaskSupport_buildTaskStack</name>
         <load_address>0x3021bb</load_address>
         <run_address>0x3021bb</run_address>
         <size>0x25</size>
         <input_file_ref idref="fl-2a"/>
      </object_component>
      <object_component id="oc-324">
         <name>.text:_ti_sysbios_family_c28_Timer_getExpiredCounts__E</name>
         <load_address>0x3021e0</load_address>
         <run_address>0x3021e0</run_address>
         <size>0x25</size>
         <input_file_ref idref="fl-26"/>
      </object_component>
      <object_component id="oc-250">
         <name>.text:_ti_sysbios_knl_Swi_post__E</name>
         <load_address>0x302205</load_address>
         <run_address>0x302205</run_address>
         <size>0x24</size>
         <input_file_ref idref="fl-26"/>
      </object_component>
      <object_component id="oc-220">
         <name>.text:_xdc_runtime_System_processAtExit__E</name>
         <load_address>0x302229</load_address>
         <run_address>0x302229</run_address>
         <size>0x23</size>
         <input_file_ref idref="fl-37"/>
      </object_component>
      <object_component id="oc-2e3">
         <name>.text:_ti_sysbios_knl_Task_allBlockedFunction__I</name>
         <load_address>0x30224c</load_address>
         <run_address>0x30224c</run_address>
         <size>0x21</size>
         <input_file_ref idref="fl-26"/>
      </object_component>
      <object_component id="oc-238">
         <name>.text:_xdc_runtime_System_atexit__E</name>
         <load_address>0x30226d</load_address>
         <run_address>0x30226d</run_address>
         <size>0x21</size>
         <input_file_ref idref="fl-37"/>
      </object_component>
      <object_component id="oc-2b4">
         <name>.text:_I2C_O2O_Master_Init</name>
         <load_address>0x30228e</load_address>
         <run_address>0x30228e</run_address>
         <size>0x20</size>
         <input_file_ref idref="fl-1a"/>
      </object_component>
      <object_component id="oc-378">
         <name>.text:_ti_sysbios_family_c28_Timer_setPrescale__E</name>
         <load_address>0x3022ae</load_address>
         <run_address>0x3022ae</run_address>
         <size>0x20</size>
         <input_file_ref idref="fl-26"/>
      </object_component>
      <object_component id="oc-37a">
         <name>.text:_ti_sysbios_knl_Task_exit__E</name>
         <load_address>0x3022ce</load_address>
         <run_address>0x3022ce</run_address>
         <size>0x1f</size>
         <input_file_ref idref="fl-26"/>
      </object_component>
      <object_component id="oc-226">
         <name>.text:_ti_sysbios_gates_GateHwi_Object__create__S</name>
         <load_address>0x3022ed</load_address>
         <run_address>0x3022ed</run_address>
         <size>0x1e</size>
         <input_file_ref idref="fl-1e"/>
      </object_component>
      <object_component id="oc-234">
         <name>.text:_ti_sysbios_gates_GateMutex_Object__create__S</name>
         <load_address>0x30230b</load_address>
         <run_address>0x30230b</run_address>
         <size>0x1e</size>
         <input_file_ref idref="fl-1e"/>
      </object_component>
      <object_component id="oc-2a8">
         <name>.text:_ti_sysbios_knl_Task_blockI__E</name>
         <load_address>0x302329</load_address>
         <run_address>0x302329</run_address>
         <size>0x1e</size>
         <input_file_ref idref="fl-26"/>
      </object_component>
      <object_component id="oc-356">
         <name>.text:_xdc_runtime_SysMin_putch__E</name>
         <load_address>0x302347</load_address>
         <run_address>0x302347</run_address>
         <size>0x1e</size>
         <input_file_ref idref="fl-38"/>
      </object_component>
      <object_component id="oc-2bb">
         <name>.text</name>
         <load_address>0x302365</load_address>
         <run_address>0x302365</run_address>
         <size>0x1e</size>
         <input_file_ref idref="fl-4a"/>
      </object_component>
      <object_component id="oc-321">
         <name>.text:_ti_sysbios_family_c28_TaskSupport_swap__E</name>
         <load_address>0x302383</load_address>
         <run_address>0x302383</run_address>
         <size>0x1d</size>
         <input_file_ref idref="fl-2a"/>
      </object_component>
      <object_component id="oc-2db">
         <name>.text:_ti_sysbios_knl_Semaphore_construct</name>
         <load_address>0x3023a0</load_address>
         <run_address>0x3023a0</run_address>
         <size>0x1d</size>
         <input_file_ref idref="fl-1e"/>
      </object_component>
      <object_component id="oc-291">
         <name>.text:_xdc_runtime_LoggerBuf_filterOutEvent__I</name>
         <load_address>0x3023bd</load_address>
         <run_address>0x3023bd</run_address>
         <size>0x1d</size>
         <input_file_ref idref="fl-34"/>
      </object_component>
      <object_component id="oc-32f">
         <name>.text:_ti_sysbios_hal_Hwi_checkStack</name>
         <load_address>0x3023da</load_address>
         <run_address>0x3023da</run_address>
         <size>0x1c</size>
         <input_file_ref idref="fl-26"/>
      </object_component>
      <object_component id="oc-340">
         <name>.text:_xdc_runtime_SysMin_output__I</name>
         <load_address>0x3023f6</load_address>
         <run_address>0x3023f6</run_address>
         <size>0x1c</size>
         <input_file_ref idref="fl-1e"/>
      </object_component>
      <object_component id="oc-38b">
         <name>.text:_ti_sysbios_family_c28_Hwi_switchAndDispatch__I</name>
         <load_address>0x302412</load_address>
         <run_address>0x302412</run_address>
         <size>0x1b</size>
         <input_file_ref idref="fl-27"/>
      </object_component>
      <object_component id="oc-2af">
         <name>.text:_ti_sysbios_hal_Hwi_initStack</name>
         <load_address>0x30242d</load_address>
         <run_address>0x30242d</run_address>
         <size>0x1b</size>
         <input_file_ref idref="fl-26"/>
      </object_component>
      <object_component id="oc-388">
         <name>.text:_ti_sysbios_knl_Task_processVitalTaskFlag__I</name>
         <load_address>0x302448</load_address>
         <run_address>0x302448</run_address>
         <size>0x1b</size>
         <input_file_ref idref="fl-26"/>
      </object_component>
      <object_component id="oc-2b5">
         <name>.text:_LCD_command</name>
         <load_address>0x302463</load_address>
         <run_address>0x302463</run_address>
         <size>0x1a</size>
         <input_file_ref idref="fl-17"/>
      </object_component>
      <object_component id="oc-2a5">
         <name>.text:_ti_sysbios_knl_Clock_addI__E</name>
         <load_address>0x30247d</load_address>
         <run_address>0x30247d</run_address>
         <size>0x1a</size>
         <input_file_ref idref="fl-26"/>
      </object_component>
      <object_component id="oc-266">
         <name>.text:_xdc_runtime_Core_assignLabel__I</name>
         <load_address>0x302497</load_address>
         <run_address>0x302497</run_address>
         <size>0x1a</size>
         <input_file_ref idref="fl-2f"/>
      </object_component>
      <object_component id="oc-346">
         <name>.text:_xdc_runtime_LoggerBuf_Module_startup__E</name>
         <load_address>0x3024b1</load_address>
         <run_address>0x3024b1</run_address>
         <size>0x1a</size>
         <input_file_ref idref="fl-34"/>
      </object_component>
      <object_component id="oc-1c9">
         <name>.text</name>
         <load_address>0x3024cb</load_address>
         <run_address>0x3024cb</run_address>
         <size>0x1a</size>
         <input_file_ref idref="fl-46"/>
      </object_component>
      <object_component id="oc-338">
         <name>.text:_ti_sysbios_knl_Queue_construct</name>
         <load_address>0x3024e5</load_address>
         <run_address>0x3024e5</run_address>
         <size>0x19</size>
         <input_file_ref idref="fl-1e"/>
      </object_component>
      <object_component id="oc-28c">
         <name>.text:_ti_sysbios_knl_Swi_restore__E</name>
         <load_address>0x3024fe</load_address>
         <run_address>0x3024fe</run_address>
         <size>0x19</size>
         <input_file_ref idref="fl-26"/>
      </object_component>
      <object_component id="oc-308">
         <name>.text:_xdc_runtime_Memory_valloc__E</name>
         <load_address>0x302517</load_address>
         <run_address>0x302517</run_address>
         <size>0x19</size>
         <input_file_ref idref="fl-35"/>
      </object_component>
      <object_component id="oc-374">
         <name>.text:_xdc_runtime_System_avprintf__E</name>
         <load_address>0x302530</load_address>
         <run_address>0x302530</run_address>
         <size>0x19</size>
         <input_file_ref idref="fl-37"/>
      </object_component>
      <object_component id="oc-32d">
         <name>.text:_xdc_runtime_System_putchar__I</name>
         <load_address>0x302549</load_address>
         <run_address>0x302549</run_address>
         <size>0x19</size>
         <input_file_ref idref="fl-37"/>
      </object_component>
      <object_component id="oc-207">
         <name>.text</name>
         <load_address>0x302562</load_address>
         <run_address>0x302562</run_address>
         <size>0x19</size>
         <input_file_ref idref="fl-44"/>
      </object_component>
      <object_component id="oc-2ed">
         <name>.text:_ti_sysbios_family_xxx_Hwi_switchAndRunFunc</name>
         <load_address>0x30257b</load_address>
         <run_address>0x30257b</run_address>
         <size>0x18</size>
         <input_file_ref idref="fl-27"/>
      </object_component>
      <object_component id="oc-2eb">
         <name>.text:_xdc_runtime_LoggerBuf_reset__E</name>
         <load_address>0x302593</load_address>
         <run_address>0x302593</run_address>
         <size>0x18</size>
         <input_file_ref idref="fl-34"/>
      </object_component>
      <object_component id="oc-29e">
         <name>.text:_xdc_runtime_System_vprintf__E</name>
         <load_address>0x3025ab</load_address>
         <run_address>0x3025ab</run_address>
         <size>0x18</size>
         <input_file_ref idref="fl-37"/>
      </object_component>
      <object_component id="oc-384">
         <name>.text:_xdc_runtime_Text_printVisFxn__I</name>
         <load_address>0x3025c3</load_address>
         <run_address>0x3025c3</run_address>
         <size>0x18</size>
         <input_file_ref idref="fl-39"/>
      </object_component>
      <object_component id="oc-23a">
         <name>.text:_ti_sysbios_family_c28_Timer_startup__E</name>
         <load_address>0x3025db</load_address>
         <run_address>0x3025db</run_address>
         <size>0x17</size>
         <input_file_ref idref="fl-26"/>
      </object_component>
      <object_component id="oc-214">
         <name>.text:_ti_sysbios_knl_Clock_doTick__I</name>
         <load_address>0x3025f2</load_address>
         <run_address>0x3025f2</run_address>
         <size>0x17</size>
         <input_file_ref idref="fl-1e"/>
      </object_component>
      <object_component id="oc-2d0">
         <name>.text:_ti_sysbios_knl_Semaphore_pendTimeout__I</name>
         <load_address>0x302609</load_address>
         <run_address>0x302609</run_address>
         <size>0x17</size>
         <input_file_ref idref="fl-26"/>
      </object_component>
      <object_component id="oc-2d8">
         <name>.text:_ti_sysbios_knl_Task_unblockI__E</name>
         <load_address>0x302620</load_address>
         <run_address>0x302620</run_address>
         <size>0x17</size>
         <input_file_ref idref="fl-26"/>
      </object_component>
      <object_component id="oc-344">
         <name>.text:_xdc_runtime_SysMin_abort__E</name>
         <load_address>0x302637</load_address>
         <run_address>0x302637</run_address>
         <size>0x17</size>
         <input_file_ref idref="fl-38"/>
      </object_component>
      <object_component id="oc-303">
         <name>.text:_InitI2CGpio</name>
         <load_address>0x30264e</load_address>
         <run_address>0x30264e</run_address>
         <size>0x16</size>
         <input_file_ref idref="fl-1a"/>
      </object_component>
      <object_component id="oc-237">
         <name>.text:_ti_sysbios_BIOS_atExitFunc__I</name>
         <load_address>0x302664</load_address>
         <run_address>0x302664</run_address>
         <size>0x16</size>
         <input_file_ref idref="fl-1e"/>
      </object_component>
      <object_component id="oc-34b">
         <name>.text:_ti_sysbios_family_c28_Timer_Module_startup__E</name>
         <load_address>0x30267a</load_address>
         <run_address>0x30267a</run_address>
         <size>0x16</size>
         <input_file_ref idref="fl-26"/>
      </object_component>
      <object_component id="oc-2a9">
         <name>.text:_ti_sysbios_knl_Task_restore__E</name>
         <load_address>0x302690</load_address>
         <run_address>0x302690</run_address>
         <size>0x16</size>
         <input_file_ref idref="fl-26"/>
      </object_component>
      <object_component id="oc-34d">
         <name>.text:_ti_sysbios_knl_Swi_Module_startup__E</name>
         <load_address>0x3026a6</load_address>
         <run_address>0x3026a6</run_address>
         <size>0x15</size>
         <input_file_ref idref="fl-26"/>
      </object_component>
      <object_component id="oc-2c5">
         <name>.text:_xdc_runtime_Text_cordText__E</name>
         <load_address>0x3026bb</load_address>
         <run_address>0x3026bb</run_address>
         <size>0x15</size>
         <input_file_ref idref="fl-39"/>
      </object_component>
      <object_component id="oc-254">
         <name>.text:_ti_sysbios_knl_Idle_run__E</name>
         <load_address>0x3026d0</load_address>
         <run_address>0x3026d0</run_address>
         <size>0x14</size>
         <input_file_ref idref="fl-26"/>
      </object_component>
      <object_component id="oc-215">
         <name>.text:_taskFxn</name>
         <load_address>0x3026e4</load_address>
         <run_address>0x3026e4</run_address>
         <size>0x13</size>
         <input_file_ref idref="fl-2"/>
      </object_component>
      <object_component id="oc-235">
         <name>.text:_ti_sysbios_gates_GateMutex_Object__delete__S</name>
         <load_address>0x3026f7</load_address>
         <run_address>0x3026f7</run_address>
         <size>0x13</size>
         <input_file_ref idref="fl-1e"/>
      </object_component>
      <object_component id="oc-227">
         <name>.text:_ti_sysbios_gates_GateHwi_Object__delete__S</name>
         <load_address>0x30270a</load_address>
         <run_address>0x30270a</run_address>
         <size>0x12</size>
         <input_file_ref idref="fl-1e"/>
      </object_component>
      <object_component id="oc-34c">
         <name>.text:_ti_sysbios_knl_Clock_Module_startup__E</name>
         <load_address>0x30271c</load_address>
         <run_address>0x30271c</run_address>
         <size>0x12</size>
         <input_file_ref idref="fl-26"/>
      </object_component>
      <object_component id="oc-24b">
         <name>.text:_xdc_runtime_LoggerBuf_Object__delete__S</name>
         <load_address>0x30272e</load_address>
         <run_address>0x30272e</run_address>
         <size>0x12</size>
         <input_file_ref idref="fl-1e"/>
      </object_component>
      <object_component id="oc-21f">
         <name>.text:_main</name>
         <load_address>0x302740</load_address>
         <run_address>0x302740</run_address>
         <size>0x11</size>
         <input_file_ref idref="fl-2"/>
      </object_component>
      <object_component id="oc-330">
         <name>.text:_ti_sysbios_BIOS_errorRaiseHook__I</name>
         <load_address>0x302751</load_address>
         <run_address>0x302751</run_address>
         <size>0x11</size>
         <input_file_ref idref="fl-1e"/>
      </object_component>
      <object_component id="oc-219">
         <name>.text:_xdc_runtime_Error_raiseX__E</name>
         <load_address>0x302762</load_address>
         <run_address>0x302762</run_address>
         <size>0x11</size>
         <input_file_ref idref="fl-31"/>
      </object_component>
      <object_component id="oc-22f">
         <name>.text:_xdc_runtime_HeapStd_Object__delete__S</name>
         <load_address>0x302773</load_address>
         <run_address>0x302773</run_address>
         <size>0x11</size>
         <input_file_ref idref="fl-1e"/>
      </object_component>
      <object_component id="oc-377">
         <name>.text:_ti_sysbios_family_c28_Timer_stop__E</name>
         <load_address>0x302784</load_address>
         <run_address>0x302784</run_address>
         <size>0x10</size>
         <input_file_ref idref="fl-26"/>
      </object_component>
      <object_component id="oc-38c">
         <name>.text:_ti_sysbios_knl_Task_restoreHwi__E</name>
         <load_address>0x302794</load_address>
         <run_address>0x302794</run_address>
         <size>0x10</size>
         <input_file_ref idref="fl-26"/>
      </object_component>
      <object_component id="oc-21a">
         <name>.text:.bootCodeSection:_ti_catalog_c2800_init_Boot_disableWatchdog</name>
         <load_address>0x3027a4</load_address>
         <run_address>0x3027a4</run_address>
         <size>0xf</size>
         <input_file_ref idref="fl-2b"/>
      </object_component>
      <object_component id="oc-23e">
         <name>.text:_ti_sysbios_BIOS_removeRTSLock__I</name>
         <load_address>0x3027b3</load_address>
         <run_address>0x3027b3</run_address>
         <size>0xf</size>
         <input_file_ref idref="fl-1e"/>
      </object_component>
      <object_component id="oc-20f">
         <name>.text:_ti_sysbios_BIOS_startFunc__I</name>
         <load_address>0x3027c2</load_address>
         <run_address>0x3027c2</run_address>
         <size>0xf</size>
         <input_file_ref idref="fl-1e"/>
      </object_component>
      <object_component id="oc-27f">
         <name>.text:_ti_sysbios_gates_GateMutex_Instance_init__E</name>
         <load_address>0x3027d1</load_address>
         <run_address>0x3027d1</run_address>
         <size>0xf</size>
         <input_file_ref idref="fl-26"/>
      </object_component>
      <object_component id="oc-245">
         <name>.text:_xdc_runtime_LoggerBuf_write2__E</name>
         <load_address>0x3027e0</load_address>
         <run_address>0x3027e0</run_address>
         <size>0xf</size>
         <input_file_ref idref="fl-34"/>
      </object_component>
      <object_component id="oc-305">
         <name>.text:_I2C_O2O_SendBytes</name>
         <load_address>0x3027ef</load_address>
         <run_address>0x3027ef</run_address>
         <size>0xe</size>
         <input_file_ref idref="fl-1a"/>
      </object_component>
      <object_component id="oc-310">
         <name>.text:_ti_sysbios_knl_Semaphore_Object__destruct__S</name>
         <load_address>0x3027fd</load_address>
         <run_address>0x3027fd</run_address>
         <size>0xe</size>
         <input_file_ref idref="fl-1e"/>
      </object_component>
      <object_component id="oc-367">
         <name>.text:_ti_sysbios_knl_Swi_Object__get__S</name>
         <load_address>0x30280b</load_address>
         <run_address>0x30280b</run_address>
         <size>0xe</size>
         <input_file_ref idref="fl-1e"/>
      </object_component>
      <object_component id="oc-36a">
         <name>.text:_ti_sysbios_knl_Task_Object__get__S</name>
         <load_address>0x302819</load_address>
         <run_address>0x302819</run_address>
         <size>0xe</size>
         <input_file_ref idref="fl-1e"/>
      </object_component>
      <object_component id="oc-35b">
         <name>.text:_xdc_runtime_LoggerBuf_Object__get__S</name>
         <load_address>0x302827</load_address>
         <run_address>0x302827</run_address>
         <size>0xe</size>
         <input_file_ref idref="fl-1e"/>
      </object_component>
      <object_component id="oc-382">
         <name>.text:_xdc_runtime_Registry_findById__E</name>
         <load_address>0x302835</load_address>
         <run_address>0x302835</run_address>
         <size>0xe</size>
         <input_file_ref idref="fl-3c"/>
      </object_component>
      <object_component id="oc-348">
         <name>.text:_xdc_runtime_SysMin_Module_startup__E</name>
         <load_address>0x302843</load_address>
         <run_address>0x302843</run_address>
         <size>0xe</size>
         <input_file_ref idref="fl-38"/>
      </object_component>
      <object_component id="oc-239">
         <name>.text:_ti_sysbios_BIOS_registerRTSLock__I</name>
         <load_address>0x302851</load_address>
         <run_address>0x302851</run_address>
         <size>0xd</size>
         <input_file_ref idref="fl-1e"/>
      </object_component>
      <object_component id="oc-287">
         <name>.text:_ti_sysbios_BIOS_rtsLock__I</name>
         <load_address>0x30285e</load_address>
         <run_address>0x30285e</run_address>
         <size>0xd</size>
         <input_file_ref idref="fl-1e"/>
      </object_component>
      <object_component id="oc-386">
         <name>.text:_ti_sysbios_family_c28_Hwi_dispatchC__I</name>
         <load_address>0x30286b</load_address>
         <run_address>0x30286b</run_address>
         <size>0xd</size>
         <input_file_ref idref="fl-26"/>
      </object_component>
      <object_component id="oc-228">
         <name>.text:_ti_sysbios_gates_GateHwi_Handle__label__S</name>
         <load_address>0x302878</load_address>
         <run_address>0x302878</run_address>
         <size>0xd</size>
         <input_file_ref idref="fl-1e"/>
      </object_component>
      <object_component id="oc-236">
         <name>.text:_ti_sysbios_gates_GateMutex_Handle__label__S</name>
         <load_address>0x302885</load_address>
         <run_address>0x302885</run_address>
         <size>0xd</size>
         <input_file_ref idref="fl-1e"/>
      </object_component>
      <object_component id="oc-36f">
         <name>.text:_ti_sysbios_knl_Queue_Object__destruct__S</name>
         <load_address>0x302892</load_address>
         <run_address>0x302892</run_address>
         <size>0xd</size>
         <input_file_ref idref="fl-1e"/>
      </object_component>
      <object_component id="oc-37b">
         <name>.text:_ti_sysbios_knl_Task_enter__I</name>
         <load_address>0x30289f</load_address>
         <run_address>0x30289f</run_address>
         <size>0xd</size>
         <input_file_ref idref="fl-26"/>
      </object_component>
      <object_component id="oc-275">
         <name>.text:_xdc_runtime_Error_check__E</name>
         <load_address>0x3028ac</load_address>
         <run_address>0x3028ac</run_address>
         <size>0xd</size>
         <input_file_ref idref="fl-31"/>
      </object_component>
      <object_component id="oc-230">
         <name>.text:_xdc_runtime_HeapStd_Handle__label__S</name>
         <load_address>0x3028b9</load_address>
         <run_address>0x3028b9</run_address>
         <size>0xd</size>
         <input_file_ref idref="fl-1e"/>
      </object_component>
      <object_component id="oc-24c">
         <name>.text:_xdc_runtime_LoggerBuf_Handle__label__S</name>
         <load_address>0x3028c6</load_address>
         <run_address>0x3028c6</run_address>
         <size>0xd</size>
         <input_file_ref idref="fl-1e"/>
      </object_component>
      <object_component id="oc-244">
         <name>.text:_xdc_runtime_LoggerBuf_write1__E</name>
         <load_address>0x3028d3</load_address>
         <run_address>0x3028d3</run_address>
         <size>0xd</size>
         <input_file_ref idref="fl-34"/>
      </object_component>
      <object_component id="oc-2fe">
         <name>.text:_xdc_runtime_System_abort__E</name>
         <load_address>0x3028e0</load_address>
         <run_address>0x3028e0</run_address>
         <size>0xd</size>
         <input_file_ref idref="fl-37"/>
      </object_component>
      <object_component id="oc-210">
         <name>.text:_ti_sysbios_BIOS_exitFunc__I</name>
         <load_address>0x3028ed</load_address>
         <run_address>0x3028ed</run_address>
         <size>0xc</size>
         <input_file_ref idref="fl-1e"/>
      </object_component>
      <object_component id="oc-38d">
         <name>.text:_ti_sysbios_family_c28_Hwi_disableIER__E</name>
         <load_address>0x3028f9</load_address>
         <run_address>0x3028f9</run_address>
         <size>0xc</size>
         <input_file_ref idref="fl-1e"/>
      </object_component>
      <object_component id="oc-233">
         <name>.text:_ti_sysbios_gates_GateMutex_leave__E</name>
         <load_address>0x302905</load_address>
         <run_address>0x302905</run_address>
         <size>0xc</size>
         <input_file_ref idref="fl-26"/>
      </object_component>
      <object_component id="oc-2f0">
         <name>.text:_ti_sysbios_knl_Queue_put__E</name>
         <load_address>0x302911</load_address>
         <run_address>0x302911</run_address>
         <size>0xc</size>
         <input_file_ref idref="fl-26"/>
      </object_component>
      <object_component id="oc-2a7">
         <name>.text:_ti_sysbios_knl_Task_enabled__E</name>
         <load_address>0x30291d</load_address>
         <run_address>0x30291d</run_address>
         <size>0xc</size>
         <input_file_ref idref="fl-26"/>
      </object_component>
      <object_component id="oc-2c4">
         <name>.text:_xdc_runtime_Memory_free__E</name>
         <load_address>0x302929</load_address>
         <run_address>0x302929</run_address>
         <size>0xc</size>
         <input_file_ref idref="fl-35"/>
      </object_component>
      <object_component id="oc-2ca">
         <name>.text:_xdc_runtime_Text_ropeText__E</name>
         <load_address>0x302935</load_address>
         <run_address>0x302935</run_address>
         <size>0xc</size>
         <input_file_ref idref="fl-39"/>
      </object_component>
      <object_component id="oc-2c3">
         <name>.text</name>
         <load_address>0x302941</load_address>
         <run_address>0x302941</run_address>
         <size>0xc</size>
         <input_file_ref idref="fl-4b"/>
      </object_component>
      <object_component id="oc-36d">
         <name>.text:_ti_sysbios_family_c28_Hwi_Module__startupDone__F</name>
         <load_address>0x30294d</load_address>
         <run_address>0x30294d</run_address>
         <size>0xb</size>
         <input_file_ref idref="fl-1e"/>
      </object_component>
      <object_component id="oc-362">
         <name>.text:_ti_sysbios_family_c28_Hwi_Object__get__S</name>
         <load_address>0x302958</load_address>
         <run_address>0x302958</run_address>
         <size>0xb</size>
         <input_file_ref idref="fl-1e"/>
      </object_component>
      <object_component id="oc-316">
         <name>.text:_ti_sysbios_family_c28_Hwi_enableIER__E</name>
         <load_address>0x302963</load_address>
         <run_address>0x302963</run_address>
         <size>0xb</size>
         <input_file_ref idref="fl-1e"/>
      </object_component>
      <object_component id="oc-364">
         <name>.text:_ti_sysbios_family_c28_Timer_Module__startupDone__F</name>
         <load_address>0x30296e</load_address>
         <run_address>0x30296e</run_address>
         <size>0xb</size>
         <input_file_ref idref="fl-1e"/>
      </object_component>
      <object_component id="oc-37d">
         <name>.text:_ti_sysbios_knl_Queue_Object__get__S</name>
         <load_address>0x302979</load_address>
         <run_address>0x302979</run_address>
         <size>0xb</size>
         <input_file_ref idref="fl-1e"/>
      </object_component>
      <object_component id="oc-37c">
         <name>.text:_ti_sysbios_knl_Task_SupportProxy_start__E</name>
         <load_address>0x302984</load_address>
         <run_address>0x302984</run_address>
         <size>0xb</size>
         <input_file_ref idref="fl-1e"/>
      </object_component>
      <object_component id="oc-2a4">
         <name>.text:_ti_sysbios_knl_Task_sleepTimeout__I</name>
         <load_address>0x30298f</load_address>
         <run_address>0x30298f</run_address>
         <size>0xb</size>
         <input_file_ref idref="fl-26"/>
      </object_component>
      <object_component id="oc-29c">
         <name>.text:_xdc_runtime_LoggerBuf_Instance_finalize__E</name>
         <load_address>0x30299a</load_address>
         <run_address>0x30299a</run_address>
         <size>0xb</size>
         <input_file_ref idref="fl-34"/>
      </object_component>
      <object_component id="oc-243">
         <name>.text:_xdc_runtime_LoggerBuf_write0__E</name>
         <load_address>0x3029a5</load_address>
         <run_address>0x3029a5</run_address>
         <size>0xb</size>
         <input_file_ref idref="fl-34"/>
      </object_component>
      <object_component id="oc-2b8">
         <name>.text:_xdc_runtime_SysMin_exit__E</name>
         <load_address>0x3029b0</load_address>
         <run_address>0x3029b0</run_address>
         <size>0xb</size>
         <input_file_ref idref="fl-38"/>
      </object_component>
      <object_component id="oc-208">
         <name>.text:_xdc_runtime_System_exit__E</name>
         <load_address>0x3029bb</load_address>
         <run_address>0x3029bb</run_address>
         <size>0xb</size>
         <input_file_ref idref="fl-37"/>
      </object_component>
      <object_component id="oc-7d">
         <name>.text:_ADCINT_ISR</name>
         <load_address>0x3029c6</load_address>
         <run_address>0x3029c6</run_address>
         <size>0xa</size>
         <input_file_ref idref="fl-7"/>
      </object_component>
      <object_component id="oc-68">
         <name>.text:_DATALOG_ISR</name>
         <load_address>0x3029d0</load_address>
         <run_address>0x3029d0</run_address>
         <size>0xa</size>
         <input_file_ref idref="fl-7"/>
      </object_component>
      <object_component id="oc-9a">
         <name>.text:_DINTCH1_ISR</name>
         <load_address>0x3029da</load_address>
         <run_address>0x3029da</run_address>
         <size>0xa</size>
         <input_file_ref idref="fl-7"/>
      </object_component>
      <object_component id="oc-9b">
         <name>.text:_DINTCH2_ISR</name>
         <load_address>0x3029e4</load_address>
[...]
      </symbol>
      <symbol id="sm-a93">
         <name>_xdc_runtime_Assert_raise__I</name>
         <value>0x301f45</value>
         <object_component_ref idref="oc-26c"/>
      </symbol>
      <symbol id="sm-ab4">
         <name>_xdc_runtime_Core_createObject__I</name>
         <value>0x300b41</value>
         <object_component_ref idref="oc-263"/>
      </symbol>
      <symbol id="sm-ab5">
         <name>_xdc_runtime_Core_deleteObject__I</name>
         <value>0x30181c</value>
         <object_component_ref idref="oc-265"/>
      </symbol>
      <symbol id="sm-acc">
         <name>_xdc_runtime_Core_constructObject__I</name>
         <value>0x300d7d</value>
         <object_component_ref idref="oc-30e"/>
      </symbol>
      <symbol id="sm-ada">
         <name>_xdc_runtime_Core_assignLabel__I</name>
         <value>0x302497</value>
         <object_component_ref idref="oc-266"/>
      </symbol>
      <symbol id="sm-ae7">
         <name>_xdc_runtime_Core_assignParams__I</name>
         <value>0x301c0f</value>
         <object_component_ref idref="oc-2c1"/>
      </symbol>
      <symbol id="sm-b11">
         <name>_xdc_runtime_Error_getSite__E</name>
         <value>0x302e64</value>
         <object_component_ref idref="oc-358"/>
      </symbol>
      <symbol id="sm-b12">
         <name>_xdc_runtime_Error_init__E</name>
         <value>0x302d84</value>
         <object_component_ref idref="oc-297"/>
      </symbol>
      <symbol id="sm-b13">
         <name>_xdc_runtime_Error_raiseX__E</name>
         <value>0x302762</value>
         <object_component_ref idref="oc-219"/>
      </symbol>
      <symbol id="sm-b14">
         <name>_xdc_runtime_Error_print__E</name>
         <value>0x301e73</value>
         <object_component_ref idref="oc-343"/>
      </symbol>
      <symbol id="sm-b15">
         <name>_xdc_runtime_Error_policyDefault__E</name>
         <value>0x300cd8</value>
         <object_component_ref idref="oc-2ac"/>
      </symbol>
      <symbol id="sm-b16">
         <name>_xdc_runtime_Error_setX__E</name>
         <value>0x301b8a</value>
         <object_component_ref idref="oc-2f4"/>
      </symbol>
      <symbol id="sm-b17">
         <name>_xdc_runtime_Error_check__E</name>
         <value>0x3028ac</value>
         <object_component_ref idref="oc-275"/>
      </symbol>
      <symbol id="sm-b24">
         <name>_xdc_runtime_Gate_leaveSystem__E</name>
         <value>0x302dca</value>
         <object_component_ref idref="oc-26f"/>
      </symbol>
      <symbol id="sm-b25">
         <name>_xdc_runtime_Gate_enterSystem__E</name>
         <value>0x302dc4</value>
         <object_component_ref idref="oc-25e"/>
      </symbol>
      <symbol id="sm-b65">
         <name>_xdc_runtime_HeapStd_alloc__E</name>
         <value>0x300889</value>
         <object_component_ref idref="oc-22a"/>
      </symbol>
      <symbol id="sm-b66">
         <name>_xdc_runtime_HeapStd_free__E</name>
         <value>0x301486</value>
         <object_component_ref idref="oc-22b"/>
      </symbol>
      <symbol id="sm-b67">
         <name>_xdc_runtime_HeapStd_getStats__E</name>
         <value>0x302d8b</value>
         <object_component_ref idref="oc-22d"/>
      </symbol>
      <symbol id="sm-b68">
         <name>_xdc_runtime_HeapStd_Instance_init__E</name>
         <value>0x301074</value>
         <object_component_ref idref="oc-274"/>
      </symbol>
      <symbol id="sm-b69">
         <name>_xdc_runtime_HeapStd_isBlocking__E</name>
         <value>0x302e66</value>
         <object_component_ref idref="oc-22c"/>
      </symbol>
      <symbol id="sm-bb9">
         <name>_xdc_runtime_LoggerBuf_Instance_finalize__E</name>
         <value>0x30299a</value>
         <object_component_ref idref="oc-29c"/>
      </symbol>
      <symbol id="sm-bba">
         <name>_xdc_runtime_LoggerBuf_write0__E</name>
         <value>0x3029a5</value>
         <object_component_ref idref="oc-243"/>
      </symbol>
      <symbol id="sm-bbb">
         <name>_xdc_runtime_LoggerBuf_reset__E</name>
         <value>0x302593</value>
         <object_component_ref idref="oc-2eb"/>
      </symbol>
      <symbol id="sm-bbc">
         <name>_xdc_runtime_LoggerBuf_write8__E</name>
         <value>0x300a62</value>
         <object_component_ref idref="oc-247"/>
      </symbol>
      <symbol id="sm-bbd">
         <name>_xdc_runtime_LoggerBuf_Instance_init__E</name>
         <value>0x301f77</value>
         <object_component_ref idref="oc-29b"/>
      </symbol>
      <symbol id="sm-bbe">
         <name>_xdc_runtime_LoggerBuf_getFilterLevel__E</name>
         <value>0x301d8d</value>
         <object_component_ref idref="oc-249"/>
      </symbol>
      <symbol id="sm-bbf">
         <name>_xdc_runtime_LoggerBuf_setFilterLevel__E</name>
         <value>0x301d10</value>
         <object_component_ref idref="oc-248"/>
      </symbol>
      <symbol id="sm-bc0">
         <name>_LoggerBuf_instanceStartup</name>
         <value>0x302593</value>
         <object_component_ref idref="oc-2eb"/>
      </symbol>
      <symbol id="sm-bc1">
         <name>_xdc_runtime_LoggerBuf_write4__E</name>
         <value>0x300eba</value>
         <object_component_ref idref="oc-246"/>
      </symbol>
      <symbol id="sm-bc2">
         <name>_xdc_runtime_LoggerBuf_filterOutEvent__I</name>
         <value>0x3023bd</value>
         <object_component_ref idref="oc-291"/>
      </symbol>
      <symbol id="sm-bc3">
         <name>_xdc_runtime_LoggerBuf_Module_startup__E</name>
         <value>0x3024b1</value>
         <object_component_ref idref="oc-346"/>
      </symbol>
      <symbol id="sm-bc4">
         <name>_xdc_runtime_LoggerBuf_write2__E</name>
         <value>0x3027e0</value>
         <object_component_ref idref="oc-245"/>
      </symbol>
      <symbol id="sm-bc5">
         <name>_xdc_runtime_LoggerBuf_disable__E</name>
         <value>0x302df0</value>
         <object_component_ref idref="oc-242"/>
      </symbol>
      <symbol id="sm-bc6">
         <name>_xdc_runtime_LoggerBuf_enable__E</name>
         <value>0x302dda</value>
         <object_component_ref idref="oc-241"/>
      </symbol>
      <symbol id="sm-bc7">
         <name>_xdc_runtime_LoggerBuf_write1__E</name>
         <value>0x3028d3</value>
         <object_component_ref idref="oc-244"/>
      </symbol>
      <symbol id="sm-be1">
         <name>_xdc_runtime_Memory_free__E</name>
         <value>0x302929</value>
         <object_component_ref idref="oc-2c4"/>
      </symbol>
      <symbol id="sm-be2">
         <name>_xdc_runtime_Memory_valloc__E</name>
         <value>0x302517</value>
         <object_component_ref idref="oc-308"/>
      </symbol>
      <symbol id="sm-be3">
         <name>_xdc_runtime_Memory_getMaxDefaultTypeAlign__E</name>
         <value>0x302df4</value>
         <object_component_ref idref="oc-26e"/>
      </symbol>
      <symbol id="sm-be4">
         <name>_xdc_runtime_Memory_alloc__E</name>
         <value>0x30186d</value>
         <object_component_ref idref="oc-2ea"/>
      </symbol>
      <symbol id="sm-be5">
         <name>_xdc_runtime_Memory_calloc__E</name>
         <value>0x302d5e</value>
         <object_component_ref idref="oc-2c2"/>
      </symbol>
      <symbol id="sm-c23">
         <name>_xdc_runtime_Startup_startMods__I</name>
         <value>0x30138e</value>
         <object_component_ref idref="oc-2b0"/>
      </symbol>
      <symbol id="sm-c24">
         <name>_xdc_runtime_Startup_exec__E</name>
         <value>0x301ede</value>
         <object_component_ref idref="oc-206"/>
      </symbol>
      <symbol id="sm-db6">
         <name>_xdc_runtime_System_exit__E</name>
         <value>0x3029bb</value>
         <object_component_ref idref="oc-208"/>
      </symbol>
      <symbol id="sm-db7">
         <name>_xdc_runtime_System_avprintf__E</name>
         <value>0x302530</value>
         <object_component_ref idref="oc-374"/>
      </symbol>
      <symbol id="sm-db8">
         <name>_xdc_runtime_System_processAtExit__E</name>
         <value>0x302229</value>
         <object_component_ref idref="oc-220"/>
      </symbol>
      <symbol id="sm-db9">
         <name>_xdc_runtime_System_doPrint__I</name>
         <value>0x30027c</value>
         <object_component_ref idref="oc-2ef"/>
      </symbol>
      <symbol id="sm-dba">
         <name>_xdc_runtime_System_Module_startup__E</name>
         <value>0x302e3a</value>
         <object_component_ref idref="oc-347"/>
      </symbol>
      <symbol id="sm-dbb">
         <name>_xdc_runtime_System_formatNum__I</name>
         <value>0x301c91</value>
         <object_component_ref idref="oc-32c"/>
      </symbol>
      <symbol id="sm-dbc">
         <name>_xdc_runtime_System_atexit__E</name>
         <value>0x30226d</value>
         <object_component_ref idref="oc-238"/>
      </symbol>
      <symbol id="sm-dbd">
         <name>_xdc_runtime_System_aprintf_va__F</name>
         <value>0x302530</value>
         <object_component_ref idref="oc-374"/>
      </symbol>
      <symbol id="sm-dbe">
         <name>_xdc_runtime_System_flush__E</name>
         <value>0x302e52</value>
         <object_component_ref idref="oc-253"/>
      </symbol>
      <symbol id="sm-dbf">
         <name>_xdc_runtime_System_abortStd__E</name>
         <value>0x302e4c</value>
         <object_component_ref idref="oc-345"/>
      </symbol>
      <symbol id="sm-dc0">
         <name>_xdc_runtime_System_snprintf_va__F</name>
         <value>0x302d24</value>
         <object_component_ref idref="oc-385"/>
      </symbol>
      <symbol id="sm-dc1">
         <name>_xdc_runtime_System_printf_va__F</name>
         <value>0x3025ab</value>
         <object_component_ref idref="oc-29e"/>
      </symbol>
      <symbol id="sm-dc2">
         <name>_xdc_runtime_System_putchar__I</name>
         <value>0x302549</value>
         <object_component_ref idref="oc-32d"/>
      </symbol>
      <symbol id="sm-dc3">
         <name>_xdc_runtime_System_vprintf__E</name>
         <value>0x3025ab</value>
         <object_component_ref idref="oc-29e"/>
      </symbol>
      <symbol id="sm-dc4">
         <name>_xdc_runtime_System_exitStd__E</name>
         <value>0x302e4f</value>
         <object_component_ref idref="oc-260"/>
      </symbol>
      <symbol id="sm-dc5">
         <name>_xdc_runtime_System_vsnprintf__E</name>
         <value>0x302d24</value>
         <object_component_ref idref="oc-385"/>
      </symbol>
      <symbol id="sm-dc6">
         <name>_xdc_runtime_System_abort__E</name>
         <value>0x3028e0</value>
         <object_component_ref idref="oc-2fe"/>
      </symbol>
      <symbol id="sm-de8">
         <name>_xdc_runtime_SysMin_Module_startup__E</name>
         <value>0x302843</value>
         <object_component_ref idref="oc-348"/>
      </symbol>
      <symbol id="sm-de9">
         <name>_xdc_runtime_SysMin_exit__E</name>
         <value>0x3029b0</value>
         <object_component_ref idref="oc-2b8"/>
      </symbol>
      <symbol id="sm-dea">
         <name>_xdc_runtime_SysMin_abort__E</name>
         <value>0x302637</value>
         <object_component_ref idref="oc-344"/>
      </symbol>
      <symbol id="sm-deb">
         <name>_xdc_runtime_SysMin_ready__E</name>
         <value>0x302d66</value>
         <object_component_ref idref="oc-329"/>
      </symbol>
      <symbol id="sm-dec">
         <name>_xdc_runtime_SysMin_putch__E</name>
         <value>0x302347</value>
         <object_component_ref idref="oc-356"/>
      </symbol>
      <symbol id="sm-ded">
         <name>_xdc_runtime_SysMin_flush__E</name>
         <value>0x302193</value>
         <object_component_ref idref="oc-2f2"/>
      </symbol>
      <symbol id="sm-e2c">
         <name>_xdc_runtime_Text_putSite__E</name>
         <value>0x30140b</value>
         <object_component_ref idref="oc-355"/>
      </symbol>
      <symbol id="sm-e2d">
         <name>_xdc_runtime_Text_ropeText__E</name>
         <value>0x302935</value>
         <object_component_ref idref="oc-2ca"/>
      </symbol>
      <symbol id="sm-e2e">
         <name>_xdc_runtime_Text_putMod__E</name>
         <value>0x301e03</value>
         <object_component_ref idref="oc-370"/>
      </symbol>
      <symbol id="sm-e2f">
         <name>_xdc_runtime_Text_cordText__E</name>
         <value>0x3026bb</value>
         <object_component_ref idref="oc-2c5"/>
      </symbol>
      <symbol id="sm-e30">
         <name>_xdc_runtime_Text_putLab__E</name>
         <value>0x301907</value>
         <object_component_ref idref="oc-354"/>
      </symbol>
      <symbol id="sm-e31">
         <name>_xdc_runtime_Text_printVisFxn__I</name>
         <value>0x3025c3</value>
         <object_component_ref idref="oc-384"/>
      </symbol>
      <symbol id="sm-e32">
         <name>_xdc_runtime_Text_xprintf__I</name>
         <value>0x302117</value>
         <object_component_ref idref="oc-371"/>
      </symbol>
      <symbol id="sm-e3d">
         <name>___xdc__init</name>
         <value>0x302df8</value>
         <object_component_ref idref="oc-209"/>
      </symbol>
      <symbol id="sm-e5f">
         <name>_xdc_runtime_Registry_findById__E</name>
         <value>0x302835</value>
         <object_component_ref idref="oc-382"/>
      </symbol>
      <symbol id="sm-e69">
         <name>__stack</name>
         <value>0x66a</value>
         <object_component_ref idref="oc-1b6"/>
      </symbol>
      <symbol id="sm-e6a">
         <name>_c_int00</name>
         <value>0x3016b3</value>
         <object_component_ref idref="oc-49"/>
      </symbol>
      <symbol id="sm-e7f">
         <name>__unlock</name>
         <value>0x668</value>
         <object_component_ref idref="oc-2dd"/>
      </symbol>
      <symbol id="sm-e80">
         <name>__lock</name>
         <value>0x666</value>
         <object_component_ref idref="oc-2de"/>
      </symbol>
      <symbol id="sm-e81">
         <name>__register_lock</name>
         <value>0x302d31</value>
         <object_component_ref idref="oc-283"/>
      </symbol>
      <symbol id="sm-e82">
         <name>__nop</name>
         <value>0x302d35</value>
         <object_component_ref idref="oc-283"/>
      </symbol>
      <symbol id="sm-e83">
         <name>__register_unlock</name>
         <value>0x302d2d</value>
         <object_component_ref idref="oc-283"/>
      </symbol>
      <symbol id="sm-e93">
         <name>__args_main</name>
         <value>0x302562</value>
         <object_component_ref idref="oc-207"/>
      </symbol>
      <symbol id="sm-ea9">
         <name>_copy_in</name>
         <value>0x301abe</value>
         <object_component_ref idref="oc-205"/>
      </symbol>
      <symbol id="sm-eb8">
         <name>_ppcopy</name>
         <value>0x3024cb</value>
         <object_component_ref idref="oc-1c9"/>
      </symbol>
      <symbol id="sm-eb9">
         <name>_dpcopy</name>
         <value>0x3024cb</value>
         <object_component_ref idref="oc-1c9"/>
      </symbol>
      <symbol id="sm-eba">
         <name>_pdcopy</name>
         <value>0x3024cb</value>
         <object_component_ref idref="oc-1c9"/>
      </symbol>
      <symbol id="sm-ebb">
         <name>_ddcopy</name>
         <value>0x3024cb</value>
         <object_component_ref idref="oc-1c9"/>
      </symbol>
      <symbol id="sm-ed0">
         <name>C$$EXIT</name>
         <value>0x30216a</value>
         <object_component_ref idref="oc-2b9"/>
      </symbol>
      <symbol id="sm-ed1">
         <name>_exit</name>
         <value>0x30216c</value>
         <object_component_ref idref="oc-2b9"/>
      </symbol>
      <symbol id="sm-ed2">
         <name>___TI_cleanup_ptr</name>
         <value>0x662</value>
         <object_component_ref idref="oc-1d0"/>
      </symbol>
      <symbol id="sm-ed3">
         <name>___TI_enable_exit_profile_output</name>
         <value>0x660</value>
         <object_component_ref idref="oc-1d0"/>
      </symbol>
      <symbol id="sm-ed4">
         <name>_abort</name>
         <value>0x30216a</value>
         <object_component_ref idref="oc-2b9"/>
      </symbol>
      <symbol id="sm-ed5">
         <name>___TI_dtors_ptr</name>
         <value>0x664</value>
         <object_component_ref idref="oc-1d0"/>
      </symbol>
      <symbol id="sm-ee6">
         <name>FS$$DIV</name>
         <value>0x301100</value>
         <object_component_ref idref="oc-1d5"/>
      </symbol>
      <symbol id="sm-f12">
         <name>ULL$$MOD</name>
         <value>0x300727</value>
         <object_component_ref idref="oc-1da"/>
      </symbol>
      <symbol id="sm-f13">
         <name>ULL$$DIV</name>
         <value>0x3006f8</value>
         <object_component_ref idref="oc-1da"/>
      </symbol>
      <symbol id="sm-f14">
         <name>LL$$MOD</name>
         <value>0x3006be</value>
         <object_component_ref idref="oc-1da"/>
      </symbol>
      <symbol id="sm-f15">
         <name>LL$$DIV</name>
         <value>0x300682</value>
         <object_component_ref idref="oc-1da"/>
      </symbol>
      <symbol id="sm-f27">
         <name>_memcpy</name>
         <value>0x302365</value>
         <object_component_ref idref="oc-2bb"/>
      </symbol>
      <symbol id="sm-f36">
         <name>_memset</name>
         <value>0x302941</value>
         <object_component_ref idref="oc-2c3"/>
      </symbol>
      <symbol id="sm-f4e">
         <name>_strlen</name>
         <value>0x302d6e</value>
         <object_component_ref idref="oc-32b"/>
      </symbol>
      <symbol id="sm-f62">
         <name>_HOSTopen</name>
         <value>0x300154</value>
         <object_component_ref idref="oc-357"/>
      </symbol>
      <symbol id="sm-f63">
         <name>_HOSTread</name>
         <value>0x300115</value>
         <object_component_ref idref="oc-357"/>
      </symbol>
      <symbol id="sm-f64">
         <name>_HOSTgetenv</name>
         <value>0x3001f5</value>
         <object_component_ref idref="oc-357"/>
      </symbol>
      <symbol id="sm-f65">
         <name>_HOSTtime</name>
         <value>0x3000a1</value>
         <object_component_ref idref="oc-357"/>
      </symbol>
      <symbol id="sm-f66">
         <name>_HOSTtime64</name>
         <value>0x30005c</value>
         <object_component_ref idref="oc-357"/>
      </symbol>
      <symbol id="sm-f67">
         <name>_HOSTrename</name>
         <value>0x3000d7</value>
         <object_component_ref idref="oc-357"/>
      </symbol>
      <symbol id="sm-f68">
         <name>_HOSTclock</name>
         <value>0x300246</value>
         <object_component_ref idref="oc-357"/>
      </symbol>
      <symbol id="sm-f69">
         <name>_HOSTwrite</name>
         <value>0x300000</value>
         <object_component_ref idref="oc-357"/>
      </symbol>
      <symbol id="sm-f6a">
         <name>_HOSTlseek</name>
         <value>0x300194</value>
         <object_component_ref idref="oc-357"/>
      </symbol>
      <symbol id="sm-f6b">
         <name>_HOSTunlink</name>
         <value>0x300038</value>
         <object_component_ref idref="oc-357"/>
      </symbol>
      <symbol id="sm-f6c">
         <name>_HOSTclose</name>
         <value>0x30021d</value>
         <object_component_ref idref="oc-357"/>
      </symbol>
      <symbol id="sm-f86">
         <name>___TI_readmsg</name>
         <value>0x300fa8</value>
         <object_component_ref idref="oc-372"/>
      </symbol>
      <symbol id="sm-f87">
         <name>C$$IO$$</name>
         <value>0x300fa3</value>
         <object_component_ref idref="oc-372"/>
      </symbol>
      <symbol id="sm-f88">
         <name>__CIOBUF_</name>
         <value>0x8040</value>
         <object_component_ref idref="oc-1fa"/>
      </symbol>
      <symbol id="sm-f89">
         <name>___TI_writemsg</name>
         <value>0x300f50</value>
         <object_component_ref idref="oc-372"/>
      </symbol>
      <symbol id="sm-f97">
         <name>_strcpy</name>
         <value>0x302ddf</value>
         <object_component_ref idref="oc-373"/>
      </symbol>
   </symbol_table>
   <title>Link successful</title>
</link_info>
